19:37:49.906 INFO  manager.ApplicationManager - All tests run in CHROME Browser
19:37:55.271 INFO  manager.ApplicationManager - The link is -->https://telranedu.web.app/home
19:37:55.298 INFO  manager.TestNGListener - Start tests on date Mon Feb 09 19:37:55 IST 2026=================
19:37:55.358 INFO  tests.TestBase - Name of method -->loginSuccess
19:37:55.365 INFO  manager.WDListener - Before find element By.xpath: //button[text()='Sign Out']
19:38:00.410 INFO  manager.TestNGListener - Start test loginSuccess=================
19:38:00.413 INFO  tests.TestBase - Start test loginSuccess
19:38:00.416 INFO  tests.TestBase - Test data np7788@inbox.ru and password WadiNisnas8#
19:38:00.509 INFO  manager.WDListener - After find element By.cssSelector: a[href='/login']
19:38:00.527 INFO  manager.WDListener - Location of element a
19:38:00.571 INFO  manager.WDListener - Before click element --> atext=LOGIN
19:38:00.697 INFO  manager.WDListener - After click element a
19:38:00.754 INFO  manager.WDListener - After find element By.name: email
19:38:00.768 INFO  manager.WDListener - Location of element input
19:38:00.794 INFO  manager.WDListener - Before click element --> inputtext=
19:38:00.900 INFO  manager.WDListener - After click element input
19:38:00.973 INFO  manager.WDListener - Send Keys input
19:38:01.063 INFO  manager.WDListener - Send Keys input
19:38:01.126 INFO  manager.WDListener - Send Keys input
19:38:01.235 INFO  manager.WDListener - After find element By.xpath: //button[text()='Login']
19:38:01.247 INFO  manager.WDListener - Location of element button
19:38:01.275 INFO  manager.WDListener - Before click element --> buttontext=Login
19:38:01.402 INFO  manager.WDListener - Before find element By.xpath: //button[text()='Sign Out']
19:38:02.497 INFO  manager.TestNGListener - Start test loginSuccess=================
19:38:02.499 INFO  tests.TestBase - +++++++++++++++++++++++++++++++
19:38:02.502 INFO  tests.TestBase - Name of method -->loginSuccess
19:38:02.504 INFO  manager.WDListener - Before find element By.xpath: //button[text()='Sign Out']
19:38:02.516 INFO  manager.WDListener - Huston, we have a problem!
19:38:02.516 INFO  manager.WDListener - +++++++++++++++++++++++++++++++
19:38:02.517 INFO  manager.WDListener - Object target ChromeDriver: chrome on windows (c9f3be9171e9be8591317ced4c81ef36)
19:38:02.517 INFO  manager.WDListener - +++++++++++++++++++++++++++++++
19:38:02.517 INFO  manager.WDListener - Method name findElements
19:38:02.518 INFO  manager.WDListener - +++++++++++++++++++++++++++++++
19:38:02.518 INFO  manager.WDListener - InvocationTargetException org.openqa.selenium.UnhandledAlertException: unexpected alert open: {Alert text : Wrong email or password}
  (Session info: chrome=144.0.7559.133): Wrong email or password
Build info: version: '4.26.0', revision: '8ccf0219d7'
System info: os.name: 'Windows 11', os.arch: 'amd64', os.version: '10.0', java.version: '17.0.12'
Driver info: org.openqa.selenium.chrome.ChromeDriver
Command: [c9f3be9171e9be8591317ced4c81ef36, findElements {value=//button[text()='Sign Out'], using=xpath}]
Capabilities {acceptInsecureCerts: false, browserName: chrome, browserVersion: 144.0.7559.133, chrome: {chromedriverVersion: 143.0.7499.192 (be2c1f4fd45..., userDataDir: C:\Users\np170\AppData\Loca...}, fedcm:accounts: true, goog:chromeOptions: {debuggerAddress: localhost:56962}, goog:processID: 12368, networkConnectionEnabled: false, pageLoadStrategy: normal, platformName: windows, proxy: Proxy(), se:cdp: ws://localhost:56962/devtoo..., se:cdpVersion: 144.0.7559.133, setWindowRect: true, strictFileInteractability: false, timeouts: {implicit: 0, pageLoad: 300000, script: 30000}, unhandledPromptBehavior: dismiss and notify, webauthn:extension:credBlob: true, webauthn:extension:largeBlob: true, webauthn:extension:minPinLength: true, webauthn:extension:prf: true, webauthn:virtualAuthenticators: true}
Session ID: c9f3be9171e9be8591317ced4c81ef36
19:38:02.519 INFO  manager.WDListener - +++++++++++++++++++++++++++++++
19:38:02.519 INFO  manager.WDListener - Screen with error is src/test/screenshots/screen_1407.png
19:38:02.915 INFO  manager.TestNGListener - Start test loginSuccess=================
19:38:02.916 INFO  manager.TestNGListener - Start test loginSuccess=================
19:38:02.919 INFO  manager.TestNGListener - Start test loginSuccess=================
19:38:02.919 INFO  manager.TestNGListener - Start test loginSuccess=================
19:38:02.922 INFO  manager.TestNGListener - Start test loginSuccess=================
19:38:02.922 INFO  manager.TestNGListener - Start test loginSuccess=================
19:38:02.931 INFO  manager.TestNGListener - Stop testing on date Mon Feb 09 19:37:55 IST 2026=================
