20:24:33.565 INFO  manager.ApplicationManager - All tests run in CHROME Browser
20:24:33.566 INFO  manager.ApplicationManager - All tests run in Edge Browser
20:24:35.043 INFO  manager.ApplicationManager - The link is -->https://telranedu.web.app/home
20:24:35.068 INFO  manager.TestNGListener - Start tests on date Wed Feb 25 20:24:35 IST 2026=================
20:24:35.095 INFO  manager.WDListener - Before find element By.xpath: //button[text()='Sign Out']
20:24:40.218 INFO  manager.WDListener - After find element By.cssSelector: a[href='/login']
20:24:40.236 INFO  manager.WDListener - Location of element a
20:24:40.275 INFO  manager.WDListener - Before click element --> atext=LOGIN
20:24:40.412 INFO  manager.WDListener - After click element a
20:24:40.470 INFO  manager.WDListener - After find element By.name: email
20:24:40.480 INFO  manager.WDListener - Location of element input
20:24:40.505 INFO  manager.WDListener - Before click element --> inputtext=
20:24:40.630 INFO  manager.WDListener - After click element input
20:24:40.706 INFO  manager.WDListener - Send Keys input
20:24:40.780 INFO  manager.WDListener - Send Keys input
20:24:40.877 INFO  manager.WDListener - Send Keys input
20:24:41.010 INFO  manager.WDListener - After find element By.name: password
20:24:41.023 INFO  manager.WDListener - Location of element input
20:24:41.050 INFO  manager.WDListener - Before click element --> inputtext=
20:24:41.146 INFO  manager.WDListener - After click element input
20:24:41.189 INFO  manager.WDListener - Send Keys input
20:24:41.273 INFO  manager.WDListener - Send Keys input
20:24:41.323 INFO  manager.WDListener - Send Keys input
20:24:41.441 INFO  manager.WDListener - After find element By.xpath: //button[text()='Login']
20:24:41.455 INFO  manager.WDListener - Location of element button
20:24:41.481 INFO  manager.WDListener - Before click element --> buttontext=Login
20:24:41.657 INFO  tests.TestBase - Name of method -->addContactSuccessAllFields
20:24:41.660 INFO  manager.TestNGListener - Start test addContactSuccessAllFields=================
20:24:42.617 INFO  manager.WDListener - After find element By.xpath: //*[@href='/add']
20:24:42.629 INFO  manager.WDListener - Location of element a
20:24:42.654 INFO  manager.WDListener - Before click element --> atext=ADD
20:24:42.842 INFO  manager.WDListener - After click element a
20:24:42.882 INFO  manager.WDListener - After find element By.xpath: //input[@placeholder='Name']
20:24:42.898 INFO  manager.WDListener - Location of element input
20:24:42.932 INFO  manager.WDListener - Before click element --> inputtext=
20:24:43.050 INFO  manager.WDListener - After click element input
20:24:43.119 INFO  manager.WDListener - Send Keys input
20:24:43.172 INFO  manager.WDListener - Send Keys input
20:24:43.218 INFO  manager.WDListener - Send Keys input
20:24:43.304 INFO  manager.WDListener - After find element By.xpath: //input[@placeholder='Last Name']
20:24:43.313 INFO  manager.WDListener - Location of element input
20:24:43.337 INFO  manager.WDListener - Before click element --> inputtext=
20:24:43.440 INFO  manager.WDListener - After click element input
20:24:43.482 INFO  manager.WDListener - Send Keys input
20:24:43.531 INFO  manager.WDListener - Send Keys input
20:24:43.578 INFO  manager.WDListener - Send Keys input
20:24:43.691 INFO  manager.WDListener - After find element By.xpath: //input[@placeholder='Phone']
20:24:43.701 INFO  manager.WDListener - Location of element input
20:24:43.724 INFO  manager.WDListener - Before click element --> inputtext=
20:24:43.905 INFO  manager.WDListener - After click element input
20:24:43.952 INFO  manager.WDListener - Send Keys input
20:24:43.996 INFO  manager.WDListener - Send Keys input
20:24:44.102 INFO  manager.WDListener - Send Keys input
20:24:44.216 INFO  manager.WDListener - After find element By.xpath: //input[@placeholder='email']
20:24:44.228 INFO  manager.WDListener - Location of element input
20:24:44.255 INFO  manager.WDListener - Before click element --> inputtext=
20:24:44.394 INFO  manager.WDListener - After click element input
20:24:44.456 INFO  manager.WDListener - Send Keys input
20:24:44.530 INFO  manager.WDListener - Send Keys input
20:24:44.647 INFO  manager.WDListener - Send Keys input
20:24:44.721 INFO  manager.WDListener - After find element By.xpath: //input[@placeholder='Address']
20:24:44.729 INFO  manager.WDListener - Location of element input
20:24:44.750 INFO  manager.WDListener - Before click element --> inputtext=
20:24:44.887 INFO  manager.WDListener - After click element input
20:24:45.001 INFO  manager.WDListener - Send Keys input
20:24:45.044 INFO  manager.WDListener - Send Keys input
20:24:45.069 INFO  manager.WDListener - Send Keys input
20:24:45.144 INFO  manager.WDListener - After find element By.xpath: //input[@placeholder='description']
20:24:45.156 INFO  manager.WDListener - Location of element input
20:24:45.182 INFO  manager.WDListener - Before click element --> inputtext=
20:24:45.285 INFO  manager.WDListener - After click element input
20:24:45.340 INFO  manager.WDListener - Send Keys input
20:24:45.378 INFO  manager.WDListener - Send Keys input
20:24:45.418 INFO  manager.WDListener - Send Keys input
20:24:45.966 INFO  manager.WDListener - After find element By.xpath: //b[text()='Save']
20:24:45.979 INFO  manager.WDListener - Location of element b
20:24:46.004 INFO  manager.WDListener - Before click element --> btext=Save
20:24:46.119 INFO  manager.WDListener - After click element b
20:24:46.121 INFO  manager.WDListener - Before find element By.cssSelector: h2
20:24:47.194 INFO  manager.WDListener - Before find element By.cssSelector: h3
20:24:47.675 INFO  manager.TestNGListener - Start test addContactSuccessAllFields=================
20:24:47.677 INFO  tests.TestBase - +++++++++++++++++++++++++++++++
20:24:47.678 INFO  tests.TestBase - Name of method -->addContactSuccessAllFields
20:24:47.679 INFO  manager.TestNGListener - Start test addContactSuccessAllFields=================
20:24:47.701 INFO  manager.WDListener - After find element By.xpath: //*[@href='/add']
20:24:47.710 INFO  manager.WDListener - Location of element a
20:24:47.729 INFO  manager.WDListener - Before click element --> atext=ADD
20:24:47.820 INFO  manager.WDListener - After click element a
20:24:47.840 INFO  manager.WDListener - After find element By.xpath: //input[@placeholder='Name']
20:24:47.850 INFO  manager.WDListener - Location of element input
20:24:47.872 INFO  manager.WDListener - Before click element --> inputtext=
20:24:47.968 INFO  manager.WDListener - After click element input
20:24:48.005 INFO  manager.WDListener - Send Keys input
20:24:48.046 INFO  manager.WDListener - Send Keys input
20:24:48.096 INFO  manager.WDListener - Send Keys input
20:24:48.164 INFO  manager.WDListener - After find element By.xpath: //input[@placeholder='Last Name']
20:24:48.173 INFO  manager.WDListener - Location of element input
20:24:48.198 INFO  manager.WDListener - Before click element --> inputtext=
20:24:48.291 INFO  manager.WDListener - After click element input
20:24:48.334 INFO  manager.WDListener - Send Keys input
20:24:48.384 INFO  manager.WDListener - Send Keys input
20:24:48.436 INFO  manager.WDListener - Send Keys input
20:24:48.493 INFO  manager.WDListener - After find element By.xpath: //input[@placeholder='Phone']
20:24:48.502 INFO  manager.WDListener - Location of element input
20:24:48.523 INFO  manager.WDListener - Before click element --> inputtext=
20:24:48.617 INFO  manager.WDListener - After click element input
20:24:48.677 INFO  manager.WDListener - Send Keys input
20:24:48.725 INFO  manager.WDListener - Send Keys input
20:24:48.770 INFO  manager.WDListener - Send Keys input
20:24:48.841 INFO  manager.WDListener - After find element By.xpath: //input[@placeholder='email']
20:24:48.856 INFO  manager.WDListener - Location of element input
20:24:48.887 INFO  manager.WDListener - Before click element --> inputtext=
20:24:48.995 INFO  manager.WDListener - After click element input
20:24:49.051 INFO  manager.WDListener - Send Keys input
20:24:49.094 INFO  manager.WDListener - Send Keys input
20:24:49.130 INFO  manager.WDListener - Send Keys input
20:24:49.228 INFO  manager.WDListener - After find element By.xpath: //input[@placeholder='Address']
20:24:49.237 INFO  manager.WDListener - Location of element input
20:24:49.258 INFO  manager.WDListener - Before click element --> inputtext=
20:24:49.354 INFO  manager.WDListener - After click element input
20:24:49.430 INFO  manager.WDListener - Send Keys input
20:24:49.494 INFO  manager.WDListener - Send Keys input
20:24:49.558 INFO  manager.WDListener - Send Keys input
20:24:49.704 INFO  manager.WDListener - After find element By.xpath: //input[@placeholder='description']
20:24:49.720 INFO  manager.WDListener - Location of element input
20:24:49.749 INFO  manager.WDListener - Before click element --> inputtext=
20:24:49.846 INFO  manager.WDListener - After click element input
20:24:49.968 INFO  manager.WDListener - Send Keys input
20:24:50.092 INFO  manager.WDListener - Send Keys input
20:24:50.802 INFO  manager.WDListener - After find element By.xpath: //b[text()='Save']
20:24:50.809 INFO  manager.WDListener - Location of element b
20:24:50.825 INFO  manager.WDListener - Before click element --> btext=Save
20:24:50.902 INFO  manager.WDListener - After click element b
20:24:50.903 INFO  manager.WDListener - Before find element By.cssSelector: h2
20:24:51.817 INFO  manager.WDListener - Before find element By.cssSelector: h3
20:24:52.188 INFO  manager.TestNGListener - Start test addContactSuccessAllFields=================
20:24:52.190 INFO  tests.TestBase - +++++++++++++++++++++++++++++++
20:24:52.193 INFO  tests.TestBase - Name of method -->addContactSuccessAllFieldsSCV
20:24:52.193 INFO  manager.TestNGListener - Start test addContactSuccessAllFieldsSCV=================
20:24:52.212 INFO  manager.WDListener - After find element By.xpath: //*[@href='/add']
20:24:52.220 INFO  manager.WDListener - Location of element a
20:24:52.240 INFO  manager.WDListener - Before click element --> atext=ADD
20:24:52.341 INFO  manager.WDListener - After click element a
20:24:52.360 INFO  manager.WDListener - After find element By.xpath: //input[@placeholder='Name']
20:24:52.374 INFO  manager.WDListener - Location of element input
20:24:52.400 INFO  manager.WDListener - Before click element --> inputtext=
20:24:52.502 INFO  manager.WDListener - After click element input
20:24:52.612 INFO  manager.WDListener - Send Keys input
20:24:52.675 INFO  manager.WDListener - Send Keys input
20:24:52.746 INFO  manager.WDListener - Send Keys input
20:24:52.850 INFO  manager.WDListener - After find element By.xpath: //input[@placeholder='Last Name']
20:24:52.863 INFO  manager.WDListener - Location of element input
20:24:52.886 INFO  manager.WDListener - Before click element --> inputtext=
20:24:53.057 INFO  manager.WDListener - After click element input
20:24:53.175 INFO  manager.WDListener - Send Keys input
20:24:53.210 INFO  manager.WDListener - Send Keys input
20:24:53.335 INFO  manager.WDListener - Send Keys input
20:24:53.403 INFO  manager.WDListener - After find element By.xpath: //input[@placeholder='Phone']
20:24:53.417 INFO  manager.WDListener - Location of element input
20:24:53.444 INFO  manager.WDListener - Before click element --> inputtext=
20:24:53.559 INFO  manager.WDListener - After click element input
20:24:53.630 INFO  manager.WDListener - Send Keys input
20:24:53.683 INFO  manager.WDListener - Send Keys input
20:24:53.736 INFO  manager.WDListener - Send Keys input
20:24:53.809 INFO  manager.WDListener - After find element By.xpath: //input[@placeholder='email']
20:24:53.819 INFO  manager.WDListener - Location of element input
20:24:53.842 INFO  manager.WDListener - Before click element --> inputtext=
20:24:53.953 INFO  manager.WDListener - After click element input
20:24:54.039 INFO  manager.WDListener - Send Keys input
20:24:54.059 INFO  manager.WDListener - Send Keys input
20:24:54.094 INFO  manager.WDListener - After find element By.xpath: //input[@placeholder='Address']
20:24:54.100 INFO  manager.WDListener - Location of element input
20:24:54.133 INFO  manager.WDListener - Before click element --> inputtext=
20:24:54.254 INFO  manager.WDListener - After click element input
20:24:54.337 INFO  manager.WDListener - Send Keys input
20:24:54.374 INFO  manager.WDListener - Send Keys input
20:24:54.427 INFO  manager.WDListener - Send Keys input
20:24:54.505 INFO  manager.WDListener - After find element By.xpath: //input[@placeholder='description']
20:24:54.520 INFO  manager.WDListener - Location of element input
20:24:54.542 INFO  manager.WDListener - Before click element --> inputtext=
20:24:54.634 INFO  manager.WDListener - After click element input
20:24:54.680 INFO  manager.WDListener - Send Keys input
20:24:54.725 INFO  manager.WDListener - Send Keys input
20:24:54.841 INFO  manager.WDListener - Send Keys input
20:24:55.313 INFO  manager.WDListener - After find element By.xpath: //b[text()='Save']
20:24:55.322 INFO  manager.WDListener - Location of element b
20:24:55.369 INFO  manager.WDListener - Before click element --> btext=Save
20:24:55.470 INFO  manager.WDListener - After click element b
20:24:55.470 INFO  manager.WDListener - Before find element By.cssSelector: h2
20:24:56.292 INFO  manager.WDListener - Before find element By.cssSelector: h3
20:24:56.759 INFO  manager.TestNGListener - Start test addContactSuccessAllFieldsSCV=================
20:24:56.760 INFO  tests.TestBase - +++++++++++++++++++++++++++++++
20:24:56.761 INFO  tests.TestBase - Name of method -->addContactSuccessAllFieldsSCV
20:24:56.762 INFO  manager.TestNGListener - Start test addContactSuccessAllFieldsSCV=================
20:24:56.782 INFO  manager.WDListener - After find element By.xpath: //*[@href='/add']
20:24:56.793 INFO  manager.WDListener - Location of element a
20:24:56.811 INFO  manager.WDListener - Before click element --> atext=ADD
20:24:56.914 INFO  manager.WDListener - After click element a
20:24:56.961 INFO  manager.WDListener - After find element By.xpath: //input[@placeholder='Name']
20:24:56.974 INFO  manager.WDListener - Location of element input
20:24:57.013 INFO  manager.WDListener - Before click element --> inputtext=
20:24:57.085 INFO  manager.WDListener - After click element input
20:24:57.148 INFO  manager.WDListener - Send Keys input
20:24:57.210 INFO  manager.WDListener - Send Keys input
20:24:57.283 INFO  manager.WDListener - Send Keys input
20:24:57.340 INFO  manager.WDListener - After find element By.xpath: //input[@placeholder='Last Name']
20:24:57.346 INFO  manager.WDListener - Location of element input
20:24:57.367 INFO  manager.WDListener - Before click element --> inputtext=
20:24:57.462 INFO  manager.WDListener - After click element input
20:24:57.607 INFO  manager.WDListener - Send Keys input
20:24:57.649 INFO  manager.WDListener - Send Keys input
20:24:57.699 INFO  manager.WDListener - Send Keys input
20:24:57.778 INFO  manager.WDListener - After find element By.xpath: //input[@placeholder='Phone']
20:24:57.792 INFO  manager.WDListener - Location of element input
20:24:57.812 INFO  manager.WDListener - Before click element --> inputtext=
20:24:57.894 INFO  manager.WDListener - After click element input
20:24:57.943 INFO  manager.WDListener - Send Keys input
20:24:58.001 INFO  manager.WDListener - Send Keys input
20:24:58.068 INFO  manager.WDListener - Send Keys input
20:24:58.180 INFO  manager.WDListener - After find element By.xpath: //input[@placeholder='email']
20:24:58.190 INFO  manager.WDListener - Location of element input
20:24:58.217 INFO  manager.WDListener - Before click element --> inputtext=
20:24:58.373 INFO  manager.WDListener - After click element input
20:24:58.437 INFO  manager.WDListener - Send Keys input
20:24:58.475 INFO  manager.WDListener - Send Keys input
20:24:58.549 INFO  manager.WDListener - After find element By.xpath: //input[@placeholder='Address']
20:24:58.560 INFO  manager.WDListener - Location of element input
20:24:58.583 INFO  manager.WDListener - Before click element --> inputtext=
20:24:58.740 INFO  manager.WDListener - After click element input
20:24:58.799 INFO  manager.WDListener - Send Keys input
20:24:58.846 INFO  manager.WDListener - Send Keys input
20:24:58.885 INFO  manager.WDListener - Send Keys input
20:24:58.956 INFO  manager.WDListener - After find element By.xpath: //input[@placeholder='description']
20:24:58.964 INFO  manager.WDListener - Location of element input
20:24:58.983 INFO  manager.WDListener - Before click element --> inputtext=
20:24:59.123 INFO  manager.WDListener - After click element input
20:24:59.209 INFO  manager.WDListener - Send Keys input
20:24:59.253 INFO  manager.WDListener - Send Keys input
20:24:59.334 INFO  manager.WDListener - Send Keys input
20:24:59.754 INFO  manager.WDListener - After find element By.xpath: //b[text()='Save']
20:24:59.759 INFO  manager.WDListener - Location of element b
20:24:59.771 INFO  manager.WDListener - Before click element --> btext=Save
20:24:59.944 INFO  manager.WDListener - After click element b
20:24:59.945 INFO  manager.WDListener - Before find element By.cssSelector: h2
20:25:00.907 INFO  manager.WDListener - Before find element By.cssSelector: h3
20:25:01.442 INFO  manager.TestNGListener - Start test addContactSuccessAllFieldsSCV=================
20:25:01.443 INFO  tests.TestBase - +++++++++++++++++++++++++++++++
20:25:01.446 INFO  tests.TestBase - Name of method -->addContactSuccessRequiredFields
20:25:01.447 INFO  manager.TestNGListener - Start test addContactSuccessRequiredFields=================
20:25:01.477 INFO  manager.WDListener - After find element By.xpath: //*[@href='/add']
20:25:01.485 INFO  manager.WDListener - Location of element a
20:25:01.519 INFO  manager.WDListener - Before click element --> atext=ADD
20:25:01.600 INFO  manager.WDListener - After click element a
20:25:01.616 INFO  manager.WDListener - After find element By.xpath: //input[@placeholder='Name']
20:25:01.624 INFO  manager.WDListener - Location of element input
20:25:01.640 INFO  manager.WDListener - Before click element --> inputtext=
20:25:01.737 INFO  manager.WDListener - After click element input
20:25:01.794 INFO  manager.WDListener - Send Keys input
20:25:01.863 INFO  manager.WDListener - Send Keys input
20:25:01.956 INFO  manager.WDListener - Send Keys input
20:25:02.057 INFO  manager.WDListener - After find element By.xpath: //input[@placeholder='Last Name']
20:25:02.071 INFO  manager.WDListener - Location of element input
20:25:02.100 INFO  manager.WDListener - Before click element --> inputtext=
20:25:02.200 INFO  manager.WDListener - After click element input
20:25:02.263 INFO  manager.WDListener - Send Keys input
20:25:02.309 INFO  manager.WDListener - Send Keys input
20:25:02.371 INFO  manager.WDListener - Send Keys input
20:25:02.425 INFO  manager.WDListener - After find element By.xpath: //input[@placeholder='Phone']
20:25:02.436 INFO  manager.WDListener - Location of element input
20:25:02.466 INFO  manager.WDListener - Before click element --> inputtext=
20:25:02.556 INFO  manager.WDListener - After click element input
20:25:02.602 INFO  manager.WDListener - Send Keys input
20:25:02.645 INFO  manager.WDListener - Send Keys input
20:25:02.688 INFO  manager.WDListener - Send Keys input
20:25:02.751 INFO  manager.WDListener - After find element By.xpath: //input[@placeholder='email']
20:25:02.761 INFO  manager.WDListener - Location of element input
20:25:02.788 INFO  manager.WDListener - Before click element --> inputtext=
20:25:03.001 INFO  manager.WDListener - After click element input
20:25:03.039 INFO  manager.WDListener - Send Keys input
20:25:03.115 INFO  manager.WDListener - Send Keys input
20:25:03.150 INFO  manager.WDListener - Send Keys input
20:25:03.231 INFO  manager.WDListener - After find element By.xpath: //input[@placeholder='Address']
20:25:03.239 INFO  manager.WDListener - Location of element input
20:25:03.260 INFO  manager.WDListener - Before click element --> inputtext=
20:25:03.371 INFO  manager.WDListener - After click element input
20:25:03.420 INFO  manager.WDListener - Send Keys input
20:25:03.468 INFO  manager.WDListener - Send Keys input
20:25:03.517 INFO  manager.WDListener - Send Keys input
20:25:03.608 INFO  manager.WDListener - After find element By.xpath: //input[@placeholder='description']
20:25:03.621 INFO  manager.WDListener - Location of element input
20:25:03.647 INFO  manager.WDListener - Before click element --> inputtext=
20:25:03.760 INFO  manager.WDListener - After click element input
20:25:03.806 INFO  manager.WDListener - Send Keys input
20:25:03.888 INFO  manager.WDListener - Send Keys input
20:25:03.966 INFO  manager.WDListener - After find element By.xpath: //b[text()='Save']
20:25:03.974 INFO  manager.WDListener - Location of element b
20:25:03.986 INFO  manager.WDListener - Before click element --> btext=Save
20:25:04.022 INFO  manager.WDListener - After click element b
20:25:04.022 INFO  manager.WDListener - Before find element By.cssSelector: h2
20:25:05.832 INFO  manager.WDListener - Before find element By.cssSelector: h3
20:25:06.964 INFO  manager.TestNGListener - Start test addContactSuccessRequiredFields=================
20:25:06.965 INFO  tests.TestBase - +++++++++++++++++++++++++++++++
20:25:06.970 INFO  tests.TestBase - Name of method -->addNewContactWrongAddress
20:25:06.970 INFO  manager.TestNGListener - Start test addNewContactWrongAddress=================
20:25:06.993 INFO  manager.WDListener - After find element By.xpath: //*[@href='/add']
20:25:07.004 INFO  manager.WDListener - Location of element a
20:25:07.023 INFO  manager.WDListener - Before click element --> atext=ADD
20:25:07.126 INFO  manager.WDListener - After click element a
20:25:07.143 INFO  manager.WDListener - After find element By.xpath: //input[@placeholder='Name']
20:25:07.214 INFO  manager.WDListener - Location of element input
20:25:07.273 INFO  manager.WDListener - Before click element --> inputtext=
20:25:07.385 INFO  manager.WDListener - After click element input
20:25:07.450 INFO  manager.WDListener - Send Keys input
20:25:07.512 INFO  manager.WDListener - Send Keys input
20:25:07.562 INFO  manager.WDListener - Send Keys input
20:25:07.620 INFO  manager.WDListener - After find element By.xpath: //input[@placeholder='Last Name']
20:25:07.629 INFO  manager.WDListener - Location of element input
20:25:07.670 INFO  manager.WDListener - Before click element --> inputtext=
20:25:07.782 INFO  manager.WDListener - After click element input
20:25:07.828 INFO  manager.WDListener - Send Keys input
20:25:07.885 INFO  manager.WDListener - Send Keys input
20:25:07.934 INFO  manager.WDListener - Send Keys input
20:25:07.987 INFO  manager.WDListener - After find element By.xpath: //input[@placeholder='Phone']
20:25:07.997 INFO  manager.WDListener - Location of element input
20:25:08.034 INFO  manager.WDListener - Before click element --> inputtext=
20:25:08.149 INFO  manager.WDListener - After click element input
20:25:08.170 INFO  manager.WDListener - Send Keys input
20:25:08.191 INFO  manager.WDListener - Send Keys input
20:25:08.234 INFO  manager.WDListener - Send Keys input
20:25:08.310 INFO  manager.WDListener - After find element By.xpath: //input[@placeholder='email']
20:25:08.331 INFO  manager.WDListener - Location of element input
20:25:08.352 INFO  manager.WDListener - Before click element --> inputtext=
20:25:08.422 INFO  manager.WDListener - After click element input
20:25:08.442 INFO  manager.WDListener - Send Keys input
20:25:08.473 INFO  manager.WDListener - Send Keys input
20:25:08.536 INFO  manager.WDListener - Send Keys input
20:25:08.601 INFO  manager.WDListener - After find element By.xpath: //input[@placeholder='Address']
20:25:08.610 INFO  manager.WDListener - Location of element input
20:25:08.645 INFO  manager.WDListener - Before click element --> inputtext=
20:25:08.729 INFO  manager.WDListener - After click element input
20:25:08.753 INFO  manager.WDListener - Send Keys input
20:25:08.799 INFO  manager.WDListener - Send Keys input
20:25:08.914 INFO  manager.WDListener - Send Keys input
20:25:08.999 INFO  manager.WDListener - After find element By.xpath: //input[@placeholder='description']
20:25:09.010 INFO  manager.WDListener - Location of element input
20:25:09.031 INFO  manager.WDListener - Before click element --> inputtext=
20:25:09.106 INFO  manager.WDListener - After click element input
20:25:09.123 INFO  manager.WDListener - Send Keys input
20:25:09.173 INFO  manager.WDListener - Send Keys input
20:25:09.231 INFO  manager.WDListener - Send Keys input
20:25:09.307 INFO  manager.WDListener - After find element By.xpath: //b[text()='Save']
20:25:09.323 INFO  manager.WDListener - Location of element b
20:25:09.351 INFO  manager.WDListener - Before click element --> btext=Save
20:25:09.439 INFO  manager.WDListener - After click element b
20:25:09.439 INFO  manager.WDListener - Before find element By.cssSelector: a.active[href='/add']
20:25:09.461 INFO  manager.TestNGListener - Start test addNewContactWrongAddress=================
20:25:09.462 INFO  tests.TestBase - +++++++++++++++++++++++++++++++
20:25:09.463 INFO  tests.TestBase - Name of method -->addNewContactWrongEmail
20:25:09.463 INFO  manager.TestNGListener - Start test addNewContactWrongEmail=================
20:25:09.502 INFO  manager.WDListener - After find element By.xpath: //*[@href='/add']
20:25:09.529 INFO  manager.WDListener - Location of element a
20:25:09.556 INFO  manager.WDListener - Before click element --> atext=ADD
20:25:09.664 INFO  manager.WDListener - After click element a
20:25:09.700 INFO  manager.WDListener - After find element By.xpath: //input[@placeholder='Name']
20:25:09.709 INFO  manager.WDListener - Location of element input
20:25:09.724 INFO  manager.WDListener - Before click element --> inputtext=
20:25:09.877 INFO  manager.WDListener - After click element input
20:25:09.974 INFO  manager.WDListener - Send Keys input
20:25:10.078 INFO  manager.WDListener - Send Keys input
20:25:10.123 INFO  manager.WDListener - Send Keys input
20:25:10.176 INFO  manager.WDListener - After find element By.xpath: //input[@placeholder='Last Name']
20:25:10.183 INFO  manager.WDListener - Location of element input
20:25:10.205 INFO  manager.WDListener - Before click element --> inputtext=
20:25:10.337 INFO  manager.WDListener - After click element input
20:25:10.382 INFO  manager.WDListener - Send Keys input
20:25:10.454 INFO  manager.WDListener - Send Keys input
20:25:10.518 INFO  manager.WDListener - Send Keys input
20:25:10.607 INFO  manager.WDListener - After find element By.xpath: //input[@placeholder='Phone']
20:25:10.617 INFO  manager.WDListener - Location of element input
20:25:10.666 INFO  manager.WDListener - Before click element --> inputtext=
20:25:10.725 INFO  manager.WDListener - After click element input
20:25:10.768 INFO  manager.WDListener - Send Keys input
20:25:10.869 INFO  manager.WDListener - Send Keys input
20:25:10.915 INFO  manager.WDListener - Send Keys input
20:25:10.950 INFO  manager.WDListener - After find element By.xpath: //input[@placeholder='email']
20:25:10.954 INFO  manager.WDListener - Location of element input
20:25:10.962 INFO  manager.WDListener - Before click element --> inputtext=
20:25:11.019 INFO  manager.WDListener - After click element input
20:25:11.038 INFO  manager.WDListener - Send Keys input
20:25:11.067 INFO  manager.WDListener - Send Keys input
20:25:11.086 INFO  manager.WDListener - Send Keys input
20:25:11.192 INFO  manager.WDListener - After find element By.xpath: //input[@placeholder='Address']
20:25:11.215 INFO  manager.WDListener - Location of element input
20:25:11.239 INFO  manager.WDListener - Before click element --> inputtext=
20:25:11.401 INFO  manager.WDListener - After click element input
20:25:11.418 INFO  manager.WDListener - Send Keys input
20:25:11.460 INFO  manager.WDListener - Send Keys input
20:25:11.483 INFO  manager.WDListener - Send Keys input
20:25:11.580 INFO  manager.WDListener - After find element By.xpath: //input[@placeholder='description']
20:25:11.592 INFO  manager.WDListener - Location of element input
20:25:11.620 INFO  manager.WDListener - Before click element --> inputtext=
20:25:11.777 INFO  manager.WDListener - After click element input
20:25:11.884 INFO  manager.WDListener - Send Keys input
20:25:11.925 INFO  manager.WDListener - Send Keys input
20:25:11.969 INFO  manager.WDListener - Send Keys input
20:25:12.104 INFO  manager.WDListener - After find element By.xpath: //b[text()='Save']
20:25:12.119 INFO  manager.WDListener - Location of element b
20:25:12.148 INFO  manager.WDListener - Before click element --> btext=Save
20:25:12.260 INFO  manager.WDListener - After click element b
20:25:12.261 INFO  manager.WDListener - Before find element By.cssSelector: a.active[href='/add']
20:25:12.327 INFO  manager.WDListener - Houston, we have a problem!
20:25:12.328 INFO  manager.WDListener - +++++++++++++++++++++++++++++++
20:25:12.328 INFO  manager.WDListener - Object target org.openqa.selenium.remote.RemoteWebDriver$RemoteTargetLocator@53dba9cd
20:25:12.328 INFO  manager.WDListener - +++++++++++++++++++++++++++++++
20:25:12.328 INFO  manager.WDListener - Method name alert
20:25:12.329 INFO  manager.WDListener - +++++++++++++++++++++++++++++++
20:25:12.329 INFO  manager.WDListener - InvocationTargetException org.openqa.selenium.NoAlertPresentException: no such alert
  (Session info: chrome=145.0.7632.116)
Build info: version: '4.26.0', revision: '8ccf0219d7'
System info: os.name: 'Windows 11', os.arch: 'amd64', os.version: '10.0', java.version: '17.0.12'
Driver info: org.openqa.selenium.chrome.ChromeDriver
Command: [76ad10f0c81080caac760d39fe683723, getAlertText {}]
Capabilities {acceptInsecureCerts: false, browserName: chrome, browserVersion: 145.0.7632.116, chrome: {chromedriverVersion: 145.0.7632.77 (da516187054a..., userDataDir: C:\Users\np170\AppData\Loca...}, fedcm:accounts: true, goog:chromeOptions: {debuggerAddress: localhost:53305}, goog:processID: 3004, networkConnectionEnabled: false, pageLoadStrategy: normal, platformName: windows, proxy: Proxy(), se:cdp: ws://localhost:53305/devtoo..., se:cdpVersion: 145.0.7632.116, setWindowRect: true, strictFileInteractability: false, timeouts: {implicit: 0, pageLoad: 300000, script: 30000}, unhandledPromptBehavior: dismiss and notify, webauthn:extension:credBlob: true, webauthn:extension:largeBlob: true, webauthn:extension:minPinLength: true, webauthn:extension:prf: true, webauthn:virtualAuthenticators: true}
Session ID: 76ad10f0c81080caac760d39fe683723
20:25:12.330 INFO  manager.WDListener - +++++++++++++++++++++++++++++++
20:25:12.331 INFO  manager.WDListener - Screen with error is src/test/screenshots/screen_1660.png
20:25:12.871 INFO  manager.TestNGListener - Start test addNewContactWrongEmail=================
20:25:12.872 INFO  tests.TestBase - +++++++++++++++++++++++++++++++
20:25:12.874 INFO  tests.TestBase - Name of method -->addNewContactWrongLastName
20:25:12.875 INFO  manager.TestNGListener - Start test addNewContactWrongLastName=================
20:25:12.920 INFO  manager.WDListener - After find element By.xpath: //*[@href='/add']
20:25:12.934 INFO  manager.WDListener - Location of element a
20:25:12.972 INFO  manager.WDListener - Before click element --> atext=ADD
20:25:13.154 INFO  manager.WDListener - After click element a
20:25:13.171 INFO  manager.WDListener - After find element By.xpath: //input[@placeholder='Name']
20:25:13.180 INFO  manager.WDListener - Location of element input
20:25:13.200 INFO  manager.WDListener - Before click element --> inputtext=
20:25:13.352 INFO  manager.WDListener - After click element input
20:25:13.420 INFO  manager.WDListener - Send Keys input
20:25:13.491 INFO  manager.WDListener - Send Keys input
20:25:13.557 INFO  manager.WDListener - Send Keys input
20:25:13.645 INFO  manager.WDListener - After find element By.xpath: //input[@placeholder='Last Name']
20:25:13.658 INFO  manager.WDListener - Location of element input
20:25:13.684 INFO  manager.WDListener - Before click element --> inputtext=
20:25:13.826 INFO  manager.WDListener - After click element input
20:25:13.902 INFO  manager.WDListener - Send Keys input
20:25:14.007 INFO  manager.WDListener - Send Keys input
20:25:14.034 INFO  manager.WDListener - Send Keys input
20:25:14.100 INFO  manager.WDListener - After find element By.xpath: //input[@placeholder='Phone']
20:25:14.110 INFO  manager.WDListener - Location of element input
20:25:14.136 INFO  manager.WDListener - Before click element --> inputtext=
20:25:14.223 INFO  manager.WDListener - After click element input
20:25:14.254 INFO  manager.WDListener - Send Keys input
20:25:14.284 INFO  manager.WDListener - Send Keys input
20:25:14.301 INFO  manager.WDListener - Send Keys input
20:25:14.390 INFO  manager.WDListener - After find element By.xpath: //input[@placeholder='email']
20:25:14.403 INFO  manager.WDListener - Location of element input
20:25:14.429 INFO  manager.WDListener - Before click element --> inputtext=
20:25:14.547 INFO  manager.WDListener - After click element input
20:25:14.618 INFO  manager.WDListener - Send Keys input
20:25:14.692 INFO  manager.WDListener - Send Keys input
20:25:14.773 INFO  manager.WDListener - Send Keys input
20:25:14.855 INFO  manager.WDListener - After find element By.xpath: //input[@placeholder='Address']
20:25:14.868 INFO  manager.WDListener - Location of element input
20:25:14.895 INFO  manager.WDListener - Before click element --> inputtext=
20:25:14.998 INFO  manager.WDListener - After click element input
20:25:15.058 INFO  manager.WDListener - Send Keys input
20:25:15.181 INFO  manager.WDListener - Send Keys input
20:25:15.249 INFO  manager.WDListener - Send Keys input
20:25:15.365 INFO  manager.WDListener - After find element By.xpath: //input[@placeholder='description']
20:25:15.374 INFO  manager.WDListener - Location of element input
20:25:15.413 INFO  manager.WDListener - Before click element --> inputtext=
20:25:15.534 INFO  manager.WDListener - After click element input
20:25:15.579 INFO  manager.WDListener - Send Keys input
20:25:15.655 INFO  manager.WDListener - Send Keys input
20:25:15.772 INFO  manager.WDListener - Send Keys input
20:25:15.902 INFO  manager.WDListener - After find element By.xpath: //b[text()='Save']
20:25:15.915 INFO  manager.WDListener - Location of element b
20:25:15.939 INFO  manager.WDListener - Before click element --> btext=Save
20:25:16.077 INFO  manager.WDListener - After click element b
20:25:16.078 INFO  manager.WDListener - Before find element By.cssSelector: a.active[href='/add']
20:25:16.120 INFO  manager.TestNGListener - Start test addNewContactWrongLastName=================
20:25:16.121 INFO  tests.TestBase - +++++++++++++++++++++++++++++++
20:25:16.123 INFO  tests.TestBase - Name of method -->addNewContactWrongName
20:25:16.123 INFO  manager.TestNGListener - Start test addNewContactWrongName=================
20:25:16.145 INFO  manager.WDListener - After find element By.xpath: //*[@href='/add']
20:25:16.156 INFO  manager.WDListener - Location of element a
20:25:16.178 INFO  manager.WDListener - Before click element --> atext=ADD
20:25:16.290 INFO  manager.WDListener - After click element a
20:25:16.301 INFO  manager.WDListener - After find element By.xpath: //input[@placeholder='Name']
20:25:16.305 INFO  manager.WDListener - Location of element input
20:25:16.351 INFO  manager.WDListener - Before click element --> inputtext=
20:25:16.528 INFO  manager.WDListener - After click element input
20:25:16.594 INFO  manager.WDListener - Send Keys input
20:25:16.687 INFO  manager.WDListener - Send Keys input
20:25:16.730 INFO  manager.WDListener - Send Keys input
20:25:16.779 INFO  manager.WDListener - After find element By.xpath: //input[@placeholder='Last Name']
20:25:16.790 INFO  manager.WDListener - Location of element input
20:25:16.816 INFO  manager.WDListener - Before click element --> inputtext=
20:25:16.937 INFO  manager.WDListener - After click element input
20:25:16.992 INFO  manager.WDListener - Send Keys input
20:25:17.034 INFO  manager.WDListener - Send Keys input
20:25:17.073 INFO  manager.WDListener - Send Keys input
20:25:17.147 INFO  manager.WDListener - After find element By.xpath: //input[@placeholder='Phone']
20:25:17.160 INFO  manager.WDListener - Location of element input
20:25:17.193 INFO  manager.WDListener - Before click element --> inputtext=
20:25:17.309 INFO  manager.WDListener - After click element input
20:25:17.364 INFO  manager.WDListener - Send Keys input
20:25:17.629 INFO  manager.WDListener - Send Keys input
20:25:17.731 INFO  manager.WDListener - Send Keys input
20:25:17.801 INFO  manager.WDListener - After find element By.xpath: //input[@placeholder='email']
20:25:17.810 INFO  manager.WDListener - Location of element input
20:25:17.831 INFO  manager.WDListener - Before click element --> inputtext=
20:25:17.974 INFO  manager.WDListener - After click element input
20:25:18.024 INFO  manager.WDListener - Send Keys input
20:25:18.107 INFO  manager.WDListener - Send Keys input
20:25:18.208 INFO  manager.WDListener - Send Keys input
20:25:18.321 INFO  manager.WDListener - After find element By.xpath: //input[@placeholder='Address']
20:25:18.332 INFO  manager.WDListener - Location of element input
20:25:18.356 INFO  manager.WDListener - Before click element --> inputtext=
20:25:18.541 INFO  manager.WDListener - After click element input
20:25:18.589 INFO  manager.WDListener - Send Keys input
20:25:18.660 INFO  manager.WDListener - Send Keys input
20:25:18.705 INFO  manager.WDListener - Send Keys input
20:25:18.780 INFO  manager.WDListener - After find element By.xpath: //input[@placeholder='description']
20:25:18.791 INFO  manager.WDListener - Location of element input
20:25:18.815 INFO  manager.WDListener - Before click element --> inputtext=
20:25:18.939 INFO  manager.WDListener - After click element input
20:25:18.982 INFO  manager.WDListener - Send Keys input
20:25:19.056 INFO  manager.WDListener - Send Keys input
20:25:19.099 INFO  manager.WDListener - Send Keys input
20:25:19.160 INFO  manager.WDListener - After find element By.xpath: //b[text()='Save']
20:25:19.166 INFO  manager.WDListener - Location of element b
20:25:19.184 INFO  manager.WDListener - Before click element --> btext=Save
20:25:19.303 INFO  manager.WDListener - After click element b
20:25:19.303 INFO  manager.WDListener - Before find element By.cssSelector: a.active[href='/add']
20:25:19.325 INFO  manager.TestNGListener - Start test addNewContactWrongName=================
20:25:19.325 INFO  tests.TestBase - +++++++++++++++++++++++++++++++
20:25:19.327 INFO  tests.TestBase - Name of method -->addNewContactWrongPhone
20:25:19.327 INFO  manager.TestNGListener - Start test addNewContactWrongPhone=================
20:25:19.340 INFO  manager.WDListener - After find element By.xpath: //*[@href='/add']
20:25:19.351 INFO  manager.WDListener - Location of element a
20:25:19.404 INFO  manager.WDListener - Before click element --> atext=ADD
20:25:19.472 INFO  manager.WDListener - After click element a
20:25:19.483 INFO  manager.WDListener - After find element By.xpath: //input[@placeholder='Name']
20:25:19.487 INFO  manager.WDListener - Location of element input
20:25:19.529 INFO  manager.WDListener - Before click element --> inputtext=
20:25:19.622 INFO  manager.WDListener - After click element input
20:25:19.642 INFO  manager.WDListener - Send Keys input
20:25:19.666 INFO  manager.WDListener - Send Keys input
20:25:19.688 INFO  manager.WDListener - Send Keys input
20:25:19.721 INFO  manager.WDListener - After find element By.xpath: //input[@placeholder='Last Name']
20:25:19.723 INFO  manager.WDListener - Location of element input
20:25:19.734 INFO  manager.WDListener - Before click element --> inputtext=
20:25:19.811 INFO  manager.WDListener - After click element input
20:25:19.892 INFO  manager.WDListener - Send Keys input
20:25:19.969 INFO  manager.WDListener - Send Keys input
20:25:20.013 INFO  manager.WDListener - Send Keys input
20:25:20.046 INFO  manager.WDListener - After find element By.xpath: //input[@placeholder='Phone']
20:25:20.048 INFO  manager.WDListener - Location of element input
20:25:20.060 INFO  manager.WDListener - Before click element --> inputtext=
20:25:20.136 INFO  manager.WDListener - After click element input
20:25:20.159 INFO  manager.WDListener - Send Keys input
20:25:20.189 INFO  manager.WDListener - Send Keys input
20:25:20.216 INFO  manager.WDListener - Send Keys input
20:25:20.263 INFO  manager.WDListener - After find element By.xpath: //input[@placeholder='email']
20:25:20.267 INFO  manager.WDListener - Location of element input
20:25:20.279 INFO  manager.WDListener - Before click element --> inputtext=
20:25:20.366 INFO  manager.WDListener - After click element input
20:25:20.430 INFO  manager.WDListener - Send Keys input
20:25:20.454 INFO  manager.WDListener - Send Keys input
20:25:20.542 INFO  manager.WDListener - Send Keys input
20:25:20.633 INFO  manager.WDListener - After find element By.xpath: //input[@placeholder='Address']
20:25:20.646 INFO  manager.WDListener - Location of element input
20:25:20.671 INFO  manager.WDListener - Before click element --> inputtext=
20:25:20.764 INFO  manager.WDListener - After click element input
20:25:20.821 INFO  manager.WDListener - Send Keys input
20:25:20.886 INFO  manager.WDListener - Send Keys input
20:25:20.911 INFO  manager.WDListener - Send Keys input
20:25:20.982 INFO  manager.WDListener - After find element By.xpath: //input[@placeholder='description']
20:25:20.991 INFO  manager.WDListener - Location of element input
20:25:21.016 INFO  manager.WDListener - Before click element --> inputtext=
20:25:21.202 INFO  manager.WDListener - After click element input
20:25:21.265 INFO  manager.WDListener - Send Keys input
20:25:21.377 INFO  manager.WDListener - Send Keys input
20:25:21.408 INFO  manager.WDListener - Send Keys input
20:25:21.456 INFO  manager.WDListener - After find element By.xpath: //b[text()='Save']
20:25:21.466 INFO  manager.WDListener - Location of element b
20:25:21.490 INFO  manager.WDListener - Before click element --> btext=Save
20:25:21.607 INFO  manager.WDListener - After click element b
20:25:21.609 INFO  manager.WDListener - Before find element By.cssSelector: a.active[href='/add']
20:25:21.638 INFO  manager.WDListener - Houston, we have a problem!
20:25:21.638 INFO  manager.WDListener - +++++++++++++++++++++++++++++++
20:25:21.638 INFO  manager.WDListener - Object target org.openqa.selenium.remote.RemoteWebDriver$RemoteTargetLocator@3f1d6a13
20:25:21.638 INFO  manager.WDListener - +++++++++++++++++++++++++++++++
20:25:21.638 INFO  manager.WDListener - Method name alert
20:25:21.638 INFO  manager.WDListener - +++++++++++++++++++++++++++++++
20:25:21.638 INFO  manager.WDListener - InvocationTargetException org.openqa.selenium.NoAlertPresentException: no such alert
  (Session info: chrome=145.0.7632.116)
Build info: version: '4.26.0', revision: '8ccf0219d7'
System info: os.name: 'Windows 11', os.arch: 'amd64', os.version: '10.0', java.version: '17.0.12'
Driver info: org.openqa.selenium.chrome.ChromeDriver
Command: [76ad10f0c81080caac760d39fe683723, getAlertText {}]
Capabilities {acceptInsecureCerts: false, browserName: chrome, browserVersion: 145.0.7632.116, chrome: {chromedriverVersion: 145.0.7632.77 (da516187054a..., userDataDir: C:\Users\np170\AppData\Loca...}, fedcm:accounts: true, goog:chromeOptions: {debuggerAddress: localhost:53305}, goog:processID: 3004, networkConnectionEnabled: false, pageLoadStrategy: normal, platformName: windows, proxy: Proxy(), se:cdp: ws://localhost:53305/devtoo..., se:cdpVersion: 145.0.7632.116, setWindowRect: true, strictFileInteractability: false, timeouts: {implicit: 0, pageLoad: 300000, script: 30000}, unhandledPromptBehavior: dismiss and notify, webauthn:extension:credBlob: true, webauthn:extension:largeBlob: true, webauthn:extension:minPinLength: true, webauthn:extension:prf: true, webauthn:virtualAuthenticators: true}
Session ID: 76ad10f0c81080caac760d39fe683723
20:25:21.638 INFO  manager.WDListener - +++++++++++++++++++++++++++++++
20:25:21.639 INFO  manager.WDListener - Screen with error is src/test/screenshots/screen_1599.png
20:25:22.180 INFO  manager.TestNGListener - Start test addNewContactWrongPhone=================
20:25:22.181 INFO  tests.TestBase - +++++++++++++++++++++++++++++++
20:25:22.183 INFO  tests.TestBase - Name of method -->addNewContactWrongPhone
20:25:22.184 INFO  manager.TestNGListener - Start test addNewContactWrongPhone=================
20:25:22.203 INFO  manager.WDListener - After find element By.xpath: //*[@href='/add']
20:25:22.213 INFO  manager.WDListener - Location of element a
20:25:22.253 INFO  manager.WDListener - Before click element --> atext=ADD
20:25:22.355 INFO  manager.WDListener - After click element a
20:25:22.408 INFO  manager.WDListener - After find element By.xpath: //input[@placeholder='Name']
20:25:22.421 INFO  manager.WDListener - Location of element input
20:25:22.444 INFO  manager.WDListener - Before click element --> inputtext=
20:25:22.537 INFO  manager.WDListener - After click element input
20:25:22.584 INFO  manager.WDListener - Send Keys input
20:25:22.671 INFO  manager.WDListener - Send Keys input
20:25:22.742 INFO  manager.WDListener - Send Keys input
20:25:22.840 INFO  manager.WDListener - After find element By.xpath: //input[@placeholder='Last Name']
20:25:22.850 INFO  manager.WDListener - Location of element input
20:25:22.870 INFO  manager.WDListener - Before click element --> inputtext=
20:25:22.938 INFO  manager.WDListener - After click element input
20:25:22.970 INFO  manager.WDListener - Send Keys input
20:25:23.076 INFO  manager.WDListener - Send Keys input
20:25:23.161 INFO  manager.WDListener - Send Keys input
20:25:23.244 INFO  manager.WDListener - After find element By.xpath: //input[@placeholder='Phone']
20:25:23.259 INFO  manager.WDListener - Location of element input
20:25:23.287 INFO  manager.WDListener - Before click element --> inputtext=
20:25:23.441 INFO  manager.WDListener - After click element input
20:25:23.457 INFO  manager.WDListener - Send Keys input
20:25:23.501 INFO  manager.WDListener - Send Keys input
20:25:23.589 INFO  manager.WDListener - Send Keys input
20:25:23.662 INFO  manager.WDListener - After find element By.xpath: //input[@placeholder='email']
20:25:23.672 INFO  manager.WDListener - Location of element input
20:25:23.711 INFO  manager.WDListener - Before click element --> inputtext=
20:25:23.810 INFO  manager.WDListener - After click element input
20:25:23.930 INFO  manager.WDListener - Send Keys input
20:25:24.056 INFO  manager.WDListener - Send Keys input
20:25:24.077 INFO  manager.WDListener - Send Keys input
20:25:24.138 INFO  manager.WDListener - After find element By.xpath: //input[@placeholder='Address']
20:25:24.149 INFO  manager.WDListener - Location of element input
20:25:24.177 INFO  manager.WDListener - Before click element --> inputtext=
20:25:24.310 INFO  manager.WDListener - After click element input
20:25:24.400 INFO  manager.WDListener - Send Keys input
20:25:24.515 INFO  manager.WDListener - Send Keys input
20:25:24.568 INFO  manager.WDListener - Send Keys input
20:25:24.675 INFO  manager.WDListener - After find element By.xpath: //input[@placeholder='description']
20:25:24.688 INFO  manager.WDListener - Location of element input
20:25:24.713 INFO  manager.WDListener - Before click element --> inputtext=
20:25:24.814 INFO  manager.WDListener - After click element input
20:25:24.868 INFO  manager.WDListener - Send Keys input
20:25:24.900 INFO  manager.WDListener - Send Keys input
20:25:24.917 INFO  manager.WDListener - Send Keys input
20:25:24.947 INFO  manager.WDListener - After find element By.xpath: //b[text()='Save']
20:25:24.954 INFO  manager.WDListener - Location of element b
20:25:24.973 INFO  manager.WDListener - Before click element --> btext=Save
20:25:25.054 INFO  manager.WDListener - After click element b
20:25:25.054 INFO  manager.WDListener - Before find element By.cssSelector: a.active[href='/add']
20:25:25.070 INFO  manager.WDListener - Houston, we have a problem!
20:25:25.070 INFO  manager.WDListener - +++++++++++++++++++++++++++++++
20:25:25.070 INFO  manager.WDListener - Object target org.openqa.selenium.remote.RemoteWebDriver$RemoteTargetLocator@4c8abec7
20:25:25.070 INFO  manager.WDListener - +++++++++++++++++++++++++++++++
20:25:25.070 INFO  manager.WDListener - Method name alert
20:25:25.070 INFO  manager.WDListener - +++++++++++++++++++++++++++++++
20:25:25.071 INFO  manager.WDListener - InvocationTargetException org.openqa.selenium.NoAlertPresentException: no such alert
  (Session info: chrome=145.0.7632.116)
Build info: version: '4.26.0', revision: '8ccf0219d7'
System info: os.name: 'Windows 11', os.arch: 'amd64', os.version: '10.0', java.version: '17.0.12'
Driver info: org.openqa.selenium.chrome.ChromeDriver
Command: [76ad10f0c81080caac760d39fe683723, getAlertText {}]
Capabilities {acceptInsecureCerts: false, browserName: chrome, browserVersion: 145.0.7632.116, chrome: {chromedriverVersion: 145.0.7632.77 (da516187054a..., userDataDir: C:\Users\np170\AppData\Loca...}, fedcm:accounts: true, goog:chromeOptions: {debuggerAddress: localhost:53305}, goog:processID: 3004, networkConnectionEnabled: false, pageLoadStrategy: normal, platformName: windows, proxy: Proxy(), se:cdp: ws://localhost:53305/devtoo..., se:cdpVersion: 145.0.7632.116, setWindowRect: true, strictFileInteractability: false, timeouts: {implicit: 0, pageLoad: 300000, script: 30000}, unhandledPromptBehavior: dismiss and notify, webauthn:extension:credBlob: true, webauthn:extension:largeBlob: true, webauthn:extension:minPinLength: true, webauthn:extension:prf: true, webauthn:virtualAuthenticators: true}
Session ID: 76ad10f0c81080caac760d39fe683723
20:25:25.071 INFO  manager.WDListener - +++++++++++++++++++++++++++++++
20:25:25.071 INFO  manager.WDListener - Screen with error is src/test/screenshots/screen_1470.png
20:25:25.602 INFO  manager.TestNGListener - Start test addNewContactWrongPhone=================
20:25:25.604 INFO  tests.TestBase - +++++++++++++++++++++++++++++++
20:25:25.606 INFO  tests.TestBase - Name of method -->addNewContactWrongPhone
20:25:25.607 INFO  manager.TestNGListener - Start test addNewContactWrongPhone=================
20:25:25.642 INFO  manager.WDListener - After find element By.xpath: //*[@href='/add']
20:25:25.657 INFO  manager.WDListener - Location of element a
20:25:25.688 INFO  manager.WDListener - Before click element --> atext=ADD
20:25:25.802 INFO  manager.WDListener - After click element a
20:25:25.823 INFO  manager.WDListener - After find element By.xpath: //input[@placeholder='Name']
20:25:25.834 INFO  manager.WDListener - Location of element input
20:25:25.861 INFO  manager.WDListener - Before click element --> inputtext=
20:25:25.959 INFO  manager.WDListener - After click element input
20:25:26.006 INFO  manager.WDListener - Send Keys input
20:25:26.097 INFO  manager.WDListener - Send Keys input
20:25:26.153 INFO  manager.WDListener - Send Keys input
20:25:26.217 INFO  manager.WDListener - After find element By.xpath: //input[@placeholder='Last Name']
20:25:26.228 INFO  manager.WDListener - Location of element input
20:25:26.248 INFO  manager.WDListener - Before click element --> inputtext=
20:25:26.346 INFO  manager.WDListener - After click element input
20:25:26.403 INFO  manager.WDListener - Send Keys input
20:25:26.437 INFO  manager.WDListener - Send Keys input
20:25:26.454 INFO  manager.WDListener - Send Keys input
20:25:26.526 INFO  manager.WDListener - After find element By.xpath: //input[@placeholder='Phone']
20:25:26.539 INFO  manager.WDListener - Location of element input
20:25:26.563 INFO  manager.WDListener - Before click element --> inputtext=
20:25:26.688 INFO  manager.WDListener - After click element input
20:25:26.740 INFO  manager.WDListener - Send Keys input
20:25:26.804 INFO  manager.WDListener - Send Keys input
20:25:26.823 INFO  manager.WDListener - Send Keys input
20:25:26.872 INFO  manager.WDListener - After find element By.xpath: //input[@placeholder='email']
20:25:26.884 INFO  manager.WDListener - Location of element input
20:25:26.906 INFO  manager.WDListener - Before click element --> inputtext=
20:25:27.005 INFO  manager.WDListener - After click element input
20:25:27.070 INFO  manager.WDListener - Send Keys input
20:25:27.137 INFO  manager.WDListener - Send Keys input
20:25:27.193 INFO  manager.WDListener - Send Keys input
20:25:27.276 INFO  manager.WDListener - After find element By.xpath: //input[@placeholder='Address']
20:25:27.285 INFO  manager.WDListener - Location of element input
20:25:27.305 INFO  manager.WDListener - Before click element --> inputtext=
20:25:27.404 INFO  manager.WDListener - After click element input
20:25:27.456 INFO  manager.WDListener - Send Keys input
20:25:27.484 INFO  manager.WDListener - Send Keys input
20:25:27.534 INFO  manager.WDListener - Send Keys input
20:25:27.635 INFO  manager.WDListener - After find element By.xpath: //input[@placeholder='description']
20:25:27.648 INFO  manager.WDListener - Location of element input
20:25:27.670 INFO  manager.WDListener - Before click element --> inputtext=
20:25:27.765 INFO  manager.WDListener - After click element input
20:25:27.818 INFO  manager.WDListener - Send Keys input
20:25:27.849 INFO  manager.WDListener - Send Keys input
20:25:27.867 INFO  manager.WDListener - Send Keys input
20:25:27.923 INFO  manager.WDListener - After find element By.xpath: //b[text()='Save']
20:25:27.933 INFO  manager.WDListener - Location of element b
20:25:27.955 INFO  manager.WDListener - Before click element --> btext=Save
20:25:28.049 INFO  manager.WDListener - After click element b
20:25:28.049 INFO  manager.WDListener - Before find element By.cssSelector: a.active[href='/add']
20:25:28.073 INFO  manager.WDListener - Houston, we have a problem!
20:25:28.073 INFO  manager.WDListener - +++++++++++++++++++++++++++++++
20:25:28.073 INFO  manager.WDListener - Object target org.openqa.selenium.remote.RemoteWebDriver$RemoteTargetLocator@611587f7
20:25:28.073 INFO  manager.WDListener - +++++++++++++++++++++++++++++++
20:25:28.073 INFO  manager.WDListener - Method name alert
20:25:28.073 INFO  manager.WDListener - +++++++++++++++++++++++++++++++
20:25:28.073 INFO  manager.WDListener - InvocationTargetException org.openqa.selenium.NoAlertPresentException: no such alert
  (Session info: chrome=145.0.7632.116)
Build info: version: '4.26.0', revision: '8ccf0219d7'
System info: os.name: 'Windows 11', os.arch: 'amd64', os.version: '10.0', java.version: '17.0.12'
Driver info: org.openqa.selenium.chrome.ChromeDriver
Command: [76ad10f0c81080caac760d39fe683723, getAlertText {}]
Capabilities {acceptInsecureCerts: false, browserName: chrome, browserVersion: 145.0.7632.116, chrome: {chromedriverVersion: 145.0.7632.77 (da516187054a..., userDataDir: C:\Users\np170\AppData\Loca...}, fedcm:accounts: true, goog:chromeOptions: {debuggerAddress: localhost:53305}, goog:processID: 3004, networkConnectionEnabled: false, pageLoadStrategy: normal, platformName: windows, proxy: Proxy(), se:cdp: ws://localhost:53305/devtoo..., se:cdpVersion: 145.0.7632.116, setWindowRect: true, strictFileInteractability: false, timeouts: {implicit: 0, pageLoad: 300000, script: 30000}, unhandledPromptBehavior: dismiss and notify, webauthn:extension:credBlob: true, webauthn:extension:largeBlob: true, webauthn:extension:minPinLength: true, webauthn:extension:prf: true, webauthn:virtualAuthenticators: true}
Session ID: 76ad10f0c81080caac760d39fe683723
20:25:28.073 INFO  manager.WDListener - +++++++++++++++++++++++++++++++
20:25:28.074 INFO  manager.WDListener - Screen with error is src/test/screenshots/screen_1349.png
20:25:28.609 INFO  manager.TestNGListener - Start test addNewContactWrongPhone=================
20:25:28.609 INFO  tests.TestBase - +++++++++++++++++++++++++++++++
20:25:28.610 INFO  tests.TestBase - Name of method -->addNewContactWrongPhone
20:25:28.611 INFO  manager.TestNGListener - Start test addNewContactWrongPhone=================
20:25:28.638 INFO  manager.WDListener - After find element By.xpath: //*[@href='/add']
20:25:28.650 INFO  manager.WDListener - Location of element a
20:25:28.674 INFO  manager.WDListener - Before click element --> atext=ADD
20:25:28.771 INFO  manager.WDListener - After click element a
20:25:28.791 INFO  manager.WDListener - After find element By.xpath: //input[@placeholder='Name']
20:25:28.802 INFO  manager.WDListener - Location of element input
20:25:28.820 INFO  manager.WDListener - Before click element --> inputtext=
20:25:28.917 INFO  manager.WDListener - After click element input
20:25:28.987 INFO  manager.WDListener - Send Keys input
20:25:29.054 INFO  manager.WDListener - Send Keys input
20:25:29.103 INFO  manager.WDListener - Send Keys input
20:25:29.170 INFO  manager.WDListener - After find element By.xpath: //input[@placeholder='Last Name']
20:25:29.177 INFO  manager.WDListener - Location of element input
20:25:29.195 INFO  manager.WDListener - Before click element --> inputtext=
20:25:29.298 INFO  manager.WDListener - After click element input
20:25:29.340 INFO  manager.WDListener - Send Keys input
20:25:29.425 INFO  manager.WDListener - Send Keys input
20:25:29.506 INFO  manager.WDListener - Send Keys input
20:25:29.570 INFO  manager.WDListener - After find element By.xpath: //input[@placeholder='Phone']
20:25:29.582 INFO  manager.WDListener - Location of element input
20:25:29.604 INFO  manager.WDListener - Before click element --> inputtext=
20:25:29.701 INFO  manager.WDListener - After click element input
20:25:29.727 INFO  manager.WDListener - Send Keys input
20:25:29.771 INFO  manager.WDListener - Send Keys input
20:25:29.820 INFO  manager.WDListener - Send Keys input
20:25:29.901 INFO  manager.WDListener - After find element By.xpath: //input[@placeholder='email']
20:25:29.913 INFO  manager.WDListener - Location of element input
20:25:29.945 INFO  manager.WDListener - Before click element --> inputtext=
20:25:30.017 INFO  manager.WDListener - After click element input
20:25:30.037 INFO  manager.WDListener - Send Keys input
20:25:30.071 INFO  manager.WDListener - Send Keys input
20:25:30.107 INFO  manager.WDListener - Send Keys input
20:25:30.188 INFO  manager.WDListener - After find element By.xpath: //input[@placeholder='Address']
20:25:30.197 INFO  manager.WDListener - Location of element input
20:25:30.220 INFO  manager.WDListener - Before click element --> inputtext=
20:25:30.324 INFO  manager.WDListener - After click element input
20:25:30.366 INFO  manager.WDListener - Send Keys input
20:25:30.425 INFO  manager.WDListener - Send Keys input
20:25:30.488 INFO  manager.WDListener - Send Keys input
20:25:30.572 INFO  manager.WDListener - After find element By.xpath: //input[@placeholder='description']
20:25:30.583 INFO  manager.WDListener - Location of element input
20:25:30.609 INFO  manager.WDListener - Before click element --> inputtext=
20:25:30.710 INFO  manager.WDListener - After click element input
20:25:30.758 INFO  manager.WDListener - Send Keys input
20:25:30.837 INFO  manager.WDListener - Send Keys input
20:25:30.875 INFO  manager.WDListener - Send Keys input
20:25:30.959 INFO  manager.WDListener - After find element By.xpath: //b[text()='Save']
20:25:30.967 INFO  manager.WDListener - Location of element b
20:25:30.987 INFO  manager.WDListener - Before click element --> btext=Save
20:25:31.074 INFO  manager.WDListener - After click element b
20:25:31.074 INFO  manager.WDListener - Before find element By.cssSelector: a.active[href='/add']
20:25:31.101 INFO  manager.WDListener - Houston, we have a problem!
20:25:31.102 INFO  manager.WDListener - +++++++++++++++++++++++++++++++
20:25:31.102 INFO  manager.WDListener - Object target org.openqa.selenium.remote.RemoteWebDriver$RemoteTargetLocator@565a6af
20:25:31.102 INFO  manager.WDListener - +++++++++++++++++++++++++++++++
20:25:31.102 INFO  manager.WDListener - Method name alert
20:25:31.102 INFO  manager.WDListener - +++++++++++++++++++++++++++++++
20:25:31.102 INFO  manager.WDListener - InvocationTargetException org.openqa.selenium.NoAlertPresentException: no such alert
  (Session info: chrome=145.0.7632.116)
Build info: version: '4.26.0', revision: '8ccf0219d7'
System info: os.name: 'Windows 11', os.arch: 'amd64', os.version: '10.0', java.version: '17.0.12'
Driver info: org.openqa.selenium.chrome.ChromeDriver
Command: [76ad10f0c81080caac760d39fe683723, getAlertText {}]
Capabilities {acceptInsecureCerts: false, browserName: chrome, browserVersion: 145.0.7632.116, chrome: {chromedriverVersion: 145.0.7632.77 (da516187054a..., userDataDir: C:\Users\np170\AppData\Loca...}, fedcm:accounts: true, goog:chromeOptions: {debuggerAddress: localhost:53305}, goog:processID: 3004, networkConnectionEnabled: false, pageLoadStrategy: normal, platformName: windows, proxy: Proxy(), se:cdp: ws://localhost:53305/devtoo..., se:cdpVersion: 145.0.7632.116, setWindowRect: true, strictFileInteractability: false, timeouts: {implicit: 0, pageLoad: 300000, script: 30000}, unhandledPromptBehavior: dismiss and notify, webauthn:extension:credBlob: true, webauthn:extension:largeBlob: true, webauthn:extension:minPinLength: true, webauthn:extension:prf: true, webauthn:virtualAuthenticators: true}
Session ID: 76ad10f0c81080caac760d39fe683723
20:25:31.102 INFO  manager.WDListener - +++++++++++++++++++++++++++++++
20:25:31.102 INFO  manager.WDListener - Screen with error is src/test/screenshots/screen_1037.png
20:25:31.643 INFO  manager.TestNGListener - Start test addNewContactWrongPhone=================
20:25:31.644 INFO  tests.TestBase - +++++++++++++++++++++++++++++++
20:25:31.651 INFO  tests.TestBase - Name of method -->loginSuccess
20:25:31.653 INFO  manager.WDListener - Before find element By.xpath: //button[text()='Sign Out']
20:25:31.711 INFO  manager.WDListener - After find element By.xpath: //button[text()='Sign Out']
20:25:31.725 INFO  manager.WDListener - Location of element button
20:25:31.750 INFO  manager.WDListener - Before click element --> buttontext=Sign Out
20:25:31.880 INFO  tests.TestBase - Before method finished logout
20:25:31.880 INFO  manager.TestNGListener - Start test loginSuccess=================
20:25:31.880 INFO  tests.TestBase - Start test loginSuccess
20:25:31.881 INFO  tests.TestBase - Test data np7788@inbox.ru and password WadiNisnas8#
20:25:31.902 INFO  manager.WDListener - After find element By.cssSelector: a[href='/login']
20:25:31.911 INFO  manager.WDListener - Location of element a
20:25:31.928 INFO  manager.WDListener - Before click element --> atext=LOGIN
20:25:32.025 INFO  manager.WDListener - After click element a
20:25:32.049 INFO  manager.WDListener - After find element By.name: email
20:25:32.062 INFO  manager.WDListener - Location of element input
20:25:32.080 INFO  manager.WDListener - Before click element --> inputtext=
20:25:32.220 INFO  manager.WDListener - After click element input
20:25:32.290 INFO  manager.WDListener - Send Keys input
20:25:32.351 INFO  manager.WDListener - Send Keys input
20:25:32.407 INFO  manager.WDListener - Send Keys input
20:25:32.507 INFO  manager.WDListener - After find element By.xpath: //button[text()='Login']
20:25:32.526 INFO  manager.WDListener - Location of element button
20:25:32.762 INFO  manager.WDListener - Before click element --> buttontext=Login
20:25:32.889 INFO  manager.WDListener - Before find element By.xpath: //button[text()='Sign Out']
20:25:33.298 INFO  manager.TestNGListener - Start test loginSuccess=================
20:25:33.301 INFO  tests.TestBase - +++++++++++++++++++++++++++++++
20:25:33.304 INFO  tests.TestBase - Name of method -->loginSuccess
20:25:33.305 INFO  manager.WDListener - Before find element By.xpath: //button[text()='Sign Out']
20:25:33.314 INFO  manager.WDListener - Houston, we have a problem!
20:25:33.314 INFO  manager.WDListener - +++++++++++++++++++++++++++++++
20:25:33.314 INFO  manager.WDListener - Object target ChromeDriver: chrome on windows (76ad10f0c81080caac760d39fe683723)
20:25:33.314 INFO  manager.WDListener - +++++++++++++++++++++++++++++++
20:25:33.315 INFO  manager.WDListener - Method name findElements
20:25:33.315 INFO  manager.WDListener - +++++++++++++++++++++++++++++++
20:25:33.315 INFO  manager.WDListener - InvocationTargetException org.openqa.selenium.UnhandledAlertException: unexpected alert open: {Alert text : Wrong email or password}
  (Session info: chrome=145.0.7632.116): Wrong email or password
Build info: version: '4.26.0', revision: '8ccf0219d7'
System info: os.name: 'Windows 11', os.arch: 'amd64', os.version: '10.0', java.version: '17.0.12'
Driver info: org.openqa.selenium.chrome.ChromeDriver
Command: [76ad10f0c81080caac760d39fe683723, findElements {using=xpath, value=//button[text()='Sign Out']}]
Capabilities {acceptInsecureCerts: false, browserName: chrome, browserVersion: 145.0.7632.116, chrome: {chromedriverVersion: 145.0.7632.77 (da516187054a..., userDataDir: C:\Users\np170\AppData\Loca...}, fedcm:accounts: true, goog:chromeOptions: {debuggerAddress: localhost:53305}, goog:processID: 3004, networkConnectionEnabled: false, pageLoadStrategy: normal, platformName: windows, proxy: Proxy(), se:cdp: ws://localhost:53305/devtoo..., se:cdpVersion: 145.0.7632.116, setWindowRect: true, strictFileInteractability: false, timeouts: {implicit: 0, pageLoad: 300000, script: 30000}, unhandledPromptBehavior: dismiss and notify, webauthn:extension:credBlob: true, webauthn:extension:largeBlob: true, webauthn:extension:minPinLength: true, webauthn:extension:prf: true, webauthn:virtualAuthenticators: true}
Session ID: 76ad10f0c81080caac760d39fe683723
20:25:33.316 INFO  manager.WDListener - +++++++++++++++++++++++++++++++
20:25:33.316 INFO  manager.WDListener - Screen with error is src/test/screenshots/screen_1026.png
20:25:33.728 INFO  manager.TestNGListener - Start test loginSuccess=================
20:25:33.729 INFO  manager.TestNGListener - Start test loginSuccess=================
20:25:33.729 INFO  tests.TestBase - +++++++++++++++++++++++++++++++
20:25:33.730 INFO  tests.TestBase - Name of method -->loginSuccess
20:25:33.731 INFO  manager.WDListener - Before find element By.xpath: //button[text()='Sign Out']
20:25:38.786 INFO  manager.TestNGListener - Start test loginSuccess=================
20:25:38.787 INFO  manager.TestNGListener - Start test loginSuccess=================
20:25:38.788 INFO  tests.TestBase - +++++++++++++++++++++++++++++++
20:25:38.789 INFO  tests.TestBase - Name of method -->loginSuccess
20:25:38.790 INFO  manager.WDListener - Before find element By.xpath: //button[text()='Sign Out']
20:25:43.866 INFO  manager.TestNGListener - Start test loginSuccess=================
20:25:43.868 INFO  manager.TestNGListener - Start test loginSuccess=================
20:25:43.868 INFO  tests.TestBase - +++++++++++++++++++++++++++++++
20:25:43.869 INFO  tests.TestBase - Name of method -->loginSuccessModel
20:25:43.870 INFO  manager.WDListener - Before find element By.xpath: //button[text()='Sign Out']
20:25:48.915 INFO  manager.TestNGListener - Start test loginSuccessModel=================
20:25:48.916 INFO  manager.TestNGListener - Start test loginSuccessModel=================
20:25:48.917 INFO  tests.TestBase - +++++++++++++++++++++++++++++++
20:25:48.918 INFO  tests.TestBase - Name of method -->loginSuccessModel
20:25:48.919 INFO  manager.WDListener - Before find element By.xpath: //button[text()='Sign Out']
20:25:53.935 INFO  manager.TestNGListener - Start test loginSuccessModel=================
20:25:53.936 INFO  manager.TestNGListener - Start test loginSuccessModel=================
20:25:53.937 INFO  tests.TestBase - +++++++++++++++++++++++++++++++
20:25:53.938 INFO  tests.TestBase - Name of method -->loginSuccessModel
20:25:53.939 INFO  manager.WDListener - Before find element By.xpath: //button[text()='Sign Out']
20:25:58.956 INFO  manager.TestNGListener - Start test loginSuccessModel=================
20:25:58.957 INFO  manager.TestNGListener - Start test loginSuccessModel=================
20:25:58.957 INFO  tests.TestBase - +++++++++++++++++++++++++++++++
20:25:58.958 INFO  tests.TestBase - Name of method -->loginUnregisteredUser
20:25:58.959 INFO  manager.WDListener - Before find element By.xpath: //button[text()='Sign Out']
20:26:04.005 INFO  manager.TestNGListener - Start test loginUnregisteredUser=================
20:26:04.007 INFO  manager.TestNGListener - Start test loginUnregisteredUser=================
20:26:04.007 INFO  tests.TestBase - +++++++++++++++++++++++++++++++
20:26:04.008 INFO  tests.TestBase - Name of method -->loginWrongEmail
20:26:04.009 INFO  manager.WDListener - Before find element By.xpath: //button[text()='Sign Out']
20:26:09.029 INFO  manager.TestNGListener - Start test loginWrongEmail=================
20:26:09.030 INFO  manager.TestNGListener - Start test loginWrongEmail=================
20:26:09.030 INFO  tests.TestBase - +++++++++++++++++++++++++++++++
20:26:09.031 INFO  tests.TestBase - Name of method -->loginWrongPassword
20:26:09.032 INFO  manager.WDListener - Before find element By.xpath: //button[text()='Sign Out']
20:26:14.070 INFO  manager.TestNGListener - Start test loginWrongPassword=================
20:26:14.070 INFO  manager.TestNGListener - Start test loginWrongPassword=================
20:26:14.070 INFO  tests.TestBase - +++++++++++++++++++++++++++++++
20:26:14.075 INFO  tests.TestBase - Name of method -->registrationRegisteredUser
20:26:14.075 INFO  manager.WDListener - Before find element By.xpath: //button[text()='Sign Out']
20:26:19.117 INFO  manager.TestNGListener - Start test registrationRegisteredUser=================
20:26:19.148 INFO  manager.WDListener - After find element By.cssSelector: a[href='/login']
20:26:19.161 INFO  manager.WDListener - Location of element a
20:26:19.180 INFO  manager.WDListener - Before click element --> atext=LOGIN
20:26:19.271 INFO  manager.WDListener - After click element a
20:26:19.288 INFO  manager.WDListener - After find element By.name: email
20:26:19.297 INFO  manager.WDListener - Location of element input
20:26:19.317 INFO  manager.WDListener - Before click element --> inputtext=
20:26:19.408 INFO  manager.WDListener - After click element input
20:26:19.470 INFO  manager.WDListener - Send Keys input
20:26:19.557 INFO  manager.WDListener - Send Keys input
20:26:19.635 INFO  manager.WDListener - Send Keys input
20:26:19.719 INFO  manager.WDListener - After find element By.name: password
20:26:19.728 INFO  manager.WDListener - Location of element input
20:26:19.749 INFO  manager.WDListener - Before click element --> inputtext=
20:26:19.856 INFO  manager.WDListener - After click element input
20:26:19.901 INFO  manager.WDListener - Send Keys input
20:26:19.950 INFO  manager.WDListener - Send Keys input
20:26:20.001 INFO  manager.WDListener - Send Keys input
20:26:20.098 INFO  manager.WDListener - After find element By.xpath: //button[text()='Registration']
20:26:20.110 INFO  manager.WDListener - Location of element button
20:26:20.132 INFO  manager.WDListener - Before click element --> buttontext=Registration
20:26:20.241 INFO  manager.WDListener - Houston, we have a problem!
20:26:20.241 INFO  manager.WDListener - +++++++++++++++++++++++++++++++
20:26:20.241 INFO  manager.WDListener - Object target org.openqa.selenium.remote.RemoteWebDriver$RemoteTargetLocator@603b9d4b
20:26:20.241 INFO  manager.WDListener - +++++++++++++++++++++++++++++++
20:26:20.241 INFO  manager.WDListener - Method name alert
20:26:20.241 INFO  manager.WDListener - +++++++++++++++++++++++++++++++
20:26:20.241 INFO  manager.WDListener - InvocationTargetException org.openqa.selenium.NoAlertPresentException: no such alert
  (Session info: chrome=145.0.7632.116)
Build info: version: '4.26.0', revision: '8ccf0219d7'
System info: os.name: 'Windows 11', os.arch: 'amd64', os.version: '10.0', java.version: '17.0.12'
Driver info: org.openqa.selenium.chrome.ChromeDriver
Command: [76ad10f0c81080caac760d39fe683723, getAlertText {}]
Capabilities {acceptInsecureCerts: false, browserName: chrome, browserVersion: 145.0.7632.116, chrome: {chromedriverVersion: 145.0.7632.77 (da516187054a..., userDataDir: C:\Users\np170\AppData\Loca...}, fedcm:accounts: true, goog:chromeOptions: {debuggerAddress: localhost:53305}, goog:processID: 3004, networkConnectionEnabled: false, pageLoadStrategy: normal, platformName: windows, proxy: Proxy(), se:cdp: ws://localhost:53305/devtoo..., se:cdpVersion: 145.0.7632.116, setWindowRect: true, strictFileInteractability: false, timeouts: {implicit: 0, pageLoad: 300000, script: 30000}, unhandledPromptBehavior: dismiss and notify, webauthn:extension:credBlob: true, webauthn:extension:largeBlob: true, webauthn:extension:minPinLength: true, webauthn:extension:prf: true, webauthn:virtualAuthenticators: true}
Session ID: 76ad10f0c81080caac760d39fe683723
20:26:20.241 INFO  manager.WDListener - +++++++++++++++++++++++++++++++
20:26:20.241 INFO  manager.WDListener - Screen with error is src/test/screenshots/screen_1713.png
20:26:20.777 INFO  manager.TestNGListener - Start test registrationRegisteredUser=================
20:26:20.777 INFO  tests.TestBase - +++++++++++++++++++++++++++++++
20:26:20.781 INFO  tests.TestBase - Name of method -->registrationSuccess
20:26:20.782 INFO  manager.WDListener - Before find element By.xpath: //button[text()='Sign Out']
20:26:25.828 INFO  manager.TestNGListener - Start test registrationSuccess=================
20:26:25.852 INFO  manager.WDListener - After find element By.cssSelector: a[href='/login']
20:26:25.863 INFO  manager.WDListener - Location of element a
20:26:25.886 INFO  manager.WDListener - Before click element --> atext=LOGIN
20:26:25.987 INFO  manager.WDListener - After click element a
20:26:26.010 INFO  manager.WDListener - After find element By.name: email
20:26:26.019 INFO  manager.WDListener - Location of element input
20:26:26.038 INFO  manager.WDListener - Before click element --> inputtext=
20:26:26.099 INFO  manager.WDListener - After click element input
20:26:26.133 INFO  manager.WDListener - Send Keys input
20:26:26.206 INFO  manager.WDListener - Send Keys input
20:26:26.252 INFO  manager.WDListener - Send Keys input
20:26:26.332 INFO  manager.WDListener - After find element By.name: password
20:26:26.345 INFO  manager.WDListener - Location of element input
20:26:26.375 INFO  manager.WDListener - Before click element --> inputtext=
20:26:26.479 INFO  manager.WDListener - After click element input
20:26:26.533 INFO  manager.WDListener - Send Keys input
20:26:26.596 INFO  manager.WDListener - Send Keys input
20:26:26.635 INFO  manager.WDListener - Send Keys input
20:26:26.691 INFO  manager.WDListener - After find element By.xpath: //button[text()='Registration']
20:26:26.701 INFO  manager.WDListener - Location of element button
20:26:26.719 INFO  manager.WDListener - Before click element --> buttontext=Registration
20:26:26.810 INFO  manager.WDListener - Before find element By.xpath: //button[text()='Sign Out']
20:26:27.362 INFO  manager.WDListener - After find element By.cssSelector: .contact-page_message__2qafk>h1
20:26:27.374 INFO  manager.WDListener - Location of element h1
20:26:27.391 INFO  manager.TestNGListener - Start test registrationSuccess=================
20:26:27.392 INFO  tests.TestBase - +++++++++++++++++++++++++++++++
20:26:27.393 INFO  tests.TestBase - Name of method -->registrationWrongEmail
20:26:27.395 INFO  manager.WDListener - Before find element By.xpath: //button[text()='Sign Out']
20:26:27.431 INFO  manager.WDListener - After find element By.xpath: //button[text()='Sign Out']
20:26:27.439 INFO  manager.WDListener - Location of element button
20:26:27.458 INFO  manager.WDListener - Before click element --> buttontext=Sign Out
20:26:27.557 INFO  manager.TestNGListener - Start test registrationWrongEmail=================
20:26:27.579 INFO  manager.WDListener - After find element By.cssSelector: a[href='/login']
20:26:27.587 INFO  manager.WDListener - Location of element a
20:26:27.604 INFO  manager.WDListener - Before click element --> atext=LOGIN
20:26:27.673 INFO  manager.WDListener - After click element a
20:26:27.682 INFO  manager.WDListener - After find element By.name: email
20:26:27.686 INFO  manager.WDListener - Location of element input
20:26:27.696 INFO  manager.WDListener - Before click element --> inputtext=
20:26:27.779 INFO  manager.WDListener - After click element input
20:26:27.829 INFO  manager.WDListener - Send Keys input
20:26:27.883 INFO  manager.WDListener - Send Keys input
20:26:27.940 INFO  manager.WDListener - Send Keys input
20:26:28.030 INFO  manager.WDListener - After find element By.name: password
20:26:28.038 INFO  manager.WDListener - Location of element input
20:26:28.059 INFO  manager.WDListener - Before click element --> inputtext=
20:26:28.237 INFO  manager.WDListener - After click element input
20:26:28.277 INFO  manager.WDListener - Send Keys input
20:26:28.321 INFO  manager.WDListener - Send Keys input
20:26:28.368 INFO  manager.WDListener - Send Keys input
20:26:28.458 INFO  manager.WDListener - After find element By.xpath: //button[text()='Registration']
20:26:28.470 INFO  manager.WDListener - Location of element button
20:26:28.493 INFO  manager.WDListener - Before click element --> buttontext=Registration
20:26:28.604 INFO  manager.WDListener - Houston, we have a problem!
20:26:28.605 INFO  manager.WDListener - +++++++++++++++++++++++++++++++
20:26:28.605 INFO  manager.WDListener - Object target org.openqa.selenium.remote.RemoteWebDriver$RemoteTargetLocator@44e4cf8a
20:26:28.605 INFO  manager.WDListener - +++++++++++++++++++++++++++++++
20:26:28.605 INFO  manager.WDListener - Method name alert
20:26:28.605 INFO  manager.WDListener - +++++++++++++++++++++++++++++++
20:26:28.605 INFO  manager.WDListener - InvocationTargetException org.openqa.selenium.NoAlertPresentException: no such alert
  (Session info: chrome=145.0.7632.116)
Build info: version: '4.26.0', revision: '8ccf0219d7'
System info: os.name: 'Windows 11', os.arch: 'amd64', os.version: '10.0', java.version: '17.0.12'
Driver info: org.openqa.selenium.chrome.ChromeDriver
Command: [76ad10f0c81080caac760d39fe683723, getAlertText {}]
Capabilities {acceptInsecureCerts: false, browserName: chrome, browserVersion: 145.0.7632.116, chrome: {chromedriverVersion: 145.0.7632.77 (da516187054a..., userDataDir: C:\Users\np170\AppData\Loca...}, fedcm:accounts: true, goog:chromeOptions: {debuggerAddress: localhost:53305}, goog:processID: 3004, networkConnectionEnabled: false, pageLoadStrategy: normal, platformName: windows, proxy: Proxy(), se:cdp: ws://localhost:53305/devtoo..., se:cdpVersion: 145.0.7632.116, setWindowRect: true, strictFileInteractability: false, timeouts: {implicit: 0, pageLoad: 300000, script: 30000}, unhandledPromptBehavior: dismiss and notify, webauthn:extension:credBlob: true, webauthn:extension:largeBlob: true, webauthn:extension:minPinLength: true, webauthn:extension:prf: true, webauthn:virtualAuthenticators: true}
Session ID: 76ad10f0c81080caac760d39fe683723
20:26:28.605 INFO  manager.WDListener - +++++++++++++++++++++++++++++++
20:26:28.605 INFO  manager.WDListener - Screen with error is src/test/screenshots/screen_1948.png
20:26:29.154 INFO  manager.TestNGListener - Start test registrationWrongEmail=================
20:26:29.155 INFO  tests.TestBase - +++++++++++++++++++++++++++++++
20:26:29.157 INFO  tests.TestBase - Name of method -->registrationWrongPassword
20:26:29.158 INFO  manager.WDListener - Before find element By.xpath: //button[text()='Sign Out']
20:26:34.173 INFO  manager.TestNGListener - Start test registrationWrongPassword=================
20:26:34.196 INFO  manager.WDListener - After find element By.cssSelector: a[href='/login']
20:26:34.207 INFO  manager.WDListener - Location of element a
20:26:34.227 INFO  manager.WDListener - Before click element --> atext=LOGIN
20:26:34.338 INFO  manager.WDListener - After click element a
20:26:34.357 INFO  manager.WDListener - After find element By.name: email
20:26:34.367 INFO  manager.WDListener - Location of element input
20:26:34.383 INFO  manager.WDListener - Before click element --> inputtext=
20:26:34.420 INFO  manager.WDListener - After click element input
20:26:34.440 INFO  manager.WDListener - Send Keys input
20:26:34.535 INFO  manager.WDListener - Send Keys input
20:26:34.575 INFO  manager.WDListener - Send Keys input
20:26:34.654 INFO  manager.WDListener - After find element By.name: password
20:26:34.666 INFO  manager.WDListener - Location of element input
20:26:34.687 INFO  manager.WDListener - Before click element --> inputtext=
20:26:34.790 INFO  manager.WDListener - After click element input
20:26:34.835 INFO  manager.WDListener - Send Keys input
20:26:34.880 INFO  manager.WDListener - Send Keys input
20:26:34.942 INFO  manager.WDListener - Send Keys input
20:26:35.022 INFO  manager.WDListener - After find element By.xpath: //button[text()='Registration']
20:26:35.033 INFO  manager.WDListener - Location of element button
20:26:35.053 INFO  manager.WDListener - Before click element --> buttontext=Registration
20:26:35.165 INFO  manager.WDListener - Houston, we have a problem!
20:26:35.165 INFO  manager.WDListener - +++++++++++++++++++++++++++++++
20:26:35.165 INFO  manager.WDListener - Object target org.openqa.selenium.remote.RemoteWebDriver$RemoteTargetLocator@6d946eee
20:26:35.165 INFO  manager.WDListener - +++++++++++++++++++++++++++++++
20:26:35.165 INFO  manager.WDListener - Method name alert
20:26:35.165 INFO  manager.WDListener - +++++++++++++++++++++++++++++++
20:26:35.165 INFO  manager.WDListener - InvocationTargetException org.openqa.selenium.NoAlertPresentException: no such alert
  (Session info: chrome=145.0.7632.116)
Build info: version: '4.26.0', revision: '8ccf0219d7'
System info: os.name: 'Windows 11', os.arch: 'amd64', os.version: '10.0', java.version: '17.0.12'
Driver info: org.openqa.selenium.chrome.ChromeDriver
Command: [76ad10f0c81080caac760d39fe683723, getAlertText {}]
Capabilities {acceptInsecureCerts: false, browserName: chrome, browserVersion: 145.0.7632.116, chrome: {chromedriverVersion: 145.0.7632.77 (da516187054a..., userDataDir: C:\Users\np170\AppData\Loca...}, fedcm:accounts: true, goog:chromeOptions: {debuggerAddress: localhost:53305}, goog:processID: 3004, networkConnectionEnabled: false, pageLoadStrategy: normal, platformName: windows, proxy: Proxy(), se:cdp: ws://localhost:53305/devtoo..., se:cdpVersion: 145.0.7632.116, setWindowRect: true, strictFileInteractability: false, timeouts: {implicit: 0, pageLoad: 300000, script: 30000}, unhandledPromptBehavior: dismiss and notify, webauthn:extension:credBlob: true, webauthn:extension:largeBlob: true, webauthn:extension:minPinLength: true, webauthn:extension:prf: true, webauthn:virtualAuthenticators: true}
Session ID: 76ad10f0c81080caac760d39fe683723
20:26:35.165 INFO  manager.WDListener - +++++++++++++++++++++++++++++++
20:26:35.165 INFO  manager.WDListener - Screen with error is src/test/screenshots/screen_1119.png
20:26:35.696 INFO  manager.TestNGListener - Start test registrationWrongPassword=================
20:26:35.698 INFO  tests.TestBase - +++++++++++++++++++++++++++++++
20:26:35.701 INFO  tests.TestBase - Name of method -->removeFirstContact
20:26:35.703 INFO  manager.WDListener - Before find element By.xpath: //button[text()='Sign Out']
20:26:40.789 INFO  manager.WDListener - After find element By.cssSelector: a[href='/login']
20:26:40.798 INFO  manager.WDListener - Location of element a
20:26:40.821 INFO  manager.WDListener - Before click element --> atext=LOGIN
20:26:40.921 INFO  manager.WDListener - After click element a
20:26:40.938 INFO  manager.WDListener - After find element By.name: email
20:26:40.948 INFO  manager.WDListener - Location of element input
20:26:40.967 INFO  manager.WDListener - Before click element --> inputtext=
20:26:41.056 INFO  manager.WDListener - After click element input
20:26:41.085 INFO  manager.WDListener - Send Keys input
20:26:41.187 INFO  manager.WDListener - Send Keys input
20:26:41.228 INFO  manager.WDListener - Send Keys input
20:26:41.307 INFO  manager.WDListener - After find element By.name: password
20:26:41.317 INFO  manager.WDListener - Location of element input
20:26:41.335 INFO  manager.WDListener - Before click element --> inputtext=
20:26:41.425 INFO  manager.WDListener - After click element input
20:26:41.466 INFO  manager.WDListener - Send Keys input
20:26:41.503 INFO  manager.WDListener - Send Keys input
20:26:41.552 INFO  manager.WDListener - Send Keys input
20:26:41.632 INFO  manager.WDListener - After find element By.xpath: //button[text()='Login']
20:26:41.645 INFO  manager.WDListener - Location of element button
20:26:41.671 INFO  manager.WDListener - Before click element --> buttontext=Login
20:26:41.774 INFO  manager.WDListener - Before find element By.cssSelector: contact-item_card__2SOIM
20:26:46.864 INFO  manager.WDListener - After find element By.xpath: //*[@href='/add']
20:26:46.875 INFO  manager.WDListener - Location of element a
20:26:46.900 INFO  manager.WDListener - Before click element --> atext=ADD
20:26:47.013 INFO  manager.WDListener - After click element a
20:26:47.037 INFO  manager.WDListener - After find element By.xpath: //input[@placeholder='Name']
20:26:47.046 INFO  manager.WDListener - Location of element input
20:26:47.065 INFO  manager.WDListener - Before click element --> inputtext=
20:26:47.168 INFO  manager.WDListener - After click element input
20:26:47.211 INFO  manager.WDListener - Send Keys input
20:26:47.266 INFO  manager.WDListener - Send Keys input
20:26:47.311 INFO  manager.WDListener - Send Keys input
20:26:47.390 INFO  manager.WDListener - After find element By.xpath: //input[@placeholder='Last Name']
20:26:47.407 INFO  manager.WDListener - Location of element input
20:26:47.428 INFO  manager.WDListener - Before click element --> inputtext=
20:26:47.525 INFO  manager.WDListener - After click element input
20:26:47.572 INFO  manager.WDListener - Send Keys input
20:26:47.620 INFO  manager.WDListener - Send Keys input
20:26:47.653 INFO  manager.WDListener - Send Keys input
20:26:47.869 INFO  manager.WDListener - After find element By.xpath: //input[@placeholder='Phone']
20:26:47.876 INFO  manager.WDListener - Location of element input
20:26:47.893 INFO  manager.WDListener - Before click element --> inputtext=
20:26:47.974 INFO  manager.WDListener - After click element input
20:26:48.012 INFO  manager.WDListener - Send Keys input
20:26:48.077 INFO  manager.WDListener - Send Keys input
20:26:48.125 INFO  manager.WDListener - Send Keys input
20:26:48.191 INFO  manager.WDListener - After find element By.xpath: //input[@placeholder='email']
20:26:48.199 INFO  manager.WDListener - Location of element input
20:26:48.217 INFO  manager.WDListener - Before click element --> inputtext=
20:26:48.307 INFO  manager.WDListener - After click element input
20:26:48.356 INFO  manager.WDListener - Send Keys input
20:26:48.417 INFO  manager.WDListener - Send Keys input
20:26:48.466 INFO  manager.WDListener - Send Keys input
20:26:48.551 INFO  manager.WDListener - After find element By.xpath: //input[@placeholder='Address']
20:26:48.562 INFO  manager.WDListener - Location of element input
20:26:48.585 INFO  manager.WDListener - Before click element --> inputtext=
20:26:48.685 INFO  manager.WDListener - After click element input
20:26:48.711 INFO  manager.WDListener - Send Keys input
20:26:48.729 INFO  manager.WDListener - Send Keys input
20:26:48.750 INFO  manager.WDListener - Send Keys input
20:26:48.787 INFO  manager.WDListener - After find element By.xpath: //input[@placeholder='description']
20:26:48.795 INFO  manager.WDListener - Location of element input
20:26:48.823 INFO  manager.WDListener - Before click element --> inputtext=
20:26:48.933 INFO  manager.WDListener - After click element input
20:26:48.972 INFO  manager.WDListener - Send Keys input
20:26:49.004 INFO  manager.WDListener - Send Keys input
20:26:49.022 INFO  manager.WDListener - Send Keys input
20:26:49.085 INFO  manager.WDListener - After find element By.xpath: //b[text()='Save']
20:26:49.095 INFO  manager.WDListener - Location of element b
20:26:49.122 INFO  manager.WDListener - Before click element --> btext=Save
20:26:49.200 INFO  manager.WDListener - After click element b
20:26:49.718 INFO  manager.WDListener - Houston, we have a problem!
20:26:49.718 INFO  manager.WDListener - +++++++++++++++++++++++++++++++
20:26:49.718 INFO  manager.WDListener - Object target ChromeDriver: chrome on windows (76ad10f0c81080caac760d39fe683723)
20:26:49.718 INFO  manager.WDListener - +++++++++++++++++++++++++++++++
20:26:49.719 INFO  manager.WDListener - Method name findElement
20:26:49.719 INFO  manager.WDListener - +++++++++++++++++++++++++++++++
20:26:49.719 INFO  manager.WDListener - InvocationTargetException org.openqa.selenium.UnhandledAlertException: unexpected alert open: {Alert text : Email not valid: must be a well-formed email address}
  (Session info: chrome=145.0.7632.116): Email not valid: must be a well-formed email address
Build info: version: '4.26.0', revision: '8ccf0219d7'
System info: os.name: 'Windows 11', os.arch: 'amd64', os.version: '10.0', java.version: '17.0.12'
Driver info: org.openqa.selenium.chrome.ChromeDriver
Command: [76ad10f0c81080caac760d39fe683723, findElement {using=xpath, value=//*[@href='/add']}]
Capabilities {acceptInsecureCerts: false, browserName: chrome, browserVersion: 145.0.7632.116, chrome: {chromedriverVersion: 145.0.7632.77 (da516187054a..., userDataDir: C:\Users\np170\AppData\Loca...}, fedcm:accounts: true, goog:chromeOptions: {debuggerAddress: localhost:53305}, goog:processID: 3004, networkConnectionEnabled: false, pageLoadStrategy: normal, platformName: windows, proxy: Proxy(), se:cdp: ws://localhost:53305/devtoo..., se:cdpVersion: 145.0.7632.116, setWindowRect: true, strictFileInteractability: false, timeouts: {implicit: 0, pageLoad: 300000, script: 30000}, unhandledPromptBehavior: dismiss and notify, webauthn:extension:credBlob: true, webauthn:extension:largeBlob: true, webauthn:extension:minPinLength: true, webauthn:extension:prf: true, webauthn:virtualAuthenticators: true}
Session ID: 76ad10f0c81080caac760d39fe683723
20:26:49.719 INFO  manager.WDListener - +++++++++++++++++++++++++++++++
20:26:49.719 INFO  manager.WDListener - Screen with error is src/test/screenshots/screen_1567.png
20:26:50.165 INFO  manager.TestNGListener - Start test removeFirstContact=================
20:26:50.166 INFO  manager.TestNGListener - Start test removeFirstContact=================
20:26:50.166 INFO  tests.TestBase - +++++++++++++++++++++++++++++++
20:26:50.167 INFO  manager.TestNGListener - Stop testing on date Wed Feb 25 20:24:35 IST 2026=================
