19:50:19.619 INFO  manager.ApplicationManager - All tests run in CHROME Browser
19:50:22.112 INFO  manager.ApplicationManager - The link is -->https://telranedu.web.app/home
19:50:22.138 INFO  manager.TestNGListener - Start tests on date Thu Feb 12 19:50:22 IST 2026=================
19:50:22.188 INFO  tests.TestBase - Name of method -->loginSuccessModelDPF
19:50:22.191 INFO  manager.WDListener - Before find element By.xpath: //button[text()='Sign Out']
19:50:27.246 INFO  manager.TestNGListener - Start test loginSuccessModelDPF=================
19:50:27.316 INFO  manager.WDListener - After find element By.cssSelector: a[href='/login']
19:50:27.332 INFO  manager.WDListener - Location of element a
19:50:27.366 INFO  manager.WDListener - Before click element --> atext=LOGIN
19:50:27.468 INFO  manager.WDListener - After click element a
19:50:27.508 INFO  manager.WDListener - After find element By.name: email
19:50:27.518 INFO  manager.WDListener - Location of element input
19:50:27.540 INFO  manager.WDListener - Before click element --> inputtext=
19:50:27.608 INFO  manager.WDListener - After click element input
19:50:27.646 INFO  manager.WDListener - Send Keys input
19:50:27.691 INFO  manager.WDListener - Send Keys input
19:50:27.722 INFO  manager.WDListener - Send Keys input
19:50:27.796 INFO  manager.WDListener - After find element By.name: password
19:50:27.806 INFO  manager.WDListener - Location of element input
19:50:27.824 INFO  manager.WDListener - Before click element --> inputtext=
19:50:27.883 INFO  manager.WDListener - After click element input
19:50:27.913 INFO  manager.WDListener - Send Keys input
19:50:27.955 INFO  manager.WDListener - Send Keys input
19:50:27.992 INFO  manager.WDListener - Send Keys input
19:50:28.062 INFO  manager.WDListener - After find element By.xpath: //button[text()='Login']
19:50:28.073 INFO  manager.WDListener - Location of element button
19:50:28.096 INFO  manager.WDListener - Before click element --> buttontext=Login
19:50:28.171 INFO  manager.WDListener - Before find element By.xpath: //button[text()='Sign Out']
19:50:29.184 INFO  manager.TestNGListener - Start test loginSuccessModelDPF=================
19:50:29.187 INFO  tests.TestBase - +++++++++++++++++++++++++++++++
19:50:29.190 INFO  tests.TestBase - Name of method -->loginSuccessModelDPF
19:50:29.192 INFO  manager.WDListener - Before find element By.xpath: //button[text()='Sign Out']
19:50:29.203 INFO  manager.WDListener - Houston, we have a problem!
19:50:29.204 INFO  manager.WDListener - +++++++++++++++++++++++++++++++
19:50:29.205 INFO  manager.WDListener - Object target ChromeDriver: chrome on windows (ab23d77e9eaf4fbaa0578b5945156ebe)
19:50:29.205 INFO  manager.WDListener - +++++++++++++++++++++++++++++++
19:50:29.206 INFO  manager.WDListener - Method name findElements
19:50:29.206 INFO  manager.WDListener - +++++++++++++++++++++++++++++++
19:50:29.207 INFO  manager.WDListener - InvocationTargetException org.openqa.selenium.UnhandledAlertException: unexpected alert open: {Alert text : Wrong email or password}
  (Session info: chrome=144.0.7559.133): Wrong email or password
Build info: version: '4.26.0', revision: '8ccf0219d7'
System info: os.name: 'Windows 11', os.arch: 'amd64', os.version: '10.0', java.version: '17.0.12'
Driver info: org.openqa.selenium.chrome.ChromeDriver
Command: [ab23d77e9eaf4fbaa0578b5945156ebe, findElements {using=xpath, value=//button[text()='Sign Out']}]
Capabilities {acceptInsecureCerts: false, browserName: chrome, browserVersion: 144.0.7559.133, chrome: {chromedriverVersion: 143.0.7499.192 (be2c1f4fd45..., userDataDir: C:\Users\np170\AppData\Loca...}, fedcm:accounts: true, goog:chromeOptions: {debuggerAddress: localhost:64821}, goog:processID: 19096, networkConnectionEnabled: false, pageLoadStrategy: normal, platformName: windows, proxy: Proxy(), se:cdp: ws://localhost:64821/devtoo..., se:cdpVersion: 144.0.7559.133, setWindowRect: true, strictFileInteractability: false, timeouts: {implicit: 0, pageLoad: 300000, script: 30000}, unhandledPromptBehavior: dismiss and notify, webauthn:extension:credBlob: true, webauthn:extension:largeBlob: true, webauthn:extension:minPinLength: true, webauthn:extension:prf: true, webauthn:virtualAuthenticators: true}
Session ID: ab23d77e9eaf4fbaa0578b5945156ebe
19:50:29.208 INFO  manager.WDListener - +++++++++++++++++++++++++++++++
19:50:29.209 INFO  manager.WDListener - Screen with error is src/test/screenshots/screen_1208.png
19:50:29.617 INFO  manager.TestNGListener - Start test loginSuccessModelDPF=================
19:50:29.622 INFO  manager.TestNGListener - Start test loginSuccessModelDPF=================
19:50:29.638 INFO  manager.TestNGListener - Stop testing on date Thu Feb 12 19:50:22 IST 2026=================
