18:35:08.709 INFO  manager.ApplicationManager - All tests run in Firefox Browser
18:35:08.712 INFO  manager.ApplicationManager - All tests run in Edge Browser
18:35:10.205 INFO  manager.ApplicationManager - The link is -->https://telranedu.web.app/home
18:35:10.229 INFO  manager.TestNGListener - Start tests on date Wed Feb 25 18:35:10 IST 2026=================
18:35:10.262 INFO  manager.WDListener - Before find element By.xpath: //button[text()='Sign Out']
18:35:15.326 INFO  manager.WDListener - After find element By.cssSelector: a[href='/login']
18:35:15.341 INFO  manager.WDListener - Location of element a
18:35:15.361 INFO  manager.WDListener - Before click element --> atext=LOGIN
18:35:15.477 INFO  manager.WDListener - After click element a
18:35:15.516 INFO  manager.WDListener - After find element By.name: email
18:35:15.525 INFO  manager.WDListener - Location of element input
18:35:15.545 INFO  manager.WDListener - Before click element --> inputtext=
18:35:15.637 INFO  manager.WDListener - After click element input
18:35:15.664 INFO  manager.WDListener - Send Keys input
18:35:15.686 INFO  manager.WDListener - Send Keys input
18:35:15.702 INFO  manager.WDListener - Send Keys input
18:35:15.747 INFO  manager.WDListener - After find element By.name: password
18:35:15.752 INFO  manager.WDListener - Location of element input
18:35:15.768 INFO  manager.WDListener - Before click element --> inputtext=
18:35:15.851 INFO  manager.WDListener - After click element input
18:35:15.869 INFO  manager.WDListener - Send Keys input
18:35:15.886 INFO  manager.WDListener - Send Keys input
18:35:15.904 INFO  manager.WDListener - Send Keys input
18:35:15.943 INFO  manager.WDListener - After find element By.xpath: //button[text()='Login']
18:35:15.950 INFO  manager.WDListener - Location of element button
18:35:15.961 INFO  manager.WDListener - Before click element --> buttontext=Login
18:35:16.108 INFO  tests.TestBase - Name of method -->addContactSuccessAllFields
18:35:16.111 INFO  manager.TestNGListener - Start test addContactSuccessAllFields=================
18:35:16.986 INFO  manager.WDListener - After find element By.xpath: //*[@href='/add']
18:35:16.993 INFO  manager.WDListener - Location of element a
18:35:17.007 INFO  manager.WDListener - Before click element --> atext=ADD
18:35:17.082 INFO  manager.WDListener - After click element a
18:35:17.109 INFO  manager.WDListener - After find element By.xpath: //input[@placeholder='Name']
18:35:17.116 INFO  manager.WDListener - Location of element input
18:35:17.128 INFO  manager.WDListener - Before click element --> inputtext=
18:35:17.212 INFO  manager.WDListener - After click element input
18:35:17.230 INFO  manager.WDListener - Send Keys input
18:35:17.256 INFO  manager.WDListener - Send Keys input
18:35:17.276 INFO  manager.WDListener - Send Keys input
18:35:17.311 INFO  manager.WDListener - After find element By.xpath: //input[@placeholder='Last Name']
18:35:17.324 INFO  manager.WDListener - Location of element input
18:35:17.338 INFO  manager.WDListener - Before click element --> inputtext=
18:35:17.417 INFO  manager.WDListener - After click element input
18:35:17.432 INFO  manager.WDListener - Send Keys input
18:35:17.448 INFO  manager.WDListener - Send Keys input
18:35:17.461 INFO  manager.WDListener - Send Keys input
18:35:17.503 INFO  manager.WDListener - After find element By.xpath: //input[@placeholder='Phone']
18:35:17.510 INFO  manager.WDListener - Location of element input
18:35:17.521 INFO  manager.WDListener - Before click element --> inputtext=
18:35:17.601 INFO  manager.WDListener - After click element input
18:35:17.614 INFO  manager.WDListener - Send Keys input
18:35:17.647 INFO  manager.WDListener - Send Keys input
18:35:17.662 INFO  manager.WDListener - Send Keys input
18:35:17.724 INFO  manager.WDListener - After find element By.xpath: //input[@placeholder='email']
18:35:17.729 INFO  manager.WDListener - Location of element input
18:35:17.742 INFO  manager.WDListener - Before click element --> inputtext=
18:35:17.820 INFO  manager.WDListener - After click element input
18:35:17.834 INFO  manager.WDListener - Send Keys input
18:35:17.849 INFO  manager.WDListener - Send Keys input
18:35:17.863 INFO  manager.WDListener - Send Keys input
18:35:17.899 INFO  manager.WDListener - After find element By.xpath: //input[@placeholder='Address']
18:35:17.904 INFO  manager.WDListener - Location of element input
18:35:17.916 INFO  manager.WDListener - Before click element --> inputtext=
18:35:17.995 INFO  manager.WDListener - After click element input
18:35:18.010 INFO  manager.WDListener - Send Keys input
18:35:18.027 INFO  manager.WDListener - Send Keys input
18:35:18.039 INFO  manager.WDListener - Send Keys input
18:35:18.075 INFO  manager.WDListener - After find element By.xpath: //input[@placeholder='description']
18:35:18.080 INFO  manager.WDListener - Location of element input
18:35:18.094 INFO  manager.WDListener - Before click element --> inputtext=
18:35:18.178 INFO  manager.WDListener - After click element input
18:35:18.193 INFO  manager.WDListener - Send Keys input
18:35:18.210 INFO  manager.WDListener - Send Keys input
18:35:18.223 INFO  manager.WDListener - Send Keys input
18:35:18.494 INFO  manager.WDListener - After find element By.xpath: //b[text()='Save']
18:35:18.500 INFO  manager.WDListener - Location of element b
18:35:18.509 INFO  manager.WDListener - Before click element --> btext=Save
18:35:18.589 INFO  manager.WDListener - After click element b
18:35:18.590 INFO  manager.WDListener - Before find element By.cssSelector: h2
18:35:19.536 INFO  manager.WDListener - Before find element By.cssSelector: h3
18:35:19.973 INFO  manager.TestNGListener - Start test addContactSuccessAllFields=================
18:35:19.974 INFO  tests.TestBase - +++++++++++++++++++++++++++++++
18:35:19.977 INFO  tests.TestBase - Name of method -->addContactSuccessAllFields
18:35:19.978 INFO  manager.TestNGListener - Start test addContactSuccessAllFields=================
18:35:20.012 INFO  manager.WDListener - After find element By.xpath: //*[@href='/add']
18:35:20.017 INFO  manager.WDListener - Location of element a
18:35:20.037 INFO  manager.WDListener - Before click element --> atext=ADD
18:35:20.109 INFO  manager.WDListener - After click element a
18:35:20.121 INFO  manager.WDListener - After find element By.xpath: //input[@placeholder='Name']
18:35:20.125 INFO  manager.WDListener - Location of element input
18:35:20.137 INFO  manager.WDListener - Before click element --> inputtext=
18:35:20.208 INFO  manager.WDListener - After click element input
18:35:20.223 INFO  manager.WDListener - Send Keys input
18:35:20.238 INFO  manager.WDListener - Send Keys input
18:35:20.250 INFO  manager.WDListener - Send Keys input
18:35:20.274 INFO  manager.WDListener - After find element By.xpath: //input[@placeholder='Last Name']
18:35:20.279 INFO  manager.WDListener - Location of element input
18:35:20.290 INFO  manager.WDListener - Before click element --> inputtext=
18:35:20.369 INFO  manager.WDListener - After click element input
18:35:20.381 INFO  manager.WDListener - Send Keys input
18:35:20.397 INFO  manager.WDListener - Send Keys input
18:35:20.412 INFO  manager.WDListener - Send Keys input
18:35:20.437 INFO  manager.WDListener - After find element By.xpath: //input[@placeholder='Phone']
18:35:20.443 INFO  manager.WDListener - Location of element input
18:35:20.458 INFO  manager.WDListener - Before click element --> inputtext=
18:35:20.538 INFO  manager.WDListener - After click element input
18:35:20.552 INFO  manager.WDListener - Send Keys input
18:35:20.573 INFO  manager.WDListener - Send Keys input
18:35:20.592 INFO  manager.WDListener - Send Keys input
18:35:20.621 INFO  manager.WDListener - After find element By.xpath: //input[@placeholder='email']
18:35:20.626 INFO  manager.WDListener - Location of element input
18:35:20.641 INFO  manager.WDListener - Before click element --> inputtext=
18:35:20.727 INFO  manager.WDListener - After click element input
18:35:20.741 INFO  manager.WDListener - Send Keys input
18:35:20.758 INFO  manager.WDListener - Send Keys input
18:35:20.769 INFO  manager.WDListener - Send Keys input
18:35:20.793 INFO  manager.WDListener - After find element By.xpath: //input[@placeholder='Address']
18:35:20.797 INFO  manager.WDListener - Location of element input
18:35:20.807 INFO  manager.WDListener - Before click element --> inputtext=
18:35:20.884 INFO  manager.WDListener - After click element input
18:35:20.898 INFO  manager.WDListener - Send Keys input
18:35:20.909 INFO  manager.WDListener - Send Keys input
18:35:20.919 INFO  manager.WDListener - Send Keys input
18:35:20.942 INFO  manager.WDListener - After find element By.xpath: //input[@placeholder='description']
18:35:20.947 INFO  manager.WDListener - Location of element input
18:35:20.958 INFO  manager.WDListener - Before click element --> inputtext=
18:35:21.036 INFO  manager.WDListener - After click element input
18:35:21.045 INFO  manager.WDListener - Send Keys input
18:35:21.057 INFO  manager.WDListener - Send Keys input
18:35:21.205 INFO  manager.WDListener - After find element By.xpath: //b[text()='Save']
18:35:21.209 INFO  manager.WDListener - Location of element b
18:35:21.218 INFO  manager.WDListener - Before click element --> btext=Save
18:35:21.288 INFO  manager.WDListener - After click element b
18:35:21.288 INFO  manager.WDListener - Before find element By.cssSelector: h2
18:35:22.014 INFO  manager.WDListener - Before find element By.cssSelector: h3
18:35:22.266 INFO  manager.TestNGListener - Start test addContactSuccessAllFields=================
18:35:22.271 INFO  tests.TestBase - +++++++++++++++++++++++++++++++
18:35:22.282 INFO  tests.TestBase - Name of method -->addContactSuccessAllFieldsSCV
18:35:22.284 INFO  manager.TestNGListener - Start test addContactSuccessAllFieldsSCV=================
18:35:22.303 INFO  manager.WDListener - After find element By.xpath: //*[@href='/add']
18:35:22.309 INFO  manager.WDListener - Location of element a
18:35:22.321 INFO  manager.WDListener - Before click element --> atext=ADD
18:35:22.402 INFO  manager.WDListener - After click element a
18:35:22.413 INFO  manager.WDListener - After find element By.xpath: //input[@placeholder='Name']
18:35:22.417 INFO  manager.WDListener - Location of element input
18:35:22.425 INFO  manager.WDListener - Before click element --> inputtext=
18:35:22.498 INFO  manager.WDListener - After click element input
18:35:22.509 INFO  manager.WDListener - Send Keys input
18:35:22.530 INFO  manager.WDListener - Send Keys input
18:35:22.546 INFO  manager.WDListener - Send Keys input
18:35:22.565 INFO  manager.WDListener - After find element By.xpath: //input[@placeholder='Last Name']
18:35:22.571 INFO  manager.WDListener - Location of element input
18:35:22.586 INFO  manager.WDListener - Before click element --> inputtext=
18:35:22.656 INFO  manager.WDListener - After click element input
18:35:22.666 INFO  manager.WDListener - Send Keys input
18:35:22.679 INFO  manager.WDListener - Send Keys input
18:35:22.690 INFO  manager.WDListener - Send Keys input
18:35:22.709 INFO  manager.WDListener - After find element By.xpath: //input[@placeholder='Phone']
18:35:22.714 INFO  manager.WDListener - Location of element input
18:35:22.726 INFO  manager.WDListener - Before click element --> inputtext=
18:35:22.798 INFO  manager.WDListener - After click element input
18:35:22.813 INFO  manager.WDListener - Send Keys input
18:35:22.826 INFO  manager.WDListener - Send Keys input
18:35:22.836 INFO  manager.WDListener - Send Keys input
18:35:22.858 INFO  manager.WDListener - After find element By.xpath: //input[@placeholder='email']
18:35:22.862 INFO  manager.WDListener - Location of element input
18:35:22.872 INFO  manager.WDListener - Before click element --> inputtext=
18:35:22.961 INFO  manager.WDListener - After click element input
18:35:22.973 INFO  manager.WDListener - Send Keys input
18:35:22.989 INFO  manager.WDListener - Send Keys input
18:35:23.013 INFO  manager.WDListener - After find element By.xpath: //input[@placeholder='Address']
18:35:23.020 INFO  manager.WDListener - Location of element input
18:35:23.031 INFO  manager.WDListener - Before click element --> inputtext=
18:35:23.113 INFO  manager.WDListener - After click element input
18:35:23.121 INFO  manager.WDListener - Send Keys input
18:35:23.133 INFO  manager.WDListener - Send Keys input
18:35:23.143 INFO  manager.WDListener - Send Keys input
18:35:23.173 INFO  manager.WDListener - After find element By.xpath: //input[@placeholder='description']
18:35:23.177 INFO  manager.WDListener - Location of element input
18:35:23.186 INFO  manager.WDListener - Before click element --> inputtext=
18:35:23.270 INFO  manager.WDListener - After click element input
18:35:23.282 INFO  manager.WDListener - Send Keys input
18:35:23.297 INFO  manager.WDListener - Send Keys input
18:35:23.311 INFO  manager.WDListener - Send Keys input
18:35:23.477 INFO  manager.WDListener - After find element By.xpath: //b[text()='Save']
18:35:23.486 INFO  manager.WDListener - Location of element b
18:35:23.507 INFO  manager.WDListener - Before click element --> btext=Save
18:35:23.604 INFO  manager.WDListener - After click element b
18:35:23.604 INFO  manager.WDListener - Before find element By.cssSelector: h2
18:35:24.217 INFO  manager.WDListener - Before find element By.cssSelector: h3
18:35:24.441 INFO  manager.TestNGListener - Start test addContactSuccessAllFieldsSCV=================
18:35:24.442 INFO  tests.TestBase - +++++++++++++++++++++++++++++++
18:35:24.443 INFO  tests.TestBase - Name of method -->addContactSuccessAllFieldsSCV
18:35:24.443 INFO  manager.TestNGListener - Start test addContactSuccessAllFieldsSCV=================
18:35:24.453 INFO  manager.WDListener - After find element By.xpath: //*[@href='/add']
18:35:24.458 INFO  manager.WDListener - Location of element a
18:35:24.469 INFO  manager.WDListener - Before click element --> atext=ADD
18:35:24.546 INFO  manager.WDListener - After click element a
18:35:24.559 INFO  manager.WDListener - After find element By.xpath: //input[@placeholder='Name']
18:35:24.565 INFO  manager.WDListener - Location of element input
18:35:24.583 INFO  manager.WDListener - Before click element --> inputtext=
18:35:24.656 INFO  manager.WDListener - After click element input
18:35:24.668 INFO  manager.WDListener - Send Keys input
18:35:24.685 INFO  manager.WDListener - Send Keys input
18:35:24.693 INFO  manager.WDListener - Send Keys input
18:35:24.721 INFO  manager.WDListener - After find element By.xpath: //input[@placeholder='Last Name']
18:35:24.724 INFO  manager.WDListener - Location of element input
18:35:24.733 INFO  manager.WDListener - Before click element --> inputtext=
18:35:24.811 INFO  manager.WDListener - After click element input
18:35:24.825 INFO  manager.WDListener - Send Keys input
18:35:24.837 INFO  manager.WDListener - Send Keys input
18:35:24.849 INFO  manager.WDListener - Send Keys input
18:35:24.878 INFO  manager.WDListener - After find element By.xpath: //input[@placeholder='Phone']
18:35:24.881 INFO  manager.WDListener - Location of element input
18:35:24.891 INFO  manager.WDListener - Before click element --> inputtext=
18:35:24.971 INFO  manager.WDListener - After click element input
18:35:24.985 INFO  manager.WDListener - Send Keys input
18:35:25.003 INFO  manager.WDListener - Send Keys input
18:35:25.020 INFO  manager.WDListener - Send Keys input
18:35:25.045 INFO  manager.WDListener - After find element By.xpath: //input[@placeholder='email']
18:35:25.051 INFO  manager.WDListener - Location of element input
18:35:25.064 INFO  manager.WDListener - Before click element --> inputtext=
18:35:25.146 INFO  manager.WDListener - After click element input
18:35:25.159 INFO  manager.WDListener - Send Keys input
18:35:25.173 INFO  manager.WDListener - Send Keys input
18:35:25.192 INFO  manager.WDListener - After find element By.xpath: //input[@placeholder='Address']
18:35:25.195 INFO  manager.WDListener - Location of element input
18:35:25.211 INFO  manager.WDListener - Before click element --> inputtext=
18:35:25.291 INFO  manager.WDListener - After click element input
18:35:25.300 INFO  manager.WDListener - Send Keys input
18:35:25.312 INFO  manager.WDListener - Send Keys input
18:35:25.326 INFO  manager.WDListener - Send Keys input
18:35:25.344 INFO  manager.WDListener - After find element By.xpath: //input[@placeholder='description']
18:35:25.348 INFO  manager.WDListener - Location of element input
18:35:25.357 INFO  manager.WDListener - Before click element --> inputtext=
18:35:25.440 INFO  manager.WDListener - After click element input
18:35:25.450 INFO  manager.WDListener - Send Keys input
18:35:25.462 INFO  manager.WDListener - Send Keys input
18:35:25.473 INFO  manager.WDListener - Send Keys input
18:35:25.623 INFO  manager.WDListener - After find element By.xpath: //b[text()='Save']
18:35:25.627 INFO  manager.WDListener - Location of element b
18:35:25.654 INFO  manager.WDListener - Before click element --> btext=Save
18:35:25.733 INFO  manager.WDListener - After click element b
18:35:25.733 INFO  manager.WDListener - Before find element By.cssSelector: h2
18:35:26.316 INFO  manager.WDListener - Before find element By.cssSelector: h3
18:35:26.594 INFO  manager.TestNGListener - Start test addContactSuccessAllFieldsSCV=================
18:35:26.595 INFO  tests.TestBase - +++++++++++++++++++++++++++++++
18:35:26.601 INFO  tests.TestBase - Name of method -->addContactSuccessRequiredFields
18:35:26.602 INFO  manager.TestNGListener - Start test addContactSuccessRequiredFields=================
18:35:26.613 INFO  manager.WDListener - After find element By.xpath: //*[@href='/add']
18:35:26.618 INFO  manager.WDListener - Location of element a
18:35:26.628 INFO  manager.WDListener - Before click element --> atext=ADD
18:35:26.704 INFO  manager.WDListener - After click element a
18:35:26.714 INFO  manager.WDListener - After find element By.xpath: //input[@placeholder='Name']
18:35:26.721 INFO  manager.WDListener - Location of element input
18:35:26.736 INFO  manager.WDListener - Before click element --> inputtext=
18:35:26.812 INFO  manager.WDListener - After click element input
18:35:26.820 INFO  manager.WDListener - Send Keys input
18:35:26.830 INFO  manager.WDListener - Send Keys input
18:35:26.838 INFO  manager.WDListener - Send Keys input
18:35:26.858 INFO  manager.WDListener - After find element By.xpath: //input[@placeholder='Last Name']
18:35:26.863 INFO  manager.WDListener - Location of element input
18:35:26.871 INFO  manager.WDListener - Before click element --> inputtext=
18:35:26.956 INFO  manager.WDListener - After click element input
18:35:26.968 INFO  manager.WDListener - Send Keys input
18:35:26.983 INFO  manager.WDListener - Send Keys input
18:35:26.994 INFO  manager.WDListener - Send Keys input
18:35:27.009 INFO  manager.WDListener - After find element By.xpath: //input[@placeholder='Phone']
18:35:27.013 INFO  manager.WDListener - Location of element input
18:35:27.020 INFO  manager.WDListener - Before click element --> inputtext=
18:35:27.138 INFO  manager.WDListener - After click element input
18:35:27.172 INFO  manager.WDListener - Send Keys input
18:35:27.185 INFO  manager.WDListener - Send Keys input
18:35:27.213 INFO  manager.WDListener - Send Keys input
18:35:27.230 INFO  manager.WDListener - After find element By.xpath: //input[@placeholder='email']
18:35:27.234 INFO  manager.WDListener - Location of element input
18:35:27.245 INFO  manager.WDListener - Before click element --> inputtext=
18:35:27.334 INFO  manager.WDListener - After click element input
18:35:27.344 INFO  manager.WDListener - Send Keys input
18:35:27.356 INFO  manager.WDListener - Send Keys input
18:35:27.366 INFO  manager.WDListener - Send Keys input
18:35:27.390 INFO  manager.WDListener - After find element By.xpath: //input[@placeholder='Address']
18:35:27.395 INFO  manager.WDListener - Location of element input
18:35:27.405 INFO  manager.WDListener - Before click element --> inputtext=
18:35:27.475 INFO  manager.WDListener - After click element input
18:35:27.486 INFO  manager.WDListener - Send Keys input
18:35:27.501 INFO  manager.WDListener - Send Keys input
18:35:27.512 INFO  manager.WDListener - Send Keys input
18:35:27.533 INFO  manager.WDListener - After find element By.xpath: //input[@placeholder='description']
18:35:27.538 INFO  manager.WDListener - Location of element input
18:35:27.548 INFO  manager.WDListener - Before click element --> inputtext=
18:35:27.628 INFO  manager.WDListener - After click element input
18:35:27.636 INFO  manager.WDListener - Send Keys input
18:35:27.646 INFO  manager.WDListener - Send Keys input
18:35:27.667 INFO  manager.WDListener - After find element By.xpath: //b[text()='Save']
18:35:27.671 INFO  manager.WDListener - Location of element b
18:35:27.680 INFO  manager.WDListener - Before click element --> btext=Save
18:35:27.757 INFO  manager.WDListener - After click element b
18:35:27.758 INFO  manager.WDListener - Before find element By.cssSelector: h2
18:35:28.530 INFO  manager.WDListener - Before find element By.cssSelector: h3
18:35:28.976 INFO  manager.TestNGListener - Start test addContactSuccessRequiredFields=================
18:35:28.977 INFO  tests.TestBase - +++++++++++++++++++++++++++++++
18:35:28.978 INFO  tests.TestBase - Name of method -->addNewContactWrongAddress
18:35:28.979 INFO  manager.TestNGListener - Start test addNewContactWrongAddress=================
18:35:28.988 INFO  manager.WDListener - After find element By.xpath: //*[@href='/add']
18:35:28.992 INFO  manager.WDListener - Location of element a
18:35:29.002 INFO  manager.WDListener - Before click element --> atext=ADD
18:35:29.086 INFO  manager.WDListener - After click element a
18:35:29.099 INFO  manager.WDListener - After find element By.xpath: //input[@placeholder='Name']
18:35:29.109 INFO  manager.WDListener - Location of element input
18:35:29.122 INFO  manager.WDListener - Before click element --> inputtext=
18:35:29.193 INFO  manager.WDListener - After click element input
18:35:29.202 INFO  manager.WDListener - Send Keys input
18:35:29.217 INFO  manager.WDListener - Send Keys input
18:35:29.227 INFO  manager.WDListener - Send Keys input
18:35:29.244 INFO  manager.WDListener - After find element By.xpath: //input[@placeholder='Last Name']
18:35:29.248 INFO  manager.WDListener - Location of element input
18:35:29.256 INFO  manager.WDListener - Before click element --> inputtext=
18:35:29.336 INFO  manager.WDListener - After click element input
18:35:29.346 INFO  manager.WDListener - Send Keys input
18:35:29.359 INFO  manager.WDListener - Send Keys input
18:35:29.376 INFO  manager.WDListener - Send Keys input
18:35:29.393 INFO  manager.WDListener - After find element By.xpath: //input[@placeholder='Phone']
18:35:29.396 INFO  manager.WDListener - Location of element input
18:35:29.404 INFO  manager.WDListener - Before click element --> inputtext=
18:35:29.477 INFO  manager.WDListener - After click element input
18:35:29.489 INFO  manager.WDListener - Send Keys input
18:35:29.498 INFO  manager.WDListener - Send Keys input
18:35:29.506 INFO  manager.WDListener - Send Keys input
18:35:29.523 INFO  manager.WDListener - After find element By.xpath: //input[@placeholder='email']
18:35:29.527 INFO  manager.WDListener - Location of element input
18:35:29.536 INFO  manager.WDListener - Before click element --> inputtext=
18:35:29.617 INFO  manager.WDListener - After click element input
18:35:29.628 INFO  manager.WDListener - Send Keys input
18:35:29.640 INFO  manager.WDListener - Send Keys input
18:35:29.658 INFO  manager.WDListener - Send Keys input
18:35:29.678 INFO  manager.WDListener - After find element By.xpath: //input[@placeholder='Address']
18:35:29.683 INFO  manager.WDListener - Location of element input
18:35:29.691 INFO  manager.WDListener - Before click element --> inputtext=
18:35:29.774 INFO  manager.WDListener - After click element input
18:35:29.784 INFO  manager.WDListener - Send Keys input
18:35:29.795 INFO  manager.WDListener - Send Keys input
18:35:29.803 INFO  manager.WDListener - Send Keys input
18:35:29.813 INFO  manager.WDListener - After find element By.xpath: //input[@placeholder='description']
18:35:29.817 INFO  manager.WDListener - Location of element input
18:35:29.826 INFO  manager.WDListener - Before click element --> inputtext=
18:35:29.892 INFO  manager.WDListener - After click element input
18:35:29.900 INFO  manager.WDListener - Send Keys input
18:35:29.912 INFO  manager.WDListener - Send Keys input
18:35:29.920 INFO  manager.WDListener - Send Keys input
18:35:29.937 INFO  manager.WDListener - After find element By.xpath: //b[text()='Save']
18:35:29.941 INFO  manager.WDListener - Location of element b
18:35:29.951 INFO  manager.WDListener - Before click element --> btext=Save
18:35:30.021 INFO  manager.WDListener - After click element b
18:35:30.022 INFO  manager.WDListener - Before find element By.cssSelector: a.active[href='/add']
18:35:30.032 INFO  manager.TestNGListener - Start test addNewContactWrongAddress=================
18:35:30.035 INFO  tests.TestBase - +++++++++++++++++++++++++++++++
18:35:30.036 INFO  tests.TestBase - Name of method -->addNewContactWrongEmail
18:35:30.037 INFO  manager.TestNGListener - Start test addNewContactWrongEmail=================
18:35:30.051 INFO  manager.WDListener - After find element By.xpath: //*[@href='/add']
18:35:30.056 INFO  manager.WDListener - Location of element a
18:35:30.072 INFO  manager.WDListener - Before click element --> atext=ADD
18:35:30.147 INFO  manager.WDListener - After click element a
18:35:30.156 INFO  manager.WDListener - After find element By.xpath: //input[@placeholder='Name']
18:35:30.160 INFO  manager.WDListener - Location of element input
18:35:30.170 INFO  manager.WDListener - Before click element --> inputtext=
18:35:30.244 INFO  manager.WDListener - After click element input
18:35:30.257 INFO  manager.WDListener - Send Keys input
18:35:30.268 INFO  manager.WDListener - Send Keys input
18:35:30.277 INFO  manager.WDListener - Send Keys input
18:35:30.291 INFO  manager.WDListener - After find element By.xpath: //input[@placeholder='Last Name']
18:35:30.294 INFO  manager.WDListener - Location of element input
18:35:30.300 INFO  manager.WDListener - Before click element --> inputtext=
18:35:30.369 INFO  manager.WDListener - After click element input
18:35:30.381 INFO  manager.WDListener - Send Keys input
18:35:30.396 INFO  manager.WDListener - Send Keys input
18:35:30.405 INFO  manager.WDListener - Send Keys input
18:35:30.423 INFO  manager.WDListener - After find element By.xpath: //input[@placeholder='Phone']
18:35:30.426 INFO  manager.WDListener - Location of element input
18:35:30.434 INFO  manager.WDListener - Before click element --> inputtext=
18:35:30.508 INFO  manager.WDListener - After click element input
18:35:30.519 INFO  manager.WDListener - Send Keys input
18:35:30.534 INFO  manager.WDListener - Send Keys input
18:35:30.541 INFO  manager.WDListener - Send Keys input
18:35:30.561 INFO  manager.WDListener - After find element By.xpath: //input[@placeholder='email']
18:35:30.565 INFO  manager.WDListener - Location of element input
18:35:30.573 INFO  manager.WDListener - Before click element --> inputtext=
18:35:30.654 INFO  manager.WDListener - After click element input
18:35:30.673 INFO  manager.WDListener - Send Keys input
18:35:30.688 INFO  manager.WDListener - Send Keys input
18:35:30.697 INFO  manager.WDListener - Send Keys input
18:35:30.718 INFO  manager.WDListener - After find element By.xpath: //input[@placeholder='Address']
18:35:30.722 INFO  manager.WDListener - Location of element input
18:35:30.732 INFO  manager.WDListener - Before click element --> inputtext=
18:35:30.808 INFO  manager.WDListener - After click element input
18:35:30.819 INFO  manager.WDListener - Send Keys input
18:35:30.834 INFO  manager.WDListener - Send Keys input
18:35:30.845 INFO  manager.WDListener - Send Keys input
18:35:30.860 INFO  manager.WDListener - After find element By.xpath: //input[@placeholder='description']
18:35:30.864 INFO  manager.WDListener - Location of element input
18:35:30.871 INFO  manager.WDListener - Before click element --> inputtext=
18:35:30.949 INFO  manager.WDListener - After click element input
18:35:30.967 INFO  manager.WDListener - Send Keys input
18:35:30.982 INFO  manager.WDListener - Send Keys input
18:35:30.989 INFO  manager.WDListener - Send Keys input
18:35:31.007 INFO  manager.WDListener - After find element By.xpath: //b[text()='Save']
18:35:31.012 INFO  manager.WDListener - Location of element b
18:35:31.021 INFO  manager.WDListener - Before click element --> btext=Save
18:35:31.103 INFO  manager.WDListener - After click element b
18:35:31.103 INFO  manager.WDListener - Before find element By.cssSelector: a.active[href='/add']
18:35:31.140 INFO  manager.WDListener - Houston, we have a problem!
18:35:31.141 INFO  manager.WDListener - +++++++++++++++++++++++++++++++
18:35:31.141 INFO  manager.WDListener - Object target org.openqa.selenium.remote.RemoteWebDriver$RemoteTargetLocator@1f179f51
18:35:31.141 INFO  manager.WDListener - +++++++++++++++++++++++++++++++
18:35:31.141 INFO  manager.WDListener - Method name alert
18:35:31.142 INFO  manager.WDListener - +++++++++++++++++++++++++++++++
18:35:31.142 INFO  manager.WDListener - InvocationTargetException org.openqa.selenium.NoAlertPresentException: Build info: version: '4.26.0', revision: '8ccf0219d7'
System info: os.name: 'Windows 11', os.arch: 'amd64', os.version: '10.0', java.version: '17.0.12'
Driver info: org.openqa.selenium.firefox.FirefoxDriver
Command: [b5d95ec1-a7ea-4f91-9904-e418736707a3, getAlertText {}]
Capabilities {acceptInsecureCerts: true, browserName: firefox, browserVersion: 148.0, moz:accessibilityChecks: false, moz:buildID: 20260216153405, moz:geckodriverVersion: 0.36.0, moz:headless: false, moz:platformVersion: 10.0, moz:processID: 28596, moz:profile: C:\Users\np170\AppData\Loca..., moz:shutdownTimeout: 60000, moz:webdriverClick: true, moz:windowless: false, pageLoadStrategy: normal, platformName: windows, proxy: Proxy(), setWindowRect: true, strictFileInteractability: false, timeouts: {implicit: 0, pageLoad: 300000, script: 30000}, unhandledPromptBehavior: dismiss and notify, userAgent: Mozilla/5.0 (Windows NT 10....}
Session ID: b5d95ec1-a7ea-4f91-9904-e418736707a3
18:35:31.152 INFO  manager.WDListener - +++++++++++++++++++++++++++++++
18:35:31.153 INFO  manager.WDListener - Screen with error is src/test/screenshots/screen_1998.png
18:35:31.710 INFO  manager.TestNGListener - Start test addNewContactWrongEmail=================
18:35:31.713 INFO  tests.TestBase - +++++++++++++++++++++++++++++++
18:35:31.715 INFO  tests.TestBase - Name of method -->addNewContactWrongLastName
18:35:31.716 INFO  manager.TestNGListener - Start test addNewContactWrongLastName=================
18:35:31.728 INFO  manager.WDListener - After find element By.xpath: //*[@href='/add']
18:35:31.733 INFO  manager.WDListener - Location of element a
18:35:31.741 INFO  manager.WDListener - Before click element --> atext=ADD
18:35:31.810 INFO  manager.WDListener - After click element a
18:35:31.821 INFO  manager.WDListener - After find element By.xpath: //input[@placeholder='Name']
18:35:31.826 INFO  manager.WDListener - Location of element input
18:35:31.838 INFO  manager.WDListener - Before click element --> inputtext=
18:35:31.906 INFO  manager.WDListener - After click element input
18:35:31.922 INFO  manager.WDListener - Send Keys input
18:35:31.938 INFO  manager.WDListener - Send Keys input
18:35:31.951 INFO  manager.WDListener - Send Keys input
18:35:31.966 INFO  manager.WDListener - After find element By.xpath: //input[@placeholder='Last Name']
18:35:31.969 INFO  manager.WDListener - Location of element input
18:35:31.979 INFO  manager.WDListener - Before click element --> inputtext=
18:35:32.046 INFO  manager.WDListener - After click element input
18:35:32.060 INFO  manager.WDListener - Send Keys input
18:35:32.081 INFO  manager.WDListener - Send Keys input
18:35:32.089 INFO  manager.WDListener - Send Keys input
18:35:32.104 INFO  manager.WDListener - After find element By.xpath: //input[@placeholder='Phone']
18:35:32.109 INFO  manager.WDListener - Location of element input
18:35:32.122 INFO  manager.WDListener - Before click element --> inputtext=
18:35:32.204 INFO  manager.WDListener - After click element input
18:35:32.219 INFO  manager.WDListener - Send Keys input
18:35:32.232 INFO  manager.WDListener - Send Keys input
18:35:32.239 INFO  manager.WDListener - Send Keys input
18:35:32.255 INFO  manager.WDListener - After find element By.xpath: //input[@placeholder='email']
18:35:32.259 INFO  manager.WDListener - Location of element input
18:35:32.271 INFO  manager.WDListener - Before click element --> inputtext=
18:35:32.341 INFO  manager.WDListener - After click element input
18:35:32.356 INFO  manager.WDListener - Send Keys input
18:35:32.369 INFO  manager.WDListener - Send Keys input
18:35:32.379 INFO  manager.WDListener - Send Keys input
18:35:32.397 INFO  manager.WDListener - After find element By.xpath: //input[@placeholder='Address']
18:35:32.402 INFO  manager.WDListener - Location of element input
18:35:32.411 INFO  manager.WDListener - Before click element --> inputtext=
18:35:32.486 INFO  manager.WDListener - After click element input
18:35:32.504 INFO  manager.WDListener - Send Keys input
18:35:32.518 INFO  manager.WDListener - Send Keys input
18:35:32.525 INFO  manager.WDListener - Send Keys input
18:35:32.543 INFO  manager.WDListener - After find element By.xpath: //input[@placeholder='description']
18:35:32.546 INFO  manager.WDListener - Location of element input
18:35:32.553 INFO  manager.WDListener - Before click element --> inputtext=
18:35:32.643 INFO  manager.WDListener - After click element input
18:35:32.658 INFO  manager.WDListener - Send Keys input
18:35:32.672 INFO  manager.WDListener - Send Keys input
18:35:32.682 INFO  manager.WDListener - Send Keys input
18:35:32.701 INFO  manager.WDListener - After find element By.xpath: //b[text()='Save']
18:35:32.703 INFO  manager.WDListener - Location of element b
18:35:32.710 INFO  manager.WDListener - Before click element --> btext=Save
18:35:32.783 INFO  manager.WDListener - After click element b
18:35:32.784 INFO  manager.WDListener - Before find element By.cssSelector: a.active[href='/add']
18:35:32.797 INFO  manager.TestNGListener - Start test addNewContactWrongLastName=================
18:35:32.797 INFO  tests.TestBase - +++++++++++++++++++++++++++++++
18:35:32.798 INFO  tests.TestBase - Name of method -->addNewContactWrongName
18:35:32.799 INFO  manager.TestNGListener - Start test addNewContactWrongName=================
18:35:32.813 INFO  manager.WDListener - After find element By.xpath: //*[@href='/add']
18:35:32.818 INFO  manager.WDListener - Location of element a
18:35:32.833 INFO  manager.WDListener - Before click element --> atext=ADD
18:35:32.915 INFO  manager.WDListener - After click element a
18:35:32.938 INFO  manager.WDListener - After find element By.xpath: //input[@placeholder='Name']
18:35:32.943 INFO  manager.WDListener - Location of element input
18:35:32.952 INFO  manager.WDListener - Before click element --> inputtext=
18:35:33.030 INFO  manager.WDListener - After click element input
18:35:33.045 INFO  manager.WDListener - Send Keys input
18:35:33.062 INFO  manager.WDListener - Send Keys input
18:35:33.084 INFO  manager.WDListener - Send Keys input
18:35:33.104 INFO  manager.WDListener - After find element By.xpath: //input[@placeholder='Last Name']
18:35:33.108 INFO  manager.WDListener - Location of element input
18:35:33.117 INFO  manager.WDListener - Before click element --> inputtext=
18:35:33.188 INFO  manager.WDListener - After click element input
18:35:33.196 INFO  manager.WDListener - Send Keys input
18:35:33.204 INFO  manager.WDListener - Send Keys input
18:35:33.213 INFO  manager.WDListener - Send Keys input
18:35:33.224 INFO  manager.WDListener - After find element By.xpath: //input[@placeholder='Phone']
18:35:33.226 INFO  manager.WDListener - Location of element input
18:35:33.232 INFO  manager.WDListener - Before click element --> inputtext=
18:35:33.297 INFO  manager.WDListener - After click element input
18:35:33.311 INFO  manager.WDListener - Send Keys input
18:35:33.325 INFO  manager.WDListener - Send Keys input
18:35:33.332 INFO  manager.WDListener - Send Keys input
18:35:33.349 INFO  manager.WDListener - After find element By.xpath: //input[@placeholder='email']
18:35:33.352 INFO  manager.WDListener - Location of element input
18:35:33.359 INFO  manager.WDListener - Before click element --> inputtext=
18:35:33.438 INFO  manager.WDListener - After click element input
18:35:33.450 INFO  manager.WDListener - Send Keys input
18:35:33.463 INFO  manager.WDListener - Send Keys input
18:35:33.472 INFO  manager.WDListener - Send Keys input
18:35:33.490 INFO  manager.WDListener - After find element By.xpath: //input[@placeholder='Address']
18:35:33.494 INFO  manager.WDListener - Location of element input
18:35:33.503 INFO  manager.WDListener - Before click element --> inputtext=
18:35:33.577 INFO  manager.WDListener - After click element input
18:35:33.603 INFO  manager.WDListener - Send Keys input
18:35:33.616 INFO  manager.WDListener - Send Keys input
18:35:33.624 INFO  manager.WDListener - Send Keys input
18:35:33.647 INFO  manager.WDListener - After find element By.xpath: //input[@placeholder='description']
18:35:33.650 INFO  manager.WDListener - Location of element input
18:35:33.657 INFO  manager.WDListener - Before click element --> inputtext=
18:35:33.734 INFO  manager.WDListener - After click element input
18:35:33.748 INFO  manager.WDListener - Send Keys input
18:35:33.761 INFO  manager.WDListener - Send Keys input
18:35:33.768 INFO  manager.WDListener - Send Keys input
18:35:33.800 INFO  manager.WDListener - After find element By.xpath: //b[text()='Save']
18:35:33.804 INFO  manager.WDListener - Location of element b
18:35:33.812 INFO  manager.WDListener - Before click element --> btext=Save
18:35:33.890 INFO  manager.WDListener - After click element b
18:35:33.890 INFO  manager.WDListener - Before find element By.cssSelector: a.active[href='/add']
18:35:33.902 INFO  manager.TestNGListener - Start test addNewContactWrongName=================
18:35:33.903 INFO  tests.TestBase - +++++++++++++++++++++++++++++++
18:35:33.905 INFO  tests.TestBase - Name of method -->addNewContactWrongPhone
18:35:33.905 INFO  manager.TestNGListener - Start test addNewContactWrongPhone=================
18:35:33.918 INFO  manager.WDListener - After find element By.xpath: //*[@href='/add']
18:35:33.923 INFO  manager.WDListener - Location of element a
18:35:33.936 INFO  manager.WDListener - Before click element --> atext=ADD
18:35:34.011 INFO  manager.WDListener - After click element a
18:35:34.022 INFO  manager.WDListener - After find element By.xpath: //input[@placeholder='Name']
18:35:34.027 INFO  manager.WDListener - Location of element input
18:35:34.035 INFO  manager.WDListener - Before click element --> inputtext=
18:35:34.107 INFO  manager.WDListener - After click element input
18:35:34.120 INFO  manager.WDListener - Send Keys input
18:35:34.132 INFO  manager.WDListener - Send Keys input
18:35:34.140 INFO  manager.WDListener - Send Keys input
18:35:34.152 INFO  manager.WDListener - After find element By.xpath: //input[@placeholder='Last Name']
18:35:34.156 INFO  manager.WDListener - Location of element input
18:35:34.167 INFO  manager.WDListener - Before click element --> inputtext=
18:35:34.256 INFO  manager.WDListener - After click element input
18:35:34.268 INFO  manager.WDListener - Send Keys input
18:35:34.281 INFO  manager.WDListener - Send Keys input
18:35:34.290 INFO  manager.WDListener - Send Keys input
18:35:34.303 INFO  manager.WDListener - After find element By.xpath: //input[@placeholder='Phone']
18:35:34.305 INFO  manager.WDListener - Location of element input
18:35:34.313 INFO  manager.WDListener - Before click element --> inputtext=
18:35:34.386 INFO  manager.WDListener - After click element input
18:35:34.396 INFO  manager.WDListener - Send Keys input
18:35:34.406 INFO  manager.WDListener - Send Keys input
18:35:34.415 INFO  manager.WDListener - Send Keys input
18:35:34.423 INFO  manager.WDListener - After find element By.xpath: //input[@placeholder='email']
18:35:34.426 INFO  manager.WDListener - Location of element input
18:35:34.433 INFO  manager.WDListener - Before click element --> inputtext=
18:35:34.513 INFO  manager.WDListener - After click element input
18:35:34.528 INFO  manager.WDListener - Send Keys input
18:35:34.539 INFO  manager.WDListener - Send Keys input
18:35:34.549 INFO  manager.WDListener - Send Keys input
18:35:34.566 INFO  manager.WDListener - After find element By.xpath: //input[@placeholder='Address']
18:35:34.569 INFO  manager.WDListener - Location of element input
18:35:34.577 INFO  manager.WDListener - Before click element --> inputtext=
18:35:34.653 INFO  manager.WDListener - After click element input
18:35:34.667 INFO  manager.WDListener - Send Keys input
18:35:34.680 INFO  manager.WDListener - Send Keys input
18:35:34.688 INFO  manager.WDListener - Send Keys input
18:35:34.705 INFO  manager.WDListener - After find element By.xpath: //input[@placeholder='description']
18:35:34.709 INFO  manager.WDListener - Location of element input
18:35:34.715 INFO  manager.WDListener - Before click element --> inputtext=
18:35:34.791 INFO  manager.WDListener - After click element input
18:35:34.802 INFO  manager.WDListener - Send Keys input
18:35:34.815 INFO  manager.WDListener - Send Keys input
18:35:34.823 INFO  manager.WDListener - Send Keys input
18:35:34.838 INFO  manager.WDListener - After find element By.xpath: //b[text()='Save']
18:35:34.840 INFO  manager.WDListener - Location of element b
18:35:34.848 INFO  manager.WDListener - Before click element --> btext=Save
18:35:34.917 INFO  manager.WDListener - After click element b
18:35:34.917 INFO  manager.WDListener - Before find element By.cssSelector: a.active[href='/add']
18:35:34.953 INFO  manager.WDListener - Houston, we have a problem!
18:35:34.953 INFO  manager.WDListener - +++++++++++++++++++++++++++++++
18:35:34.953 INFO  manager.WDListener - Object target org.openqa.selenium.remote.RemoteWebDriver$RemoteTargetLocator@7d977a20
18:35:34.953 INFO  manager.WDListener - +++++++++++++++++++++++++++++++
18:35:34.953 INFO  manager.WDListener - Method name alert
18:35:34.953 INFO  manager.WDListener - +++++++++++++++++++++++++++++++
18:35:34.954 INFO  manager.WDListener - InvocationTargetException org.openqa.selenium.NoAlertPresentException: Build info: version: '4.26.0', revision: '8ccf0219d7'
System info: os.name: 'Windows 11', os.arch: 'amd64', os.version: '10.0', java.version: '17.0.12'
Driver info: org.openqa.selenium.firefox.FirefoxDriver
Command: [b5d95ec1-a7ea-4f91-9904-e418736707a3, getAlertText {}]
Capabilities {acceptInsecureCerts: true, browserName: firefox, browserVersion: 148.0, moz:accessibilityChecks: false, moz:buildID: 20260216153405, moz:geckodriverVersion: 0.36.0, moz:headless: false, moz:platformVersion: 10.0, moz:processID: 28596, moz:profile: C:\Users\np170\AppData\Loca..., moz:shutdownTimeout: 60000, moz:webdriverClick: true, moz:windowless: false, pageLoadStrategy: normal, platformName: windows, proxy: Proxy(), setWindowRect: true, strictFileInteractability: false, timeouts: {implicit: 0, pageLoad: 300000, script: 30000}, unhandledPromptBehavior: dismiss and notify, userAgent: Mozilla/5.0 (Windows NT 10....}
Session ID: b5d95ec1-a7ea-4f91-9904-e418736707a3
18:35:34.954 INFO  manager.WDListener - +++++++++++++++++++++++++++++++
18:35:34.954 INFO  manager.WDListener - Screen with error is src/test/screenshots/screen_1394.png
18:35:35.493 INFO  manager.TestNGListener - Start test addNewContactWrongPhone=================
18:35:35.493 INFO  tests.TestBase - +++++++++++++++++++++++++++++++
18:35:35.495 INFO  tests.TestBase - Name of method -->addNewContactWrongPhone
18:35:35.496 INFO  manager.TestNGListener - Start test addNewContactWrongPhone=================
18:35:35.507 INFO  manager.WDListener - After find element By.xpath: //*[@href='/add']
18:35:35.511 INFO  manager.WDListener - Location of element a
18:35:35.519 INFO  manager.WDListener - Before click element --> atext=ADD
18:35:35.594 INFO  manager.WDListener - After click element a
18:35:35.605 INFO  manager.WDListener - After find element By.xpath: //input[@placeholder='Name']
18:35:35.610 INFO  manager.WDListener - Location of element input
18:35:35.623 INFO  manager.WDListener - Before click element --> inputtext=
18:35:35.705 INFO  manager.WDListener - After click element input
18:35:35.720 INFO  manager.WDListener - Send Keys input
18:35:35.736 INFO  manager.WDListener - Send Keys input
18:35:35.744 INFO  manager.WDListener - Send Keys input
18:35:35.758 INFO  manager.WDListener - After find element By.xpath: //input[@placeholder='Last Name']
18:35:35.760 INFO  manager.WDListener - Location of element input
18:35:35.767 INFO  manager.WDListener - Before click element --> inputtext=
18:35:35.842 INFO  manager.WDListener - After click element input
18:35:35.858 INFO  manager.WDListener - Send Keys input
18:35:35.876 INFO  manager.WDListener - Send Keys input
18:35:35.883 INFO  manager.WDListener - Send Keys input
18:35:35.899 INFO  manager.WDListener - After find element By.xpath: //input[@placeholder='Phone']
18:35:35.903 INFO  manager.WDListener - Location of element input
18:35:35.911 INFO  manager.WDListener - Before click element --> inputtext=
18:35:35.986 INFO  manager.WDListener - After click element input
18:35:35.994 INFO  manager.WDListener - Send Keys input
18:35:36.002 INFO  manager.WDListener - Send Keys input
18:35:36.012 INFO  manager.WDListener - Send Keys input
18:35:36.027 INFO  manager.WDListener - After find element By.xpath: //input[@placeholder='email']
18:35:36.030 INFO  manager.WDListener - Location of element input
18:35:36.037 INFO  manager.WDListener - Before click element --> inputtext=
18:35:36.112 INFO  manager.WDListener - After click element input
18:35:36.128 INFO  manager.WDListener - Send Keys input
18:35:36.146 INFO  manager.WDListener - Send Keys input
18:35:36.156 INFO  manager.WDListener - Send Keys input
18:35:36.172 INFO  manager.WDListener - After find element By.xpath: //input[@placeholder='Address']
18:35:36.175 INFO  manager.WDListener - Location of element input
18:35:36.181 INFO  manager.WDListener - Before click element --> inputtext=
18:35:36.254 INFO  manager.WDListener - After click element input
18:35:36.272 INFO  manager.WDListener - Send Keys input
18:35:36.284 INFO  manager.WDListener - Send Keys input
18:35:36.289 INFO  manager.WDListener - Send Keys input
18:35:36.305 INFO  manager.WDListener - After find element By.xpath: //input[@placeholder='description']
18:35:36.308 INFO  manager.WDListener - Location of element input
18:35:36.315 INFO  manager.WDListener - Before click element --> inputtext=
18:35:36.400 INFO  manager.WDListener - After click element input
18:35:36.414 INFO  manager.WDListener - Send Keys input
18:35:36.429 INFO  manager.WDListener - Send Keys input
18:35:36.437 INFO  manager.WDListener - Send Keys input
18:35:36.456 INFO  manager.WDListener - After find element By.xpath: //b[text()='Save']
18:35:36.459 INFO  manager.WDListener - Location of element b
18:35:36.467 INFO  manager.WDListener - Before click element --> btext=Save
18:35:36.547 INFO  manager.WDListener - After click element b
18:35:36.547 INFO  manager.WDListener - Before find element By.cssSelector: a.active[href='/add']
18:35:36.566 INFO  manager.WDListener - Houston, we have a problem!
18:35:36.566 INFO  manager.WDListener - +++++++++++++++++++++++++++++++
18:35:36.566 INFO  manager.WDListener - Object target org.openqa.selenium.remote.RemoteWebDriver$RemoteTargetLocator@6f4d2294
18:35:36.566 INFO  manager.WDListener - +++++++++++++++++++++++++++++++
18:35:36.566 INFO  manager.WDListener - Method name alert
18:35:36.567 INFO  manager.WDListener - +++++++++++++++++++++++++++++++
18:35:36.567 INFO  manager.WDListener - InvocationTargetException org.openqa.selenium.NoAlertPresentException: Build info: version: '4.26.0', revision: '8ccf0219d7'
System info: os.name: 'Windows 11', os.arch: 'amd64', os.version: '10.0', java.version: '17.0.12'
Driver info: org.openqa.selenium.firefox.FirefoxDriver
Command: [b5d95ec1-a7ea-4f91-9904-e418736707a3, getAlertText {}]
Capabilities {acceptInsecureCerts: true, browserName: firefox, browserVersion: 148.0, moz:accessibilityChecks: false, moz:buildID: 20260216153405, moz:geckodriverVersion: 0.36.0, moz:headless: false, moz:platformVersion: 10.0, moz:processID: 28596, moz:profile: C:\Users\np170\AppData\Loca..., moz:shutdownTimeout: 60000, moz:webdriverClick: true, moz:windowless: false, pageLoadStrategy: normal, platformName: windows, proxy: Proxy(), setWindowRect: true, strictFileInteractability: false, timeouts: {implicit: 0, pageLoad: 300000, script: 30000}, unhandledPromptBehavior: dismiss and notify, userAgent: Mozilla/5.0 (Windows NT 10....}
Session ID: b5d95ec1-a7ea-4f91-9904-e418736707a3
18:35:36.567 INFO  manager.WDListener - +++++++++++++++++++++++++++++++
18:35:36.567 INFO  manager.WDListener - Screen with error is src/test/screenshots/screen_1269.png
18:35:37.109 INFO  manager.TestNGListener - Start test addNewContactWrongPhone=================
18:35:37.109 INFO  tests.TestBase - +++++++++++++++++++++++++++++++
18:35:37.109 INFO  tests.TestBase - Name of method -->addNewContactWrongPhone
18:35:37.110 INFO  manager.TestNGListener - Start test addNewContactWrongPhone=================
18:35:37.117 INFO  manager.WDListener - After find element By.xpath: //*[@href='/add']
18:35:37.120 INFO  manager.WDListener - Location of element a
18:35:37.127 INFO  manager.WDListener - Before click element --> atext=ADD
18:35:37.197 INFO  manager.WDListener - After click element a
18:35:37.203 INFO  manager.WDListener - After find element By.xpath: //input[@placeholder='Name']
18:35:37.207 INFO  manager.WDListener - Location of element input
18:35:37.215 INFO  manager.WDListener - Before click element --> inputtext=
18:35:37.278 INFO  manager.WDListener - After click element input
18:35:37.289 INFO  manager.WDListener - Send Keys input
18:35:37.305 INFO  manager.WDListener - Send Keys input
18:35:37.317 INFO  manager.WDListener - Send Keys input
18:35:37.331 INFO  manager.WDListener - After find element By.xpath: //input[@placeholder='Last Name']
18:35:37.334 INFO  manager.WDListener - Location of element input
18:35:37.341 INFO  manager.WDListener - Before click element --> inputtext=
18:35:37.417 INFO  manager.WDListener - After click element input
18:35:37.428 INFO  manager.WDListener - Send Keys input
18:35:37.440 INFO  manager.WDListener - Send Keys input
18:35:37.450 INFO  manager.WDListener - Send Keys input
18:35:37.466 INFO  manager.WDListener - After find element By.xpath: //input[@placeholder='Phone']
18:35:37.469 INFO  manager.WDListener - Location of element input
18:35:37.483 INFO  manager.WDListener - Before click element --> inputtext=
18:35:37.546 INFO  manager.WDListener - After click element input
18:35:37.560 INFO  manager.WDListener - Send Keys input
18:35:37.593 INFO  manager.WDListener - Send Keys input
18:35:37.602 INFO  manager.WDListener - Send Keys input
18:35:37.627 INFO  manager.WDListener - After find element By.xpath: //input[@placeholder='email']
18:35:37.630 INFO  manager.WDListener - Location of element input
18:35:37.639 INFO  manager.WDListener - Before click element --> inputtext=
18:35:37.719 INFO  manager.WDListener - After click element input
18:35:37.731 INFO  manager.WDListener - Send Keys input
18:35:37.743 INFO  manager.WDListener - Send Keys input
18:35:37.754 INFO  manager.WDListener - Send Keys input
18:35:37.776 INFO  manager.WDListener - After find element By.xpath: //input[@placeholder='Address']
18:35:37.779 INFO  manager.WDListener - Location of element input
18:35:37.786 INFO  manager.WDListener - Before click element --> inputtext=
18:35:37.858 INFO  manager.WDListener - After click element input
18:35:37.867 INFO  manager.WDListener - Send Keys input
18:35:37.879 INFO  manager.WDListener - Send Keys input
18:35:37.886 INFO  manager.WDListener - Send Keys input
18:35:37.903 INFO  manager.WDListener - After find element By.xpath: //input[@placeholder='description']
18:35:37.908 INFO  manager.WDListener - Location of element input
18:35:37.916 INFO  manager.WDListener - Before click element --> inputtext=
18:35:37.983 INFO  manager.WDListener - After click element input
18:35:37.991 INFO  manager.WDListener - Send Keys input
18:35:38.004 INFO  manager.WDListener - Send Keys input
18:35:38.014 INFO  manager.WDListener - Send Keys input
18:35:38.030 INFO  manager.WDListener - After find element By.xpath: //b[text()='Save']
18:35:38.033 INFO  manager.WDListener - Location of element b
18:35:38.046 INFO  manager.WDListener - Before click element --> btext=Save
18:35:38.109 INFO  manager.WDListener - After click element b
18:35:38.110 INFO  manager.WDListener - Before find element By.cssSelector: a.active[href='/add']
18:35:38.121 INFO  manager.WDListener - Houston, we have a problem!
18:35:38.121 INFO  manager.WDListener - +++++++++++++++++++++++++++++++
18:35:38.121 INFO  manager.WDListener - Object target org.openqa.selenium.remote.RemoteWebDriver$RemoteTargetLocator@45849604
18:35:38.121 INFO  manager.WDListener - +++++++++++++++++++++++++++++++
18:35:38.121 INFO  manager.WDListener - Method name alert
18:35:38.121 INFO  manager.WDListener - +++++++++++++++++++++++++++++++
18:35:38.121 INFO  manager.WDListener - InvocationTargetException org.openqa.selenium.NoAlertPresentException: Build info: version: '4.26.0', revision: '8ccf0219d7'
System info: os.name: 'Windows 11', os.arch: 'amd64', os.version: '10.0', java.version: '17.0.12'
Driver info: org.openqa.selenium.firefox.FirefoxDriver
Command: [b5d95ec1-a7ea-4f91-9904-e418736707a3, getAlertText {}]
Capabilities {acceptInsecureCerts: true, browserName: firefox, browserVersion: 148.0, moz:accessibilityChecks: false, moz:buildID: 20260216153405, moz:geckodriverVersion: 0.36.0, moz:headless: false, moz:platformVersion: 10.0, moz:processID: 28596, moz:profile: C:\Users\np170\AppData\Loca..., moz:shutdownTimeout: 60000, moz:webdriverClick: true, moz:windowless: false, pageLoadStrategy: normal, platformName: windows, proxy: Proxy(), setWindowRect: true, strictFileInteractability: false, timeouts: {implicit: 0, pageLoad: 300000, script: 30000}, unhandledPromptBehavior: dismiss and notify, userAgent: Mozilla/5.0 (Windows NT 10....}
Session ID: b5d95ec1-a7ea-4f91-9904-e418736707a3
18:35:38.121 INFO  manager.WDListener - +++++++++++++++++++++++++++++++
18:35:38.121 INFO  manager.WDListener - Screen with error is src/test/screenshots/screen_1442.png
18:35:38.659 INFO  manager.TestNGListener - Start test addNewContactWrongPhone=================
18:35:38.659 INFO  tests.TestBase - +++++++++++++++++++++++++++++++
18:35:38.661 INFO  tests.TestBase - Name of method -->addNewContactWrongPhone
18:35:38.661 INFO  manager.TestNGListener - Start test addNewContactWrongPhone=================
18:35:38.672 INFO  manager.WDListener - After find element By.xpath: //*[@href='/add']
18:35:38.676 INFO  manager.WDListener - Location of element a
18:35:38.685 INFO  manager.WDListener - Before click element --> atext=ADD
18:35:38.751 INFO  manager.WDListener - After click element a
18:35:38.757 INFO  manager.WDListener - After find element By.xpath: //input[@placeholder='Name']
18:35:38.759 INFO  manager.WDListener - Location of element input
18:35:38.765 INFO  manager.WDListener - Before click element --> inputtext=
18:35:38.832 INFO  manager.WDListener - After click element input
18:35:38.845 INFO  manager.WDListener - Send Keys input
18:35:38.855 INFO  manager.WDListener - Send Keys input
18:35:38.864 INFO  manager.WDListener - Send Keys input
18:35:38.879 INFO  manager.WDListener - After find element By.xpath: //input[@placeholder='Last Name']
18:35:38.884 INFO  manager.WDListener - Location of element input
18:35:38.894 INFO  manager.WDListener - Before click element --> inputtext=
18:35:38.961 INFO  manager.WDListener - After click element input
18:35:38.977 INFO  manager.WDListener - Send Keys input
18:35:38.992 INFO  manager.WDListener - Send Keys input
18:35:38.999 INFO  manager.WDListener - Send Keys input
18:35:39.012 INFO  manager.WDListener - After find element By.xpath: //input[@placeholder='Phone']
18:35:39.014 INFO  manager.WDListener - Location of element input
18:35:39.020 INFO  manager.WDListener - Before click element --> inputtext=
18:35:39.098 INFO  manager.WDListener - After click element input
18:35:39.108 INFO  manager.WDListener - Send Keys input
18:35:39.119 INFO  manager.WDListener - Send Keys input
18:35:39.125 INFO  manager.WDListener - Send Keys input
18:35:39.139 INFO  manager.WDListener - After find element By.xpath: //input[@placeholder='email']
18:35:39.145 INFO  manager.WDListener - Location of element input
18:35:39.154 INFO  manager.WDListener - Before click element --> inputtext=
18:35:39.222 INFO  manager.WDListener - After click element input
18:35:39.234 INFO  manager.WDListener - Send Keys input
18:35:39.256 INFO  manager.WDListener - Send Keys input
18:35:39.269 INFO  manager.WDListener - Send Keys input
18:35:39.293 INFO  manager.WDListener - After find element By.xpath: //input[@placeholder='Address']
18:35:39.297 INFO  manager.WDListener - Location of element input
18:35:39.306 INFO  manager.WDListener - Before click element --> inputtext=
18:35:39.380 INFO  manager.WDListener - After click element input
18:35:39.396 INFO  manager.WDListener - Send Keys input
18:35:39.413 INFO  manager.WDListener - Send Keys input
18:35:39.422 INFO  manager.WDListener - Send Keys input
18:35:39.439 INFO  manager.WDListener - After find element By.xpath: //input[@placeholder='description']
18:35:39.443 INFO  manager.WDListener - Location of element input
18:35:39.452 INFO  manager.WDListener - Before click element --> inputtext=
18:35:39.516 INFO  manager.WDListener - After click element input
18:35:39.524 INFO  manager.WDListener - Send Keys input
18:35:39.535 INFO  manager.WDListener - Send Keys input
18:35:39.543 INFO  manager.WDListener - Send Keys input
18:35:39.558 INFO  manager.WDListener - After find element By.xpath: //b[text()='Save']
18:35:39.560 INFO  manager.WDListener - Location of element b
18:35:39.566 INFO  manager.WDListener - Before click element --> btext=Save
18:35:39.641 INFO  manager.WDListener - After click element b
18:35:39.641 INFO  manager.WDListener - Before find element By.cssSelector: a.active[href='/add']
18:35:39.662 INFO  manager.WDListener - Houston, we have a problem!
18:35:39.663 INFO  manager.WDListener - +++++++++++++++++++++++++++++++
18:35:39.663 INFO  manager.WDListener - Object target org.openqa.selenium.remote.RemoteWebDriver$RemoteTargetLocator@1791e231
18:35:39.663 INFO  manager.WDListener - +++++++++++++++++++++++++++++++
18:35:39.663 INFO  manager.WDListener - Method name alert
18:35:39.663 INFO  manager.WDListener - +++++++++++++++++++++++++++++++
18:35:39.663 INFO  manager.WDListener - InvocationTargetException org.openqa.selenium.NoAlertPresentException: Build info: version: '4.26.0', revision: '8ccf0219d7'
System info: os.name: 'Windows 11', os.arch: 'amd64', os.version: '10.0', java.version: '17.0.12'
Driver info: org.openqa.selenium.firefox.FirefoxDriver
Command: [b5d95ec1-a7ea-4f91-9904-e418736707a3, getAlertText {}]
Capabilities {acceptInsecureCerts: true, browserName: firefox, browserVersion: 148.0, moz:accessibilityChecks: false, moz:buildID: 20260216153405, moz:geckodriverVersion: 0.36.0, moz:headless: false, moz:platformVersion: 10.0, moz:processID: 28596, moz:profile: C:\Users\np170\AppData\Loca..., moz:shutdownTimeout: 60000, moz:webdriverClick: true, moz:windowless: false, pageLoadStrategy: normal, platformName: windows, proxy: Proxy(), setWindowRect: true, strictFileInteractability: false, timeouts: {implicit: 0, pageLoad: 300000, script: 30000}, unhandledPromptBehavior: dismiss and notify, userAgent: Mozilla/5.0 (Windows NT 10....}
Session ID: b5d95ec1-a7ea-4f91-9904-e418736707a3
18:35:39.663 INFO  manager.WDListener - +++++++++++++++++++++++++++++++
18:35:39.663 INFO  manager.WDListener - Screen with error is src/test/screenshots/screen_1937.png
18:35:40.208 INFO  manager.TestNGListener - Start test addNewContactWrongPhone=================
18:35:40.209 INFO  tests.TestBase - +++++++++++++++++++++++++++++++
18:35:40.214 INFO  tests.TestBase - Name of method -->loginSuccess
18:35:40.215 INFO  manager.WDListener - Before find element By.xpath: //button[text()='Sign Out']
18:35:40.234 INFO  manager.WDListener - After find element By.xpath: //button[text()='Sign Out']
18:35:40.238 INFO  manager.WDListener - Location of element button
18:35:40.248 INFO  manager.WDListener - Before click element --> buttontext=Sign Out
18:35:40.327 INFO  tests.TestBase - Before method finished logout
18:35:40.327 INFO  manager.TestNGListener - Start test loginSuccess=================
18:35:40.328 INFO  tests.TestBase - Start test loginSuccess
18:35:40.328 INFO  tests.TestBase - Test data np7788@inbox.ru and password WadiNisnas8#
18:35:40.338 INFO  manager.WDListener - After find element By.cssSelector: a[href='/login']
18:35:40.343 INFO  manager.WDListener - Location of element a
18:35:40.356 INFO  manager.WDListener - Before click element --> atext=LOGIN
18:35:40.417 INFO  manager.WDListener - After click element a
18:35:40.426 INFO  manager.WDListener - After find element By.name: email
18:35:40.431 INFO  manager.WDListener - Location of element input
18:35:40.440 INFO  manager.WDListener - Before click element --> inputtext=
18:35:40.510 INFO  manager.WDListener - After click element input
18:35:40.516 INFO  manager.WDListener - Send Keys input
18:35:40.529 INFO  manager.WDListener - Send Keys input
18:35:40.538 INFO  manager.WDListener - Send Keys input
18:35:40.554 INFO  manager.WDListener - After find element By.xpath: //button[text()='Login']
18:35:40.558 INFO  manager.WDListener - Location of element button
18:35:40.568 INFO  manager.WDListener - Before click element --> buttontext=Login
18:35:40.641 INFO  manager.WDListener - Before find element By.xpath: //button[text()='Sign Out']
18:35:40.971 INFO  manager.WDListener - Houston, we have a problem!
18:35:40.971 INFO  manager.WDListener - +++++++++++++++++++++++++++++++
18:35:40.971 INFO  manager.WDListener - Object target FirefoxDriver: firefox on windows (b5d95ec1-a7ea-4f91-9904-e418736707a3)
18:35:40.971 INFO  manager.WDListener - +++++++++++++++++++++++++++++++
18:35:40.971 INFO  manager.WDListener - Method name findElements
18:35:40.971 INFO  manager.WDListener - +++++++++++++++++++++++++++++++
18:35:40.971 INFO  manager.WDListener - InvocationTargetException org.openqa.selenium.WebDriverException: Failed to interpret value as array
Build info: version: '4.26.0', revision: '8ccf0219d7'
System info: os.name: 'Windows 11', os.arch: 'amd64', os.version: '10.0', java.version: '17.0.12'
Driver info: org.openqa.selenium.firefox.FirefoxDriver
Command: [b5d95ec1-a7ea-4f91-9904-e418736707a3, findElements {value=//button[text()='Sign Out'], using=xpath}]
Capabilities {acceptInsecureCerts: true, browserName: firefox, browserVersion: 148.0, moz:accessibilityChecks: false, moz:buildID: 20260216153405, moz:geckodriverVersion: 0.36.0, moz:headless: false, moz:platformVersion: 10.0, moz:processID: 28596, moz:profile: C:\Users\np170\AppData\Loca..., moz:shutdownTimeout: 60000, moz:webdriverClick: true, moz:windowless: false, pageLoadStrategy: normal, platformName: windows, proxy: Proxy(), setWindowRect: true, strictFileInteractability: false, timeouts: {implicit: 0, pageLoad: 300000, script: 30000}, unhandledPromptBehavior: dismiss and notify, userAgent: Mozilla/5.0 (Windows NT 10....}
Session ID: b5d95ec1-a7ea-4f91-9904-e418736707a3
18:35:40.972 INFO  manager.WDListener - +++++++++++++++++++++++++++++++
18:35:40.972 INFO  manager.WDListener - Screen with error is src/test/screenshots/screen_1104.png
18:35:40.998 INFO  manager.TestNGListener - Start test loginSuccess=================
18:35:40.999 INFO  tests.TestBase - +++++++++++++++++++++++++++++++
18:35:41.000 INFO  tests.TestBase - Name of method -->loginSuccess
18:35:41.001 INFO  manager.WDListener - Before find element By.xpath: //button[text()='Sign Out']
18:35:46.008 INFO  manager.TestNGListener - Start test loginSuccess=================
18:35:46.008 INFO  tests.TestBase - Start test loginSuccess
18:35:46.008 INFO  tests.TestBase - Test data np77@inbox.ru and password Satiblai4t!
18:35:46.018 INFO  manager.WDListener - After find element By.cssSelector: a[href='/login']
18:35:46.023 INFO  manager.WDListener - Location of element a
18:35:46.032 INFO  manager.WDListener - Before click element --> atext=LOGIN
18:35:46.106 INFO  manager.WDListener - After click element a
18:35:46.116 INFO  manager.WDListener - After find element By.name: email
18:35:46.119 INFO  manager.WDListener - Location of element input
18:35:46.128 INFO  manager.WDListener - Before click element --> inputtext=
18:35:46.200 INFO  manager.WDListener - After click element input
18:35:46.208 INFO  manager.WDListener - Send Keys input
18:35:46.222 INFO  manager.WDListener - Send Keys input
18:35:46.230 INFO  manager.WDListener - Send Keys input
18:35:46.258 INFO  manager.WDListener - After find element By.xpath: //button[text()='Login']
18:35:46.261 INFO  manager.WDListener - Location of element button
18:35:46.271 INFO  manager.WDListener - Before click element --> buttontext=Login
18:35:46.344 INFO  manager.WDListener - Before find element By.xpath: //button[text()='Sign Out']
18:35:46.664 INFO  manager.WDListener - Houston, we have a problem!
18:35:46.664 INFO  manager.WDListener - +++++++++++++++++++++++++++++++
18:35:46.665 INFO  manager.WDListener - Object target FirefoxDriver: firefox on windows (b5d95ec1-a7ea-4f91-9904-e418736707a3)
18:35:46.665 INFO  manager.WDListener - +++++++++++++++++++++++++++++++
18:35:46.665 INFO  manager.WDListener - Method name findElements
18:35:46.665 INFO  manager.WDListener - +++++++++++++++++++++++++++++++
18:35:46.665 INFO  manager.WDListener - InvocationTargetException org.openqa.selenium.WebDriverException: Failed to interpret value as array
Build info: version: '4.26.0', revision: '8ccf0219d7'
System info: os.name: 'Windows 11', os.arch: 'amd64', os.version: '10.0', java.version: '17.0.12'
Driver info: org.openqa.selenium.firefox.FirefoxDriver
Command: [b5d95ec1-a7ea-4f91-9904-e418736707a3, findElements {value=//button[text()='Sign Out'], using=xpath}]
Capabilities {acceptInsecureCerts: true, browserName: firefox, browserVersion: 148.0, moz:accessibilityChecks: false, moz:buildID: 20260216153405, moz:geckodriverVersion: 0.36.0, moz:headless: false, moz:platformVersion: 10.0, moz:processID: 28596, moz:profile: C:\Users\np170\AppData\Loca..., moz:shutdownTimeout: 60000, moz:webdriverClick: true, moz:windowless: false, pageLoadStrategy: normal, platformName: windows, proxy: Proxy(), setWindowRect: true, strictFileInteractability: false, timeouts: {implicit: 0, pageLoad: 300000, script: 30000}, unhandledPromptBehavior: dismiss and notify, userAgent: Mozilla/5.0 (Windows NT 10....}
Session ID: b5d95ec1-a7ea-4f91-9904-e418736707a3
18:35:46.665 INFO  manager.WDListener - +++++++++++++++++++++++++++++++
18:35:46.665 INFO  manager.WDListener - Screen with error is src/test/screenshots/screen_1017.png
18:35:46.682 INFO  manager.TestNGListener - Start test loginSuccess=================
18:35:46.683 INFO  tests.TestBase - +++++++++++++++++++++++++++++++
18:35:46.684 INFO  tests.TestBase - Name of method -->loginSuccess
18:35:46.684 INFO  manager.WDListener - Before find element By.xpath: //button[text()='Sign Out']
18:35:51.704 INFO  manager.TestNGListener - Start test loginSuccess=================
18:35:51.705 INFO  tests.TestBase - Start test loginSuccess
18:35:51.705 INFO  tests.TestBase - Test data np7788@inbox.ru and password WadiNisnas8#
18:35:51.719 INFO  manager.WDListener - After find element By.cssSelector: a[href='/login']
18:35:51.724 INFO  manager.WDListener - Location of element a
18:35:51.736 INFO  manager.WDListener - Before click element --> atext=LOGIN
18:35:51.817 INFO  manager.WDListener - After click element a
18:35:51.828 INFO  manager.WDListener - After find element By.name: email
18:35:51.833 INFO  manager.WDListener - Location of element input
18:35:51.845 INFO  manager.WDListener - Before click element --> inputtext=
18:35:51.925 INFO  manager.WDListener - After click element input
18:35:51.938 INFO  manager.WDListener - Send Keys input
18:35:51.950 INFO  manager.WDListener - Send Keys input
18:35:51.960 INFO  manager.WDListener - Send Keys input
18:35:51.977 INFO  manager.WDListener - After find element By.xpath: //button[text()='Login']
18:35:51.981 INFO  manager.WDListener - Location of element button
18:35:51.988 INFO  manager.WDListener - Before click element --> buttontext=Login
18:35:52.070 INFO  manager.WDListener - Before find element By.xpath: //button[text()='Sign Out']
18:35:52.383 INFO  manager.WDListener - Houston, we have a problem!
18:35:52.383 INFO  manager.WDListener - +++++++++++++++++++++++++++++++
18:35:52.383 INFO  manager.WDListener - Object target FirefoxDriver: firefox on windows (b5d95ec1-a7ea-4f91-9904-e418736707a3)
18:35:52.383 INFO  manager.WDListener - +++++++++++++++++++++++++++++++
18:35:52.383 INFO  manager.WDListener - Method name findElements
18:35:52.383 INFO  manager.WDListener - +++++++++++++++++++++++++++++++
18:35:52.383 INFO  manager.WDListener - InvocationTargetException org.openqa.selenium.WebDriverException: Failed to interpret value as array
Build info: version: '4.26.0', revision: '8ccf0219d7'
System info: os.name: 'Windows 11', os.arch: 'amd64', os.version: '10.0', java.version: '17.0.12'
Driver info: org.openqa.selenium.firefox.FirefoxDriver
Command: [b5d95ec1-a7ea-4f91-9904-e418736707a3, findElements {value=//button[text()='Sign Out'], using=xpath}]
Capabilities {acceptInsecureCerts: true, browserName: firefox, browserVersion: 148.0, moz:accessibilityChecks: false, moz:buildID: 20260216153405, moz:geckodriverVersion: 0.36.0, moz:headless: false, moz:platformVersion: 10.0, moz:processID: 28596, moz:profile: C:\Users\np170\AppData\Loca..., moz:shutdownTimeout: 60000, moz:webdriverClick: true, moz:windowless: false, pageLoadStrategy: normal, platformName: windows, proxy: Proxy(), setWindowRect: true, strictFileInteractability: false, timeouts: {implicit: 0, pageLoad: 300000, script: 30000}, unhandledPromptBehavior: dismiss and notify, userAgent: Mozilla/5.0 (Windows NT 10....}
Session ID: b5d95ec1-a7ea-4f91-9904-e418736707a3
18:35:52.383 INFO  manager.WDListener - +++++++++++++++++++++++++++++++
18:35:52.383 INFO  manager.WDListener - Screen with error is src/test/screenshots/screen_1756.png
18:35:52.395 INFO  manager.TestNGListener - Start test loginSuccess=================
18:35:52.399 INFO  tests.TestBase - +++++++++++++++++++++++++++++++
18:35:52.399 INFO  tests.TestBase - Name of method -->loginSuccess
18:35:52.400 INFO  manager.WDListener - Before find element By.xpath: //button[text()='Sign Out']
18:35:57.422 INFO  manager.TestNGListener - Start test loginSuccess=================
18:35:57.422 INFO  tests.TestBase - Start test loginSuccess
18:35:57.423 INFO  tests.TestBase - Test data np7788@inbox.ru and password WadiNisnas8#
18:35:57.435 INFO  manager.WDListener - After find element By.cssSelector: a[href='/login']
18:35:57.440 INFO  manager.WDListener - Location of element a
18:35:57.453 INFO  manager.WDListener - Before click element --> atext=LOGIN
18:35:57.534 INFO  manager.WDListener - After click element a
18:35:57.545 INFO  manager.WDListener - After find element By.name: email
18:35:57.551 INFO  manager.WDListener - Location of element input
18:35:57.562 INFO  manager.WDListener - Before click element --> inputtext=
18:35:57.641 INFO  manager.WDListener - After click element input
18:35:57.656 INFO  manager.WDListener - Send Keys input
18:35:57.669 INFO  manager.WDListener - Send Keys input
18:35:57.678 INFO  manager.WDListener - Send Keys input
18:35:57.701 INFO  manager.WDListener - After find element By.xpath: //button[text()='Login']
18:35:57.705 INFO  manager.WDListener - Location of element button
18:35:57.715 INFO  manager.WDListener - Before click element --> buttontext=Login
18:35:57.788 INFO  manager.WDListener - Before find element By.xpath: //button[text()='Sign Out']
18:35:58.112 INFO  manager.WDListener - Houston, we have a problem!
18:35:58.112 INFO  manager.WDListener - +++++++++++++++++++++++++++++++
18:35:58.113 INFO  manager.WDListener - Object target FirefoxDriver: firefox on windows (b5d95ec1-a7ea-4f91-9904-e418736707a3)
18:35:58.113 INFO  manager.WDListener - +++++++++++++++++++++++++++++++
18:35:58.113 INFO  manager.WDListener - Method name findElements
18:35:58.113 INFO  manager.WDListener - +++++++++++++++++++++++++++++++
18:35:58.113 INFO  manager.WDListener - InvocationTargetException org.openqa.selenium.WebDriverException: Failed to interpret value as array
Build info: version: '4.26.0', revision: '8ccf0219d7'
System info: os.name: 'Windows 11', os.arch: 'amd64', os.version: '10.0', java.version: '17.0.12'
Driver info: org.openqa.selenium.firefox.FirefoxDriver
Command: [b5d95ec1-a7ea-4f91-9904-e418736707a3, findElements {value=//button[text()='Sign Out'], using=xpath}]
Capabilities {acceptInsecureCerts: true, browserName: firefox, browserVersion: 148.0, moz:accessibilityChecks: false, moz:buildID: 20260216153405, moz:geckodriverVersion: 0.36.0, moz:headless: false, moz:platformVersion: 10.0, moz:processID: 28596, moz:profile: C:\Users\np170\AppData\Loca..., moz:shutdownTimeout: 60000, moz:webdriverClick: true, moz:windowless: false, pageLoadStrategy: normal, platformName: windows, proxy: Proxy(), setWindowRect: true, strictFileInteractability: false, timeouts: {implicit: 0, pageLoad: 300000, script: 30000}, unhandledPromptBehavior: dismiss and notify, userAgent: Mozilla/5.0 (Windows NT 10....}
Session ID: b5d95ec1-a7ea-4f91-9904-e418736707a3
18:35:58.113 INFO  manager.WDListener - +++++++++++++++++++++++++++++++
18:35:58.113 INFO  manager.WDListener - Screen with error is src/test/screenshots/screen_1190.png
18:35:58.131 INFO  manager.TestNGListener - Start test loginSuccess=================
18:35:58.134 INFO  tests.TestBase - +++++++++++++++++++++++++++++++
18:35:58.140 INFO  tests.TestBase - Name of method -->loginSuccessModel
18:35:58.141 INFO  manager.WDListener - Before find element By.xpath: //button[text()='Sign Out']
18:36:03.159 INFO  manager.TestNGListener - Start test loginSuccessModel=================
18:36:03.160 INFO  tests.TestBase - Test data User{email='np7788@inbox.ru', password='WadiNisnas8#'}
18:36:03.174 INFO  manager.WDListener - After find element By.cssSelector: a[href='/login']
18:36:03.180 INFO  manager.WDListener - Location of element a
18:36:03.191 INFO  manager.WDListener - Before click element --> atext=LOGIN
18:36:03.273 INFO  manager.WDListener - After click element a
18:36:03.284 INFO  manager.WDListener - After find element By.name: email
18:36:03.288 INFO  manager.WDListener - Location of element input
18:36:03.303 INFO  manager.WDListener - Before click element --> inputtext=
18:36:03.383 INFO  manager.WDListener - After click element input
18:36:03.397 INFO  manager.WDListener - Send Keys input
18:36:03.411 INFO  manager.WDListener - Send Keys input
18:36:03.419 INFO  manager.WDListener - Send Keys input
18:36:03.437 INFO  manager.WDListener - After find element By.name: password
18:36:03.440 INFO  manager.WDListener - Location of element input
18:36:03.447 INFO  manager.WDListener - Before click element --> inputtext=
18:36:03.523 INFO  manager.WDListener - After click element input
18:36:03.533 INFO  manager.WDListener - Send Keys input
18:36:03.545 INFO  manager.WDListener - Send Keys input
18:36:03.551 INFO  manager.WDListener - Send Keys input
18:36:03.587 INFO  manager.WDListener - After find element By.xpath: //button[text()='Login']
18:36:03.590 INFO  manager.WDListener - Location of element button
18:36:03.598 INFO  manager.WDListener - Before click element --> buttontext=Login
18:36:03.675 INFO  manager.WDListener - Before find element By.xpath: //button[text()='Sign Out']
18:36:03.887 INFO  tests.TestBase - Assert checks if element button 'Sign out' is present
18:36:03.888 INFO  manager.TestNGListener - Start test loginSuccessModel=================
18:36:03.889 INFO  tests.TestBase - +++++++++++++++++++++++++++++++
18:36:03.891 INFO  tests.TestBase - Name of method -->loginSuccessModel
18:36:03.892 INFO  manager.WDListener - Before find element By.xpath: //button[text()='Sign Out']
18:36:03.910 INFO  manager.WDListener - After find element By.xpath: //button[text()='Sign Out']
18:36:03.914 INFO  manager.WDListener - Location of element button
18:36:03.923 INFO  manager.WDListener - Before click element --> buttontext=Sign Out
18:36:04.001 INFO  tests.TestBase - Before method finished logout
18:36:04.001 INFO  manager.TestNGListener - Start test loginSuccessModel=================
18:36:04.002 INFO  tests.TestBase - Test data User{email='np77@inbox.ru', password='Satiblai4t!'}
18:36:04.014 INFO  manager.WDListener - After find element By.cssSelector: a[href='/login']
18:36:04.019 INFO  manager.WDListener - Location of element a
18:36:04.028 INFO  manager.WDListener - Before click element --> atext=LOGIN
18:36:04.108 INFO  manager.WDListener - After click element a
18:36:04.119 INFO  manager.WDListener - After find element By.name: email
18:36:04.123 INFO  manager.WDListener - Location of element input
18:36:04.136 INFO  manager.WDListener - Before click element --> inputtext=
18:36:04.201 INFO  manager.WDListener - After click element input
18:36:04.208 INFO  manager.WDListener - Send Keys input
18:36:04.220 INFO  manager.WDListener - Send Keys input
18:36:04.230 INFO  manager.WDListener - Send Keys input
18:36:04.251 INFO  manager.WDListener - After find element By.name: password
18:36:04.255 INFO  manager.WDListener - Location of element input
18:36:04.263 INFO  manager.WDListener - Before click element --> inputtext=
18:36:04.341 INFO  manager.WDListener - After click element input
18:36:04.353 INFO  manager.WDListener - Send Keys input
18:36:04.370 INFO  manager.WDListener - Send Keys input
18:36:04.382 INFO  manager.WDListener - Send Keys input
18:36:04.399 INFO  manager.WDListener - After find element By.xpath: //button[text()='Login']
18:36:04.403 INFO  manager.WDListener - Location of element button
18:36:04.411 INFO  manager.WDListener - Before click element --> buttontext=Login
18:36:04.482 INFO  manager.WDListener - Before find element By.xpath: //button[text()='Sign Out']
18:36:04.692 INFO  tests.TestBase - Assert checks if element button 'Sign out' is present
18:36:04.692 INFO  manager.TestNGListener - Start test loginSuccessModel=================
18:36:04.692 INFO  tests.TestBase - +++++++++++++++++++++++++++++++
18:36:04.693 INFO  tests.TestBase - Name of method -->loginSuccessModel
18:36:04.694 INFO  manager.WDListener - Before find element By.xpath: //button[text()='Sign Out']
18:36:04.714 INFO  manager.WDListener - After find element By.xpath: //button[text()='Sign Out']
18:36:04.719 INFO  manager.WDListener - Location of element button
18:36:04.730 INFO  manager.WDListener - Before click element --> buttontext=Sign Out
18:36:04.811 INFO  tests.TestBase - Before method finished logout
18:36:04.812 INFO  manager.TestNGListener - Start test loginSuccessModel=================
18:36:04.812 INFO  tests.TestBase - Test data User{email='np7788@inbox.ru', password='WadiNisnas8#'}
18:36:04.822 INFO  manager.WDListener - After find element By.cssSelector: a[href='/login']
18:36:04.826 INFO  manager.WDListener - Location of element a
18:36:04.837 INFO  manager.WDListener - Before click element --> atext=LOGIN
18:36:04.918 INFO  manager.WDListener - After click element a
18:36:04.928 INFO  manager.WDListener - After find element By.name: email
18:36:04.934 INFO  manager.WDListener - Location of element input
18:36:04.946 INFO  manager.WDListener - Before click element --> inputtext=
18:36:05.014 INFO  manager.WDListener - After click element input
18:36:05.024 INFO  manager.WDListener - Send Keys input
18:36:05.034 INFO  manager.WDListener - Send Keys input
18:36:05.043 INFO  manager.WDListener - Send Keys input
18:36:05.059 INFO  manager.WDListener - After find element By.name: password
18:36:05.062 INFO  manager.WDListener - Location of element input
18:36:05.069 INFO  manager.WDListener - Before click element --> inputtext=
18:36:05.137 INFO  manager.WDListener - After click element input
18:36:05.146 INFO  manager.WDListener - Send Keys input
18:36:05.155 INFO  manager.WDListener - Send Keys input
18:36:05.167 INFO  manager.WDListener - Send Keys input
18:36:05.183 INFO  manager.WDListener - After find element By.xpath: //button[text()='Login']
18:36:05.187 INFO  manager.WDListener - Location of element button
18:36:05.204 INFO  manager.WDListener - Before click element --> buttontext=Login
18:36:05.278 INFO  manager.WDListener - Before find element By.xpath: //button[text()='Sign Out']
18:36:05.489 INFO  tests.TestBase - Assert checks if element button 'Sign out' is present
18:36:05.489 INFO  manager.TestNGListener - Start test loginSuccessModel=================
18:36:05.490 INFO  tests.TestBase - +++++++++++++++++++++++++++++++
18:36:05.491 INFO  tests.TestBase - Name of method -->loginUnregisteredUser
18:36:05.492 INFO  manager.WDListener - Before find element By.xpath: //button[text()='Sign Out']
18:36:05.512 INFO  manager.WDListener - After find element By.xpath: //button[text()='Sign Out']
18:36:05.517 INFO  manager.WDListener - Location of element button
18:36:05.528 INFO  manager.WDListener - Before click element --> buttontext=Sign Out
18:36:05.602 INFO  tests.TestBase - Before method finished logout
18:36:05.603 INFO  manager.TestNGListener - Start test loginUnregisteredUser=================
18:36:05.604 INFO  tests.TestBase - Test data 'np@inbox.ru' and password 'WadiNisnas5#'
18:36:05.611 INFO  manager.WDListener - After find element By.cssSelector: a[href='/login']
18:36:05.615 INFO  manager.WDListener - Location of element a
18:36:05.624 INFO  manager.WDListener - Before click element --> atext=LOGIN
18:36:05.696 INFO  manager.WDListener - After click element a
18:36:05.707 INFO  manager.WDListener - After find element By.name: email
18:36:05.710 INFO  manager.WDListener - Location of element input
18:36:05.718 INFO  manager.WDListener - Before click element --> inputtext=
18:36:05.793 INFO  manager.WDListener - After click element input
18:36:05.799 INFO  manager.WDListener - Send Keys input
18:36:05.808 INFO  manager.WDListener - Send Keys input
18:36:05.815 INFO  manager.WDListener - Send Keys input
18:36:05.830 INFO  manager.WDListener - After find element By.xpath: //button[text()='Login']
18:36:05.833 INFO  manager.WDListener - Location of element button
18:36:05.840 INFO  manager.WDListener - Before click element --> buttontext=Login
18:36:05.925 INFO  manager.WDListener - Houston, we have a problem!
18:36:05.925 INFO  manager.WDListener - +++++++++++++++++++++++++++++++
18:36:05.925 INFO  manager.WDListener - Object target org.openqa.selenium.remote.RemoteWebDriver$RemoteTargetLocator@72bdbfe9
18:36:05.925 INFO  manager.WDListener - +++++++++++++++++++++++++++++++
18:36:05.925 INFO  manager.WDListener - Method name alert
18:36:05.925 INFO  manager.WDListener - +++++++++++++++++++++++++++++++
18:36:05.925 INFO  manager.WDListener - InvocationTargetException org.openqa.selenium.NoAlertPresentException: Build info: version: '4.26.0', revision: '8ccf0219d7'
System info: os.name: 'Windows 11', os.arch: 'amd64', os.version: '10.0', java.version: '17.0.12'
Driver info: org.openqa.selenium.firefox.FirefoxDriver
Command: [b5d95ec1-a7ea-4f91-9904-e418736707a3, getAlertText {}]
Capabilities {acceptInsecureCerts: true, browserName: firefox, browserVersion: 148.0, moz:accessibilityChecks: false, moz:buildID: 20260216153405, moz:geckodriverVersion: 0.36.0, moz:headless: false, moz:platformVersion: 10.0, moz:processID: 28596, moz:profile: C:\Users\np170\AppData\Loca..., moz:shutdownTimeout: 60000, moz:webdriverClick: true, moz:windowless: false, pageLoadStrategy: normal, platformName: windows, proxy: Proxy(), setWindowRect: true, strictFileInteractability: false, timeouts: {implicit: 0, pageLoad: 300000, script: 30000}, unhandledPromptBehavior: dismiss and notify, userAgent: Mozilla/5.0 (Windows NT 10....}
Session ID: b5d95ec1-a7ea-4f91-9904-e418736707a3
18:36:05.926 INFO  manager.WDListener - +++++++++++++++++++++++++++++++
18:36:05.926 INFO  manager.WDListener - Screen with error is src/test/screenshots/screen_1020.png
18:36:06.548 INFO  tests.TestBase - Assert checks if alert 'Wrong email or password' is present
18:36:06.548 INFO  manager.TestNGListener - Start test loginUnregisteredUser=================
18:36:06.549 INFO  tests.TestBase - +++++++++++++++++++++++++++++++
18:36:06.550 INFO  tests.TestBase - Name of method -->loginWrongEmail
18:36:06.551 INFO  manager.WDListener - Before find element By.xpath: //button[text()='Sign Out']
18:36:11.584 INFO  manager.TestNGListener - Start test loginWrongEmail=================
18:36:11.584 INFO  tests.TestBase - Test data 'np77inbox.ru' and password 'WadiNisnas8#'
18:36:11.594 INFO  manager.WDListener - After find element By.cssSelector: a[href='/login']
18:36:11.599 INFO  manager.WDListener - Location of element a
18:36:11.613 INFO  manager.WDListener - Before click element --> atext=LOGIN
18:36:11.684 INFO  manager.WDListener - After click element a
18:36:11.694 INFO  manager.WDListener - After find element By.name: email
18:36:11.699 INFO  manager.WDListener - Location of element input
18:36:11.708 INFO  manager.WDListener - Before click element --> inputtext=
18:36:11.777 INFO  manager.WDListener - After click element input
18:36:11.788 INFO  manager.WDListener - Send Keys input
18:36:11.799 INFO  manager.WDListener - Send Keys input
18:36:11.810 INFO  manager.WDListener - Send Keys input
18:36:11.825 INFO  manager.WDListener - After find element By.xpath: //button[text()='Login']
18:36:11.828 INFO  manager.WDListener - Location of element button
18:36:11.835 INFO  manager.WDListener - Before click element --> buttontext=Login
18:36:11.914 INFO  manager.WDListener - Houston, we have a problem!
18:36:11.914 INFO  manager.WDListener - +++++++++++++++++++++++++++++++
18:36:11.914 INFO  manager.WDListener - Object target org.openqa.selenium.remote.RemoteWebDriver$RemoteTargetLocator@4769378c
18:36:11.914 INFO  manager.WDListener - +++++++++++++++++++++++++++++++
18:36:11.915 INFO  manager.WDListener - Method name alert
18:36:11.915 INFO  manager.WDListener - +++++++++++++++++++++++++++++++
18:36:11.915 INFO  manager.WDListener - InvocationTargetException org.openqa.selenium.NoAlertPresentException: Build info: version: '4.26.0', revision: '8ccf0219d7'
System info: os.name: 'Windows 11', os.arch: 'amd64', os.version: '10.0', java.version: '17.0.12'
Driver info: org.openqa.selenium.firefox.FirefoxDriver
Command: [b5d95ec1-a7ea-4f91-9904-e418736707a3, getAlertText {}]
Capabilities {acceptInsecureCerts: true, browserName: firefox, browserVersion: 148.0, moz:accessibilityChecks: false, moz:buildID: 20260216153405, moz:geckodriverVersion: 0.36.0, moz:headless: false, moz:platformVersion: 10.0, moz:processID: 28596, moz:profile: C:\Users\np170\AppData\Loca..., moz:shutdownTimeout: 60000, moz:webdriverClick: true, moz:windowless: false, pageLoadStrategy: normal, platformName: windows, proxy: Proxy(), setWindowRect: true, strictFileInteractability: false, timeouts: {implicit: 0, pageLoad: 300000, script: 30000}, unhandledPromptBehavior: dismiss and notify, userAgent: Mozilla/5.0 (Windows NT 10....}
Session ID: b5d95ec1-a7ea-4f91-9904-e418736707a3
18:36:11.915 INFO  manager.WDListener - +++++++++++++++++++++++++++++++
18:36:11.915 INFO  manager.WDListener - Screen with error is src/test/screenshots/screen_1211.png
18:36:12.476 INFO  tests.TestBase - Assert checks if alert 'Wrong email or password' is present
18:36:12.476 INFO  manager.TestNGListener - Start test loginWrongEmail=================
18:36:12.476 INFO  tests.TestBase - +++++++++++++++++++++++++++++++
18:36:12.478 INFO  tests.TestBase - Name of method -->loginWrongPassword
18:36:12.479 INFO  manager.WDListener - Before find element By.xpath: //button[text()='Sign Out']
18:36:17.492 INFO  manager.TestNGListener - Start test loginWrongPassword=================
18:36:17.492 INFO  tests.TestBase - Test data 'np7788@inbox.ru' and password 'WadiNisn'
18:36:17.501 INFO  manager.WDListener - After find element By.cssSelector: a[href='/login']
18:36:17.513 INFO  manager.WDListener - Location of element a
18:36:17.526 INFO  manager.WDListener - Before click element --> atext=LOGIN
18:36:17.603 INFO  manager.WDListener - After click element a
18:36:17.613 INFO  manager.WDListener - After find element By.name: email
18:36:17.616 INFO  manager.WDListener - Location of element input
18:36:17.625 INFO  manager.WDListener - Before click element --> inputtext=
18:36:17.697 INFO  manager.WDListener - After click element input
18:36:17.710 INFO  manager.WDListener - Send Keys input
18:36:17.722 INFO  manager.WDListener - Send Keys input
18:36:17.731 INFO  manager.WDListener - Send Keys input
18:36:17.749 INFO  manager.WDListener - After find element By.xpath: //button[text()='Login']
18:36:17.751 INFO  manager.WDListener - Location of element button
18:36:17.768 INFO  manager.WDListener - Before click element --> buttontext=Login
18:36:17.845 INFO  manager.WDListener - Houston, we have a problem!
18:36:17.845 INFO  manager.WDListener - +++++++++++++++++++++++++++++++
18:36:17.845 INFO  manager.WDListener - Object target org.openqa.selenium.remote.RemoteWebDriver$RemoteTargetLocator@21022cbb
18:36:17.845 INFO  manager.WDListener - +++++++++++++++++++++++++++++++
18:36:17.845 INFO  manager.WDListener - Method name alert
18:36:17.845 INFO  manager.WDListener - +++++++++++++++++++++++++++++++
18:36:17.845 INFO  manager.WDListener - InvocationTargetException org.openqa.selenium.NoAlertPresentException: Build info: version: '4.26.0', revision: '8ccf0219d7'
System info: os.name: 'Windows 11', os.arch: 'amd64', os.version: '10.0', java.version: '17.0.12'
Driver info: org.openqa.selenium.firefox.FirefoxDriver
Command: [b5d95ec1-a7ea-4f91-9904-e418736707a3, getAlertText {}]
Capabilities {acceptInsecureCerts: true, browserName: firefox, browserVersion: 148.0, moz:accessibilityChecks: false, moz:buildID: 20260216153405, moz:geckodriverVersion: 0.36.0, moz:headless: false, moz:platformVersion: 10.0, moz:processID: 28596, moz:profile: C:\Users\np170\AppData\Loca..., moz:shutdownTimeout: 60000, moz:webdriverClick: true, moz:windowless: false, pageLoadStrategy: normal, platformName: windows, proxy: Proxy(), setWindowRect: true, strictFileInteractability: false, timeouts: {implicit: 0, pageLoad: 300000, script: 30000}, unhandledPromptBehavior: dismiss and notify, userAgent: Mozilla/5.0 (Windows NT 10....}
Session ID: b5d95ec1-a7ea-4f91-9904-e418736707a3
18:36:17.845 INFO  manager.WDListener - +++++++++++++++++++++++++++++++
18:36:17.845 INFO  manager.WDListener - Screen with error is src/test/screenshots/screen_1184.png
18:36:18.391 INFO  tests.TestBase - Assert checks if alert 'Wrong email or password' is present
18:36:18.391 INFO  manager.TestNGListener - Start test loginWrongPassword=================
18:36:18.392 INFO  tests.TestBase - +++++++++++++++++++++++++++++++
18:36:18.394 INFO  manager.TestNGListener - Stop testing on date Wed Feb 25 18:35:10 IST 2026=================
