19:52:23.197 INFO  manager.ApplicationManager - All tests run in CHROME Browser
19:52:25.636 INFO  manager.ApplicationManager - The link is -->https://telranedu.web.app/home
19:52:25.660 INFO  manager.TestNGListener - Start tests on date Thu Feb 12 19:52:25 IST 2026=================
19:52:25.711 INFO  tests.TestBase - Name of method -->loginSuccessModelDPF
19:52:25.713 INFO  manager.WDListener - Before find element By.xpath: //button[text()='Sign Out']
19:52:30.759 INFO  manager.TestNGListener - Start test loginSuccessModelDPF=================
19:52:30.840 INFO  manager.WDListener - After find element By.cssSelector: a[href='/login']
19:52:30.855 INFO  manager.WDListener - Location of element a
19:52:30.885 INFO  manager.WDListener - Before click element --> atext=LOGIN
19:52:30.957 INFO  manager.WDListener - After click element a
19:52:30.990 INFO  manager.WDListener - After find element By.name: email
19:52:31.000 INFO  manager.WDListener - Location of element input
19:52:31.014 INFO  manager.WDListener - Before click element --> inputtext=
19:52:31.075 INFO  manager.WDListener - After click element input
19:52:31.112 INFO  manager.WDListener - Send Keys input
19:52:31.159 INFO  manager.WDListener - Send Keys input
19:52:31.193 INFO  manager.WDListener - Send Keys input
19:52:31.272 INFO  manager.WDListener - After find element By.name: password
19:52:31.282 INFO  manager.WDListener - Location of element input
19:52:31.308 INFO  manager.WDListener - Before click element --> inputtext=
19:52:31.367 INFO  manager.WDListener - After click element input
19:52:31.400 INFO  manager.WDListener - Send Keys input
19:52:31.435 INFO  manager.WDListener - Send Keys input
19:52:31.479 INFO  manager.WDListener - Send Keys input
19:52:31.559 INFO  manager.WDListener - After find element By.xpath: //button[text()='Login']
19:52:31.569 INFO  manager.WDListener - Location of element button
19:52:31.589 INFO  manager.WDListener - Before click element --> buttontext=Login
19:52:31.665 INFO  manager.WDListener - Before find element By.xpath: //button[text()='Sign Out']
19:52:32.729 INFO  manager.TestNGListener - Start test loginSuccessModelDPF=================
19:52:32.731 INFO  tests.TestBase - +++++++++++++++++++++++++++++++
19:52:32.734 INFO  tests.TestBase - Name of method -->loginSuccessModelDPF
19:52:32.737 INFO  manager.WDListener - Before find element By.xpath: //button[text()='Sign Out']
19:52:32.745 INFO  manager.WDListener - Houston, we have a problem!
19:52:32.745 INFO  manager.WDListener - +++++++++++++++++++++++++++++++
19:52:32.745 INFO  manager.WDListener - Object target ChromeDriver: chrome on windows (393821eb9971062b3f7066e81ddd28cf)
19:52:32.745 INFO  manager.WDListener - +++++++++++++++++++++++++++++++
19:52:32.745 INFO  manager.WDListener - Method name findElements
19:52:32.746 INFO  manager.WDListener - +++++++++++++++++++++++++++++++
19:52:32.746 INFO  manager.WDListener - InvocationTargetException org.openqa.selenium.UnhandledAlertException: unexpected alert open: {Alert text : Wrong email or password}
  (Session info: chrome=144.0.7559.133): Wrong email or password
Build info: version: '4.26.0', revision: '8ccf0219d7'
System info: os.name: 'Windows 11', os.arch: 'amd64', os.version: '10.0', java.version: '17.0.12'
Driver info: org.openqa.selenium.chrome.ChromeDriver
Command: [393821eb9971062b3f7066e81ddd28cf, findElements {using=xpath, value=//button[text()='Sign Out']}]
Capabilities {acceptInsecureCerts: false, browserName: chrome, browserVersion: 144.0.7559.133, chrome: {chromedriverVersion: 143.0.7499.192 (be2c1f4fd45..., userDataDir: C:\Users\np170\AppData\Loca...}, fedcm:accounts: true, goog:chromeOptions: {debuggerAddress: localhost:53098}, goog:processID: 8712, networkConnectionEnabled: false, pageLoadStrategy: normal, platformName: windows, proxy: Proxy(), se:cdp: ws://localhost:53098/devtoo..., se:cdpVersion: 144.0.7559.133, setWindowRect: true, strictFileInteractability: false, timeouts: {implicit: 0, pageLoad: 300000, script: 30000}, unhandledPromptBehavior: dismiss and notify, webauthn:extension:credBlob: true, webauthn:extension:largeBlob: true, webauthn:extension:minPinLength: true, webauthn:extension:prf: true, webauthn:virtualAuthenticators: true}
Session ID: 393821eb9971062b3f7066e81ddd28cf
19:52:32.746 INFO  manager.WDListener - +++++++++++++++++++++++++++++++
19:52:32.747 INFO  manager.WDListener - Screen with error is src/test/screenshots/screen_1908.png
19:52:33.127 INFO  manager.TestNGListener - Start test loginSuccessModelDPF=================
19:52:33.128 INFO  manager.TestNGListener - Start test loginSuccessModelDPF=================
19:52:33.133 INFO  manager.TestNGListener - Stop testing on date Thu Feb 12 19:52:25 IST 2026=================
