20:38:34.885 INFO  manager.ApplicationManager - All tests run in CHROME Browser
20:38:37.031 INFO  manager.ApplicationManager - The link is -->https://telranedu.web.app/home
20:38:37.052 INFO  manager.TestNGListener - Start tests on date Tue Feb 24 20:38:37 IST 2026=================
20:38:37.072 INFO  manager.WDListener - Before find element By.xpath: //button[text()='Sign Out']
20:38:42.179 INFO  manager.WDListener - After find element By.cssSelector: a[href='/login']
20:38:42.194 INFO  manager.WDListener - Location of element a
20:38:42.218 INFO  manager.WDListener - Before click element --> atext=LOGIN
20:38:42.288 INFO  manager.WDListener - After click element a
20:38:42.318 INFO  manager.WDListener - After find element By.name: email
20:38:42.331 INFO  manager.WDListener - Location of element input
20:38:42.346 INFO  manager.WDListener - Before click element --> inputtext=
20:38:42.406 INFO  manager.WDListener - After click element input
20:38:42.437 INFO  manager.WDListener - Send Keys input
20:38:42.476 INFO  manager.WDListener - Send Keys input
20:38:42.503 INFO  manager.WDListener - Send Keys input
20:38:42.567 INFO  manager.WDListener - After find element By.name: password
20:38:42.576 INFO  manager.WDListener - Location of element input
20:38:42.591 INFO  manager.WDListener - Before click element --> inputtext=
20:38:42.665 INFO  manager.WDListener - After click element input
20:38:42.696 INFO  manager.WDListener - Send Keys input
20:38:42.731 INFO  manager.WDListener - Send Keys input
20:38:42.763 INFO  manager.WDListener - Send Keys input
20:38:42.851 INFO  manager.WDListener - After find element By.xpath: //button[text()='Login']
20:38:42.862 INFO  manager.WDListener - Location of element button
20:38:42.878 INFO  manager.WDListener - Before click element --> buttontext=Login
20:38:42.977 INFO  tests.TestBase - Name of method -->addContactSuccessAllFields
20:38:42.979 INFO  manager.TestNGListener - Start test addContactSuccessAllFields=================
20:38:43.947 INFO  manager.WDListener - After find element By.xpath: //*[@href='/add']
20:38:43.961 INFO  manager.WDListener - Location of element a
20:38:43.981 INFO  manager.WDListener - Before click element --> atext=ADD
20:38:44.041 INFO  manager.WDListener - After click element a
20:38:44.070 INFO  manager.WDListener - After find element By.xpath: //input[@placeholder='Name']
20:38:44.080 INFO  manager.WDListener - Location of element input
20:38:44.094 INFO  manager.WDListener - Before click element --> inputtext=
20:38:44.150 INFO  manager.WDListener - After click element input
20:38:44.186 INFO  manager.WDListener - Send Keys input
20:38:44.218 INFO  manager.WDListener - Send Keys input
20:38:44.254 INFO  manager.WDListener - Send Keys input
20:38:44.311 INFO  manager.WDListener - After find element By.xpath: //input[@placeholder='Last Name']
20:38:44.321 INFO  manager.WDListener - Location of element input
20:38:44.337 INFO  manager.WDListener - Before click element --> inputtext=
20:38:44.401 INFO  manager.WDListener - After click element input
20:38:44.434 INFO  manager.WDListener - Send Keys input
20:38:44.479 INFO  manager.WDListener - Send Keys input
20:38:44.516 INFO  manager.WDListener - Send Keys input
20:38:44.582 INFO  manager.WDListener - After find element By.xpath: //input[@placeholder='Phone']
20:38:44.596 INFO  manager.WDListener - Location of element input
20:38:44.612 INFO  manager.WDListener - Before click element --> inputtext=
20:38:44.680 INFO  manager.WDListener - After click element input
20:38:44.708 INFO  manager.WDListener - Send Keys input
20:38:44.735 INFO  manager.WDListener - Send Keys input
20:38:44.764 INFO  manager.WDListener - Send Keys input
20:38:44.818 INFO  manager.WDListener - After find element By.xpath: //input[@placeholder='email']
20:38:44.829 INFO  manager.WDListener - Location of element input
20:38:44.845 INFO  manager.WDListener - Before click element --> inputtext=
20:38:44.910 INFO  manager.WDListener - After click element input
20:38:44.936 INFO  manager.WDListener - Send Keys input
20:38:44.970 INFO  manager.WDListener - Send Keys input
20:38:45.000 INFO  manager.WDListener - Send Keys input
20:38:45.058 INFO  manager.WDListener - After find element By.xpath: //input[@placeholder='Address']
20:38:45.069 INFO  manager.WDListener - Location of element input
20:38:45.086 INFO  manager.WDListener - Before click element --> inputtext=
20:38:45.146 INFO  manager.WDListener - After click element input
20:38:45.175 INFO  manager.WDListener - Send Keys input
20:38:45.203 INFO  manager.WDListener - Send Keys input
20:38:45.228 INFO  manager.WDListener - Send Keys input
20:38:45.293 INFO  manager.WDListener - After find element By.xpath: //input[@placeholder='description']
20:38:45.299 INFO  manager.WDListener - Location of element input
20:38:45.313 INFO  manager.WDListener - Before click element --> inputtext=
20:38:45.364 INFO  manager.WDListener - After click element input
20:38:45.389 INFO  manager.WDListener - Send Keys input
20:38:45.427 INFO  manager.WDListener - Send Keys input
20:38:45.471 INFO  manager.WDListener - Send Keys input
20:38:45.849 INFO  manager.WDListener - After find element By.xpath: //b[text()='Save']
20:38:45.861 INFO  manager.WDListener - Location of element b
20:38:45.876 INFO  manager.WDListener - Before click element --> btext=Save
20:38:45.920 INFO  manager.WDListener - After click element b
20:38:45.920 INFO  manager.WDListener - Before find element By.cssSelector: h2
20:38:46.774 INFO  manager.WDListener - Before find element By.cssSelector: h3
20:38:47.049 INFO  manager.TestNGListener - Start test addContactSuccessAllFields=================
20:38:47.050 INFO  tests.TestBase - +++++++++++++++++++++++++++++++
20:38:47.051 INFO  tests.TestBase - Name of method -->addContactSuccessAllFields
20:38:47.052 INFO  manager.TestNGListener - Start test addContactSuccessAllFields=================
20:38:47.074 INFO  manager.WDListener - After find element By.xpath: //*[@href='/add']
20:38:47.083 INFO  manager.WDListener - Location of element a
20:38:47.098 INFO  manager.WDListener - Before click element --> atext=ADD
20:38:47.155 INFO  manager.WDListener - After click element a
20:38:47.172 INFO  manager.WDListener - After find element By.xpath: //input[@placeholder='Name']
20:38:47.182 INFO  manager.WDListener - Location of element input
20:38:47.201 INFO  manager.WDListener - Before click element --> inputtext=
20:38:47.258 INFO  manager.WDListener - After click element input
20:38:47.287 INFO  manager.WDListener - Send Keys input
20:38:47.316 INFO  manager.WDListener - Send Keys input
20:38:47.344 INFO  manager.WDListener - Send Keys input
20:38:47.385 INFO  manager.WDListener - After find element By.xpath: //input[@placeholder='Last Name']
20:38:47.392 INFO  manager.WDListener - Location of element input
20:38:47.408 INFO  manager.WDListener - Before click element --> inputtext=
20:38:47.467 INFO  manager.WDListener - After click element input
20:38:47.493 INFO  manager.WDListener - Send Keys input
20:38:47.525 INFO  manager.WDListener - Send Keys input
20:38:47.553 INFO  manager.WDListener - Send Keys input
20:38:47.606 INFO  manager.WDListener - After find element By.xpath: //input[@placeholder='Phone']
20:38:47.613 INFO  manager.WDListener - Location of element input
20:38:47.626 INFO  manager.WDListener - Before click element --> inputtext=
20:38:47.674 INFO  manager.WDListener - After click element input
20:38:47.696 INFO  manager.WDListener - Send Keys input
20:38:47.722 INFO  manager.WDListener - Send Keys input
20:38:47.747 INFO  manager.WDListener - Send Keys input
20:38:47.804 INFO  manager.WDListener - After find element By.xpath: //input[@placeholder='email']
20:38:47.812 INFO  manager.WDListener - Location of element input
20:38:47.828 INFO  manager.WDListener - Before click element --> inputtext=
20:38:47.879 INFO  manager.WDListener - After click element input
20:38:47.908 INFO  manager.WDListener - Send Keys input
20:38:47.936 INFO  manager.WDListener - Send Keys input
20:38:47.962 INFO  manager.WDListener - Send Keys input
20:38:48.015 INFO  manager.WDListener - After find element By.xpath: //input[@placeholder='Address']
20:38:48.023 INFO  manager.WDListener - Location of element input
20:38:48.041 INFO  manager.WDListener - Before click element --> inputtext=
20:38:48.103 INFO  manager.WDListener - After click element input
20:38:48.130 INFO  manager.WDListener - Send Keys input
20:38:48.160 INFO  manager.WDListener - Send Keys input
20:38:48.183 INFO  manager.WDListener - Send Keys input
20:38:48.229 INFO  manager.WDListener - After find element By.xpath: //input[@placeholder='description']
20:38:48.235 INFO  manager.WDListener - Location of element input
20:38:48.248 INFO  manager.WDListener - Before click element --> inputtext=
20:38:48.303 INFO  manager.WDListener - After click element input
20:38:48.331 INFO  manager.WDListener - Send Keys input
20:38:48.360 INFO  manager.WDListener - Send Keys input
20:38:48.643 INFO  manager.WDListener - After find element By.xpath: //b[text()='Save']
20:38:48.650 INFO  manager.WDListener - Location of element b
20:38:48.662 INFO  manager.WDListener - Before click element --> btext=Save
20:38:48.705 INFO  manager.WDListener - After click element b
20:38:48.705 INFO  manager.WDListener - Before find element By.cssSelector: h2
20:38:49.454 INFO  manager.WDListener - Before find element By.cssSelector: h3
20:38:49.732 INFO  manager.TestNGListener - Start test addContactSuccessAllFields=================
20:38:49.733 INFO  tests.TestBase - +++++++++++++++++++++++++++++++
20:38:49.738 INFO  tests.TestBase - Name of method -->addContactSuccessAllFieldsSCV
20:38:49.738 INFO  manager.TestNGListener - Start test addContactSuccessAllFieldsSCV=================
20:38:49.755 INFO  manager.WDListener - After find element By.xpath: //*[@href='/add']
20:38:49.762 INFO  manager.WDListener - Location of element a
20:38:49.777 INFO  manager.WDListener - Before click element --> atext=ADD
20:38:49.833 INFO  manager.WDListener - After click element a
20:38:49.846 INFO  manager.WDListener - After find element By.xpath: //input[@placeholder='Name']
20:38:49.855 INFO  manager.WDListener - Location of element input
20:38:49.871 INFO  manager.WDListener - Before click element --> inputtext=
20:38:50.123 INFO  manager.WDListener - After click element input
20:38:50.155 INFO  manager.WDListener - Send Keys input
20:38:50.193 INFO  manager.WDListener - Send Keys input
20:38:50.224 INFO  manager.WDListener - Send Keys input
20:38:50.268 INFO  manager.WDListener - After find element By.xpath: //input[@placeholder='Last Name']
20:38:50.274 INFO  manager.WDListener - Location of element input
20:38:50.288 INFO  manager.WDListener - Before click element --> inputtext=
20:38:50.349 INFO  manager.WDListener - After click element input
20:38:50.390 INFO  manager.WDListener - Send Keys input
20:38:50.423 INFO  manager.WDListener - Send Keys input
20:38:50.451 INFO  manager.WDListener - Send Keys input
20:38:50.489 INFO  manager.WDListener - After find element By.xpath: //input[@placeholder='Phone']
20:38:50.496 INFO  manager.WDListener - Location of element input
20:38:50.508 INFO  manager.WDListener - Before click element --> inputtext=
20:38:50.553 INFO  manager.WDListener - After click element input
20:38:50.579 INFO  manager.WDListener - Send Keys input
20:38:50.608 INFO  manager.WDListener - Send Keys input
20:38:50.634 INFO  manager.WDListener - Send Keys input
20:38:50.673 INFO  manager.WDListener - After find element By.xpath: //input[@placeholder='email']
20:38:50.698 INFO  manager.WDListener - Location of element input
20:38:50.710 INFO  manager.WDListener - Before click element --> inputtext=
20:38:50.755 INFO  manager.WDListener - After click element input
20:38:50.778 INFO  manager.WDListener - Send Keys input
20:38:50.807 INFO  manager.WDListener - Send Keys input
20:38:50.843 INFO  manager.WDListener - After find element By.xpath: //input[@placeholder='Address']
20:38:50.848 INFO  manager.WDListener - Location of element input
20:38:50.860 INFO  manager.WDListener - Before click element --> inputtext=
20:38:50.916 INFO  manager.WDListener - After click element input
20:38:50.943 INFO  manager.WDListener - Send Keys input
20:38:50.975 INFO  manager.WDListener - Send Keys input
20:38:50.999 INFO  manager.WDListener - Send Keys input
20:38:51.043 INFO  manager.WDListener - After find element By.xpath: //input[@placeholder='description']
20:38:51.050 INFO  manager.WDListener - Location of element input
20:38:51.063 INFO  manager.WDListener - Before click element --> inputtext=
20:38:51.122 INFO  manager.WDListener - After click element input
20:38:51.150 INFO  manager.WDListener - Send Keys input
20:38:51.183 INFO  manager.WDListener - Send Keys input
20:38:51.220 INFO  manager.WDListener - Send Keys input
20:38:51.505 INFO  manager.WDListener - After find element By.xpath: //b[text()='Save']
20:38:51.516 INFO  manager.WDListener - Location of element b
20:38:51.528 INFO  manager.WDListener - Before click element --> btext=Save
20:38:51.566 INFO  manager.WDListener - After click element b
20:38:51.566 INFO  manager.WDListener - Before find element By.cssSelector: h2
20:38:52.471 INFO  manager.WDListener - Before find element By.cssSelector: h3
20:38:52.755 INFO  manager.TestNGListener - Start test addContactSuccessAllFieldsSCV=================
20:38:52.756 INFO  tests.TestBase - +++++++++++++++++++++++++++++++
20:38:52.759 INFO  tests.TestBase - Name of method -->addContactSuccessAllFieldsSCV
20:38:52.762 INFO  manager.TestNGListener - Start test addContactSuccessAllFieldsSCV=================
20:38:52.794 INFO  manager.WDListener - After find element By.xpath: //*[@href='/add']
20:38:52.804 INFO  manager.WDListener - Location of element a
20:38:52.816 INFO  manager.WDListener - Before click element --> atext=ADD
20:38:52.866 INFO  manager.WDListener - After click element a
20:38:52.879 INFO  manager.WDListener - After find element By.xpath: //input[@placeholder='Name']
20:38:52.886 INFO  manager.WDListener - Location of element input
20:38:52.900 INFO  manager.WDListener - Before click element --> inputtext=
20:38:52.962 INFO  manager.WDListener - After click element input
20:38:52.983 INFO  manager.WDListener - Send Keys input
20:38:53.006 INFO  manager.WDListener - Send Keys input
20:38:53.029 INFO  manager.WDListener - Send Keys input
20:38:53.066 INFO  manager.WDListener - After find element By.xpath: //input[@placeholder='Last Name']
20:38:53.073 INFO  manager.WDListener - Location of element input
20:38:53.084 INFO  manager.WDListener - Before click element --> inputtext=
20:38:53.127 INFO  manager.WDListener - After click element input
20:38:53.148 INFO  manager.WDListener - Send Keys input
20:38:53.176 INFO  manager.WDListener - Send Keys input
20:38:53.202 INFO  manager.WDListener - Send Keys input
20:38:53.245 INFO  manager.WDListener - After find element By.xpath: //input[@placeholder='Phone']
20:38:53.252 INFO  manager.WDListener - Location of element input
20:38:53.262 INFO  manager.WDListener - Before click element --> inputtext=
20:38:53.308 INFO  manager.WDListener - After click element input
20:38:53.330 INFO  manager.WDListener - Send Keys input
20:38:53.364 INFO  manager.WDListener - Send Keys input
20:38:53.396 INFO  manager.WDListener - Send Keys input
20:38:53.448 INFO  manager.WDListener - After find element By.xpath: //input[@placeholder='email']
20:38:53.456 INFO  manager.WDListener - Location of element input
20:38:53.469 INFO  manager.WDListener - Before click element --> inputtext=
20:38:53.533 INFO  manager.WDListener - After click element input
20:38:53.562 INFO  manager.WDListener - Send Keys input
20:38:53.597 INFO  manager.WDListener - Send Keys input
20:38:53.636 INFO  manager.WDListener - After find element By.xpath: //input[@placeholder='Address']
20:38:53.644 INFO  manager.WDListener - Location of element input
20:38:53.659 INFO  manager.WDListener - Before click element --> inputtext=
20:38:53.712 INFO  manager.WDListener - After click element input
20:38:53.736 INFO  manager.WDListener - Send Keys input
20:38:53.759 INFO  manager.WDListener - Send Keys input
20:38:53.783 INFO  manager.WDListener - Send Keys input
20:38:53.827 INFO  manager.WDListener - After find element By.xpath: //input[@placeholder='description']
20:38:53.832 INFO  manager.WDListener - Location of element input
20:38:53.843 INFO  manager.WDListener - Before click element --> inputtext=
20:38:53.884 INFO  manager.WDListener - After click element input
20:38:53.908 INFO  manager.WDListener - Send Keys input
20:38:53.934 INFO  manager.WDListener - Send Keys input
20:38:53.958 INFO  manager.WDListener - Send Keys input
20:38:54.237 INFO  manager.WDListener - After find element By.xpath: //b[text()='Save']
20:38:54.245 INFO  manager.WDListener - Location of element b
20:38:54.260 INFO  manager.WDListener - Before click element --> btext=Save
20:38:54.297 INFO  manager.WDListener - After click element b
20:38:54.297 INFO  manager.WDListener - Before find element By.cssSelector: h2
20:38:54.999 INFO  manager.WDListener - Before find element By.cssSelector: h3
20:38:55.281 INFO  manager.TestNGListener - Start test addContactSuccessAllFieldsSCV=================
20:38:55.282 INFO  tests.TestBase - +++++++++++++++++++++++++++++++
20:38:55.289 INFO  tests.TestBase - Name of method -->addContactSuccessRequiredFilds
20:38:55.292 INFO  manager.TestNGListener - Start test addContactSuccessRequiredFilds=================
20:38:55.309 INFO  manager.WDListener - After find element By.xpath: //*[@href='/add']
20:38:55.315 INFO  manager.WDListener - Location of element a
20:38:55.327 INFO  manager.WDListener - Before click element --> atext=ADD
20:38:55.380 INFO  manager.WDListener - After click element a
20:38:55.393 INFO  manager.WDListener - After find element By.xpath: //input[@placeholder='Name']
20:38:55.400 INFO  manager.WDListener - Location of element input
20:38:55.412 INFO  manager.WDListener - Before click element --> inputtext=
20:38:55.458 INFO  manager.WDListener - After click element input
20:38:55.483 INFO  manager.WDListener - Send Keys input
20:38:55.507 INFO  manager.WDListener - Send Keys input
20:38:55.532 INFO  manager.WDListener - Send Keys input
20:38:55.586 INFO  manager.WDListener - After find element By.xpath: //input[@placeholder='Last Name']
20:38:55.600 INFO  manager.WDListener - Location of element input
20:38:55.622 INFO  manager.WDListener - Before click element --> inputtext=
20:38:55.684 INFO  manager.WDListener - After click element input
20:38:55.708 INFO  manager.WDListener - Send Keys input
20:38:55.741 INFO  manager.WDListener - Send Keys input
20:38:55.778 INFO  manager.WDListener - Send Keys input
20:38:55.832 INFO  manager.WDListener - After find element By.xpath: //input[@placeholder='Phone']
20:38:55.839 INFO  manager.WDListener - Location of element input
20:38:55.854 INFO  manager.WDListener - Before click element --> inputtext=
20:38:55.918 INFO  manager.WDListener - After click element input
20:38:55.943 INFO  manager.WDListener - Send Keys input
20:38:55.968 INFO  manager.WDListener - Send Keys input
20:38:55.991 INFO  manager.WDListener - Send Keys input
20:38:56.036 INFO  manager.WDListener - After find element By.xpath: //input[@placeholder='email']
20:38:56.041 INFO  manager.WDListener - Location of element input
20:38:56.059 INFO  manager.WDListener - Before click element --> inputtext=
20:38:56.102 INFO  manager.WDListener - After click element input
20:38:56.126 INFO  manager.WDListener - Send Keys input
20:38:56.148 INFO  manager.WDListener - Send Keys input
20:38:56.171 INFO  manager.WDListener - Send Keys input
20:38:56.216 INFO  manager.WDListener - After find element By.xpath: //input[@placeholder='Address']
20:38:56.221 INFO  manager.WDListener - Location of element input
20:38:56.233 INFO  manager.WDListener - Before click element --> inputtext=
20:38:56.278 INFO  manager.WDListener - After click element input
20:38:56.299 INFO  manager.WDListener - Send Keys input
20:38:56.320 INFO  manager.WDListener - Send Keys input
20:38:56.349 INFO  manager.WDListener - Send Keys input
20:38:56.389 INFO  manager.WDListener - After find element By.xpath: //input[@placeholder='description']
20:38:56.395 INFO  manager.WDListener - Location of element input
20:38:56.405 INFO  manager.WDListener - Before click element --> inputtext=
20:38:56.447 INFO  manager.WDListener - After click element input
20:38:56.468 INFO  manager.WDListener - Send Keys input
20:38:56.494 INFO  manager.WDListener - Send Keys input
20:38:56.525 INFO  manager.WDListener - After find element By.xpath: //b[text()='Save']
20:38:56.531 INFO  manager.WDListener - Location of element b
20:38:56.543 INFO  manager.WDListener - Before click element --> btext=Save
20:38:56.584 INFO  manager.WDListener - After click element b
20:38:56.584 INFO  manager.WDListener - Before find element By.cssSelector: h2
20:38:57.501 INFO  manager.WDListener - Before find element By.cssSelector: h3
20:38:57.914 INFO  manager.TestNGListener - Start test addContactSuccessRequiredFilds=================
20:38:57.915 INFO  tests.TestBase - +++++++++++++++++++++++++++++++
20:38:57.919 INFO  tests.TestBase - Name of method -->addNewContactWrongAddress
20:38:57.921 INFO  manager.TestNGListener - Start test addNewContactWrongAddress=================
20:38:57.944 INFO  manager.WDListener - After find element By.xpath: //*[@href='/add']
20:38:57.950 INFO  manager.WDListener - Location of element a
20:38:57.961 INFO  manager.WDListener - Before click element --> atext=ADD
20:38:58.013 INFO  manager.WDListener - After click element a
20:38:58.023 INFO  manager.WDListener - After find element By.xpath: //input[@placeholder='Name']
20:38:58.030 INFO  manager.WDListener - Location of element input
20:38:58.041 INFO  manager.WDListener - Before click element --> inputtext=
20:38:58.083 INFO  manager.WDListener - After click element input
20:38:58.107 INFO  manager.WDListener - Send Keys input
20:38:58.137 INFO  manager.WDListener - Send Keys input
20:38:58.164 INFO  manager.WDListener - Send Keys input
20:38:58.207 INFO  manager.WDListener - After find element By.xpath: //input[@placeholder='Last Name']
20:38:58.212 INFO  manager.WDListener - Location of element input
20:38:58.226 INFO  manager.WDListener - Before click element --> inputtext=
20:38:58.274 INFO  manager.WDListener - After click element input
20:38:58.298 INFO  manager.WDListener - Send Keys input
20:38:58.320 INFO  manager.WDListener - Send Keys input
20:38:58.365 INFO  manager.WDListener - Send Keys input
20:38:58.404 INFO  manager.WDListener - After find element By.xpath: //input[@placeholder='Phone']
20:38:58.412 INFO  manager.WDListener - Location of element input
20:38:58.429 INFO  manager.WDListener - Before click element --> inputtext=
20:38:58.489 INFO  manager.WDListener - After click element input
20:38:58.529 INFO  manager.WDListener - Send Keys input
20:38:58.563 INFO  manager.WDListener - Send Keys input
20:38:58.588 INFO  manager.WDListener - Send Keys input
20:38:58.631 INFO  manager.WDListener - After find element By.xpath: //input[@placeholder='email']
20:38:58.638 INFO  manager.WDListener - Location of element input
20:38:58.655 INFO  manager.WDListener - Before click element --> inputtext=
20:38:58.718 INFO  manager.WDListener - After click element input
20:38:58.743 INFO  manager.WDListener - Send Keys input
20:38:58.770 INFO  manager.WDListener - Send Keys input
20:38:58.796 INFO  manager.WDListener - Send Keys input
20:38:58.839 INFO  manager.WDListener - After find element By.xpath: //input[@placeholder='Address']
20:38:58.846 INFO  manager.WDListener - Location of element input
20:38:58.867 INFO  manager.WDListener - Before click element --> inputtext=
20:38:58.935 INFO  manager.WDListener - After click element input
20:38:58.957 INFO  manager.WDListener - Send Keys input
20:38:58.979 INFO  manager.WDListener - Send Keys input
20:38:59.001 INFO  manager.WDListener - Send Keys input
20:38:59.030 INFO  manager.WDListener - After find element By.xpath: //input[@placeholder='description']
20:38:59.036 INFO  manager.WDListener - Location of element input
20:38:59.047 INFO  manager.WDListener - Before click element --> inputtext=
20:38:59.097 INFO  manager.WDListener - After click element input
20:38:59.124 INFO  manager.WDListener - Send Keys input
20:38:59.152 INFO  manager.WDListener - Send Keys input
20:38:59.182 INFO  manager.WDListener - Send Keys input
20:38:59.229 INFO  manager.WDListener - After find element By.xpath: //b[text()='Save']
20:38:59.234 INFO  manager.WDListener - Location of element b
20:38:59.247 INFO  manager.WDListener - Before click element --> btext=Save
20:38:59.302 INFO  manager.WDListener - After click element b
20:38:59.302 INFO  manager.WDListener - Before find element By.cssSelector: a.active[href='/add']
20:38:59.326 INFO  manager.TestNGListener - Start test addNewContactWrongAddress=================
20:38:59.327 INFO  tests.TestBase - +++++++++++++++++++++++++++++++
20:38:59.329 INFO  tests.TestBase - Name of method -->addNewContactWrongEmail
20:38:59.330 INFO  manager.TestNGListener - Start test addNewContactWrongEmail=================
20:38:59.358 INFO  manager.WDListener - After find element By.xpath: //*[@href='/add']
20:38:59.370 INFO  manager.WDListener - Location of element a
20:38:59.389 INFO  manager.WDListener - Before click element --> atext=ADD
20:38:59.451 INFO  manager.WDListener - After click element a
20:38:59.465 INFO  manager.WDListener - After find element By.xpath: //input[@placeholder='Name']
20:38:59.472 INFO  manager.WDListener - Location of element input
20:38:59.484 INFO  manager.WDListener - Before click element --> inputtext=
20:38:59.551 INFO  manager.WDListener - After click element input
20:38:59.579 INFO  manager.WDListener - Send Keys input
20:38:59.637 INFO  manager.WDListener - Send Keys input
20:38:59.662 INFO  manager.WDListener - Send Keys input
20:38:59.697 INFO  manager.WDListener - After find element By.xpath: //input[@placeholder='Last Name']
20:38:59.704 INFO  manager.WDListener - Location of element input
20:38:59.716 INFO  manager.WDListener - Before click element --> inputtext=
20:38:59.762 INFO  manager.WDListener - After click element input
20:38:59.785 INFO  manager.WDListener - Send Keys input
20:38:59.820 INFO  manager.WDListener - Send Keys input
20:38:59.841 INFO  manager.WDListener - Send Keys input
20:38:59.877 INFO  manager.WDListener - After find element By.xpath: //input[@placeholder='Phone']
20:38:59.881 INFO  manager.WDListener - Location of element input
20:38:59.894 INFO  manager.WDListener - Before click element --> inputtext=
20:38:59.950 INFO  manager.WDListener - After click element input
20:38:59.980 INFO  manager.WDListener - Send Keys input
20:39:00.024 INFO  manager.WDListener - Send Keys input
20:39:00.049 INFO  manager.WDListener - Send Keys input
20:39:00.090 INFO  manager.WDListener - After find element By.xpath: //input[@placeholder='email']
20:39:00.102 INFO  manager.WDListener - Location of element input
20:39:00.115 INFO  manager.WDListener - Before click element --> inputtext=
20:39:00.171 INFO  manager.WDListener - After click element input
20:39:00.195 INFO  manager.WDListener - Send Keys input
20:39:00.232 INFO  manager.WDListener - Send Keys input
20:39:00.254 INFO  manager.WDListener - Send Keys input
20:39:00.290 INFO  manager.WDListener - After find element By.xpath: //input[@placeholder='Address']
20:39:00.296 INFO  manager.WDListener - Location of element input
20:39:00.307 INFO  manager.WDListener - Before click element --> inputtext=
20:39:00.370 INFO  manager.WDListener - After click element input
20:39:00.396 INFO  manager.WDListener - Send Keys input
20:39:00.421 INFO  manager.WDListener - Send Keys input
20:39:00.446 INFO  manager.WDListener - Send Keys input
20:39:00.493 INFO  manager.WDListener - After find element By.xpath: //input[@placeholder='description']
20:39:00.497 INFO  manager.WDListener - Location of element input
20:39:00.510 INFO  manager.WDListener - Before click element --> inputtext=
20:39:00.555 INFO  manager.WDListener - After click element input
20:39:00.578 INFO  manager.WDListener - Send Keys input
20:39:00.616 INFO  manager.WDListener - Send Keys input
20:39:00.638 INFO  manager.WDListener - Send Keys input
20:39:00.672 INFO  manager.WDListener - After find element By.xpath: //b[text()='Save']
20:39:00.677 INFO  manager.WDListener - Location of element b
20:39:00.687 INFO  manager.WDListener - Before click element --> btext=Save
20:39:00.721 INFO  manager.WDListener - After click element b
20:39:00.721 INFO  manager.WDListener - Before find element By.cssSelector: a.active[href='/add']
20:39:00.748 INFO  manager.WDListener - Houston, we have a problem!
20:39:00.748 INFO  manager.WDListener - +++++++++++++++++++++++++++++++
20:39:00.748 INFO  manager.WDListener - Object target org.openqa.selenium.remote.RemoteWebDriver$RemoteTargetLocator@394fb736
20:39:00.748 INFO  manager.WDListener - +++++++++++++++++++++++++++++++
20:39:00.749 INFO  manager.WDListener - Method name alert
20:39:00.749 INFO  manager.WDListener - +++++++++++++++++++++++++++++++
20:39:00.749 INFO  manager.WDListener - InvocationTargetException org.openqa.selenium.NoAlertPresentException: no such alert
  (Session info: chrome=145.0.7632.116)
Build info: version: '4.26.0', revision: '8ccf0219d7'
System info: os.name: 'Windows 11', os.arch: 'amd64', os.version: '10.0', java.version: '17.0.12'
Driver info: org.openqa.selenium.chrome.ChromeDriver
Command: [ccdb7c45d74c859c40235180f456df9b, getAlertText {}]
Capabilities {acceptInsecureCerts: false, browserName: chrome, browserVersion: 145.0.7632.116, chrome: {chromedriverVersion: 145.0.7632.77 (da516187054a..., userDataDir: C:\Users\np170\AppData\Loca...}, fedcm:accounts: true, goog:chromeOptions: {debuggerAddress: localhost:59432}, goog:processID: 9000, networkConnectionEnabled: false, pageLoadStrategy: normal, platformName: windows, proxy: Proxy(), se:cdp: ws://localhost:59432/devtoo..., se:cdpVersion: 145.0.7632.116, setWindowRect: true, strictFileInteractability: false, timeouts: {implicit: 0, pageLoad: 300000, script: 30000}, unhandledPromptBehavior: dismiss and notify, webauthn:extension:credBlob: true, webauthn:extension:largeBlob: true, webauthn:extension:minPinLength: true, webauthn:extension:prf: true, webauthn:virtualAuthenticators: true}
Session ID: ccdb7c45d74c859c40235180f456df9b
20:39:00.750 INFO  manager.WDListener - +++++++++++++++++++++++++++++++
20:39:00.751 INFO  manager.WDListener - Screen with error is src/test/screenshots/screen_1860.png
20:39:01.292 INFO  manager.TestNGListener - Start test addNewContactWrongEmail=================
20:39:01.294 INFO  tests.TestBase - +++++++++++++++++++++++++++++++
20:39:01.296 INFO  tests.TestBase - Name of method -->addNewContactWrongLastName
20:39:01.298 INFO  manager.TestNGListener - Start test addNewContactWrongLastName=================
20:39:01.318 INFO  manager.WDListener - After find element By.xpath: //*[@href='/add']
20:39:01.328 INFO  manager.WDListener - Location of element a
20:39:01.338 INFO  manager.WDListener - Before click element --> atext=ADD
20:39:01.388 INFO  manager.WDListener - After click element a
20:39:01.405 INFO  manager.WDListener - After find element By.xpath: //input[@placeholder='Name']
20:39:01.414 INFO  manager.WDListener - Location of element input
20:39:01.430 INFO  manager.WDListener - Before click element --> inputtext=
20:39:01.486 INFO  manager.WDListener - After click element input
20:39:01.516 INFO  manager.WDListener - Send Keys input
20:39:01.567 INFO  manager.WDListener - Send Keys input
20:39:01.596 INFO  manager.WDListener - Send Keys input
20:39:01.635 INFO  manager.WDListener - After find element By.xpath: //input[@placeholder='Last Name']
20:39:01.642 INFO  manager.WDListener - Location of element input
20:39:01.655 INFO  manager.WDListener - Before click element --> inputtext=
20:39:01.707 INFO  manager.WDListener - After click element input
20:39:01.731 INFO  manager.WDListener - Send Keys input
20:39:01.767 INFO  manager.WDListener - Send Keys input
20:39:01.795 INFO  manager.WDListener - Send Keys input
20:39:01.823 INFO  manager.WDListener - After find element By.xpath: //input[@placeholder='Phone']
20:39:01.829 INFO  manager.WDListener - Location of element input
20:39:01.841 INFO  manager.WDListener - Before click element --> inputtext=
20:39:01.884 INFO  manager.WDListener - After click element input
20:39:01.906 INFO  manager.WDListener - Send Keys input
20:39:01.969 INFO  manager.WDListener - Send Keys input
20:39:01.990 INFO  manager.WDListener - Send Keys input
20:39:02.029 INFO  manager.WDListener - After find element By.xpath: //input[@placeholder='email']
20:39:02.034 INFO  manager.WDListener - Location of element input
20:39:02.044 INFO  manager.WDListener - Before click element --> inputtext=
20:39:02.089 INFO  manager.WDListener - After click element input
20:39:02.111 INFO  manager.WDListener - Send Keys input
20:39:02.148 INFO  manager.WDListener - Send Keys input
20:39:02.172 INFO  manager.WDListener - Send Keys input
20:39:02.213 INFO  manager.WDListener - After find element By.xpath: //input[@placeholder='Address']
20:39:02.219 INFO  manager.WDListener - Location of element input
20:39:02.230 INFO  manager.WDListener - Before click element --> inputtext=
20:39:02.279 INFO  manager.WDListener - After click element input
20:39:02.302 INFO  manager.WDListener - Send Keys input
20:39:02.345 INFO  manager.WDListener - Send Keys input
20:39:02.369 INFO  manager.WDListener - Send Keys input
20:39:02.412 INFO  manager.WDListener - After find element By.xpath: //input[@placeholder='description']
20:39:02.426 INFO  manager.WDListener - Location of element input
20:39:02.436 INFO  manager.WDListener - Before click element --> inputtext=
20:39:02.478 INFO  manager.WDListener - After click element input
20:39:02.506 INFO  manager.WDListener - Send Keys input
20:39:02.550 INFO  manager.WDListener - Send Keys input
20:39:02.577 INFO  manager.WDListener - Send Keys input
20:39:02.618 INFO  manager.WDListener - After find element By.xpath: //b[text()='Save']
20:39:02.626 INFO  manager.WDListener - Location of element b
20:39:02.639 INFO  manager.WDListener - Before click element --> btext=Save
20:39:02.688 INFO  manager.WDListener - After click element b
20:39:02.688 INFO  manager.WDListener - Before find element By.cssSelector: a.active[href='/add']
20:39:02.701 INFO  manager.TestNGListener - Start test addNewContactWrongLastName=================
20:39:02.703 INFO  tests.TestBase - +++++++++++++++++++++++++++++++
20:39:02.706 INFO  tests.TestBase - Name of method -->addNewContactWrongName
20:39:02.707 INFO  manager.TestNGListener - Start test addNewContactWrongName=================
20:39:02.732 INFO  manager.WDListener - After find element By.xpath: //*[@href='/add']
20:39:02.739 INFO  manager.WDListener - Location of element a
20:39:02.754 INFO  manager.WDListener - Before click element --> atext=ADD
20:39:02.824 INFO  manager.WDListener - After click element a
20:39:02.835 INFO  manager.WDListener - After find element By.xpath: //input[@placeholder='Name']
20:39:02.843 INFO  manager.WDListener - Location of element input
20:39:02.854 INFO  manager.WDListener - Before click element --> inputtext=
20:39:02.893 INFO  manager.WDListener - After click element input
20:39:02.915 INFO  manager.WDListener - Send Keys input
20:39:02.951 INFO  manager.WDListener - Send Keys input
20:39:02.979 INFO  manager.WDListener - Send Keys input
20:39:03.012 INFO  manager.WDListener - After find element By.xpath: //input[@placeholder='Last Name']
20:39:03.017 INFO  manager.WDListener - Location of element input
20:39:03.033 INFO  manager.WDListener - Before click element --> inputtext=
20:39:03.077 INFO  manager.WDListener - After click element input
20:39:03.097 INFO  manager.WDListener - Send Keys input
20:39:03.124 INFO  manager.WDListener - Send Keys input
20:39:03.146 INFO  manager.WDListener - Send Keys input
20:39:03.186 INFO  manager.WDListener - After find element By.xpath: //input[@placeholder='Phone']
20:39:03.193 INFO  manager.WDListener - Location of element input
20:39:03.204 INFO  manager.WDListener - Before click element --> inputtext=
20:39:03.253 INFO  manager.WDListener - After click element input
20:39:03.282 INFO  manager.WDListener - Send Keys input
20:39:03.328 INFO  manager.WDListener - Send Keys input
20:39:03.356 INFO  manager.WDListener - Send Keys input
20:39:03.414 INFO  manager.WDListener - After find element By.xpath: //input[@placeholder='email']
20:39:03.425 INFO  manager.WDListener - Location of element input
20:39:03.443 INFO  manager.WDListener - Before click element --> inputtext=
20:39:03.515 INFO  manager.WDListener - After click element input
20:39:03.540 INFO  manager.WDListener - Send Keys input
20:39:03.578 INFO  manager.WDListener - Send Keys input
20:39:03.598 INFO  manager.WDListener - Send Keys input
20:39:03.640 INFO  manager.WDListener - After find element By.xpath: //input[@placeholder='Address']
20:39:03.645 INFO  manager.WDListener - Location of element input
20:39:03.655 INFO  manager.WDListener - Before click element --> inputtext=
20:39:03.697 INFO  manager.WDListener - After click element input
20:39:03.717 INFO  manager.WDListener - Send Keys input
20:39:03.756 INFO  manager.WDListener - Send Keys input
20:39:03.781 INFO  manager.WDListener - Send Keys input
20:39:03.825 INFO  manager.WDListener - After find element By.xpath: //input[@placeholder='description']
20:39:03.831 INFO  manager.WDListener - Location of element input
20:39:03.842 INFO  manager.WDListener - Before click element --> inputtext=
20:39:03.894 INFO  manager.WDListener - After click element input
20:39:03.918 INFO  manager.WDListener - Send Keys input
20:39:03.956 INFO  manager.WDListener - Send Keys input
20:39:03.982 INFO  manager.WDListener - Send Keys input
20:39:04.018 INFO  manager.WDListener - After find element By.xpath: //b[text()='Save']
20:39:04.023 INFO  manager.WDListener - Location of element b
20:39:04.034 INFO  manager.WDListener - Before click element --> btext=Save
20:39:04.077 INFO  manager.WDListener - After click element b
20:39:04.077 INFO  manager.WDListener - Before find element By.cssSelector: a.active[href='/add']
20:39:04.093 INFO  manager.TestNGListener - Start test addNewContactWrongName=================
20:39:04.094 INFO  tests.TestBase - +++++++++++++++++++++++++++++++
20:39:04.095 INFO  tests.TestBase - Name of method -->addNewContactWrongPhone
20:39:04.097 INFO  manager.TestNGListener - Start test addNewContactWrongPhone=================
20:39:04.118 INFO  manager.WDListener - After find element By.xpath: //*[@href='/add']
20:39:04.128 INFO  manager.WDListener - Location of element a
20:39:04.141 INFO  manager.WDListener - Before click element --> atext=ADD
20:39:04.194 INFO  manager.WDListener - After click element a
20:39:04.206 INFO  manager.WDListener - After find element By.xpath: //input[@placeholder='Name']
20:39:04.212 INFO  manager.WDListener - Location of element input
20:39:04.227 INFO  manager.WDListener - Before click element --> inputtext=
20:39:04.276 INFO  manager.WDListener - After click element input
20:39:04.302 INFO  manager.WDListener - Send Keys input
20:39:04.333 INFO  manager.WDListener - Send Keys input
20:39:04.353 INFO  manager.WDListener - Send Keys input
20:39:04.404 INFO  manager.WDListener - After find element By.xpath: //input[@placeholder='Last Name']
20:39:04.409 INFO  manager.WDListener - Location of element input
20:39:04.419 INFO  manager.WDListener - Before click element --> inputtext=
20:39:04.482 INFO  manager.WDListener - After click element input
20:39:04.514 INFO  manager.WDListener - Send Keys input
20:39:04.568 INFO  manager.WDListener - Send Keys input
20:39:04.599 INFO  manager.WDListener - Send Keys input
20:39:04.636 INFO  manager.WDListener - After find element By.xpath: //input[@placeholder='Phone']
20:39:04.644 INFO  manager.WDListener - Location of element input
20:39:04.658 INFO  manager.WDListener - Before click element --> inputtext=
20:39:04.705 INFO  manager.WDListener - After click element input
20:39:04.729 INFO  manager.WDListener - Send Keys input
20:39:04.769 INFO  manager.WDListener - Send Keys input
20:39:04.795 INFO  manager.WDListener - Send Keys input
20:39:04.823 INFO  manager.WDListener - After find element By.xpath: //input[@placeholder='email']
20:39:04.829 INFO  manager.WDListener - Location of element input
20:39:04.839 INFO  manager.WDListener - Before click element --> inputtext=
20:39:04.997 INFO  manager.WDListener - After click element input
20:39:05.104 INFO  manager.WDListener - Send Keys input
20:39:05.152 INFO  manager.WDListener - Send Keys input
20:39:05.181 INFO  manager.WDListener - Send Keys input
20:39:05.232 INFO  manager.WDListener - After find element By.xpath: //input[@placeholder='Address']
20:39:05.237 INFO  manager.WDListener - Location of element input
20:39:05.249 INFO  manager.WDListener - Before click element --> inputtext=
20:39:05.299 INFO  manager.WDListener - After click element input
20:39:05.329 INFO  manager.WDListener - Send Keys input
20:39:05.372 INFO  manager.WDListener - Send Keys input
20:39:05.396 INFO  manager.WDListener - Send Keys input
20:39:05.438 INFO  manager.WDListener - After find element By.xpath: //input[@placeholder='description']
20:39:05.443 INFO  manager.WDListener - Location of element input
20:39:05.459 INFO  manager.WDListener - Before click element --> inputtext=
20:39:05.517 INFO  manager.WDListener - After click element input
20:39:05.540 INFO  manager.WDListener - Send Keys input
20:39:05.574 INFO  manager.WDListener - Send Keys input
20:39:05.598 INFO  manager.WDListener - Send Keys input
20:39:05.635 INFO  manager.WDListener - After find element By.xpath: //b[text()='Save']
20:39:05.640 INFO  manager.WDListener - Location of element b
20:39:05.653 INFO  manager.WDListener - Before click element --> btext=Save
20:39:05.700 INFO  manager.WDListener - After click element b
20:39:05.701 INFO  manager.WDListener - Before find element By.cssSelector: a.active[href='/add']
20:39:05.727 INFO  manager.WDListener - Houston, we have a problem!
20:39:05.727 INFO  manager.WDListener - +++++++++++++++++++++++++++++++
20:39:05.727 INFO  manager.WDListener - Object target org.openqa.selenium.remote.RemoteWebDriver$RemoteTargetLocator@214fba74
20:39:05.727 INFO  manager.WDListener - +++++++++++++++++++++++++++++++
20:39:05.727 INFO  manager.WDListener - Method name alert
20:39:05.727 INFO  manager.WDListener - +++++++++++++++++++++++++++++++
20:39:05.728 INFO  manager.WDListener - InvocationTargetException org.openqa.selenium.NoAlertPresentException: no such alert
  (Session info: chrome=145.0.7632.116)
Build info: version: '4.26.0', revision: '8ccf0219d7'
System info: os.name: 'Windows 11', os.arch: 'amd64', os.version: '10.0', java.version: '17.0.12'
Driver info: org.openqa.selenium.chrome.ChromeDriver
Command: [ccdb7c45d74c859c40235180f456df9b, getAlertText {}]
Capabilities {acceptInsecureCerts: false, browserName: chrome, browserVersion: 145.0.7632.116, chrome: {chromedriverVersion: 145.0.7632.77 (da516187054a..., userDataDir: C:\Users\np170\AppData\Loca...}, fedcm:accounts: true, goog:chromeOptions: {debuggerAddress: localhost:59432}, goog:processID: 9000, networkConnectionEnabled: false, pageLoadStrategy: normal, platformName: windows, proxy: Proxy(), se:cdp: ws://localhost:59432/devtoo..., se:cdpVersion: 145.0.7632.116, setWindowRect: true, strictFileInteractability: false, timeouts: {implicit: 0, pageLoad: 300000, script: 30000}, unhandledPromptBehavior: dismiss and notify, webauthn:extension:credBlob: true, webauthn:extension:largeBlob: true, webauthn:extension:minPinLength: true, webauthn:extension:prf: true, webauthn:virtualAuthenticators: true}
Session ID: ccdb7c45d74c859c40235180f456df9b
20:39:05.728 INFO  manager.WDListener - +++++++++++++++++++++++++++++++
20:39:05.728 INFO  manager.WDListener - Screen with error is src/test/screenshots/screen_1203.png
20:39:06.273 INFO  manager.TestNGListener - Start test addNewContactWrongPhone=================
20:39:06.274 INFO  tests.TestBase - +++++++++++++++++++++++++++++++
20:39:06.274 INFO  tests.TestBase - Name of method -->addNewContactWrongPhone
20:39:06.275 INFO  manager.TestNGListener - Start test addNewContactWrongPhone=================
20:39:06.292 INFO  manager.WDListener - After find element By.xpath: //*[@href='/add']
20:39:06.297 INFO  manager.WDListener - Location of element a
20:39:06.313 INFO  manager.WDListener - Before click element --> atext=ADD
20:39:06.365 INFO  manager.WDListener - After click element a
20:39:06.376 INFO  manager.WDListener - After find element By.xpath: //input[@placeholder='Name']
20:39:06.381 INFO  manager.WDListener - Location of element input
20:39:06.397 INFO  manager.WDListener - Before click element --> inputtext=
20:39:06.448 INFO  manager.WDListener - After click element input
20:39:06.472 INFO  manager.WDListener - Send Keys input
20:39:06.520 INFO  manager.WDListener - Send Keys input
20:39:06.545 INFO  manager.WDListener - Send Keys input
20:39:06.587 INFO  manager.WDListener - After find element By.xpath: //input[@placeholder='Last Name']
20:39:06.596 INFO  manager.WDListener - Location of element input
20:39:06.614 INFO  manager.WDListener - Before click element --> inputtext=
20:39:06.675 INFO  manager.WDListener - After click element input
20:39:06.697 INFO  manager.WDListener - Send Keys input
20:39:06.733 INFO  manager.WDListener - Send Keys input
20:39:06.755 INFO  manager.WDListener - Send Keys input
20:39:06.788 INFO  manager.WDListener - After find element By.xpath: //input[@placeholder='Phone']
20:39:06.792 INFO  manager.WDListener - Location of element input
20:39:06.808 INFO  manager.WDListener - Before click element --> inputtext=
20:39:06.852 INFO  manager.WDListener - After click element input
20:39:06.873 INFO  manager.WDListener - Send Keys input
20:39:06.894 INFO  manager.WDListener - Send Keys input
20:39:06.916 INFO  manager.WDListener - Send Keys input
20:39:06.946 INFO  manager.WDListener - After find element By.xpath: //input[@placeholder='email']
20:39:06.950 INFO  manager.WDListener - Location of element input
20:39:06.959 INFO  manager.WDListener - Before click element --> inputtext=
20:39:07.000 INFO  manager.WDListener - After click element input
20:39:07.028 INFO  manager.WDListener - Send Keys input
20:39:07.090 INFO  manager.WDListener - Send Keys input
20:39:07.121 INFO  manager.WDListener - Send Keys input
20:39:07.176 INFO  manager.WDListener - After find element By.xpath: //input[@placeholder='Address']
20:39:07.184 INFO  manager.WDListener - Location of element input
20:39:07.203 INFO  manager.WDListener - Before click element --> inputtext=
20:39:07.277 INFO  manager.WDListener - After click element input
20:39:07.300 INFO  manager.WDListener - Send Keys input
20:39:07.343 INFO  manager.WDListener - Send Keys input
20:39:07.370 INFO  manager.WDListener - Send Keys input
20:39:07.421 INFO  manager.WDListener - After find element By.xpath: //input[@placeholder='description']
20:39:07.430 INFO  manager.WDListener - Location of element input
20:39:07.449 INFO  manager.WDListener - Before click element --> inputtext=
20:39:07.528 INFO  manager.WDListener - After click element input
20:39:07.554 INFO  manager.WDListener - Send Keys input
20:39:07.608 INFO  manager.WDListener - Send Keys input
20:39:07.638 INFO  manager.WDListener - Send Keys input
20:39:07.677 INFO  manager.WDListener - After find element By.xpath: //b[text()='Save']
20:39:07.682 INFO  manager.WDListener - Location of element b
20:39:07.693 INFO  manager.WDListener - Before click element --> btext=Save
20:39:07.732 INFO  manager.WDListener - After click element b
20:39:07.733 INFO  manager.WDListener - Before find element By.cssSelector: a.active[href='/add']
20:39:07.751 INFO  manager.WDListener - Houston, we have a problem!
20:39:07.751 INFO  manager.WDListener - +++++++++++++++++++++++++++++++
20:39:07.751 INFO  manager.WDListener - Object target org.openqa.selenium.remote.RemoteWebDriver$RemoteTargetLocator@b34c7c9
20:39:07.751 INFO  manager.WDListener - +++++++++++++++++++++++++++++++
20:39:07.751 INFO  manager.WDListener - Method name alert
20:39:07.751 INFO  manager.WDListener - +++++++++++++++++++++++++++++++
20:39:07.751 INFO  manager.WDListener - InvocationTargetException org.openqa.selenium.NoAlertPresentException: no such alert
  (Session info: chrome=145.0.7632.116)
Build info: version: '4.26.0', revision: '8ccf0219d7'
System info: os.name: 'Windows 11', os.arch: 'amd64', os.version: '10.0', java.version: '17.0.12'
Driver info: org.openqa.selenium.chrome.ChromeDriver
Command: [ccdb7c45d74c859c40235180f456df9b, getAlertText {}]
Capabilities {acceptInsecureCerts: false, browserName: chrome, browserVersion: 145.0.7632.116, chrome: {chromedriverVersion: 145.0.7632.77 (da516187054a..., userDataDir: C:\Users\np170\AppData\Loca...}, fedcm:accounts: true, goog:chromeOptions: {debuggerAddress: localhost:59432}, goog:processID: 9000, networkConnectionEnabled: false, pageLoadStrategy: normal, platformName: windows, proxy: Proxy(), se:cdp: ws://localhost:59432/devtoo..., se:cdpVersion: 145.0.7632.116, setWindowRect: true, strictFileInteractability: false, timeouts: {implicit: 0, pageLoad: 300000, script: 30000}, unhandledPromptBehavior: dismiss and notify, webauthn:extension:credBlob: true, webauthn:extension:largeBlob: true, webauthn:extension:minPinLength: true, webauthn:extension:prf: true, webauthn:virtualAuthenticators: true}
Session ID: ccdb7c45d74c859c40235180f456df9b
20:39:07.752 INFO  manager.WDListener - +++++++++++++++++++++++++++++++
20:39:07.752 INFO  manager.WDListener - Screen with error is src/test/screenshots/screen_1267.png
20:39:08.277 INFO  manager.TestNGListener - Start test addNewContactWrongPhone=================
20:39:08.278 INFO  tests.TestBase - +++++++++++++++++++++++++++++++
20:39:08.279 INFO  tests.TestBase - Name of method -->addNewContactWrongPhone
20:39:08.280 INFO  manager.TestNGListener - Start test addNewContactWrongPhone=================
20:39:08.299 INFO  manager.WDListener - After find element By.xpath: //*[@href='/add']
20:39:08.307 INFO  manager.WDListener - Location of element a
20:39:08.322 INFO  manager.WDListener - Before click element --> atext=ADD
20:39:08.371 INFO  manager.WDListener - After click element a
20:39:08.383 INFO  manager.WDListener - After find element By.xpath: //input[@placeholder='Name']
20:39:08.390 INFO  manager.WDListener - Location of element input
20:39:08.403 INFO  manager.WDListener - Before click element --> inputtext=
20:39:08.462 INFO  manager.WDListener - After click element input
20:39:08.485 INFO  manager.WDListener - Send Keys input
20:39:08.524 INFO  manager.WDListener - Send Keys input
20:39:08.548 INFO  manager.WDListener - Send Keys input
20:39:08.580 INFO  manager.WDListener - After find element By.xpath: //input[@placeholder='Last Name']
20:39:08.585 INFO  manager.WDListener - Location of element input
20:39:08.597 INFO  manager.WDListener - Before click element --> inputtext=
20:39:08.646 INFO  manager.WDListener - After click element input
20:39:08.683 INFO  manager.WDListener - Send Keys input
20:39:08.716 INFO  manager.WDListener - Send Keys input
20:39:08.737 INFO  manager.WDListener - Send Keys input
20:39:08.767 INFO  manager.WDListener - After find element By.xpath: //input[@placeholder='Phone']
20:39:08.770 INFO  manager.WDListener - Location of element input
20:39:08.781 INFO  manager.WDListener - Before click element --> inputtext=
20:39:08.822 INFO  manager.WDListener - After click element input
20:39:08.844 INFO  manager.WDListener - Send Keys input
20:39:08.879 INFO  manager.WDListener - Send Keys input
20:39:08.900 INFO  manager.WDListener - Send Keys input
20:39:08.938 INFO  manager.WDListener - After find element By.xpath: //input[@placeholder='email']
20:39:08.942 INFO  manager.WDListener - Location of element input
20:39:08.951 INFO  manager.WDListener - Before click element --> inputtext=
20:39:08.990 INFO  manager.WDListener - After click element input
20:39:09.010 INFO  manager.WDListener - Send Keys input
20:39:09.045 INFO  manager.WDListener - Send Keys input
20:39:09.067 INFO  manager.WDListener - Send Keys input
20:39:09.107 INFO  manager.WDListener - After find element By.xpath: //input[@placeholder='Address']
20:39:09.111 INFO  manager.WDListener - Location of element input
20:39:09.121 INFO  manager.WDListener - Before click element --> inputtext=
20:39:09.162 INFO  manager.WDListener - After click element input
20:39:09.182 INFO  manager.WDListener - Send Keys input
20:39:09.219 INFO  manager.WDListener - Send Keys input
20:39:09.240 INFO  manager.WDListener - Send Keys input
20:39:09.279 INFO  manager.WDListener - After find element By.xpath: //input[@placeholder='description']
20:39:09.284 INFO  manager.WDListener - Location of element input
20:39:09.293 INFO  manager.WDListener - Before click element --> inputtext=
20:39:09.342 INFO  manager.WDListener - After click element input
20:39:09.365 INFO  manager.WDListener - Send Keys input
20:39:09.412 INFO  manager.WDListener - Send Keys input
20:39:09.435 INFO  manager.WDListener - Send Keys input
20:39:09.474 INFO  manager.WDListener - After find element By.xpath: //b[text()='Save']
20:39:09.479 INFO  manager.WDListener - Location of element b
20:39:09.490 INFO  manager.WDListener - Before click element --> btext=Save
20:39:09.529 INFO  manager.WDListener - After click element b
20:39:09.529 INFO  manager.WDListener - Before find element By.cssSelector: a.active[href='/add']
20:39:09.553 INFO  manager.WDListener - Houston, we have a problem!
20:39:09.553 INFO  manager.WDListener - +++++++++++++++++++++++++++++++
20:39:09.553 INFO  manager.WDListener - Object target org.openqa.selenium.remote.RemoteWebDriver$RemoteTargetLocator@1450ffa3
20:39:09.553 INFO  manager.WDListener - +++++++++++++++++++++++++++++++
20:39:09.553 INFO  manager.WDListener - Method name alert
20:39:09.553 INFO  manager.WDListener - +++++++++++++++++++++++++++++++
20:39:09.553 INFO  manager.WDListener - InvocationTargetException org.openqa.selenium.NoAlertPresentException: no such alert
  (Session info: chrome=145.0.7632.116)
Build info: version: '4.26.0', revision: '8ccf0219d7'
System info: os.name: 'Windows 11', os.arch: 'amd64', os.version: '10.0', java.version: '17.0.12'
Driver info: org.openqa.selenium.chrome.ChromeDriver
Command: [ccdb7c45d74c859c40235180f456df9b, getAlertText {}]
Capabilities {acceptInsecureCerts: false, browserName: chrome, browserVersion: 145.0.7632.116, chrome: {chromedriverVersion: 145.0.7632.77 (da516187054a..., userDataDir: C:\Users\np170\AppData\Loca...}, fedcm:accounts: true, goog:chromeOptions: {debuggerAddress: localhost:59432}, goog:processID: 9000, networkConnectionEnabled: false, pageLoadStrategy: normal, platformName: windows, proxy: Proxy(), se:cdp: ws://localhost:59432/devtoo..., se:cdpVersion: 145.0.7632.116, setWindowRect: true, strictFileInteractability: false, timeouts: {implicit: 0, pageLoad: 300000, script: 30000}, unhandledPromptBehavior: dismiss and notify, webauthn:extension:credBlob: true, webauthn:extension:largeBlob: true, webauthn:extension:minPinLength: true, webauthn:extension:prf: true, webauthn:virtualAuthenticators: true}
Session ID: ccdb7c45d74c859c40235180f456df9b
20:39:09.553 INFO  manager.WDListener - +++++++++++++++++++++++++++++++
20:39:09.553 INFO  manager.WDListener - Screen with error is src/test/screenshots/screen_1366.png
20:39:10.093 INFO  manager.TestNGListener - Start test addNewContactWrongPhone=================
20:39:10.094 INFO  tests.TestBase - +++++++++++++++++++++++++++++++
20:39:10.097 INFO  tests.TestBase - Name of method -->addNewContactWrongPhone
20:39:10.098 INFO  manager.TestNGListener - Start test addNewContactWrongPhone=================
20:39:10.122 INFO  manager.WDListener - After find element By.xpath: //*[@href='/add']
20:39:10.131 INFO  manager.WDListener - Location of element a
20:39:10.147 INFO  manager.WDListener - Before click element --> atext=ADD
20:39:10.204 INFO  manager.WDListener - After click element a
20:39:10.218 INFO  manager.WDListener - After find element By.xpath: //input[@placeholder='Name']
20:39:10.227 INFO  manager.WDListener - Location of element input
20:39:10.237 INFO  manager.WDListener - Before click element --> inputtext=
20:39:10.284 INFO  manager.WDListener - After click element input
20:39:10.309 INFO  manager.WDListener - Send Keys input
20:39:10.345 INFO  manager.WDListener - Send Keys input
20:39:10.367 INFO  manager.WDListener - Send Keys input
20:39:10.400 INFO  manager.WDListener - After find element By.xpath: //input[@placeholder='Last Name']
20:39:10.404 INFO  manager.WDListener - Location of element input
20:39:10.414 INFO  manager.WDListener - Before click element --> inputtext=
20:39:10.465 INFO  manager.WDListener - After click element input
20:39:10.486 INFO  manager.WDListener - Send Keys input
20:39:10.525 INFO  manager.WDListener - Send Keys input
20:39:10.549 INFO  manager.WDListener - Send Keys input
20:39:10.579 INFO  manager.WDListener - After find element By.xpath: //input[@placeholder='Phone']
20:39:10.584 INFO  manager.WDListener - Location of element input
20:39:10.591 INFO  manager.WDListener - Before click element --> inputtext=
20:39:10.638 INFO  manager.WDListener - After click element input
20:39:10.684 INFO  manager.WDListener - Send Keys input
20:39:10.721 INFO  manager.WDListener - Send Keys input
20:39:10.743 INFO  manager.WDListener - Send Keys input
20:39:10.780 INFO  manager.WDListener - After find element By.xpath: //input[@placeholder='email']
20:39:10.785 INFO  manager.WDListener - Location of element input
20:39:10.793 INFO  manager.WDListener - Before click element --> inputtext=
20:39:10.839 INFO  manager.WDListener - After click element input
20:39:10.861 INFO  manager.WDListener - Send Keys input
20:39:10.899 INFO  manager.WDListener - Send Keys input
20:39:10.921 INFO  manager.WDListener - Send Keys input
20:39:10.961 INFO  manager.WDListener - After find element By.xpath: //input[@placeholder='Address']
20:39:10.967 INFO  manager.WDListener - Location of element input
20:39:10.976 INFO  manager.WDListener - Before click element --> inputtext=
20:39:11.022 INFO  manager.WDListener - After click element input
20:39:11.046 INFO  manager.WDListener - Send Keys input
20:39:11.085 INFO  manager.WDListener - Send Keys input
20:39:11.108 INFO  manager.WDListener - Send Keys input
20:39:11.150 INFO  manager.WDListener - After find element By.xpath: //input[@placeholder='description']
20:39:11.154 INFO  manager.WDListener - Location of element input
20:39:11.163 INFO  manager.WDListener - Before click element --> inputtext=
20:39:11.204 INFO  manager.WDListener - After click element input
20:39:11.225 INFO  manager.WDListener - Send Keys input
20:39:11.256 INFO  manager.WDListener - Send Keys input
20:39:11.278 INFO  manager.WDListener - Send Keys input
20:39:11.313 INFO  manager.WDListener - After find element By.xpath: //b[text()='Save']
20:39:11.319 INFO  manager.WDListener - Location of element b
20:39:11.329 INFO  manager.WDListener - Before click element --> btext=Save
20:39:11.368 INFO  manager.WDListener - After click element b
20:39:11.368 INFO  manager.WDListener - Before find element By.cssSelector: a.active[href='/add']
20:39:11.389 INFO  manager.WDListener - Houston, we have a problem!
20:39:11.391 INFO  manager.WDListener - +++++++++++++++++++++++++++++++
20:39:11.391 INFO  manager.WDListener - Object target org.openqa.selenium.remote.RemoteWebDriver$RemoteTargetLocator@6ef4297d
20:39:11.391 INFO  manager.WDListener - +++++++++++++++++++++++++++++++
20:39:11.391 INFO  manager.WDListener - Method name alert
20:39:11.391 INFO  manager.WDListener - +++++++++++++++++++++++++++++++
20:39:11.391 INFO  manager.WDListener - InvocationTargetException org.openqa.selenium.NoAlertPresentException: no such alert
  (Session info: chrome=145.0.7632.116)
Build info: version: '4.26.0', revision: '8ccf0219d7'
System info: os.name: 'Windows 11', os.arch: 'amd64', os.version: '10.0', java.version: '17.0.12'
Driver info: org.openqa.selenium.chrome.ChromeDriver
Command: [ccdb7c45d74c859c40235180f456df9b, getAlertText {}]
Capabilities {acceptInsecureCerts: false, browserName: chrome, browserVersion: 145.0.7632.116, chrome: {chromedriverVersion: 145.0.7632.77 (da516187054a..., userDataDir: C:\Users\np170\AppData\Loca...}, fedcm:accounts: true, goog:chromeOptions: {debuggerAddress: localhost:59432}, goog:processID: 9000, networkConnectionEnabled: false, pageLoadStrategy: normal, platformName: windows, proxy: Proxy(), se:cdp: ws://localhost:59432/devtoo..., se:cdpVersion: 145.0.7632.116, setWindowRect: true, strictFileInteractability: false, timeouts: {implicit: 0, pageLoad: 300000, script: 30000}, unhandledPromptBehavior: dismiss and notify, webauthn:extension:credBlob: true, webauthn:extension:largeBlob: true, webauthn:extension:minPinLength: true, webauthn:extension:prf: true, webauthn:virtualAuthenticators: true}
Session ID: ccdb7c45d74c859c40235180f456df9b
20:39:11.392 INFO  manager.WDListener - +++++++++++++++++++++++++++++++
20:39:11.392 INFO  manager.WDListener - Screen with error is src/test/screenshots/screen_1938.png
20:39:11.931 INFO  manager.TestNGListener - Start test addNewContactWrongPhone=================
20:39:11.933 INFO  tests.TestBase - +++++++++++++++++++++++++++++++
20:39:11.937 INFO  manager.TestNGListener - Stop testing on date Tue Feb 24 20:38:37 IST 2026=================
