18:53:22.615 INFO  manager.ApplicationManager - All tests run in CHROME Browser
18:53:22.616 INFO  manager.ApplicationManager - All tests run in Edge Browser
18:53:24.110 INFO  manager.ApplicationManager - The link is -->https://telranedu.web.app/home
18:53:24.119 INFO  manager.TestNGListener - Start tests on date Wed Feb 25 18:53:24 IST 2026=================
18:53:24.130 INFO  manager.WDListener - Before find element By.xpath: //button[text()='Sign Out']
18:53:29.191 INFO  manager.WDListener - After find element By.cssSelector: a[href='/login']
18:53:29.202 INFO  manager.WDListener - Location of element a
18:53:29.223 INFO  manager.WDListener - Before click element --> atext=LOGIN
18:53:29.300 INFO  manager.WDListener - After click element a
18:53:29.320 INFO  manager.WDListener - After find element By.name: email
18:53:29.328 INFO  manager.WDListener - Location of element input
18:53:29.341 INFO  manager.WDListener - Before click element --> inputtext=
18:53:29.447 INFO  manager.WDListener - After click element input
18:53:29.502 INFO  manager.WDListener - Send Keys input
18:53:29.554 INFO  manager.WDListener - Send Keys input
18:53:29.588 INFO  manager.WDListener - Send Keys input
18:53:29.659 INFO  manager.WDListener - After find element By.name: password
18:53:29.665 INFO  manager.WDListener - Location of element input
18:53:29.679 INFO  manager.WDListener - Before click element --> inputtext=
18:53:29.765 INFO  manager.WDListener - After click element input
18:53:29.806 INFO  manager.WDListener - Send Keys input
18:53:29.842 INFO  manager.WDListener - Send Keys input
18:53:29.875 INFO  manager.WDListener - Send Keys input
18:53:29.951 INFO  manager.WDListener - After find element By.xpath: //button[text()='Login']
18:53:29.956 INFO  manager.WDListener - Location of element button
18:53:29.968 INFO  manager.WDListener - Before click element --> buttontext=Login
18:53:30.071 INFO  tests.TestBase - Name of method -->addContactSuccessAllFields
18:53:30.072 INFO  manager.TestNGListener - Start test addContactSuccessAllFields=================
18:53:31.092 INFO  manager.WDListener - After find element By.xpath: //*[@href='/add']
18:53:31.103 INFO  manager.WDListener - Location of element a
18:53:31.116 INFO  manager.WDListener - Before click element --> atext=ADD
18:53:31.202 INFO  manager.WDListener - After click element a
18:53:31.220 INFO  manager.WDListener - After find element By.xpath: //input[@placeholder='Name']
18:53:31.229 INFO  manager.WDListener - Location of element input
18:53:31.242 INFO  manager.WDListener - Before click element --> inputtext=
18:53:31.341 INFO  manager.WDListener - After click element input
18:53:31.377 INFO  manager.WDListener - Send Keys input
18:53:31.409 INFO  manager.WDListener - Send Keys input
18:53:31.437 INFO  manager.WDListener - Send Keys input
18:53:31.491 INFO  manager.WDListener - After find element By.xpath: //input[@placeholder='Last Name']
18:53:31.497 INFO  manager.WDListener - Location of element input
18:53:31.509 INFO  manager.WDListener - Before click element --> inputtext=
18:53:31.567 INFO  manager.WDListener - After click element input
18:53:31.595 INFO  manager.WDListener - Send Keys input
18:53:31.648 INFO  manager.WDListener - Send Keys input
18:53:31.682 INFO  manager.WDListener - Send Keys input
18:53:31.739 INFO  manager.WDListener - After find element By.xpath: //input[@placeholder='Phone']
18:53:31.747 INFO  manager.WDListener - Location of element input
18:53:31.765 INFO  manager.WDListener - Before click element --> inputtext=
18:53:31.827 INFO  manager.WDListener - After click element input
18:53:31.853 INFO  manager.WDListener - Send Keys input
18:53:31.882 INFO  manager.WDListener - Send Keys input
18:53:31.913 INFO  manager.WDListener - Send Keys input
18:53:31.977 INFO  manager.WDListener - After find element By.xpath: //input[@placeholder='email']
18:53:31.983 INFO  manager.WDListener - Location of element input
18:53:31.996 INFO  manager.WDListener - Before click element --> inputtext=
18:53:32.050 INFO  manager.WDListener - After click element input
18:53:32.084 INFO  manager.WDListener - Send Keys input
18:53:32.136 INFO  manager.WDListener - Send Keys input
18:53:32.184 INFO  manager.WDListener - Send Keys input
18:53:32.243 INFO  manager.WDListener - After find element By.xpath: //input[@placeholder='Address']
18:53:32.251 INFO  manager.WDListener - Location of element input
18:53:32.266 INFO  manager.WDListener - Before click element --> inputtext=
18:53:32.368 INFO  manager.WDListener - After click element input
18:53:32.399 INFO  manager.WDListener - Send Keys input
18:53:32.430 INFO  manager.WDListener - Send Keys input
18:53:32.464 INFO  manager.WDListener - Send Keys input
18:53:32.545 INFO  manager.WDListener - After find element By.xpath: //input[@placeholder='description']
18:53:32.552 INFO  manager.WDListener - Location of element input
18:53:32.565 INFO  manager.WDListener - Before click element --> inputtext=
18:53:32.629 INFO  manager.WDListener - After click element input
18:53:32.654 INFO  manager.WDListener - Send Keys input
18:53:32.680 INFO  manager.WDListener - Send Keys input
18:53:32.709 INFO  manager.WDListener - Send Keys input
18:53:33.112 INFO  manager.WDListener - After find element By.xpath: //b[text()='Save']
18:53:33.119 INFO  manager.WDListener - Location of element b
18:53:33.132 INFO  manager.WDListener - Before click element --> btext=Save
18:53:33.201 INFO  manager.WDListener - After click element b
18:53:33.201 INFO  manager.WDListener - Before find element By.cssSelector: h2
18:53:33.995 INFO  manager.WDListener - Before find element By.cssSelector: h3
18:53:34.187 INFO  manager.TestNGListener - Start test addContactSuccessAllFields=================
18:53:34.187 INFO  tests.TestBase - +++++++++++++++++++++++++++++++
18:53:34.188 INFO  tests.TestBase - Name of method -->addContactSuccessAllFields
18:53:34.188 INFO  manager.TestNGListener - Start test addContactSuccessAllFields=================
18:53:34.197 INFO  manager.WDListener - After find element By.xpath: //*[@href='/add']
18:53:34.204 INFO  manager.WDListener - Location of element a
18:53:34.218 INFO  manager.WDListener - Before click element --> atext=ADD
18:53:34.286 INFO  manager.WDListener - After click element a
18:53:34.298 INFO  manager.WDListener - After find element By.xpath: //input[@placeholder='Name']
18:53:34.305 INFO  manager.WDListener - Location of element input
18:53:34.320 INFO  manager.WDListener - Before click element --> inputtext=
18:53:34.389 INFO  manager.WDListener - After click element input
18:53:34.423 INFO  manager.WDListener - Send Keys input
18:53:34.456 INFO  manager.WDListener - Send Keys input
18:53:34.489 INFO  manager.WDListener - Send Keys input
18:53:34.534 INFO  manager.WDListener - After find element By.xpath: //input[@placeholder='Last Name']
18:53:34.540 INFO  manager.WDListener - Location of element input
18:53:34.554 INFO  manager.WDListener - Before click element --> inputtext=
18:53:34.612 INFO  manager.WDListener - After click element input
18:53:34.641 INFO  manager.WDListener - Send Keys input
18:53:34.668 INFO  manager.WDListener - Send Keys input
18:53:34.696 INFO  manager.WDListener - Send Keys input
18:53:34.736 INFO  manager.WDListener - After find element By.xpath: //input[@placeholder='Phone']
18:53:34.741 INFO  manager.WDListener - Location of element input
18:53:34.754 INFO  manager.WDListener - Before click element --> inputtext=
18:53:34.811 INFO  manager.WDListener - After click element input
18:53:34.840 INFO  manager.WDListener - Send Keys input
18:53:34.868 INFO  manager.WDListener - Send Keys input
18:53:34.901 INFO  manager.WDListener - Send Keys input
18:53:34.947 INFO  manager.WDListener - After find element By.xpath: //input[@placeholder='email']
18:53:34.952 INFO  manager.WDListener - Location of element input
18:53:34.965 INFO  manager.WDListener - Before click element --> inputtext=
18:53:35.025 INFO  manager.WDListener - After click element input
18:53:35.054 INFO  manager.WDListener - Send Keys input
18:53:35.082 INFO  manager.WDListener - Send Keys input
18:53:35.108 INFO  manager.WDListener - Send Keys input
18:53:35.151 INFO  manager.WDListener - After find element By.xpath: //input[@placeholder='Address']
18:53:35.157 INFO  manager.WDListener - Location of element input
18:53:35.171 INFO  manager.WDListener - Before click element --> inputtext=
18:53:35.235 INFO  manager.WDListener - After click element input
18:53:35.263 INFO  manager.WDListener - Send Keys input
18:53:35.293 INFO  manager.WDListener - Send Keys input
18:53:35.325 INFO  manager.WDListener - Send Keys input
18:53:35.373 INFO  manager.WDListener - After find element By.xpath: //input[@placeholder='description']
18:53:35.378 INFO  manager.WDListener - Location of element input
18:53:35.389 INFO  manager.WDListener - Before click element --> inputtext=
18:53:35.446 INFO  manager.WDListener - After click element input
18:53:35.480 INFO  manager.WDListener - Send Keys input
18:53:35.508 INFO  manager.WDListener - Send Keys input
18:53:35.930 INFO  manager.WDListener - After find element By.xpath: //b[text()='Save']
18:53:35.942 INFO  manager.WDListener - Location of element b
18:53:35.961 INFO  manager.WDListener - Before click element --> btext=Save
18:53:36.018 INFO  manager.WDListener - After click element b
18:53:36.018 INFO  manager.WDListener - Before find element By.cssSelector: h2
18:53:36.650 INFO  manager.WDListener - Before find element By.cssSelector: h3
18:53:36.858 INFO  manager.TestNGListener - Start test addContactSuccessAllFields=================
18:53:36.859 INFO  tests.TestBase - +++++++++++++++++++++++++++++++
18:53:36.861 INFO  tests.TestBase - Name of method -->addContactSuccessAllFieldsSCV
18:53:36.861 INFO  manager.TestNGListener - Start test addContactSuccessAllFieldsSCV=================
18:53:36.874 INFO  manager.WDListener - After find element By.xpath: //*[@href='/add']
18:53:36.881 INFO  manager.WDListener - Location of element a
18:53:36.897 INFO  manager.WDListener - Before click element --> atext=ADD
18:53:36.992 INFO  manager.WDListener - After click element a
18:53:37.008 INFO  manager.WDListener - After find element By.xpath: //input[@placeholder='Name']
18:53:37.022 INFO  manager.WDListener - Location of element input
18:53:37.040 INFO  manager.WDListener - Before click element --> inputtext=
18:53:37.124 INFO  manager.WDListener - After click element input
18:53:37.157 INFO  manager.WDListener - Send Keys input
18:53:37.189 INFO  manager.WDListener - Send Keys input
18:53:37.220 INFO  manager.WDListener - Send Keys input
18:53:37.260 INFO  manager.WDListener - After find element By.xpath: //input[@placeholder='Last Name']
18:53:37.266 INFO  manager.WDListener - Location of element input
18:53:37.281 INFO  manager.WDListener - Before click element --> inputtext=
18:53:37.349 INFO  manager.WDListener - After click element input
18:53:37.385 INFO  manager.WDListener - Send Keys input
18:53:37.416 INFO  manager.WDListener - Send Keys input
18:53:37.447 INFO  manager.WDListener - Send Keys input
18:53:37.490 INFO  manager.WDListener - After find element By.xpath: //input[@placeholder='Phone']
18:53:37.496 INFO  manager.WDListener - Location of element input
18:53:37.512 INFO  manager.WDListener - Before click element --> inputtext=
18:53:37.588 INFO  manager.WDListener - After click element input
18:53:37.626 INFO  manager.WDListener - Send Keys input
18:53:37.664 INFO  manager.WDListener - Send Keys input
18:53:37.697 INFO  manager.WDListener - Send Keys input
18:53:37.743 INFO  manager.WDListener - After find element By.xpath: //input[@placeholder='email']
18:53:37.748 INFO  manager.WDListener - Location of element input
18:53:37.762 INFO  manager.WDListener - Before click element --> inputtext=
18:53:37.816 INFO  manager.WDListener - After click element input
18:53:37.845 INFO  manager.WDListener - Send Keys input
18:53:37.878 INFO  manager.WDListener - Send Keys input
18:53:37.923 INFO  manager.WDListener - After find element By.xpath: //input[@placeholder='Address']
18:53:37.928 INFO  manager.WDListener - Location of element input
18:53:37.942 INFO  manager.WDListener - Before click element --> inputtext=
18:53:38.055 INFO  manager.WDListener - After click element input
18:53:38.092 INFO  manager.WDListener - Send Keys input
18:53:38.126 INFO  manager.WDListener - Send Keys input
18:53:38.160 INFO  manager.WDListener - Send Keys input
18:53:38.211 INFO  manager.WDListener - After find element By.xpath: //input[@placeholder='description']
18:53:38.218 INFO  manager.WDListener - Location of element input
18:53:38.234 INFO  manager.WDListener - Before click element --> inputtext=
18:53:38.306 INFO  manager.WDListener - After click element input
18:53:38.341 INFO  manager.WDListener - Send Keys input
18:53:38.381 INFO  manager.WDListener - Send Keys input
18:53:38.414 INFO  manager.WDListener - Send Keys input
18:53:38.846 INFO  manager.WDListener - After find element By.xpath: //b[text()='Save']
18:53:38.853 INFO  manager.WDListener - Location of element b
18:53:38.865 INFO  manager.WDListener - Before click element --> btext=Save
18:53:38.915 INFO  manager.WDListener - After click element b
18:53:38.916 INFO  manager.WDListener - Before find element By.cssSelector: h2
18:53:39.665 INFO  manager.WDListener - Before find element By.cssSelector: h3
18:53:39.869 INFO  manager.TestNGListener - Start test addContactSuccessAllFieldsSCV=================
18:53:39.870 INFO  tests.TestBase - +++++++++++++++++++++++++++++++
18:53:39.871 INFO  tests.TestBase - Name of method -->addContactSuccessAllFieldsSCV
18:53:39.872 INFO  manager.TestNGListener - Start test addContactSuccessAllFieldsSCV=================
18:53:39.884 INFO  manager.WDListener - After find element By.xpath: //*[@href='/add']
18:53:39.891 INFO  manager.WDListener - Location of element a
18:53:39.906 INFO  manager.WDListener - Before click element --> atext=ADD
18:53:39.973 INFO  manager.WDListener - After click element a
18:53:39.988 INFO  manager.WDListener - After find element By.xpath: //input[@placeholder='Name']
18:53:39.996 INFO  manager.WDListener - Location of element input
18:53:40.011 INFO  manager.WDListener - Before click element --> inputtext=
18:53:40.070 INFO  manager.WDListener - After click element input
18:53:40.097 INFO  manager.WDListener - Send Keys input
18:53:40.129 INFO  manager.WDListener - Send Keys input
18:53:40.161 INFO  manager.WDListener - Send Keys input
18:53:40.203 INFO  manager.WDListener - After find element By.xpath: //input[@placeholder='Last Name']
18:53:40.209 INFO  manager.WDListener - Location of element input
18:53:40.221 INFO  manager.WDListener - Before click element --> inputtext=
18:53:40.289 INFO  manager.WDListener - After click element input
18:53:40.315 INFO  manager.WDListener - Send Keys input
18:53:40.346 INFO  manager.WDListener - Send Keys input
18:53:40.382 INFO  manager.WDListener - Send Keys input
18:53:40.440 INFO  manager.WDListener - After find element By.xpath: //input[@placeholder='Phone']
18:53:40.447 INFO  manager.WDListener - Location of element input
18:53:40.462 INFO  manager.WDListener - Before click element --> inputtext=
18:53:40.520 INFO  manager.WDListener - After click element input
18:53:40.547 INFO  manager.WDListener - Send Keys input
18:53:40.572 INFO  manager.WDListener - Send Keys input
18:53:40.601 INFO  manager.WDListener - Send Keys input
18:53:40.646 INFO  manager.WDListener - After find element By.xpath: //input[@placeholder='email']
18:53:40.650 INFO  manager.WDListener - Location of element input
18:53:40.662 INFO  manager.WDListener - Before click element --> inputtext=
18:53:40.719 INFO  manager.WDListener - After click element input
18:53:40.746 INFO  manager.WDListener - Send Keys input
18:53:40.783 INFO  manager.WDListener - Send Keys input
18:53:40.820 INFO  manager.WDListener - After find element By.xpath: //input[@placeholder='Address']
18:53:40.828 INFO  manager.WDListener - Location of element input
18:53:40.847 INFO  manager.WDListener - Before click element --> inputtext=
18:53:40.925 INFO  manager.WDListener - After click element input
18:53:40.963 INFO  manager.WDListener - Send Keys input
18:53:41.001 INFO  manager.WDListener - Send Keys input
18:53:41.033 INFO  manager.WDListener - Send Keys input
18:53:41.083 INFO  manager.WDListener - After find element By.xpath: //input[@placeholder='description']
18:53:41.088 INFO  manager.WDListener - Location of element input
18:53:41.100 INFO  manager.WDListener - Before click element --> inputtext=
18:53:41.167 INFO  manager.WDListener - After click element input
18:53:41.197 INFO  manager.WDListener - Send Keys input
18:53:41.229 INFO  manager.WDListener - Send Keys input
18:53:41.261 INFO  manager.WDListener - Send Keys input
18:53:41.651 INFO  manager.WDListener - After find element By.xpath: //b[text()='Save']
18:53:41.660 INFO  manager.WDListener - Location of element b
18:53:41.675 INFO  manager.WDListener - Before click element --> btext=Save
18:53:41.730 INFO  manager.WDListener - After click element b
18:53:41.730 INFO  manager.WDListener - Before find element By.cssSelector: h2
18:53:42.310 INFO  manager.WDListener - Before find element By.cssSelector: h3
18:53:42.473 INFO  manager.TestNGListener - Start test addContactSuccessAllFieldsSCV=================
18:53:42.474 INFO  tests.TestBase - +++++++++++++++++++++++++++++++
18:53:42.475 INFO  tests.TestBase - Name of method -->addContactSuccessRequiredFields
18:53:42.475 INFO  manager.TestNGListener - Start test addContactSuccessRequiredFields=================
18:53:42.484 INFO  manager.WDListener - After find element By.xpath: //*[@href='/add']
18:53:42.489 INFO  manager.WDListener - Location of element a
18:53:42.502 INFO  manager.WDListener - Before click element --> atext=ADD
18:53:42.565 INFO  manager.WDListener - After click element a
18:53:42.574 INFO  manager.WDListener - After find element By.xpath: //input[@placeholder='Name']
18:53:42.582 INFO  manager.WDListener - Location of element input
18:53:42.595 INFO  manager.WDListener - Before click element --> inputtext=
18:53:42.677 INFO  manager.WDListener - After click element input
18:53:42.721 INFO  manager.WDListener - Send Keys input
18:53:42.755 INFO  manager.WDListener - Send Keys input
18:53:42.793 INFO  manager.WDListener - Send Keys input
18:53:42.840 INFO  manager.WDListener - After find element By.xpath: //input[@placeholder='Last Name']
18:53:42.844 INFO  manager.WDListener - Location of element input
18:53:42.853 INFO  manager.WDListener - Before click element --> inputtext=
18:53:42.908 INFO  manager.WDListener - After click element input
18:53:42.936 INFO  manager.WDListener - Send Keys input
18:53:42.962 INFO  manager.WDListener - Send Keys input
18:53:43.002 INFO  manager.WDListener - Send Keys input
18:53:43.040 INFO  manager.WDListener - After find element By.xpath: //input[@placeholder='Phone']
18:53:43.045 INFO  manager.WDListener - Location of element input
18:53:43.059 INFO  manager.WDListener - Before click element --> inputtext=
18:53:43.112 INFO  manager.WDListener - After click element input
18:53:43.144 INFO  manager.WDListener - Send Keys input
18:53:43.172 INFO  manager.WDListener - Send Keys input
18:53:43.201 INFO  manager.WDListener - Send Keys input
18:53:43.261 INFO  manager.WDListener - After find element By.xpath: //input[@placeholder='email']
18:53:43.266 INFO  manager.WDListener - Location of element input
18:53:43.279 INFO  manager.WDListener - Before click element --> inputtext=
18:53:43.342 INFO  manager.WDListener - After click element input
18:53:43.356 INFO  manager.WDListener - Send Keys input
18:53:43.375 INFO  manager.WDListener - Send Keys input
18:53:43.391 INFO  manager.WDListener - Send Keys input
18:53:43.472 INFO  manager.WDListener - After find element By.xpath: //input[@placeholder='Address']
18:53:43.478 INFO  manager.WDListener - Location of element input
18:53:43.488 INFO  manager.WDListener - Before click element --> inputtext=
18:53:43.551 INFO  manager.WDListener - After click element input
18:53:43.587 INFO  manager.WDListener - Send Keys input
18:53:43.619 INFO  manager.WDListener - Send Keys input
18:53:43.651 INFO  manager.WDListener - Send Keys input
18:53:43.716 INFO  manager.WDListener - After find element By.xpath: //input[@placeholder='description']
18:53:43.722 INFO  manager.WDListener - Location of element input
18:53:43.734 INFO  manager.WDListener - Before click element --> inputtext=
18:53:43.803 INFO  manager.WDListener - After click element input
18:53:43.836 INFO  manager.WDListener - Send Keys input
18:53:43.884 INFO  manager.WDListener - Send Keys input
18:53:43.916 INFO  manager.WDListener - After find element By.xpath: //b[text()='Save']
18:53:43.919 INFO  manager.WDListener - Location of element b
18:53:43.926 INFO  manager.WDListener - Before click element --> btext=Save
18:53:43.953 INFO  manager.WDListener - After click element b
18:53:43.953 INFO  manager.WDListener - Before find element By.cssSelector: h2
18:53:44.824 INFO  manager.WDListener - Before find element By.cssSelector: h3
18:53:45.171 INFO  manager.TestNGListener - Start test addContactSuccessRequiredFields=================
18:53:45.172 INFO  tests.TestBase - +++++++++++++++++++++++++++++++
18:53:45.172 INFO  tests.TestBase - Name of method -->addNewContactWrongAddress
18:53:45.172 INFO  manager.TestNGListener - Start test addNewContactWrongAddress=================
18:53:45.191 INFO  manager.WDListener - After find element By.xpath: //*[@href='/add']
18:53:45.196 INFO  manager.WDListener - Location of element a
18:53:45.211 INFO  manager.WDListener - Before click element --> atext=ADD
18:53:45.285 INFO  manager.WDListener - After click element a
18:53:45.294 INFO  manager.WDListener - After find element By.xpath: //input[@placeholder='Name']
18:53:45.299 INFO  manager.WDListener - Location of element input
18:53:45.313 INFO  manager.WDListener - Before click element --> inputtext=
18:53:45.367 INFO  manager.WDListener - After click element input
18:53:45.393 INFO  manager.WDListener - Send Keys input
18:53:45.429 INFO  manager.WDListener - Send Keys input
18:53:45.464 INFO  manager.WDListener - Send Keys input
18:53:45.488 INFO  manager.WDListener - After find element By.xpath: //input[@placeholder='Last Name']
18:53:45.493 INFO  manager.WDListener - Location of element input
18:53:45.503 INFO  manager.WDListener - Before click element --> inputtext=
18:53:45.571 INFO  manager.WDListener - After click element input
18:53:45.606 INFO  manager.WDListener - Send Keys input
18:53:45.644 INFO  manager.WDListener - Send Keys input
18:53:45.667 INFO  manager.WDListener - Send Keys input
18:53:45.705 INFO  manager.WDListener - After find element By.xpath: //input[@placeholder='Phone']
18:53:45.710 INFO  manager.WDListener - Location of element input
18:53:45.721 INFO  manager.WDListener - Before click element --> inputtext=
18:53:45.774 INFO  manager.WDListener - After click element input
18:53:45.797 INFO  manager.WDListener - Send Keys input
18:53:45.825 INFO  manager.WDListener - Send Keys input
18:53:45.852 INFO  manager.WDListener - Send Keys input
18:53:45.897 INFO  manager.WDListener - After find element By.xpath: //input[@placeholder='email']
18:53:45.901 INFO  manager.WDListener - Location of element input
18:53:45.912 INFO  manager.WDListener - Before click element --> inputtext=
18:53:45.965 INFO  manager.WDListener - After click element input
18:53:45.992 INFO  manager.WDListener - Send Keys input
18:53:46.019 INFO  manager.WDListener - Send Keys input
18:53:46.047 INFO  manager.WDListener - Send Keys input
18:53:46.109 INFO  manager.WDListener - After find element By.xpath: //input[@placeholder='Address']
18:53:46.115 INFO  manager.WDListener - Location of element input
18:53:46.129 INFO  manager.WDListener - Before click element --> inputtext=
18:53:46.187 INFO  manager.WDListener - After click element input
18:53:46.215 INFO  manager.WDListener - Send Keys input
18:53:46.238 INFO  manager.WDListener - Send Keys input
18:53:46.262 INFO  manager.WDListener - Send Keys input
18:53:46.290 INFO  manager.WDListener - After find element By.xpath: //input[@placeholder='description']
18:53:46.296 INFO  manager.WDListener - Location of element input
18:53:46.309 INFO  manager.WDListener - Before click element --> inputtext=
18:53:46.360 INFO  manager.WDListener - After click element input
18:53:46.385 INFO  manager.WDListener - Send Keys input
18:53:46.409 INFO  manager.WDListener - Send Keys input
18:53:46.440 INFO  manager.WDListener - Send Keys input
18:53:46.479 INFO  manager.WDListener - After find element By.xpath: //b[text()='Save']
18:53:46.484 INFO  manager.WDListener - Location of element b
18:53:46.495 INFO  manager.WDListener - Before click element --> btext=Save
18:53:46.555 INFO  manager.WDListener - After click element b
18:53:46.555 INFO  manager.WDListener - Before find element By.cssSelector: a.active[href='/add']
18:53:46.574 INFO  manager.TestNGListener - Start test addNewContactWrongAddress=================
18:53:46.574 INFO  tests.TestBase - +++++++++++++++++++++++++++++++
18:53:46.575 INFO  tests.TestBase - Name of method -->addNewContactWrongEmail
18:53:46.575 INFO  manager.TestNGListener - Start test addNewContactWrongEmail=================
18:53:46.587 INFO  manager.WDListener - After find element By.xpath: //*[@href='/add']
18:53:46.595 INFO  manager.WDListener - Location of element a
18:53:46.612 INFO  manager.WDListener - Before click element --> atext=ADD
18:53:46.694 INFO  manager.WDListener - After click element a
18:53:46.706 INFO  manager.WDListener - After find element By.xpath: //input[@placeholder='Name']
18:53:46.714 INFO  manager.WDListener - Location of element input
18:53:46.728 INFO  manager.WDListener - Before click element --> inputtext=
18:53:46.818 INFO  manager.WDListener - After click element input
18:53:46.854 INFO  manager.WDListener - Send Keys input
18:53:46.909 INFO  manager.WDListener - Send Keys input
18:53:46.935 INFO  manager.WDListener - Send Keys input
18:53:46.976 INFO  manager.WDListener - After find element By.xpath: //input[@placeholder='Last Name']
18:53:46.979 INFO  manager.WDListener - Location of element input
18:53:46.990 INFO  manager.WDListener - Before click element --> inputtext=
18:53:47.047 INFO  manager.WDListener - After click element input
18:53:47.078 INFO  manager.WDListener - Send Keys input
18:53:47.121 INFO  manager.WDListener - Send Keys input
18:53:47.153 INFO  manager.WDListener - Send Keys input
18:53:47.191 INFO  manager.WDListener - After find element By.xpath: //input[@placeholder='Phone']
18:53:47.197 INFO  manager.WDListener - Location of element input
18:53:47.212 INFO  manager.WDListener - Before click element --> inputtext=
18:53:47.277 INFO  manager.WDListener - After click element input
18:53:47.312 INFO  manager.WDListener - Send Keys input
18:53:47.357 INFO  manager.WDListener - Send Keys input
18:53:47.395 INFO  manager.WDListener - Send Keys input
18:53:47.434 INFO  manager.WDListener - After find element By.xpath: //input[@placeholder='email']
18:53:47.438 INFO  manager.WDListener - Location of element input
18:53:47.449 INFO  manager.WDListener - Before click element --> inputtext=
18:53:47.517 INFO  manager.WDListener - After click element input
18:53:47.547 INFO  manager.WDListener - Send Keys input
18:53:47.602 INFO  manager.WDListener - Send Keys input
18:53:47.628 INFO  manager.WDListener - Send Keys input
18:53:47.674 INFO  manager.WDListener - After find element By.xpath: //input[@placeholder='Address']
18:53:47.681 INFO  manager.WDListener - Location of element input
18:53:47.694 INFO  manager.WDListener - Before click element --> inputtext=
18:53:47.737 INFO  manager.WDListener - After click element input
18:53:47.758 INFO  manager.WDListener - Send Keys input
18:53:47.786 INFO  manager.WDListener - Send Keys input
18:53:47.828 INFO  manager.WDListener - Send Keys input
18:53:47.886 INFO  manager.WDListener - After find element By.xpath: //input[@placeholder='description']
18:53:47.894 INFO  manager.WDListener - Location of element input
18:53:47.913 INFO  manager.WDListener - Before click element --> inputtext=
18:53:47.963 INFO  manager.WDListener - After click element input
18:53:47.983 INFO  manager.WDListener - Send Keys input
18:53:48.020 INFO  manager.WDListener - Send Keys input
18:53:48.042 INFO  manager.WDListener - Send Keys input
18:53:48.091 INFO  manager.WDListener - After find element By.xpath: //b[text()='Save']
18:53:48.100 INFO  manager.WDListener - Location of element b
18:53:48.115 INFO  manager.WDListener - Before click element --> btext=Save
18:53:48.366 INFO  manager.WDListener - After click element b
18:53:48.366 INFO  manager.WDListener - Before find element By.cssSelector: a.active[href='/add']
18:53:48.407 INFO  manager.WDListener - Houston, we have a problem!
18:53:48.407 INFO  manager.WDListener - +++++++++++++++++++++++++++++++
18:53:48.407 INFO  manager.WDListener - Object target org.openqa.selenium.remote.RemoteWebDriver$RemoteTargetLocator@14b5752f
18:53:48.407 INFO  manager.WDListener - +++++++++++++++++++++++++++++++
18:53:48.407 INFO  manager.WDListener - Method name alert
18:53:48.407 INFO  manager.WDListener - +++++++++++++++++++++++++++++++
18:53:48.407 INFO  manager.WDListener - InvocationTargetException org.openqa.selenium.NoAlertPresentException: no such alert
  (Session info: chrome=145.0.7632.116)
Build info: version: '4.26.0', revision: '8ccf0219d7'
System info: os.name: 'Windows 11', os.arch: 'amd64', os.version: '10.0', java.version: '17.0.12'
Driver info: org.openqa.selenium.chrome.ChromeDriver
Command: [115ad94999bc9630e12e4d681631a656, getAlertText {}]
Capabilities {acceptInsecureCerts: false, browserName: chrome, browserVersion: 145.0.7632.116, chrome: {chromedriverVersion: 145.0.7632.77 (da516187054a..., userDataDir: C:\Users\np170\AppData\Loca...}, fedcm:accounts: true, goog:chromeOptions: {debuggerAddress: localhost:63328}, goog:processID: 25892, networkConnectionEnabled: false, pageLoadStrategy: normal, platformName: windows, proxy: Proxy(), se:cdp: ws://localhost:63328/devtoo..., se:cdpVersion: 145.0.7632.116, setWindowRect: true, strictFileInteractability: false, timeouts: {implicit: 0, pageLoad: 300000, script: 30000}, unhandledPromptBehavior: dismiss and notify, webauthn:extension:credBlob: true, webauthn:extension:largeBlob: true, webauthn:extension:minPinLength: true, webauthn:extension:prf: true, webauthn:virtualAuthenticators: true}
Session ID: 115ad94999bc9630e12e4d681631a656
18:53:48.407 INFO  manager.WDListener - +++++++++++++++++++++++++++++++
18:53:48.407 INFO  manager.WDListener - Screen with error is src/test/screenshots/screen_1208.png
18:53:48.933 INFO  manager.TestNGListener - Start test addNewContactWrongEmail=================
18:53:48.934 INFO  tests.TestBase - +++++++++++++++++++++++++++++++
18:53:48.934 INFO  tests.TestBase - Name of method -->addNewContactWrongLastName
18:53:48.935 INFO  manager.TestNGListener - Start test addNewContactWrongLastName=================
18:53:48.947 INFO  manager.WDListener - After find element By.xpath: //*[@href='/add']
18:53:48.953 INFO  manager.WDListener - Location of element a
18:53:49.012 INFO  manager.WDListener - Before click element --> atext=ADD
18:53:49.113 INFO  manager.WDListener - After click element a
18:53:49.123 INFO  manager.WDListener - After find element By.xpath: //input[@placeholder='Name']
18:53:49.129 INFO  manager.WDListener - Location of element input
18:53:49.142 INFO  manager.WDListener - Before click element --> inputtext=
18:53:49.206 INFO  manager.WDListener - After click element input
18:53:49.235 INFO  manager.WDListener - Send Keys input
18:53:49.285 INFO  manager.WDListener - Send Keys input
18:53:49.317 INFO  manager.WDListener - Send Keys input
18:53:49.355 INFO  manager.WDListener - After find element By.xpath: //input[@placeholder='Last Name']
18:53:49.358 INFO  manager.WDListener - Location of element input
18:53:49.373 INFO  manager.WDListener - Before click element --> inputtext=
18:53:49.429 INFO  manager.WDListener - After click element input
18:53:49.460 INFO  manager.WDListener - Send Keys input
18:53:49.506 INFO  manager.WDListener - Send Keys input
18:53:49.535 INFO  manager.WDListener - Send Keys input
18:53:49.569 INFO  manager.WDListener - After find element By.xpath: //input[@placeholder='Phone']
18:53:49.576 INFO  manager.WDListener - Location of element input
18:53:49.593 INFO  manager.WDListener - Before click element --> inputtext=
18:53:49.656 INFO  manager.WDListener - After click element input
18:53:49.683 INFO  manager.WDListener - Send Keys input
18:53:49.734 INFO  manager.WDListener - Send Keys input
18:53:49.762 INFO  manager.WDListener - Send Keys input
18:53:49.803 INFO  manager.WDListener - After find element By.xpath: //input[@placeholder='email']
18:53:49.808 INFO  manager.WDListener - Location of element input
18:53:49.822 INFO  manager.WDListener - Before click element --> inputtext=
18:53:49.881 INFO  manager.WDListener - After click element input
18:53:49.913 INFO  manager.WDListener - Send Keys input
18:53:49.952 INFO  manager.WDListener - Send Keys input
18:53:49.992 INFO  manager.WDListener - Send Keys input
18:53:50.061 INFO  manager.WDListener - After find element By.xpath: //input[@placeholder='Address']
18:53:50.068 INFO  manager.WDListener - Location of element input
18:53:50.079 INFO  manager.WDListener - Before click element --> inputtext=
18:53:50.132 INFO  manager.WDListener - After click element input
18:53:50.162 INFO  manager.WDListener - Send Keys input
18:53:50.204 INFO  manager.WDListener - Send Keys input
18:53:50.234 INFO  manager.WDListener - Send Keys input
18:53:50.277 INFO  manager.WDListener - After find element By.xpath: //input[@placeholder='description']
18:53:50.282 INFO  manager.WDListener - Location of element input
18:53:50.293 INFO  manager.WDListener - Before click element --> inputtext=
18:53:50.348 INFO  manager.WDListener - After click element input
18:53:50.382 INFO  manager.WDListener - Send Keys input
18:53:50.427 INFO  manager.WDListener - Send Keys input
18:53:50.474 INFO  manager.WDListener - Send Keys input
18:53:50.523 INFO  manager.WDListener - After find element By.xpath: //b[text()='Save']
18:53:50.528 INFO  manager.WDListener - Location of element b
18:53:50.538 INFO  manager.WDListener - Before click element --> btext=Save
18:53:50.598 INFO  manager.WDListener - After click element b
18:53:50.598 INFO  manager.WDListener - Before find element By.cssSelector: a.active[href='/add']
18:53:50.607 INFO  manager.TestNGListener - Start test addNewContactWrongLastName=================
18:53:50.607 INFO  tests.TestBase - +++++++++++++++++++++++++++++++
18:53:50.607 INFO  tests.TestBase - Name of method -->addNewContactWrongName
18:53:50.608 INFO  manager.TestNGListener - Start test addNewContactWrongName=================
18:53:50.616 INFO  manager.WDListener - After find element By.xpath: //*[@href='/add']
18:53:50.621 INFO  manager.WDListener - Location of element a
18:53:50.635 INFO  manager.WDListener - Before click element --> atext=ADD
18:53:50.690 INFO  manager.WDListener - After click element a
18:53:50.700 INFO  manager.WDListener - After find element By.xpath: //input[@placeholder='Name']
18:53:50.705 INFO  manager.WDListener - Location of element input
18:53:50.718 INFO  manager.WDListener - Before click element --> inputtext=
18:53:50.798 INFO  manager.WDListener - After click element input
18:53:50.830 INFO  manager.WDListener - Send Keys input
18:53:50.877 INFO  manager.WDListener - Send Keys input
18:53:50.909 INFO  manager.WDListener - Send Keys input
18:53:50.947 INFO  manager.WDListener - After find element By.xpath: //input[@placeholder='Last Name']
18:53:50.953 INFO  manager.WDListener - Location of element input
18:53:50.967 INFO  manager.WDListener - Before click element --> inputtext=
18:53:51.033 INFO  manager.WDListener - After click element input
18:53:51.064 INFO  manager.WDListener - Send Keys input
18:53:51.095 INFO  manager.WDListener - Send Keys input
18:53:51.126 INFO  manager.WDListener - Send Keys input
18:53:51.156 INFO  manager.WDListener - After find element By.xpath: //input[@placeholder='Phone']
18:53:51.160 INFO  manager.WDListener - Location of element input
18:53:51.166 INFO  manager.WDListener - Before click element --> inputtext=
18:53:51.194 INFO  manager.WDListener - After click element input
18:53:51.209 INFO  manager.WDListener - Send Keys input
18:53:51.234 INFO  manager.WDListener - Send Keys input
18:53:51.250 INFO  manager.WDListener - Send Keys input
18:53:51.275 INFO  manager.WDListener - After find element By.xpath: //input[@placeholder='email']
18:53:51.279 INFO  manager.WDListener - Location of element input
18:53:51.284 INFO  manager.WDListener - Before click element --> inputtext=
18:53:51.362 INFO  manager.WDListener - After click element input
18:53:51.395 INFO  manager.WDListener - Send Keys input
18:53:51.437 INFO  manager.WDListener - Send Keys input
18:53:51.463 INFO  manager.WDListener - Send Keys input
18:53:51.507 INFO  manager.WDListener - After find element By.xpath: //input[@placeholder='Address']
18:53:51.512 INFO  manager.WDListener - Location of element input
18:53:51.523 INFO  manager.WDListener - Before click element --> inputtext=
18:53:51.581 INFO  manager.WDListener - After click element input
18:53:51.610 INFO  manager.WDListener - Send Keys input
18:53:51.651 INFO  manager.WDListener - Send Keys input
18:53:51.677 INFO  manager.WDListener - Send Keys input
18:53:51.719 INFO  manager.WDListener - After find element By.xpath: //input[@placeholder='description']
18:53:51.723 INFO  manager.WDListener - Location of element input
18:53:51.733 INFO  manager.WDListener - Before click element --> inputtext=
18:53:51.793 INFO  manager.WDListener - After click element input
18:53:51.829 INFO  manager.WDListener - Send Keys input
18:53:51.886 INFO  manager.WDListener - Send Keys input
18:53:51.917 INFO  manager.WDListener - Send Keys input
18:53:51.959 INFO  manager.WDListener - After find element By.xpath: //b[text()='Save']
18:53:51.962 INFO  manager.WDListener - Location of element b
18:53:51.972 INFO  manager.WDListener - Before click element --> btext=Save
18:53:52.021 INFO  manager.WDListener - After click element b
18:53:52.021 INFO  manager.WDListener - Before find element By.cssSelector: a.active[href='/add']
18:53:52.034 INFO  manager.TestNGListener - Start test addNewContactWrongName=================
18:53:52.034 INFO  tests.TestBase - +++++++++++++++++++++++++++++++
18:53:52.034 INFO  tests.TestBase - Name of method -->addNewContactWrongPhone
18:53:52.034 INFO  manager.TestNGListener - Start test addNewContactWrongPhone=================
18:53:52.043 INFO  manager.WDListener - After find element By.xpath: //*[@href='/add']
18:53:52.048 INFO  manager.WDListener - Location of element a
18:53:52.059 INFO  manager.WDListener - Before click element --> atext=ADD
18:53:52.109 INFO  manager.WDListener - After click element a
18:53:52.115 INFO  manager.WDListener - After find element By.xpath: //input[@placeholder='Name']
18:53:52.118 INFO  manager.WDListener - Location of element input
18:53:52.126 INFO  manager.WDListener - Before click element --> inputtext=
18:53:52.198 INFO  manager.WDListener - After click element input
18:53:52.243 INFO  manager.WDListener - Send Keys input
18:53:52.299 INFO  manager.WDListener - Send Keys input
18:53:52.347 INFO  manager.WDListener - Send Keys input
18:53:52.378 INFO  manager.WDListener - After find element By.xpath: //input[@placeholder='Last Name']
18:53:52.383 INFO  manager.WDListener - Location of element input
18:53:52.394 INFO  manager.WDListener - Before click element --> inputtext=
18:53:52.469 INFO  manager.WDListener - After click element input
18:53:52.510 INFO  manager.WDListener - Send Keys input
18:53:52.577 INFO  manager.WDListener - Send Keys input
18:53:52.613 INFO  manager.WDListener - Send Keys input
18:53:52.650 INFO  manager.WDListener - After find element By.xpath: //input[@placeholder='Phone']
18:53:52.657 INFO  manager.WDListener - Location of element input
18:53:52.677 INFO  manager.WDListener - Before click element --> inputtext=
18:53:52.742 INFO  manager.WDListener - After click element input
18:53:52.780 INFO  manager.WDListener - Send Keys input
18:53:52.837 INFO  manager.WDListener - Send Keys input
18:53:52.867 INFO  manager.WDListener - Send Keys input
18:53:52.898 INFO  manager.WDListener - After find element By.xpath: //input[@placeholder='email']
18:53:52.902 INFO  manager.WDListener - Location of element input
18:53:52.915 INFO  manager.WDListener - Before click element --> inputtext=
18:53:52.969 INFO  manager.WDListener - After click element input
18:53:52.997 INFO  manager.WDListener - Send Keys input
18:53:53.053 INFO  manager.WDListener - Send Keys input
18:53:53.092 INFO  manager.WDListener - Send Keys input
18:53:53.137 INFO  manager.WDListener - After find element By.xpath: //input[@placeholder='Address']
18:53:53.144 INFO  manager.WDListener - Location of element input
18:53:53.160 INFO  manager.WDListener - Before click element --> inputtext=
18:53:53.218 INFO  manager.WDListener - After click element input
18:53:53.249 INFO  manager.WDListener - Send Keys input
18:53:53.286 INFO  manager.WDListener - Send Keys input
18:53:53.318 INFO  manager.WDListener - Send Keys input
18:53:53.383 INFO  manager.WDListener - After find element By.xpath: //input[@placeholder='description']
18:53:53.388 INFO  manager.WDListener - Location of element input
18:53:53.398 INFO  manager.WDListener - Before click element --> inputtext=
18:53:53.449 INFO  manager.WDListener - After click element input
18:53:53.479 INFO  manager.WDListener - Send Keys input
18:53:53.521 INFO  manager.WDListener - Send Keys input
18:53:53.558 INFO  manager.WDListener - Send Keys input
18:53:53.619 INFO  manager.WDListener - After find element By.xpath: //b[text()='Save']
18:53:53.621 INFO  manager.WDListener - Location of element b
18:53:53.645 INFO  manager.WDListener - Before click element --> btext=Save
18:53:53.698 INFO  manager.WDListener - After click element b
18:53:53.699 INFO  manager.WDListener - Before find element By.cssSelector: a.active[href='/add']
18:53:53.711 INFO  manager.WDListener - Houston, we have a problem!
18:53:53.711 INFO  manager.WDListener - +++++++++++++++++++++++++++++++
18:53:53.711 INFO  manager.WDListener - Object target org.openqa.selenium.remote.RemoteWebDriver$RemoteTargetLocator@6bf0f70a
18:53:53.711 INFO  manager.WDListener - +++++++++++++++++++++++++++++++
18:53:53.711 INFO  manager.WDListener - Method name alert
18:53:53.711 INFO  manager.WDListener - +++++++++++++++++++++++++++++++
18:53:53.711 INFO  manager.WDListener - InvocationTargetException org.openqa.selenium.NoAlertPresentException: no such alert
  (Session info: chrome=145.0.7632.116)
Build info: version: '4.26.0', revision: '8ccf0219d7'
System info: os.name: 'Windows 11', os.arch: 'amd64', os.version: '10.0', java.version: '17.0.12'
Driver info: org.openqa.selenium.chrome.ChromeDriver
Command: [115ad94999bc9630e12e4d681631a656, getAlertText {}]
Capabilities {acceptInsecureCerts: false, browserName: chrome, browserVersion: 145.0.7632.116, chrome: {chromedriverVersion: 145.0.7632.77 (da516187054a..., userDataDir: C:\Users\np170\AppData\Loca...}, fedcm:accounts: true, goog:chromeOptions: {debuggerAddress: localhost:63328}, goog:processID: 25892, networkConnectionEnabled: false, pageLoadStrategy: normal, platformName: windows, proxy: Proxy(), se:cdp: ws://localhost:63328/devtoo..., se:cdpVersion: 145.0.7632.116, setWindowRect: true, strictFileInteractability: false, timeouts: {implicit: 0, pageLoad: 300000, script: 30000}, unhandledPromptBehavior: dismiss and notify, webauthn:extension:credBlob: true, webauthn:extension:largeBlob: true, webauthn:extension:minPinLength: true, webauthn:extension:prf: true, webauthn:virtualAuthenticators: true}
Session ID: 115ad94999bc9630e12e4d681631a656
18:53:53.711 INFO  manager.WDListener - +++++++++++++++++++++++++++++++
18:53:53.711 INFO  manager.WDListener - Screen with error is src/test/screenshots/screen_1315.png
18:53:54.233 INFO  manager.TestNGListener - Start test addNewContactWrongPhone=================
18:53:54.233 INFO  tests.TestBase - +++++++++++++++++++++++++++++++
18:53:54.233 INFO  tests.TestBase - Name of method -->addNewContactWrongPhone
18:53:54.234 INFO  manager.TestNGListener - Start test addNewContactWrongPhone=================
18:53:54.247 INFO  manager.WDListener - After find element By.xpath: //*[@href='/add']
18:53:54.253 INFO  manager.WDListener - Location of element a
18:53:54.267 INFO  manager.WDListener - Before click element --> atext=ADD
18:53:54.337 INFO  manager.WDListener - After click element a
18:53:54.346 INFO  manager.WDListener - After find element By.xpath: //input[@placeholder='Name']
18:53:54.352 INFO  manager.WDListener - Location of element input
18:53:54.363 INFO  manager.WDListener - Before click element --> inputtext=
18:53:54.430 INFO  manager.WDListener - After click element input
18:53:54.465 INFO  manager.WDListener - Send Keys input
18:53:54.526 INFO  manager.WDListener - Send Keys input
18:53:54.575 INFO  manager.WDListener - Send Keys input
18:53:54.630 INFO  manager.WDListener - After find element By.xpath: //input[@placeholder='Last Name']
18:53:54.637 INFO  manager.WDListener - Location of element input
18:53:54.653 INFO  manager.WDListener - Before click element --> inputtext=
18:53:54.739 INFO  manager.WDListener - After click element input
18:53:54.778 INFO  manager.WDListener - Send Keys input
18:53:54.850 INFO  manager.WDListener - Send Keys input
18:53:54.881 INFO  manager.WDListener - Send Keys input
18:53:54.920 INFO  manager.WDListener - After find element By.xpath: //input[@placeholder='Phone']
18:53:54.927 INFO  manager.WDListener - Location of element input
18:53:54.938 INFO  manager.WDListener - Before click element --> inputtext=
18:53:54.999 INFO  manager.WDListener - After click element input
18:53:55.028 INFO  manager.WDListener - Send Keys input
18:53:55.075 INFO  manager.WDListener - Send Keys input
18:53:55.102 INFO  manager.WDListener - Send Keys input
18:53:55.143 INFO  manager.WDListener - After find element By.xpath: //input[@placeholder='email']
18:53:55.149 INFO  manager.WDListener - Location of element input
18:53:55.158 INFO  manager.WDListener - Before click element --> inputtext=
18:53:55.214 INFO  manager.WDListener - After click element input
18:53:55.247 INFO  manager.WDListener - Send Keys input
18:53:55.295 INFO  manager.WDListener - Send Keys input
18:53:55.326 INFO  manager.WDListener - Send Keys input
18:53:55.378 INFO  manager.WDListener - After find element By.xpath: //input[@placeholder='Address']
18:53:55.383 INFO  manager.WDListener - Location of element input
18:53:55.394 INFO  manager.WDListener - Before click element --> inputtext=
18:53:55.455 INFO  manager.WDListener - After click element input
18:53:55.487 INFO  manager.WDListener - Send Keys input
18:53:55.541 INFO  manager.WDListener - Send Keys input
18:53:55.594 INFO  manager.WDListener - Send Keys input
18:53:55.640 INFO  manager.WDListener - After find element By.xpath: //input[@placeholder='description']
18:53:55.643 INFO  manager.WDListener - Location of element input
18:53:55.656 INFO  manager.WDListener - Before click element --> inputtext=
18:53:55.718 INFO  manager.WDListener - After click element input
18:53:55.747 INFO  manager.WDListener - Send Keys input
18:53:55.793 INFO  manager.WDListener - Send Keys input
18:53:55.823 INFO  manager.WDListener - Send Keys input
18:53:55.868 INFO  manager.WDListener - After find element By.xpath: //b[text()='Save']
18:53:55.874 INFO  manager.WDListener - Location of element b
18:53:55.884 INFO  manager.WDListener - Before click element --> btext=Save
18:53:55.946 INFO  manager.WDListener - After click element b
18:53:55.946 INFO  manager.WDListener - Before find element By.cssSelector: a.active[href='/add']
18:53:55.958 INFO  manager.WDListener - Houston, we have a problem!
18:53:55.958 INFO  manager.WDListener - +++++++++++++++++++++++++++++++
18:53:55.958 INFO  manager.WDListener - Object target org.openqa.selenium.remote.RemoteWebDriver$RemoteTargetLocator@6fbc7853
18:53:55.958 INFO  manager.WDListener - +++++++++++++++++++++++++++++++
18:53:55.958 INFO  manager.WDListener - Method name alert
18:53:55.958 INFO  manager.WDListener - +++++++++++++++++++++++++++++++
18:53:55.958 INFO  manager.WDListener - InvocationTargetException org.openqa.selenium.NoAlertPresentException: no such alert
  (Session info: chrome=145.0.7632.116)
Build info: version: '4.26.0', revision: '8ccf0219d7'
System info: os.name: 'Windows 11', os.arch: 'amd64', os.version: '10.0', java.version: '17.0.12'
Driver info: org.openqa.selenium.chrome.ChromeDriver
Command: [115ad94999bc9630e12e4d681631a656, getAlertText {}]
Capabilities {acceptInsecureCerts: false, browserName: chrome, browserVersion: 145.0.7632.116, chrome: {chromedriverVersion: 145.0.7632.77 (da516187054a..., userDataDir: C:\Users\np170\AppData\Loca...}, fedcm:accounts: true, goog:chromeOptions: {debuggerAddress: localhost:63328}, goog:processID: 25892, networkConnectionEnabled: false, pageLoadStrategy: normal, platformName: windows, proxy: Proxy(), se:cdp: ws://localhost:63328/devtoo..., se:cdpVersion: 145.0.7632.116, setWindowRect: true, strictFileInteractability: false, timeouts: {implicit: 0, pageLoad: 300000, script: 30000}, unhandledPromptBehavior: dismiss and notify, webauthn:extension:credBlob: true, webauthn:extension:largeBlob: true, webauthn:extension:minPinLength: true, webauthn:extension:prf: true, webauthn:virtualAuthenticators: true}
Session ID: 115ad94999bc9630e12e4d681631a656
18:53:55.958 INFO  manager.WDListener - +++++++++++++++++++++++++++++++
18:53:55.958 INFO  manager.WDListener - Screen with error is src/test/screenshots/screen_1503.png
18:53:56.483 INFO  manager.TestNGListener - Start test addNewContactWrongPhone=================
18:53:56.483 INFO  tests.TestBase - +++++++++++++++++++++++++++++++
18:53:56.484 INFO  tests.TestBase - Name of method -->addNewContactWrongPhone
18:53:56.484 INFO  manager.TestNGListener - Start test addNewContactWrongPhone=================
18:53:56.495 INFO  manager.WDListener - After find element By.xpath: //*[@href='/add']
18:53:56.502 INFO  manager.WDListener - Location of element a
18:53:56.522 INFO  manager.WDListener - Before click element --> atext=ADD
18:53:56.587 INFO  manager.WDListener - After click element a
18:53:56.599 INFO  manager.WDListener - After find element By.xpath: //input[@placeholder='Name']
18:53:56.604 INFO  manager.WDListener - Location of element input
18:53:56.617 INFO  manager.WDListener - Before click element --> inputtext=
18:53:56.672 INFO  manager.WDListener - After click element input
18:53:56.698 INFO  manager.WDListener - Send Keys input
18:53:56.735 INFO  manager.WDListener - Send Keys input
18:53:56.761 INFO  manager.WDListener - Send Keys input
18:53:56.797 INFO  manager.WDListener - After find element By.xpath: //input[@placeholder='Last Name']
18:53:56.801 INFO  manager.WDListener - Location of element input
18:53:56.810 INFO  manager.WDListener - Before click element --> inputtext=
18:53:56.871 INFO  manager.WDListener - After click element input
18:53:56.898 INFO  manager.WDListener - Send Keys input
18:53:56.941 INFO  manager.WDListener - Send Keys input
18:53:56.975 INFO  manager.WDListener - Send Keys input
18:53:57.021 INFO  manager.WDListener - After find element By.xpath: //input[@placeholder='Phone']
18:53:57.026 INFO  manager.WDListener - Location of element input
18:53:57.040 INFO  manager.WDListener - Before click element --> inputtext=
18:53:57.100 INFO  manager.WDListener - After click element input
18:53:57.128 INFO  manager.WDListener - Send Keys input
18:53:57.167 INFO  manager.WDListener - Send Keys input
18:53:57.195 INFO  manager.WDListener - Send Keys input
18:53:57.253 INFO  manager.WDListener - After find element By.xpath: //input[@placeholder='email']
18:53:57.259 INFO  manager.WDListener - Location of element input
18:53:57.269 INFO  manager.WDListener - Before click element --> inputtext=
18:53:57.327 INFO  manager.WDListener - After click element input
18:53:57.355 INFO  manager.WDListener - Send Keys input
18:53:57.400 INFO  manager.WDListener - Send Keys input
18:53:57.425 INFO  manager.WDListener - Send Keys input
18:53:57.482 INFO  manager.WDListener - After find element By.xpath: //input[@placeholder='Address']
18:53:57.492 INFO  manager.WDListener - Location of element input
18:53:57.508 INFO  manager.WDListener - Before click element --> inputtext=
18:53:57.576 INFO  manager.WDListener - After click element input
18:53:57.610 INFO  manager.WDListener - Send Keys input
18:53:57.648 INFO  manager.WDListener - Send Keys input
18:53:57.672 INFO  manager.WDListener - Send Keys input
18:53:57.719 INFO  manager.WDListener - After find element By.xpath: //input[@placeholder='description']
18:53:57.723 INFO  manager.WDListener - Location of element input
18:53:57.734 INFO  manager.WDListener - Before click element --> inputtext=
18:53:57.792 INFO  manager.WDListener - After click element input
18:53:57.822 INFO  manager.WDListener - Send Keys input
18:53:57.869 INFO  manager.WDListener - Send Keys input
18:53:57.900 INFO  manager.WDListener - Send Keys input
18:53:57.957 INFO  manager.WDListener - After find element By.xpath: //b[text()='Save']
18:53:57.963 INFO  manager.WDListener - Location of element b
18:53:57.973 INFO  manager.WDListener - Before click element --> btext=Save
18:53:58.031 INFO  manager.WDListener - After click element b
18:53:58.031 INFO  manager.WDListener - Before find element By.cssSelector: a.active[href='/add']
18:53:58.043 INFO  manager.WDListener - Houston, we have a problem!
18:53:58.043 INFO  manager.WDListener - +++++++++++++++++++++++++++++++
18:53:58.043 INFO  manager.WDListener - Object target org.openqa.selenium.remote.RemoteWebDriver$RemoteTargetLocator@66944c7c
18:53:58.043 INFO  manager.WDListener - +++++++++++++++++++++++++++++++
18:53:58.043 INFO  manager.WDListener - Method name alert
18:53:58.043 INFO  manager.WDListener - +++++++++++++++++++++++++++++++
18:53:58.043 INFO  manager.WDListener - InvocationTargetException org.openqa.selenium.NoAlertPresentException: no such alert
  (Session info: chrome=145.0.7632.116)
Build info: version: '4.26.0', revision: '8ccf0219d7'
System info: os.name: 'Windows 11', os.arch: 'amd64', os.version: '10.0', java.version: '17.0.12'
Driver info: org.openqa.selenium.chrome.ChromeDriver
Command: [115ad94999bc9630e12e4d681631a656, getAlertText {}]
Capabilities {acceptInsecureCerts: false, browserName: chrome, browserVersion: 145.0.7632.116, chrome: {chromedriverVersion: 145.0.7632.77 (da516187054a..., userDataDir: C:\Users\np170\AppData\Loca...}, fedcm:accounts: true, goog:chromeOptions: {debuggerAddress: localhost:63328}, goog:processID: 25892, networkConnectionEnabled: false, pageLoadStrategy: normal, platformName: windows, proxy: Proxy(), se:cdp: ws://localhost:63328/devtoo..., se:cdpVersion: 145.0.7632.116, setWindowRect: true, strictFileInteractability: false, timeouts: {implicit: 0, pageLoad: 300000, script: 30000}, unhandledPromptBehavior: dismiss and notify, webauthn:extension:credBlob: true, webauthn:extension:largeBlob: true, webauthn:extension:minPinLength: true, webauthn:extension:prf: true, webauthn:virtualAuthenticators: true}
Session ID: 115ad94999bc9630e12e4d681631a656
18:53:58.043 INFO  manager.WDListener - +++++++++++++++++++++++++++++++
18:53:58.043 INFO  manager.WDListener - Screen with error is src/test/screenshots/screen_1007.png
18:53:58.569 INFO  manager.TestNGListener - Start test addNewContactWrongPhone=================
18:53:58.570 INFO  tests.TestBase - +++++++++++++++++++++++++++++++
18:53:58.570 INFO  tests.TestBase - Name of method -->addNewContactWrongPhone
18:53:58.570 INFO  manager.TestNGListener - Start test addNewContactWrongPhone=================
18:53:58.584 INFO  manager.WDListener - After find element By.xpath: //*[@href='/add']
18:53:58.593 INFO  manager.WDListener - Location of element a
18:53:58.633 INFO  manager.WDListener - Before click element --> atext=ADD
18:53:58.703 INFO  manager.WDListener - After click element a
18:53:58.715 INFO  manager.WDListener - After find element By.xpath: //input[@placeholder='Name']
18:53:58.721 INFO  manager.WDListener - Location of element input
18:53:58.734 INFO  manager.WDListener - Before click element --> inputtext=
18:53:58.798 INFO  manager.WDListener - After click element input
18:53:58.829 INFO  manager.WDListener - Send Keys input
18:53:58.874 INFO  manager.WDListener - Send Keys input
18:53:58.902 INFO  manager.WDListener - Send Keys input
18:53:58.938 INFO  manager.WDListener - After find element By.xpath: //input[@placeholder='Last Name']
18:53:58.944 INFO  manager.WDListener - Location of element input
18:53:58.955 INFO  manager.WDListener - Before click element --> inputtext=
18:53:59.024 INFO  manager.WDListener - After click element input
18:53:59.067 INFO  manager.WDListener - Send Keys input
18:53:59.127 INFO  manager.WDListener - Send Keys input
18:53:59.164 INFO  manager.WDListener - Send Keys input
18:53:59.227 INFO  manager.WDListener - After find element By.xpath: //input[@placeholder='Phone']
18:53:59.235 INFO  manager.WDListener - Location of element input
18:53:59.253 INFO  manager.WDListener - Before click element --> inputtext=
