19:12:44.435 INFO  manager.ApplicationManager - All tests run in CHROME Browser
19:12:46.729 INFO  manager.ApplicationManager - The link is -->https://telranedu.web.app/home
19:12:46.751 INFO  manager.TestNGListener - Start tests on date Thu Feb 19 19:12:46 IST 2026=================
19:12:46.808 INFO  tests.TestBase - Name of method -->loginSuccessModelDPF
19:12:46.811 INFO  manager.WDListener - Before find element By.xpath: //button[text()='Sign Out']
19:12:51.846 INFO  manager.TestNGListener - Start test loginSuccessModelDPF=================
19:12:51.928 INFO  manager.WDListener - After find element By.cssSelector: a[href='/login']
19:12:51.944 INFO  manager.WDListener - Location of element a
19:12:51.969 INFO  manager.WDListener - Before click element --> atext=LOGIN
19:12:52.038 INFO  manager.WDListener - After click element a
19:12:52.076 INFO  manager.WDListener - After find element By.name: email
19:12:52.086 INFO  manager.WDListener - Location of element input
19:12:52.103 INFO  manager.WDListener - Before click element --> inputtext=
19:12:52.183 INFO  manager.WDListener - After click element input
19:12:52.234 INFO  manager.WDListener - Send Keys input
19:12:52.292 INFO  manager.WDListener - Send Keys input
19:12:52.343 INFO  manager.WDListener - Send Keys input
19:12:52.421 INFO  manager.WDListener - After find element By.name: password
19:12:52.433 INFO  manager.WDListener - Location of element input
19:12:52.456 INFO  manager.WDListener - Before click element --> inputtext=
19:12:52.533 INFO  manager.WDListener - After click element input
19:12:52.558 INFO  manager.WDListener - Send Keys input
19:12:52.589 INFO  manager.WDListener - Send Keys input
19:12:52.622 INFO  manager.WDListener - Send Keys input
19:12:52.683 INFO  manager.WDListener - After find element By.xpath: //button[text()='Login']
19:12:52.692 INFO  manager.WDListener - Location of element button
19:12:52.709 INFO  manager.WDListener - Before click element --> buttontext=Login
19:12:52.780 INFO  manager.WDListener - Before find element By.xpath: //button[text()='Sign Out']
19:12:53.821 INFO  manager.TestNGListener - Start test loginSuccessModelDPF=================
19:12:53.823 INFO  tests.TestBase - +++++++++++++++++++++++++++++++
19:12:53.826 INFO  tests.TestBase - Name of method -->loginSuccessModelDPF
19:12:53.827 INFO  manager.WDListener - Before find element By.xpath: //button[text()='Sign Out']
19:12:53.839 INFO  manager.WDListener - Houston, we have a problem!
19:12:53.839 INFO  manager.WDListener - +++++++++++++++++++++++++++++++
19:12:53.839 INFO  manager.WDListener - Object target ChromeDriver: chrome on windows (0b8ed82cfec7db49edcd104b5aa87372)
19:12:53.839 INFO  manager.WDListener - +++++++++++++++++++++++++++++++
19:12:53.839 INFO  manager.WDListener - Method name findElements
19:12:53.839 INFO  manager.WDListener - +++++++++++++++++++++++++++++++
19:12:53.840 INFO  manager.WDListener - InvocationTargetException org.openqa.selenium.UnhandledAlertException: unexpected alert open: {Alert text : Wrong email or password}
  (Session info: chrome=144.0.7559.133): Wrong email or password
Build info: version: '4.26.0', revision: '8ccf0219d7'
System info: os.name: 'Windows 11', os.arch: 'amd64', os.version: '10.0', java.version: '17.0.12'
Driver info: org.openqa.selenium.chrome.ChromeDriver
Command: [0b8ed82cfec7db49edcd104b5aa87372, findElements {value=//button[text()='Sign Out'], using=xpath}]
Capabilities {acceptInsecureCerts: false, browserName: chrome, browserVersion: 144.0.7559.133, chrome: {chromedriverVersion: 143.0.7499.192 (be2c1f4fd45..., userDataDir: C:\Users\np170\AppData\Loca...}, fedcm:accounts: true, goog:chromeOptions: {debuggerAddress: localhost:51451}, goog:processID: 2444, networkConnectionEnabled: false, pageLoadStrategy: normal, platformName: windows, proxy: Proxy(), se:cdp: ws://localhost:51451/devtoo..., se:cdpVersion: 144.0.7559.133, setWindowRect: true, strictFileInteractability: false, timeouts: {implicit: 0, pageLoad: 300000, script: 30000}, unhandledPromptBehavior: dismiss and notify, webauthn:extension:credBlob: true, webauthn:extension:largeBlob: true, webauthn:extension:minPinLength: true, webauthn:extension:prf: true, webauthn:virtualAuthenticators: true}
Session ID: 0b8ed82cfec7db49edcd104b5aa87372
19:12:53.840 INFO  manager.WDListener - +++++++++++++++++++++++++++++++
19:12:53.841 INFO  manager.WDListener - Screen with error is src/test/screenshots/screen_1756.png
19:12:54.251 INFO  manager.TestNGListener - Start test loginSuccessModelDPF=================
19:12:54.252 INFO  manager.TestNGListener - Start test loginSuccessModelDPF=================
19:12:54.257 INFO  manager.TestNGListener - Stop testing on date Thu Feb 19 19:12:46 IST 2026=================
