19:01:25.884 INFO  manager.ApplicationManager - All tests run in CHROME Browser
19:01:25.885 INFO  manager.ApplicationManager - All tests run in Edge Browser
19:01:27.285 INFO  manager.ApplicationManager - The link is -->https://telranedu.web.app/home
19:01:27.293 INFO  manager.TestNGListener - Start tests on date Wed Feb 25 19:01:27 IST 2026=================
19:01:27.312 INFO  tests.TestBase - Name of method -->loginSuccess
19:01:27.313 INFO  manager.WDListener - Before find element By.xpath: //button[text()='Sign Out']
19:01:32.330 INFO  manager.TestNGListener - Start test loginSuccess=================
19:01:32.332 INFO  tests.TestBase - Start test loginSuccess
19:01:32.333 INFO  tests.TestBase - Test data np7788@inbox.ru and password WadiNisnas8#
19:01:32.357 INFO  manager.WDListener - After find element By.cssSelector: a[href='/login']
19:01:32.368 INFO  manager.WDListener - Location of element a
19:01:32.390 INFO  manager.WDListener - Before click element --> atext=LOGIN
19:01:32.457 INFO  manager.WDListener - After click element a
19:01:32.481 INFO  manager.WDListener - After find element By.name: email
19:01:32.489 INFO  manager.WDListener - Location of element input
19:01:32.503 INFO  manager.WDListener - Before click element --> inputtext=
19:01:32.589 INFO  manager.WDListener - After click element input
19:01:32.634 INFO  manager.WDListener - Send Keys input
19:01:32.673 INFO  manager.WDListener - Send Keys input
19:01:32.703 INFO  manager.WDListener - Send Keys input
19:01:32.770 INFO  manager.WDListener - After find element By.xpath: //button[text()='Login']
19:01:32.779 INFO  manager.WDListener - Location of element button
19:01:32.794 INFO  manager.WDListener - Before click element --> buttontext=Login
19:01:32.880 INFO  manager.WDListener - Before find element By.xpath: //button[text()='Sign Out']
19:01:33.992 INFO  manager.TestNGListener - Start test loginSuccess=================
19:01:33.993 INFO  tests.TestBase - +++++++++++++++++++++++++++++++
19:01:33.993 INFO  tests.TestBase - Name of method -->loginSuccess
19:01:33.994 INFO  manager.WDListener - Before find element By.xpath: //button[text()='Sign Out']
19:01:34.006 INFO  manager.WDListener - Houston, we have a problem!
19:01:34.006 INFO  manager.WDListener - +++++++++++++++++++++++++++++++
19:01:34.006 INFO  manager.WDListener - Object target ChromeDriver: chrome on windows (8b372ca9a568f12f12b71886ac49fe22)
19:01:34.006 INFO  manager.WDListener - +++++++++++++++++++++++++++++++
19:01:34.006 INFO  manager.WDListener - Method name findElements
19:01:34.006 INFO  manager.WDListener - +++++++++++++++++++++++++++++++
19:01:34.006 INFO  manager.WDListener - InvocationTargetException org.openqa.selenium.UnhandledAlertException: unexpected alert open: {Alert text : Wrong email or password}
  (Session info: chrome=145.0.7632.116): Wrong email or password
Build info: version: '4.26.0', revision: '8ccf0219d7'
System info: os.name: 'Windows 11', os.arch: 'amd64', os.version: '10.0', java.version: '17.0.12'
Driver info: org.openqa.selenium.chrome.ChromeDriver
Command: [8b372ca9a568f12f12b71886ac49fe22, findElements {using=xpath, value=//button[text()='Sign Out']}]
Capabilities {acceptInsecureCerts: false, browserName: chrome, browserVersion: 145.0.7632.116, chrome: {chromedriverVersion: 145.0.7632.77 (da516187054a..., userDataDir: C:\Users\np170\AppData\Loca...}, fedcm:accounts: true, goog:chromeOptions: {debuggerAddress: localhost:55359}, goog:processID: 20764, networkConnectionEnabled: false, pageLoadStrategy: normal, platformName: windows, proxy: Proxy(), se:cdp: ws://localhost:55359/devtoo..., se:cdpVersion: 145.0.7632.116, setWindowRect: true, strictFileInteractability: false, timeouts: {implicit: 0, pageLoad: 300000, script: 30000}, unhandledPromptBehavior: dismiss and notify, webauthn:extension:credBlob: true, webauthn:extension:largeBlob: true, webauthn:extension:minPinLength: true, webauthn:extension:prf: true, webauthn:virtualAuthenticators: true}
Session ID: 8b372ca9a568f12f12b71886ac49fe22
19:01:34.006 INFO  manager.WDListener - +++++++++++++++++++++++++++++++
19:01:34.007 INFO  manager.WDListener - Screen with error is src/test/screenshots/screen_1626.png
19:01:34.521 INFO  manager.TestNGListener - Start test loginSuccess=================
19:01:34.522 INFO  manager.TestNGListener - Start test loginSuccess=================
19:01:34.522 INFO  manager.TestNGListener - Start test loginSuccess=================
19:01:34.523 INFO  manager.TestNGListener - Start test loginSuccess=================
19:01:34.523 INFO  manager.TestNGListener - Start test loginSuccess=================
19:01:34.523 INFO  manager.TestNGListener - Start test loginSuccess=================
19:01:34.524 INFO  manager.TestNGListener - Start test loginSuccessModel=================
19:01:34.524 INFO  manager.TestNGListener - Start test loginSuccessModel=================
19:01:34.525 INFO  manager.TestNGListener - Start test loginSuccessModel=================
19:01:34.525 INFO  manager.TestNGListener - Start test loginSuccessModel=================
19:01:34.525 INFO  manager.TestNGListener - Start test loginSuccessModel=================
19:01:34.525 INFO  manager.TestNGListener - Start test loginSuccessModel=================
19:01:34.528 INFO  manager.TestNGListener - Start test loginUnregisteredUser=================
19:01:34.528 INFO  manager.TestNGListener - Start test loginUnregisteredUser=================
19:01:34.528 INFO  manager.TestNGListener - Start test loginWrongEmail=================
19:01:34.528 INFO  manager.TestNGListener - Start test loginWrongEmail=================
19:01:34.529 INFO  manager.TestNGListener - Start test loginWrongPassword=================
19:01:34.529 INFO  manager.TestNGListener - Start test loginWrongPassword=================
19:01:34.531 INFO  manager.TestNGListener - Stop testing on date Wed Feb 25 19:01:27 IST 2026=================
