20:20:06.315 INFO  manager.ApplicationManager - All tests run in CHROME Browser
20:20:10.130 INFO  manager.ApplicationManager - The link is -->https://telranedu.web.app/home
20:20:10.153 INFO  manager.TestNGListener - Start tests on date Thu Feb 12 20:20:10 IST 2026=================
20:20:10.179 INFO  manager.WDListener - Before find element By.xpath: //button[text()='Sign Out']
20:20:15.320 INFO  manager.WDListener - After find element By.cssSelector: a[href='/login']
20:20:15.333 INFO  manager.WDListener - Location of element a
20:20:15.356 INFO  manager.WDListener - Before click element --> atext=LOGIN
20:20:15.428 INFO  manager.WDListener - After click element a
20:20:15.461 INFO  manager.WDListener - After find element By.name: email
20:20:15.470 INFO  manager.WDListener - Location of element input
20:20:15.485 INFO  manager.WDListener - Before click element --> inputtext=
20:20:15.542 INFO  manager.WDListener - After click element input
20:20:15.570 INFO  manager.WDListener - Send Keys input
20:20:15.609 INFO  manager.WDListener - Send Keys input
20:20:15.637 INFO  manager.WDListener - Send Keys input
20:20:15.706 INFO  manager.WDListener - After find element By.name: password
20:20:15.716 INFO  manager.WDListener - Location of element input
20:20:15.730 INFO  manager.WDListener - Before click element --> inputtext=
20:20:15.779 INFO  manager.WDListener - After click element input
20:20:15.806 INFO  manager.WDListener - Send Keys input
20:20:15.839 INFO  manager.WDListener - Send Keys input
20:20:15.875 INFO  manager.WDListener - Send Keys input
20:20:15.936 INFO  manager.WDListener - After find element By.xpath: //button[text()='Login']
20:20:15.944 INFO  manager.WDListener - Location of element button
20:20:15.961 INFO  manager.WDListener - Before click element --> buttontext=Login
20:20:16.049 INFO  tests.TestBase - Name of method -->addContactSuccessAllFieldsSCV
20:20:16.051 INFO  manager.TestNGListener - Start test addContactSuccessAllFieldsSCV=================
20:20:17.036 INFO  manager.WDListener - After find element By.xpath: //*[@href='/add']
20:20:17.046 INFO  manager.WDListener - Location of element a
20:20:17.067 INFO  manager.WDListener - Before click element --> atext=ADD
20:20:17.122 INFO  manager.WDListener - After click element a
20:20:17.147 INFO  manager.WDListener - After find element By.xpath: //input[@placeholder='Name']
20:20:17.155 INFO  manager.WDListener - Location of element input
20:20:17.173 INFO  manager.WDListener - Before click element --> inputtext=
20:20:17.243 INFO  manager.WDListener - After click element input
20:20:17.272 INFO  manager.WDListener - Send Keys input
20:20:17.297 INFO  manager.WDListener - Send Keys input
20:20:17.323 INFO  manager.WDListener - Send Keys input
20:20:17.376 INFO  manager.WDListener - After find element By.xpath: //input[@placeholder='Last Name']
20:20:17.384 INFO  manager.WDListener - Location of element input
20:20:17.397 INFO  manager.WDListener - Before click element --> inputtext=
20:20:17.443 INFO  manager.WDListener - After click element input
20:20:17.467 INFO  manager.WDListener - Send Keys input
20:20:17.494 INFO  manager.WDListener - Send Keys input
20:20:17.518 INFO  manager.WDListener - Send Keys input
20:20:17.569 INFO  manager.WDListener - After find element By.xpath: //input[@placeholder='Phone']
20:20:17.584 INFO  manager.WDListener - Location of element input
20:20:17.596 INFO  manager.WDListener - Before click element --> inputtext=
20:20:17.641 INFO  manager.WDListener - After click element input
20:20:17.713 INFO  manager.WDListener - Send Keys input
20:20:17.746 INFO  manager.WDListener - Send Keys input
20:20:17.777 INFO  manager.WDListener - Send Keys input
20:20:17.835 INFO  manager.WDListener - After find element By.xpath: //input[@placeholder='email']
20:20:17.843 INFO  manager.WDListener - Location of element input
20:20:17.856 INFO  manager.WDListener - Before click element --> inputtext=
20:20:17.906 INFO  manager.WDListener - After click element input
20:20:17.936 INFO  manager.WDListener - Send Keys input
20:20:17.969 INFO  manager.WDListener - Send Keys input
20:20:18.009 INFO  manager.WDListener - After find element By.xpath: //input[@placeholder='Address']
20:20:18.019 INFO  manager.WDListener - Location of element input
20:20:18.035 INFO  manager.WDListener - Before click element --> inputtext=
20:20:18.090 INFO  manager.WDListener - After click element input
20:20:18.121 INFO  manager.WDListener - Send Keys input
20:20:18.150 INFO  manager.WDListener - Send Keys input
20:20:18.182 INFO  manager.WDListener - Send Keys input
20:20:18.245 INFO  manager.WDListener - After find element By.xpath: //input[@placeholder='description']
20:20:18.252 INFO  manager.WDListener - Location of element input
20:20:18.267 INFO  manager.WDListener - Before click element --> inputtext=
20:20:18.322 INFO  manager.WDListener - After click element input
20:20:18.350 INFO  manager.WDListener - Send Keys input
20:20:18.380 INFO  manager.WDListener - Send Keys input
20:20:18.409 INFO  manager.WDListener - Send Keys input
20:20:18.739 INFO  manager.WDListener - After find element By.xpath: //b[text()='Save']
20:20:18.748 INFO  manager.WDListener - Location of element b
20:20:18.761 INFO  manager.WDListener - Before click element --> btext=Save
20:20:18.819 INFO  manager.WDListener - After click element b
20:20:18.819 INFO  manager.WDListener - Before find element By.cssSelector: h2
20:20:19.514 INFO  manager.WDListener - Before find element By.cssSelector: h3
20:20:19.657 INFO  manager.TestNGListener - Start test addContactSuccessAllFieldsSCV=================
20:20:19.659 INFO  tests.TestBase - +++++++++++++++++++++++++++++++
20:20:19.661 INFO  tests.TestBase - Name of method -->addContactSuccessAllFieldsSCV
20:20:19.661 INFO  manager.TestNGListener - Start test addContactSuccessAllFieldsSCV=================
20:20:19.681 INFO  manager.WDListener - After find element By.xpath: //*[@href='/add']
20:20:19.689 INFO  manager.WDListener - Location of element a
20:20:19.705 INFO  manager.WDListener - Before click element --> atext=ADD
20:20:19.772 INFO  manager.WDListener - After click element a
20:20:19.789 INFO  manager.WDListener - After find element By.xpath: //input[@placeholder='Name']
20:20:19.797 INFO  manager.WDListener - Location of element input
20:20:19.816 INFO  manager.WDListener - Before click element --> inputtext=
20:20:19.880 INFO  manager.WDListener - After click element input
20:20:19.911 INFO  manager.WDListener - Send Keys input
20:20:19.935 INFO  manager.WDListener - Send Keys input
20:20:19.967 INFO  manager.WDListener - Send Keys input
20:20:20.016 INFO  manager.WDListener - After find element By.xpath: //input[@placeholder='Last Name']
20:20:20.027 INFO  manager.WDListener - Location of element input
20:20:20.046 INFO  manager.WDListener - Before click element --> inputtext=
20:20:20.103 INFO  manager.WDListener - After click element input
20:20:20.127 INFO  manager.WDListener - Send Keys input
20:20:20.166 INFO  manager.WDListener - Send Keys input
20:20:20.200 INFO  manager.WDListener - Send Keys input
20:20:20.261 INFO  manager.WDListener - After find element By.xpath: //input[@placeholder='Phone']
20:20:20.269 INFO  manager.WDListener - Location of element input
20:20:20.282 INFO  manager.WDListener - Before click element --> inputtext=
20:20:20.338 INFO  manager.WDListener - After click element input
20:20:20.369 INFO  manager.WDListener - Send Keys input
20:20:20.397 INFO  manager.WDListener - Send Keys input
20:20:20.424 INFO  manager.WDListener - Send Keys input
20:20:20.473 INFO  manager.WDListener - After find element By.xpath: //input[@placeholder='email']
20:20:20.478 INFO  manager.WDListener - Location of element input
20:20:20.490 INFO  manager.WDListener - Before click element --> inputtext=
20:20:20.538 INFO  manager.WDListener - After click element input
20:20:20.562 INFO  manager.WDListener - Send Keys input
20:20:20.589 INFO  manager.WDListener - Send Keys input
20:20:20.624 INFO  manager.WDListener - After find element By.xpath: //input[@placeholder='Address']
20:20:20.635 INFO  manager.WDListener - Location of element input
20:20:20.646 INFO  manager.WDListener - Before click element --> inputtext=
20:20:20.691 INFO  manager.WDListener - After click element input
20:20:20.714 INFO  manager.WDListener - Send Keys input
20:20:20.738 INFO  manager.WDListener - Send Keys input
20:20:20.764 INFO  manager.WDListener - Send Keys input
20:20:20.811 INFO  manager.WDListener - After find element By.xpath: //input[@placeholder='description']
20:20:20.818 INFO  manager.WDListener - Location of element input
20:20:20.830 INFO  manager.WDListener - Before click element --> inputtext=
20:20:20.877 INFO  manager.WDListener - After click element input
20:20:20.899 INFO  manager.WDListener - Send Keys input
20:20:20.925 INFO  manager.WDListener - Send Keys input
20:20:20.956 INFO  manager.WDListener - Send Keys input
20:20:21.266 INFO  manager.WDListener - After find element By.xpath: //b[text()='Save']
20:20:21.273 INFO  manager.WDListener - Location of element b
20:20:21.291 INFO  manager.WDListener - Before click element --> btext=Save
20:20:21.475 INFO  manager.WDListener - After click element b
20:20:21.475 INFO  manager.WDListener - Before find element By.cssSelector: h2
20:20:22.058 INFO  manager.WDListener - Before find element By.cssSelector: h3
20:20:22.182 INFO  manager.TestNGListener - Start test addContactSuccessAllFieldsSCV=================
20:20:22.183 INFO  tests.TestBase - +++++++++++++++++++++++++++++++
20:20:22.189 INFO  manager.TestNGListener - Stop testing on date Thu Feb 12 20:20:10 IST 2026=================
