18:59:05.821 INFO  manager.ApplicationManager - All tests run in CHROME Browser
18:59:05.822 INFO  manager.ApplicationManager - All tests run in Edge Browser
18:59:07.295 INFO  manager.ApplicationManager - The link is -->https://telranedu.web.app/home
18:59:07.308 INFO  manager.TestNGListener - Start tests on date Wed Feb 25 18:59:07 IST 2026=================
18:59:07.317 INFO  manager.WDListener - Before find element By.xpath: //button[text()='Sign Out']
18:59:12.360 INFO  manager.WDListener - After find element By.cssSelector: a[href='/login']
18:59:12.368 INFO  manager.WDListener - Location of element a
18:59:12.393 INFO  manager.WDListener - Before click element --> atext=LOGIN
18:59:12.487 INFO  manager.WDListener - After click element a
18:59:12.517 INFO  manager.WDListener - After find element By.name: email
18:59:12.524 INFO  manager.WDListener - Location of element input
18:59:12.537 INFO  manager.WDListener - Before click element --> inputtext=
18:59:12.613 INFO  manager.WDListener - After click element input
18:59:12.654 INFO  manager.WDListener - Send Keys input
18:59:12.706 INFO  manager.WDListener - Send Keys input
18:59:12.735 INFO  manager.WDListener - Send Keys input
18:59:12.809 INFO  manager.WDListener - After find element By.name: password
18:59:12.815 INFO  manager.WDListener - Location of element input
18:59:12.828 INFO  manager.WDListener - Before click element --> inputtext=
18:59:12.891 INFO  manager.WDListener - After click element input
18:59:12.924 INFO  manager.WDListener - Send Keys input
18:59:12.954 INFO  manager.WDListener - Send Keys input
18:59:12.983 INFO  manager.WDListener - Send Keys input
18:59:13.040 INFO  manager.WDListener - After find element By.xpath: //button[text()='Login']
18:59:13.048 INFO  manager.WDListener - Location of element button
18:59:13.065 INFO  manager.WDListener - Before click element --> buttontext=Login
18:59:13.166 INFO  tests.TestBase - Name of method -->addContactSuccessAllFields
18:59:13.167 INFO  manager.TestNGListener - Start test addContactSuccessAllFields=================
18:59:14.164 INFO  manager.WDListener - After find element By.xpath: //*[@href='/add']
18:59:14.172 INFO  manager.WDListener - Location of element a
18:59:14.188 INFO  manager.WDListener - Before click element --> atext=ADD
18:59:14.276 INFO  manager.WDListener - After click element a
18:59:14.295 INFO  manager.WDListener - After find element By.xpath: //input[@placeholder='Name']
18:59:14.303 INFO  manager.WDListener - Location of element input
18:59:14.316 INFO  manager.WDListener - Before click element --> inputtext=
18:59:14.392 INFO  manager.WDListener - After click element input
18:59:14.417 INFO  manager.WDListener - Send Keys input
18:59:14.458 INFO  manager.WDListener - Send Keys input
18:59:14.492 INFO  manager.WDListener - Send Keys input
18:59:14.543 INFO  manager.WDListener - After find element By.xpath: //input[@placeholder='Last Name']
18:59:14.550 INFO  manager.WDListener - Location of element input
18:59:14.562 INFO  manager.WDListener - Before click element --> inputtext=
18:59:14.632 INFO  manager.WDListener - After click element input
18:59:14.666 INFO  manager.WDListener - Send Keys input
18:59:14.695 INFO  manager.WDListener - Send Keys input
18:59:14.715 INFO  manager.WDListener - Send Keys input
18:59:14.785 INFO  manager.WDListener - After find element By.xpath: //input[@placeholder='Phone']
18:59:14.794 INFO  manager.WDListener - Location of element input
18:59:14.812 INFO  manager.WDListener - Before click element --> inputtext=
18:59:14.869 INFO  manager.WDListener - After click element input
18:59:14.899 INFO  manager.WDListener - Send Keys input
18:59:14.933 INFO  manager.WDListener - Send Keys input
18:59:14.961 INFO  manager.WDListener - Send Keys input
18:59:15.019 INFO  manager.WDListener - After find element By.xpath: //input[@placeholder='email']
18:59:15.025 INFO  manager.WDListener - Location of element input
18:59:15.038 INFO  manager.WDListener - Before click element --> inputtext=
18:59:15.107 INFO  manager.WDListener - After click element input
18:59:15.137 INFO  manager.WDListener - Send Keys input
18:59:15.170 INFO  manager.WDListener - Send Keys input
18:59:15.199 INFO  manager.WDListener - Send Keys input
18:59:15.264 INFO  manager.WDListener - After find element By.xpath: //input[@placeholder='Address']
18:59:15.269 INFO  manager.WDListener - Location of element input
18:59:15.282 INFO  manager.WDListener - Before click element --> inputtext=
18:59:15.354 INFO  manager.WDListener - After click element input
18:59:15.396 INFO  manager.WDListener - Send Keys input
18:59:15.434 INFO  manager.WDListener - Send Keys input
18:59:15.466 INFO  manager.WDListener - Send Keys input
18:59:15.530 INFO  manager.WDListener - After find element By.xpath: //input[@placeholder='description']
18:59:15.537 INFO  manager.WDListener - Location of element input
18:59:15.549 INFO  manager.WDListener - Before click element --> inputtext=
18:59:15.605 INFO  manager.WDListener - After click element input
18:59:15.620 INFO  manager.WDListener - Send Keys input
18:59:15.639 INFO  manager.WDListener - Send Keys input
18:59:15.660 INFO  manager.WDListener - Send Keys input
18:59:16.077 INFO  manager.WDListener - After find element By.xpath: //b[text()='Save']
18:59:16.085 INFO  manager.WDListener - Location of element b
18:59:16.098 INFO  manager.WDListener - Before click element --> btext=Save
18:59:16.161 INFO  manager.WDListener - After click element b
18:59:16.161 INFO  manager.WDListener - Before find element By.cssSelector: h2
18:59:16.979 INFO  manager.WDListener - Before find element By.cssSelector: h3
18:59:17.186 INFO  manager.TestNGListener - Start test addContactSuccessAllFields=================
18:59:17.186 INFO  tests.TestBase - +++++++++++++++++++++++++++++++
18:59:17.186 INFO  tests.TestBase - Name of method -->addContactSuccessAllFields
18:59:17.187 INFO  manager.TestNGListener - Start test addContactSuccessAllFields=================
18:59:17.197 INFO  manager.WDListener - After find element By.xpath: //*[@href='/add']
18:59:17.204 INFO  manager.WDListener - Location of element a
18:59:17.218 INFO  manager.WDListener - Before click element --> atext=ADD
18:59:17.284 INFO  manager.WDListener - After click element a
18:59:17.298 INFO  manager.WDListener - After find element By.xpath: //input[@placeholder='Name']
18:59:17.303 INFO  manager.WDListener - Location of element input
18:59:17.316 INFO  manager.WDListener - Before click element --> inputtext=
18:59:17.370 INFO  manager.WDListener - After click element input
18:59:17.395 INFO  manager.WDListener - Send Keys input
18:59:17.425 INFO  manager.WDListener - Send Keys input
18:59:17.460 INFO  manager.WDListener - Send Keys input
18:59:17.516 INFO  manager.WDListener - After find element By.xpath: //input[@placeholder='Last Name']
18:59:17.521 INFO  manager.WDListener - Location of element input
18:59:17.536 INFO  manager.WDListener - Before click element --> inputtext=
18:59:17.614 INFO  manager.WDListener - After click element input
18:59:17.642 INFO  manager.WDListener - Send Keys input
18:59:17.672 INFO  manager.WDListener - Send Keys input
18:59:17.704 INFO  manager.WDListener - Send Keys input
18:59:17.760 INFO  manager.WDListener - After find element By.xpath: //input[@placeholder='Phone']
18:59:17.769 INFO  manager.WDListener - Location of element input
18:59:17.785 INFO  manager.WDListener - Before click element --> inputtext=
18:59:17.848 INFO  manager.WDListener - After click element input
18:59:17.877 INFO  manager.WDListener - Send Keys input
18:59:17.910 INFO  manager.WDListener - Send Keys input
18:59:17.945 INFO  manager.WDListener - Send Keys input
18:59:18.000 INFO  manager.WDListener - After find element By.xpath: //input[@placeholder='email']
18:59:18.009 INFO  manager.WDListener - Location of element input
18:59:18.027 INFO  manager.WDListener - Before click element --> inputtext=
18:59:18.086 INFO  manager.WDListener - After click element input
18:59:18.114 INFO  manager.WDListener - Send Keys input
18:59:18.148 INFO  manager.WDListener - Send Keys input
18:59:18.180 INFO  manager.WDListener - Send Keys input
18:59:18.242 INFO  manager.WDListener - After find element By.xpath: //input[@placeholder='Address']
18:59:18.248 INFO  manager.WDListener - Location of element input
18:59:18.259 INFO  manager.WDListener - Before click element --> inputtext=
18:59:18.312 INFO  manager.WDListener - After click element input
18:59:18.342 INFO  manager.WDListener - Send Keys input
18:59:18.371 INFO  manager.WDListener - Send Keys input
18:59:18.400 INFO  manager.WDListener - Send Keys input
18:59:18.450 INFO  manager.WDListener - After find element By.xpath: //input[@placeholder='description']
18:59:18.456 INFO  manager.WDListener - Location of element input
18:59:18.470 INFO  manager.WDListener - Before click element --> inputtext=
18:59:18.533 INFO  manager.WDListener - After click element input
18:59:18.563 INFO  manager.WDListener - Send Keys input
18:59:18.597 INFO  manager.WDListener - Send Keys input
18:59:19.002 INFO  manager.WDListener - After find element By.xpath: //b[text()='Save']
18:59:19.008 INFO  manager.WDListener - Location of element b
18:59:19.024 INFO  manager.WDListener - Before click element --> btext=Save
18:59:19.086 INFO  manager.WDListener - After click element b
18:59:19.087 INFO  manager.WDListener - Before find element By.cssSelector: h2
18:59:19.761 INFO  manager.WDListener - Before find element By.cssSelector: h3
18:59:19.988 INFO  manager.TestNGListener - Start test addContactSuccessAllFields=================
18:59:19.988 INFO  tests.TestBase - +++++++++++++++++++++++++++++++
18:59:19.989 INFO  tests.TestBase - Name of method -->addContactSuccessAllFieldsSCV
18:59:19.989 INFO  manager.TestNGListener - Start test addContactSuccessAllFieldsSCV=================
18:59:20.001 INFO  manager.WDListener - After find element By.xpath: //*[@href='/add']
18:59:20.008 INFO  manager.WDListener - Location of element a
18:59:20.025 INFO  manager.WDListener - Before click element --> atext=ADD
18:59:20.104 INFO  manager.WDListener - After click element a
18:59:20.115 INFO  manager.WDListener - After find element By.xpath: //input[@placeholder='Name']
18:59:20.122 INFO  manager.WDListener - Location of element input
18:59:20.137 INFO  manager.WDListener - Before click element --> inputtext=
18:59:20.224 INFO  manager.WDListener - After click element input
18:59:20.255 INFO  manager.WDListener - Send Keys input
18:59:20.286 INFO  manager.WDListener - Send Keys input
18:59:20.316 INFO  manager.WDListener - Send Keys input
18:59:20.352 INFO  manager.WDListener - After find element By.xpath: //input[@placeholder='Last Name']
18:59:20.358 INFO  manager.WDListener - Location of element input
18:59:20.372 INFO  manager.WDListener - Before click element --> inputtext=
18:59:20.442 INFO  manager.WDListener - After click element input
18:59:20.479 INFO  manager.WDListener - Send Keys input
18:59:20.513 INFO  manager.WDListener - Send Keys input
18:59:20.545 INFO  manager.WDListener - Send Keys input
18:59:20.583 INFO  manager.WDListener - After find element By.xpath: //input[@placeholder='Phone']
18:59:20.588 INFO  manager.WDListener - Location of element input
18:59:20.600 INFO  manager.WDListener - Before click element --> inputtext=
18:59:20.659 INFO  manager.WDListener - After click element input
18:59:20.686 INFO  manager.WDListener - Send Keys input
18:59:20.716 INFO  manager.WDListener - Send Keys input
18:59:20.746 INFO  manager.WDListener - Send Keys input
18:59:20.793 INFO  manager.WDListener - After find element By.xpath: //input[@placeholder='email']
18:59:20.801 INFO  manager.WDListener - Location of element input
18:59:20.818 INFO  manager.WDListener - Before click element --> inputtext=
18:59:20.870 INFO  manager.WDListener - After click element input
18:59:20.897 INFO  manager.WDListener - Send Keys input
18:59:20.924 INFO  manager.WDListener - Send Keys input
18:59:20.955 INFO  manager.WDListener - After find element By.xpath: //input[@placeholder='Address']
18:59:20.960 INFO  manager.WDListener - Location of element input
18:59:20.978 INFO  manager.WDListener - Before click element --> inputtext=
18:59:21.070 INFO  manager.WDListener - After click element input
18:59:21.117 INFO  manager.WDListener - Send Keys input
18:59:21.155 INFO  manager.WDListener - Send Keys input
18:59:21.182 INFO  manager.WDListener - Send Keys input
18:59:21.228 INFO  manager.WDListener - After find element By.xpath: //input[@placeholder='description']
18:59:21.234 INFO  manager.WDListener - Location of element input
18:59:21.244 INFO  manager.WDListener - Before click element --> inputtext=
18:59:21.299 INFO  manager.WDListener - After click element input
18:59:21.325 INFO  manager.WDListener - Send Keys input
18:59:21.352 INFO  manager.WDListener - Send Keys input
18:59:21.381 INFO  manager.WDListener - Send Keys input
18:59:21.788 INFO  manager.WDListener - After find element By.xpath: //b[text()='Save']
18:59:21.798 INFO  manager.WDListener - Location of element b
18:59:21.810 INFO  manager.WDListener - Before click element --> btext=Save
18:59:21.856 INFO  manager.WDListener - After click element b
18:59:21.856 INFO  manager.WDListener - Before find element By.cssSelector: h2
18:59:22.696 INFO  manager.WDListener - Before find element By.cssSelector: h3
