21:26:37.551 INFO  manager.ApplicationManager - All tests run in CHROME Browser
21:26:37.552 INFO  manager.ApplicationManager - All tests run in Edge Browser
21:26:39.104 INFO  manager.ApplicationManager - The link is -->https://telranedu.web.app/home
21:26:39.127 INFO  manager.TestNGListener - Start tests on date Wed Feb 25 21:26:39 IST 2026=================
21:26:39.155 INFO  manager.WDListener - Before find element By.xpath: //button[text()='Sign Out']
21:26:44.281 INFO  manager.WDListener - After find element By.cssSelector: a[href='/login']
21:26:44.296 INFO  manager.WDListener - Location of element a
21:26:44.334 INFO  manager.WDListener - Before click element --> atext=LOGIN
21:26:44.472 INFO  manager.WDListener - After click element a
21:26:44.511 INFO  manager.WDListener - After find element By.name: email
21:26:44.522 INFO  manager.WDListener - Location of element input
21:26:44.545 INFO  manager.WDListener - Before click element --> inputtext=
21:26:44.637 INFO  manager.WDListener - After click element input
21:26:44.694 INFO  manager.WDListener - Send Keys input
21:26:44.763 INFO  manager.WDListener - Send Keys input
21:26:44.820 INFO  manager.WDListener - Send Keys input
21:26:44.922 INFO  manager.WDListener - After find element By.name: password
21:26:44.932 INFO  manager.WDListener - Location of element input
21:26:44.955 INFO  manager.WDListener - Before click element --> inputtext=
21:26:45.047 INFO  manager.WDListener - After click element input
21:26:45.092 INFO  manager.WDListener - Send Keys input
21:26:45.150 INFO  manager.WDListener - Send Keys input
21:26:45.197 INFO  manager.WDListener - Send Keys input
21:26:45.296 INFO  manager.WDListener - After find element By.xpath: //button[text()='Login']
21:26:45.311 INFO  manager.WDListener - Location of element button
21:26:45.340 INFO  manager.WDListener - Before click element --> buttontext=Login
21:26:45.499 INFO  tests.TestBase - Name of method -->addContactSuccessAllFields
21:26:45.501 INFO  manager.TestNGListener - Start test addContactSuccessAllFields=================
21:26:46.466 INFO  manager.WDListener - After find element By.xpath: //*[@href='/add']
21:26:46.479 INFO  manager.WDListener - Location of element a
21:26:46.506 INFO  manager.WDListener - Before click element --> atext=ADD
21:26:46.635 INFO  manager.WDListener - After click element a
21:26:46.670 INFO  manager.WDListener - After find element By.xpath: //input[@placeholder='Name']
21:26:46.683 INFO  manager.WDListener - Location of element input
21:26:46.709 INFO  manager.WDListener - Before click element --> inputtext=
21:26:46.837 INFO  manager.WDListener - After click element input
21:26:46.892 INFO  manager.WDListener - Send Keys input
21:26:46.948 INFO  manager.WDListener - Send Keys input
21:26:47.011 INFO  manager.WDListener - Send Keys input
21:26:47.096 INFO  manager.WDListener - After find element By.xpath: //input[@placeholder='Last Name']
21:26:47.108 INFO  manager.WDListener - Location of element input
21:26:47.134 INFO  manager.WDListener - Before click element --> inputtext=
21:26:47.250 INFO  manager.WDListener - After click element input
21:26:47.299 INFO  manager.WDListener - Send Keys input
21:26:47.351 INFO  manager.WDListener - Send Keys input
21:26:47.399 INFO  manager.WDListener - Send Keys input
21:26:47.478 INFO  manager.WDListener - After find element By.xpath: //input[@placeholder='Phone']
21:26:47.487 INFO  manager.WDListener - Location of element input
21:26:47.505 INFO  manager.WDListener - Before click element --> inputtext=
21:26:47.599 INFO  manager.WDListener - After click element input
21:26:47.653 INFO  manager.WDListener - Send Keys input
21:26:47.711 INFO  manager.WDListener - Send Keys input
21:26:47.762 INFO  manager.WDListener - Send Keys input
21:26:47.835 INFO  manager.WDListener - After find element By.xpath: //input[@placeholder='email']
21:26:47.848 INFO  manager.WDListener - Location of element input
21:26:47.871 INFO  manager.WDListener - Before click element --> inputtext=
21:26:47.975 INFO  manager.WDListener - After click element input
21:26:48.027 INFO  manager.WDListener - Send Keys input
21:26:48.054 INFO  manager.WDListener - Send Keys input
21:26:48.109 INFO  manager.WDListener - Send Keys input
21:26:48.214 INFO  manager.WDListener - After find element By.xpath: //input[@placeholder='Address']
21:26:48.222 INFO  manager.WDListener - Location of element input
21:26:48.241 INFO  manager.WDListener - Before click element --> inputtext=
21:26:48.335 INFO  manager.WDListener - After click element input
21:26:48.380 INFO  manager.WDListener - Send Keys input
21:26:48.411 INFO  manager.WDListener - Send Keys input
21:26:48.485 INFO  manager.WDListener - Send Keys input
21:26:48.582 INFO  manager.WDListener - After find element By.xpath: //input[@placeholder='description']
21:26:48.595 INFO  manager.WDListener - Location of element input
21:26:48.620 INFO  manager.WDListener - Before click element --> inputtext=
21:26:48.728 INFO  manager.WDListener - After click element input
21:26:48.780 INFO  manager.WDListener - Send Keys input
21:26:48.822 INFO  manager.WDListener - Send Keys input
21:26:48.865 INFO  manager.WDListener - Send Keys input
