19:52:47.574 INFO  manager.ApplicationManager - All tests run in CHROME Browser
19:52:49.538 INFO  manager.ApplicationManager - The link is -->https://telranedu.web.app/
19:52:49.566 INFO  manager.TestNGListener - Start tests on date Thu Feb 12 19:52:49 IST 2026=================
19:52:49.603 INFO  tests.TestBase - Name of method -->loginSuccessModel
19:52:49.606 INFO  manager.WDListener - Before find element By.xpath: //button[text()='Sign Out']
19:52:54.676 INFO  manager.TestNGListener - Start test loginSuccessModel=================
19:52:54.677 INFO  tests.TestBase - Test data User{email='np7788@inbox.ru', password='WadiNisnas8#'}
19:52:54.756 INFO  manager.WDListener - After find element By.cssSelector: a[href='/login']
19:52:54.770 INFO  manager.WDListener - Location of element a
19:52:54.796 INFO  manager.WDListener - Before click element --> atext=LOGIN
19:52:54.873 INFO  manager.WDListener - After click element a
19:52:54.907 INFO  manager.WDListener - After find element By.name: email
19:52:54.916 INFO  manager.WDListener - Location of element input
19:52:54.931 INFO  manager.WDListener - Before click element --> inputtext=
19:52:54.989 INFO  manager.WDListener - After click element input
19:52:55.022 INFO  manager.WDListener - Send Keys input
19:52:55.062 INFO  manager.WDListener - Send Keys input
19:52:55.095 INFO  manager.WDListener - Send Keys input
19:52:55.174 INFO  manager.WDListener - After find element By.name: password
19:52:55.184 INFO  manager.WDListener - Location of element input
19:52:55.205 INFO  manager.WDListener - Before click element --> inputtext=
19:52:55.265 INFO  manager.WDListener - After click element input
19:52:55.293 INFO  manager.WDListener - Send Keys input
19:52:55.326 INFO  manager.WDListener - Send Keys input
19:52:55.354 INFO  manager.WDListener - Send Keys input
19:52:55.419 INFO  manager.WDListener - After find element By.xpath: //button[text()='Login']
19:52:55.428 INFO  manager.WDListener - Location of element button
19:52:55.445 INFO  manager.WDListener - Before click element --> buttontext=Login
19:52:55.512 INFO  manager.WDListener - Before find element By.xpath: //button[text()='Sign Out']
19:52:56.526 INFO  tests.TestBase - Assert checks if element button 'Sign out' is present
19:52:56.532 INFO  manager.TestNGListener - Start test loginSuccessModel=================
19:52:56.535 INFO  tests.TestBase - +++++++++++++++++++++++++++++++
19:52:56.537 INFO  tests.TestBase - Name of method -->loginSuccessModel
19:52:56.538 INFO  manager.WDListener - Before find element By.xpath: //button[text()='Sign Out']
19:52:56.591 INFO  manager.WDListener - After find element By.xpath: //button[text()='Sign Out']
19:52:56.603 INFO  manager.WDListener - Location of element button
19:52:56.620 INFO  manager.WDListener - Before click element --> buttontext=Sign Out
19:52:56.706 INFO  tests.TestBase - Before method finished logout
19:52:56.707 INFO  manager.TestNGListener - Start test loginSuccessModel=================
19:52:56.708 INFO  tests.TestBase - Test data User{email='np77@inbox.ru', password='Satiblai4t!'}
19:52:56.741 INFO  manager.WDListener - After find element By.cssSelector: a[href='/login']
19:52:56.757 INFO  manager.WDListener - Location of element a
19:52:56.776 INFO  manager.WDListener - Before click element --> atext=LOGIN
19:52:56.832 INFO  manager.WDListener - After click element a
19:52:56.872 INFO  manager.WDListener - After find element By.name: email
19:52:56.881 INFO  manager.WDListener - Location of element input
19:52:56.897 INFO  manager.WDListener - Before click element --> inputtext=
19:52:56.955 INFO  manager.WDListener - After click element input
19:52:56.985 INFO  manager.WDListener - Send Keys input
19:52:57.017 INFO  manager.WDListener - Send Keys input
19:52:57.046 INFO  manager.WDListener - Send Keys input
19:52:57.119 INFO  manager.WDListener - After find element By.name: password
19:52:57.130 INFO  manager.WDListener - Location of element input
19:52:57.148 INFO  manager.WDListener - Before click element --> inputtext=
19:52:57.221 INFO  manager.WDListener - After click element input
19:52:57.261 INFO  manager.WDListener - Send Keys input
19:52:57.292 INFO  manager.WDListener - Send Keys input
19:52:57.329 INFO  manager.WDListener - Send Keys input
19:52:57.397 INFO  manager.WDListener - After find element By.xpath: //button[text()='Login']
19:52:57.406 INFO  manager.WDListener - Location of element button
19:52:57.426 INFO  manager.WDListener - Before click element --> buttontext=Login
19:52:57.481 INFO  manager.WDListener - Before find element By.xpath: //button[text()='Sign Out']
19:52:57.792 INFO  tests.TestBase - Assert checks if element button 'Sign out' is present
19:52:57.793 INFO  manager.TestNGListener - Start test loginSuccessModel=================
19:52:57.795 INFO  tests.TestBase - +++++++++++++++++++++++++++++++
19:52:57.797 INFO  tests.TestBase - Name of method -->loginSuccessModel
19:52:57.799 INFO  manager.WDListener - Before find element By.xpath: //button[text()='Sign Out']
19:52:57.853 INFO  manager.WDListener - After find element By.xpath: //button[text()='Sign Out']
19:52:57.864 INFO  manager.WDListener - Location of element button
19:52:57.881 INFO  manager.WDListener - Before click element --> buttontext=Sign Out
19:52:57.943 INFO  tests.TestBase - Before method finished logout
19:52:57.944 INFO  manager.TestNGListener - Start test loginSuccessModel=================
19:52:57.945 INFO  tests.TestBase - Test data User{email='np7788@inbox.ru', password='WadiNisnas8#'}
19:52:57.969 INFO  manager.WDListener - After find element By.cssSelector: a[href='/login']
19:52:57.980 INFO  manager.WDListener - Location of element a
19:52:58.000 INFO  manager.WDListener - Before click element --> atext=LOGIN
19:52:58.062 INFO  manager.WDListener - After click element a
19:52:58.087 INFO  manager.WDListener - After find element By.name: email
19:52:58.098 INFO  manager.WDListener - Location of element input
19:52:58.112 INFO  manager.WDListener - Before click element --> inputtext=
19:52:58.168 INFO  manager.WDListener - After click element input
19:52:58.212 INFO  manager.WDListener - Send Keys input
19:52:58.239 INFO  manager.WDListener - Send Keys input
19:52:58.270 INFO  manager.WDListener - Send Keys input
19:52:58.327 INFO  manager.WDListener - After find element By.name: password
19:52:58.333 INFO  manager.WDListener - Location of element input
19:52:58.347 INFO  manager.WDListener - Before click element --> inputtext=
19:52:58.403 INFO  manager.WDListener - After click element input
19:52:58.435 INFO  manager.WDListener - Send Keys input
19:52:58.499 INFO  manager.WDListener - Send Keys input
19:52:58.551 INFO  manager.WDListener - Send Keys input
19:52:58.600 INFO  manager.WDListener - After find element By.xpath: //button[text()='Login']
19:52:58.607 INFO  manager.WDListener - Location of element button
19:52:58.620 INFO  manager.WDListener - Before click element --> buttontext=Login
19:52:58.674 INFO  manager.WDListener - Before find element By.xpath: //button[text()='Sign Out']
19:52:58.943 INFO  tests.TestBase - Assert checks if element button 'Sign out' is present
19:52:58.945 INFO  manager.TestNGListener - Start test loginSuccessModel=================
19:52:58.947 INFO  tests.TestBase - +++++++++++++++++++++++++++++++
19:52:58.956 INFO  manager.TestNGListener - Stop testing on date Thu Feb 12 19:52:49 IST 2026=================
