21:44:01.590 INFO  manager.ApplicationManager - All tests run in CHROME Browser
21:44:03.590 INFO  manager.ApplicationManager - The link is -->https://telranedu.web.app/home
21:44:03.617 INFO  manager.TestNGListener - Start tests on date Wed Feb 11 21:44:03 IST 2026=================
21:44:03.689 INFO  tests.TestBase - Name of method -->loginSuccess
21:44:03.692 INFO  manager.WDListener - Before find element By.xpath: //button[text()='Sign Out']
21:44:08.740 INFO  manager.TestNGListener - Start test loginSuccess=================
21:44:08.742 INFO  tests.TestBase - Start test loginSuccess
21:44:08.745 INFO  tests.TestBase - Test data np7788@inbox.ru and password WadiNisnas8#
21:44:08.818 INFO  manager.WDListener - After find element By.cssSelector: a[href='/login']
21:44:08.839 INFO  manager.WDListener - Location of element a
21:44:08.870 INFO  manager.WDListener - Before click element --> atext=LOGIN
21:44:08.965 INFO  manager.WDListener - After click element a
21:44:09.007 INFO  manager.WDListener - After find element By.name: email
21:44:09.017 INFO  manager.WDListener - Location of element input
21:44:09.041 INFO  manager.WDListener - Before click element --> inputtext=
21:44:09.114 INFO  manager.WDListener - After click element input
21:44:09.160 INFO  manager.WDListener - Send Keys input
21:44:09.209 INFO  manager.WDListener - Send Keys input
21:44:09.238 INFO  manager.WDListener - Send Keys input
21:44:09.313 INFO  manager.WDListener - After find element By.xpath: //button[text()='Login']
21:44:09.325 INFO  manager.WDListener - Location of element button
21:44:09.342 INFO  manager.WDListener - Before click element --> buttontext=Login
21:44:09.426 INFO  manager.WDListener - Before find element By.xpath: //button[text()='Sign Out']
21:44:10.509 INFO  manager.TestNGListener - Start test loginSuccess=================
21:44:10.510 INFO  tests.TestBase - +++++++++++++++++++++++++++++++
21:44:10.512 INFO  tests.TestBase - Name of method -->loginSuccess
21:44:10.513 INFO  manager.WDListener - Before find element By.xpath: //button[text()='Sign Out']
21:44:10.521 INFO  manager.WDListener - Houston, we have a problem!
21:44:10.521 INFO  manager.WDListener - +++++++++++++++++++++++++++++++
21:44:10.521 INFO  manager.WDListener - Object target ChromeDriver: chrome on windows (4977f5c4d5077e6f3f49a048c9a23d6f)
21:44:10.521 INFO  manager.WDListener - +++++++++++++++++++++++++++++++
21:44:10.522 INFO  manager.WDListener - Method name findElements
21:44:10.522 INFO  manager.WDListener - +++++++++++++++++++++++++++++++
21:44:10.522 INFO  manager.WDListener - InvocationTargetException org.openqa.selenium.UnhandledAlertException: unexpected alert open: {Alert text : Wrong email or password}
  (Session info: chrome=144.0.7559.133): Wrong email or password
Build info: version: '4.26.0', revision: '8ccf0219d7'
System info: os.name: 'Windows 11', os.arch: 'amd64', os.version: '10.0', java.version: '17.0.12'
Driver info: org.openqa.selenium.chrome.ChromeDriver
Command: [4977f5c4d5077e6f3f49a048c9a23d6f, findElements {value=//button[text()='Sign Out'], using=xpath}]
Capabilities {acceptInsecureCerts: false, browserName: chrome, browserVersion: 144.0.7559.133, chrome: {chromedriverVersion: 143.0.7499.192 (be2c1f4fd45..., userDataDir: C:\Users\np170\AppData\Loca...}, fedcm:accounts: true, goog:chromeOptions: {debuggerAddress: localhost:56147}, goog:processID: 20408, networkConnectionEnabled: false, pageLoadStrategy: normal, platformName: windows, proxy: Proxy(), se:cdp: ws://localhost:56147/devtoo..., se:cdpVersion: 144.0.7559.133, setWindowRect: true, strictFileInteractability: false, timeouts: {implicit: 0, pageLoad: 300000, script: 30000}, unhandledPromptBehavior: dismiss and notify, webauthn:extension:credBlob: true, webauthn:extension:largeBlob: true, webauthn:extension:minPinLength: true, webauthn:extension:prf: true, webauthn:virtualAuthenticators: true}
Session ID: 4977f5c4d5077e6f3f49a048c9a23d6f
21:44:10.523 INFO  manager.WDListener - +++++++++++++++++++++++++++++++
21:44:10.523 INFO  manager.WDListener - Screen with error is src/test/screenshots/screen_1596.png
21:44:10.903 INFO  manager.TestNGListener - Start test loginSuccess=================
21:44:10.904 INFO  manager.TestNGListener - Start test loginSuccess=================
21:44:10.909 INFO  manager.TestNGListener - Start test loginSuccess=================
21:44:10.910 INFO  manager.TestNGListener - Start test loginSuccess=================
21:44:10.912 INFO  manager.TestNGListener - Start test loginSuccess=================
21:44:10.913 INFO  manager.TestNGListener - Start test loginSuccess=================
21:44:10.918 INFO  manager.TestNGListener - Stop testing on date Wed Feb 11 21:44:03 IST 2026=================
