21:46:59.642 INFO  manager.ApplicationManager - All tests run in CHROME Browser
21:47:03.439 INFO  manager.ApplicationManager - The link is -->https://telranedu.web.app/home
21:47:03.467 INFO  manager.TestNGListener - Start tests on date Wed Feb 11 21:47:03 IST 2026=================
21:47:03.551 INFO  tests.TestBase - Name of method -->loginSuccess
21:47:03.556 INFO  manager.WDListener - Before find element By.xpath: //button[text()='Sign Out']
21:47:08.590 INFO  manager.TestNGListener - Start test loginSuccess=================
21:47:08.592 INFO  tests.TestBase - Start test loginSuccess
21:47:08.596 INFO  tests.TestBase - Test data np7788@inbox.ru and password WadiNisnas8#
21:47:08.652 INFO  manager.WDListener - After find element By.cssSelector: a[href='/login']
21:47:08.665 INFO  manager.WDListener - Location of element a
21:47:08.700 INFO  manager.WDListener - Before click element --> atext=LOGIN
21:47:08.789 INFO  manager.WDListener - After click element a
21:47:08.820 INFO  manager.WDListener - After find element By.name: email
21:47:08.830 INFO  manager.WDListener - Location of element input
21:47:08.846 INFO  manager.WDListener - Before click element --> inputtext=
21:47:08.913 INFO  manager.WDListener - After click element input
21:47:08.958 INFO  manager.WDListener - Send Keys input
21:47:09.003 INFO  manager.WDListener - Send Keys input
21:47:09.042 INFO  manager.WDListener - Send Keys input
21:47:09.122 INFO  manager.WDListener - After find element By.xpath: //button[text()='Login']
21:47:09.140 INFO  manager.WDListener - Location of element button
21:47:09.174 INFO  manager.WDListener - Before click element --> buttontext=Login
21:47:09.286 INFO  manager.WDListener - Before find element By.xpath: //button[text()='Sign Out']
21:47:10.293 INFO  manager.TestNGListener - Start test loginSuccess=================
21:47:10.294 INFO  tests.TestBase - +++++++++++++++++++++++++++++++
21:47:10.297 INFO  tests.TestBase - Name of method -->loginSuccess
21:47:10.298 INFO  manager.WDListener - Before find element By.xpath: //button[text()='Sign Out']
21:47:10.314 INFO  manager.WDListener - Houston, we have a problem!
21:47:10.315 INFO  manager.WDListener - +++++++++++++++++++++++++++++++
21:47:10.316 INFO  manager.WDListener - Object target ChromeDriver: chrome on windows (237326d3006b5cee7b7458f7bf6da9c8)
21:47:10.316 INFO  manager.WDListener - +++++++++++++++++++++++++++++++
21:47:10.317 INFO  manager.WDListener - Method name findElements
21:47:10.317 INFO  manager.WDListener - +++++++++++++++++++++++++++++++
21:47:10.317 INFO  manager.WDListener - InvocationTargetException org.openqa.selenium.UnhandledAlertException: unexpected alert open: {Alert text : Wrong email or password}
  (Session info: chrome=144.0.7559.133): Wrong email or password
Build info: version: '4.26.0', revision: '8ccf0219d7'
System info: os.name: 'Windows 11', os.arch: 'amd64', os.version: '10.0', java.version: '17.0.12'
Driver info: org.openqa.selenium.chrome.ChromeDriver
Command: [237326d3006b5cee7b7458f7bf6da9c8, findElements {value=//button[text()='Sign Out'], using=xpath}]
Capabilities {acceptInsecureCerts: false, browserName: chrome, browserVersion: 144.0.7559.133, chrome: {chromedriverVersion: 143.0.7499.192 (be2c1f4fd45..., userDataDir: C:\Users\np170\AppData\Loca...}, fedcm:accounts: true, goog:chromeOptions: {debuggerAddress: localhost:49210}, goog:processID: 7220, networkConnectionEnabled: false, pageLoadStrategy: normal, platformName: windows, proxy: Proxy(), se:cdp: ws://localhost:49210/devtoo..., se:cdpVersion: 144.0.7559.133, setWindowRect: true, strictFileInteractability: false, timeouts: {implicit: 0, pageLoad: 300000, script: 30000}, unhandledPromptBehavior: dismiss and notify, webauthn:extension:credBlob: true, webauthn:extension:largeBlob: true, webauthn:extension:minPinLength: true, webauthn:extension:prf: true, webauthn:virtualAuthenticators: true}
Session ID: 237326d3006b5cee7b7458f7bf6da9c8
21:47:10.318 INFO  manager.WDListener - +++++++++++++++++++++++++++++++
21:47:10.319 INFO  manager.WDListener - Screen with error is src/test/screenshots/screen_1239.png
21:47:10.729 INFO  manager.TestNGListener - Start test loginSuccess=================
21:47:10.731 INFO  manager.TestNGListener - Start test loginSuccess=================
21:47:10.736 INFO  manager.TestNGListener - Start test loginSuccess=================
21:47:10.737 INFO  manager.TestNGListener - Start test loginSuccess=================
21:47:10.738 INFO  manager.TestNGListener - Start test loginSuccess=================
21:47:10.739 INFO  manager.TestNGListener - Start test loginSuccess=================
21:47:10.747 INFO  manager.TestNGListener - Stop testing on date Wed Feb 11 21:47:03 IST 2026=================
