18:38:34.191 INFO  manager.ApplicationManager - All tests run in CHROME Browser
18:38:36.249 INFO  manager.ApplicationManager - The link is -->https://telranedu.web.app/
18:38:36.277 INFO  manager.TestNGListener - Start tests on date Tue Feb 24 18:38:36 IST 2026=================
18:38:36.303 INFO  manager.WDListener - Before find element By.xpath: //button[text()='Sign Out']
18:38:41.404 INFO  manager.WDListener - After find element By.cssSelector: a[href='/login']
18:38:41.437 INFO  manager.WDListener - Location of element a
18:38:41.494 INFO  manager.WDListener - Before click element --> atext=LOGIN
18:38:41.624 INFO  manager.WDListener - After click element a
18:38:41.664 INFO  manager.WDListener - After find element By.name: email
18:38:41.674 INFO  manager.WDListener - Location of element input
18:38:41.698 INFO  manager.WDListener - Before click element --> inputtext=
18:38:41.786 INFO  manager.WDListener - After click element input
18:38:41.836 INFO  manager.WDListener - Send Keys input
18:38:41.889 INFO  manager.WDListener - Send Keys input
18:38:41.927 INFO  manager.WDListener - Send Keys input
18:38:42.015 INFO  manager.WDListener - After find element By.name: password
18:38:42.024 INFO  manager.WDListener - Location of element input
18:38:42.046 INFO  manager.WDListener - Before click element --> inputtext=
18:38:42.135 INFO  manager.WDListener - After click element input
18:38:42.183 INFO  manager.WDListener - Send Keys input
18:38:42.238 INFO  manager.WDListener - Send Keys input
18:38:42.278 INFO  manager.WDListener - Send Keys input
18:38:42.361 INFO  manager.WDListener - After find element By.xpath: //button[text()='Login']
18:38:42.369 INFO  manager.WDListener - Location of element button
18:38:42.389 INFO  manager.WDListener - Before click element --> buttontext=Login
18:38:42.568 INFO  tests.TestBase - Name of method -->addContactSuccessAllFields
18:38:42.570 INFO  manager.TestNGListener - Start test addContactSuccessAllFields=================
18:38:43.462 INFO  manager.WDListener - After find element By.xpath: //*[@href='/add']
18:38:43.474 INFO  manager.WDListener - Location of element a
18:38:43.493 INFO  manager.WDListener - Before click element --> atext=ADD
18:38:43.584 INFO  manager.WDListener - After click element a
18:38:43.619 INFO  manager.WDListener - After find element By.xpath: //input[@placeholder='Name']
18:38:43.640 INFO  manager.WDListener - Location of element input
18:38:43.658 INFO  manager.WDListener - Before click element --> inputtext=
18:38:43.750 INFO  manager.WDListener - After click element input
18:38:43.788 INFO  manager.WDListener - Send Keys input
18:38:43.833 INFO  manager.WDListener - Send Keys input
18:38:43.868 INFO  manager.WDListener - Send Keys input
18:38:43.940 INFO  manager.WDListener - After find element By.xpath: //input[@placeholder='Last Name']
18:38:43.948 INFO  manager.WDListener - Location of element input
18:38:43.966 INFO  manager.WDListener - Before click element --> inputtext=
18:38:44.043 INFO  manager.WDListener - After click element input
18:38:44.084 INFO  manager.WDListener - Send Keys input
18:38:44.132 INFO  manager.WDListener - Send Keys input
18:38:44.168 INFO  manager.WDListener - Send Keys input
18:38:44.244 INFO  manager.WDListener - After find element By.xpath: //input[@placeholder='Phone']
18:38:44.260 INFO  manager.WDListener - Location of element input
18:38:44.281 INFO  manager.WDListener - Before click element --> inputtext=
18:38:44.387 INFO  manager.WDListener - After click element input
18:38:44.435 INFO  manager.WDListener - Send Keys input
18:38:44.488 INFO  manager.WDListener - Send Keys input
18:38:44.526 INFO  manager.WDListener - Send Keys input
18:38:44.600 INFO  manager.WDListener - After find element By.xpath: //input[@placeholder='email']
18:38:44.608 INFO  manager.WDListener - Location of element input
18:38:44.624 INFO  manager.WDListener - Before click element --> inputtext=
18:38:44.715 INFO  manager.WDListener - After click element input
18:38:44.755 INFO  manager.WDListener - Send Keys input
18:38:44.798 INFO  manager.WDListener - Send Keys input
18:38:44.844 INFO  manager.WDListener - Send Keys input
18:38:44.925 INFO  manager.WDListener - After find element By.xpath: //input[@placeholder='Address']
18:38:44.934 INFO  manager.WDListener - Location of element input
18:38:44.955 INFO  manager.WDListener - Before click element --> inputtext=
18:38:45.042 INFO  manager.WDListener - After click element input
18:38:45.091 INFO  manager.WDListener - Send Keys input
18:38:45.159 INFO  manager.WDListener - Send Keys input
18:38:45.204 INFO  manager.WDListener - Send Keys input
18:38:45.279 INFO  manager.WDListener - After find element By.xpath: //input[@placeholder='description']
18:38:45.288 INFO  manager.WDListener - Location of element input
18:38:45.304 INFO  manager.WDListener - Before click element --> inputtext=
18:38:45.379 INFO  manager.WDListener - After click element input
18:38:45.415 INFO  manager.WDListener - Send Keys input
18:38:45.463 INFO  manager.WDListener - Send Keys input
18:38:45.519 INFO  manager.WDListener - Send Keys input
18:38:46.133 INFO  manager.WDListener - After find element By.xpath: //b[text()='Save']
18:38:46.149 INFO  manager.WDListener - Location of element b
18:38:46.172 INFO  manager.WDListener - Before click element --> btext=Save
18:38:46.266 INFO  manager.WDListener - After click element b
18:38:46.266 INFO  manager.WDListener - Before find element By.cssSelector: h2
18:38:47.047 INFO  manager.WDListener - Before find element By.cssSelector: h3
18:38:47.235 INFO  manager.TestNGListener - Start test addContactSuccessAllFields=================
18:38:47.236 INFO  tests.TestBase - +++++++++++++++++++++++++++++++
18:38:47.237 INFO  tests.TestBase - Name of method -->addContactSuccessAllFields
18:38:47.237 INFO  manager.TestNGListener - Start test addContactSuccessAllFields=================
18:38:47.257 INFO  manager.WDListener - After find element By.xpath: //*[@href='/add']
18:38:47.264 INFO  manager.WDListener - Location of element a
18:38:47.282 INFO  manager.WDListener - Before click element --> atext=ADD
18:38:47.380 INFO  manager.WDListener - After click element a
18:38:47.401 INFO  manager.WDListener - After find element By.xpath: //input[@placeholder='Name']
18:38:47.411 INFO  manager.WDListener - Location of element input
18:38:47.432 INFO  manager.WDListener - Before click element --> inputtext=
18:38:47.508 INFO  manager.WDListener - After click element input
18:38:47.543 INFO  manager.WDListener - Send Keys input
18:38:47.583 INFO  manager.WDListener - Send Keys input
18:38:47.620 INFO  manager.WDListener - Send Keys input
18:38:47.687 INFO  manager.WDListener - After find element By.xpath: //input[@placeholder='Last Name']
18:38:47.697 INFO  manager.WDListener - Location of element input
18:38:47.721 INFO  manager.WDListener - Before click element --> inputtext=
18:38:47.828 INFO  manager.WDListener - After click element input
18:38:47.889 INFO  manager.WDListener - Send Keys input
18:38:47.942 INFO  manager.WDListener - Send Keys input
18:38:47.980 INFO  manager.WDListener - Send Keys input
18:38:48.046 INFO  manager.WDListener - After find element By.xpath: //input[@placeholder='Phone']
18:38:48.060 INFO  manager.WDListener - Location of element input
18:38:48.088 INFO  manager.WDListener - Before click element --> inputtext=
18:38:48.196 INFO  manager.WDListener - After click element input
18:38:48.242 INFO  manager.WDListener - Send Keys input
18:38:48.278 INFO  manager.WDListener - Send Keys input
18:38:48.316 INFO  manager.WDListener - Send Keys input
18:38:48.378 INFO  manager.WDListener - After find element By.xpath: //input[@placeholder='email']
18:38:48.385 INFO  manager.WDListener - Location of element input
18:38:48.401 INFO  manager.WDListener - Before click element --> inputtext=
18:38:48.475 INFO  manager.WDListener - After click element input
18:38:48.508 INFO  manager.WDListener - Send Keys input
18:38:48.544 INFO  manager.WDListener - Send Keys input
18:38:48.591 INFO  manager.WDListener - Send Keys input
18:38:48.671 INFO  manager.WDListener - After find element By.xpath: //input[@placeholder='Address']
18:38:48.683 INFO  manager.WDListener - Location of element input
18:38:48.702 INFO  manager.WDListener - Before click element --> inputtext=
18:38:48.813 INFO  manager.WDListener - After click element input
18:38:48.852 INFO  manager.WDListener - Send Keys input
18:38:48.890 INFO  manager.WDListener - Send Keys input
18:38:48.928 INFO  manager.WDListener - Send Keys input
18:38:48.980 INFO  manager.WDListener - After find element By.xpath: //input[@placeholder='description']
18:38:48.989 INFO  manager.WDListener - Location of element input
18:38:49.016 INFO  manager.WDListener - Before click element --> inputtext=
18:38:49.086 INFO  manager.WDListener - After click element input
18:38:49.162 INFO  manager.WDListener - Send Keys input
18:38:49.206 INFO  manager.WDListener - Send Keys input
18:38:49.740 INFO  manager.WDListener - After find element By.xpath: //b[text()='Save']
18:38:49.749 INFO  manager.WDListener - Location of element b
18:38:49.766 INFO  manager.WDListener - Before click element --> btext=Save
18:38:49.919 INFO  manager.WDListener - After click element b
18:38:49.920 INFO  manager.WDListener - Before find element By.cssSelector: h2
18:38:50.640 INFO  manager.WDListener - Before find element By.cssSelector: h3
18:38:50.817 INFO  manager.TestNGListener - Start test addContactSuccessAllFields=================
18:38:50.818 INFO  tests.TestBase - +++++++++++++++++++++++++++++++
18:38:50.820 INFO  tests.TestBase - Name of method -->addContactSuccessAllFieldsSCV
18:38:50.821 INFO  manager.TestNGListener - Start test addContactSuccessAllFieldsSCV=================
18:38:50.841 INFO  manager.WDListener - After find element By.xpath: //*[@href='/add']
18:38:50.850 INFO  manager.WDListener - Location of element a
18:38:50.876 INFO  manager.WDListener - Before click element --> atext=ADD
18:38:50.957 INFO  manager.WDListener - After click element a
18:38:50.974 INFO  manager.WDListener - After find element By.xpath: //input[@placeholder='Name']
18:38:50.982 INFO  manager.WDListener - Location of element input
18:38:51.000 INFO  manager.WDListener - Before click element --> inputtext=
18:38:51.074 INFO  manager.WDListener - After click element input
18:38:51.108 INFO  manager.WDListener - Send Keys input
18:38:51.147 INFO  manager.WDListener - Send Keys input
18:38:51.182 INFO  manager.WDListener - Send Keys input
18:38:51.238 INFO  manager.WDListener - After find element By.xpath: //input[@placeholder='Last Name']
18:38:51.248 INFO  manager.WDListener - Location of element input
18:38:51.267 INFO  manager.WDListener - Before click element --> inputtext=
18:38:51.353 INFO  manager.WDListener - After click element input
18:38:51.390 INFO  manager.WDListener - Send Keys input
18:38:51.446 INFO  manager.WDListener - Send Keys input
18:38:51.495 INFO  manager.WDListener - Send Keys input
18:38:51.561 INFO  manager.WDListener - After find element By.xpath: //input[@placeholder='Phone']
18:38:51.571 INFO  manager.WDListener - Location of element input
18:38:51.591 INFO  manager.WDListener - Before click element --> inputtext=
18:38:51.667 INFO  manager.WDListener - After click element input
18:38:51.702 INFO  manager.WDListener - Send Keys input
18:38:51.762 INFO  manager.WDListener - Send Keys input
18:38:51.819 INFO  manager.WDListener - Send Keys input
18:38:51.924 INFO  manager.WDListener - After find element By.xpath: //input[@placeholder='email']
18:38:51.938 INFO  manager.WDListener - Location of element input
18:38:51.960 INFO  manager.WDListener - Before click element --> inputtext=
18:38:52.025 INFO  manager.WDListener - After click element input
18:38:52.059 INFO  manager.WDListener - Send Keys input
18:38:52.094 INFO  manager.WDListener - Send Keys input
18:38:52.142 INFO  manager.WDListener - After find element By.xpath: //input[@placeholder='Address']
18:38:52.152 INFO  manager.WDListener - Location of element input
18:38:52.176 INFO  manager.WDListener - Before click element --> inputtext=
18:38:52.274 INFO  manager.WDListener - After click element input
18:38:52.315 INFO  manager.WDListener - Send Keys input
18:38:52.355 INFO  manager.WDListener - Send Keys input
18:38:52.397 INFO  manager.WDListener - Send Keys input
18:38:52.461 INFO  manager.WDListener - After find element By.xpath: //input[@placeholder='description']
18:38:52.469 INFO  manager.WDListener - Location of element input
18:38:52.487 INFO  manager.WDListener - Before click element --> inputtext=
18:38:52.561 INFO  manager.WDListener - After click element input
18:38:52.597 INFO  manager.WDListener - Send Keys input
18:38:52.651 INFO  manager.WDListener - Send Keys input
18:38:52.689 INFO  manager.WDListener - Send Keys input
18:38:53.227 INFO  manager.WDListener - After find element By.xpath: //b[text()='Save']
18:38:53.236 INFO  manager.WDListener - Location of element b
18:38:53.257 INFO  manager.WDListener - Before click element --> btext=Save
18:38:53.329 INFO  manager.WDListener - After click element b
18:38:53.330 INFO  manager.WDListener - Before find element By.cssSelector: h2
18:38:53.915 INFO  manager.WDListener - Before find element By.cssSelector: h3
18:38:54.093 INFO  manager.TestNGListener - Start test addContactSuccessAllFieldsSCV=================
18:38:54.094 INFO  tests.TestBase - +++++++++++++++++++++++++++++++
18:38:54.095 INFO  tests.TestBase - Name of method -->addContactSuccessAllFieldsSCV
18:38:54.095 INFO  manager.TestNGListener - Start test addContactSuccessAllFieldsSCV=================
18:38:54.117 INFO  manager.WDListener - After find element By.xpath: //*[@href='/add']
18:38:54.124 INFO  manager.WDListener - Location of element a
18:38:54.143 INFO  manager.WDListener - Before click element --> atext=ADD
18:38:54.229 INFO  manager.WDListener - After click element a
18:38:54.245 INFO  manager.WDListener - After find element By.xpath: //input[@placeholder='Name']
18:38:54.253 INFO  manager.WDListener - Location of element input
18:38:54.268 INFO  manager.WDListener - Before click element --> inputtext=
18:38:54.338 INFO  manager.WDListener - After click element input
18:38:54.385 INFO  manager.WDListener - Send Keys input
18:38:54.427 INFO  manager.WDListener - Send Keys input
18:38:54.462 INFO  manager.WDListener - Send Keys input
18:38:54.529 INFO  manager.WDListener - After find element By.xpath: //input[@placeholder='Last Name']
18:38:54.538 INFO  manager.WDListener - Location of element input
18:38:54.556 INFO  manager.WDListener - Before click element --> inputtext=
18:38:54.628 INFO  manager.WDListener - After click element input
18:38:54.670 INFO  manager.WDListener - Send Keys input
18:38:54.707 INFO  manager.WDListener - Send Keys input
18:38:54.747 INFO  manager.WDListener - Send Keys input
18:38:54.819 INFO  manager.WDListener - After find element By.xpath: //input[@placeholder='Phone']
18:38:54.828 INFO  manager.WDListener - Location of element input
18:38:54.843 INFO  manager.WDListener - Before click element --> inputtext=
18:38:54.915 INFO  manager.WDListener - After click element input
18:38:54.951 INFO  manager.WDListener - Send Keys input
18:38:54.988 INFO  manager.WDListener - Send Keys input
18:38:55.020 INFO  manager.WDListener - Send Keys input
18:38:55.093 INFO  manager.WDListener - After find element By.xpath: //input[@placeholder='email']
18:38:55.103 INFO  manager.WDListener - Location of element input
18:38:55.129 INFO  manager.WDListener - Before click element --> inputtext=
18:38:55.214 INFO  manager.WDListener - After click element input
18:38:55.247 INFO  manager.WDListener - Send Keys input
18:38:55.298 INFO  manager.WDListener - Send Keys input
18:38:55.351 INFO  manager.WDListener - After find element By.xpath: //input[@placeholder='Address']
18:38:55.360 INFO  manager.WDListener - Location of element input
18:38:55.401 INFO  manager.WDListener - Before click element --> inputtext=
18:38:55.467 INFO  manager.WDListener - After click element input
18:38:55.507 INFO  manager.WDListener - Send Keys input
18:38:55.554 INFO  manager.WDListener - Send Keys input
18:38:55.592 INFO  manager.WDListener - Send Keys input
18:38:55.654 INFO  manager.WDListener - After find element By.xpath: //input[@placeholder='description']
18:38:55.663 INFO  manager.WDListener - Location of element input
18:38:55.679 INFO  manager.WDListener - Before click element --> inputtext=
18:38:55.758 INFO  manager.WDListener - After click element input
18:38:55.790 INFO  manager.WDListener - Send Keys input
18:38:55.822 INFO  manager.WDListener - Send Keys input
18:38:55.854 INFO  manager.WDListener - Send Keys input
18:38:56.313 INFO  manager.WDListener - After find element By.xpath: //b[text()='Save']
18:38:56.320 INFO  manager.WDListener - Location of element b
18:38:56.343 INFO  manager.WDListener - Before click element --> btext=Save
18:38:56.406 INFO  manager.WDListener - After click element b
18:38:56.406 INFO  manager.WDListener - Before find element By.cssSelector: h2
18:38:57.038 INFO  manager.WDListener - Before find element By.cssSelector: h3
18:38:57.221 INFO  manager.TestNGListener - Start test addContactSuccessAllFieldsSCV=================
18:38:57.222 INFO  tests.TestBase - +++++++++++++++++++++++++++++++
18:38:57.224 INFO  tests.TestBase - Name of method -->addContactSuccessRequiredFilds
18:38:57.225 INFO  manager.TestNGListener - Start test addContactSuccessRequiredFilds=================
18:38:57.250 INFO  manager.WDListener - After find element By.xpath: //*[@href='/add']
18:38:57.266 INFO  manager.WDListener - Location of element a
18:38:57.284 INFO  manager.WDListener - Before click element --> atext=ADD
18:38:57.364 INFO  manager.WDListener - After click element a
18:38:57.379 INFO  manager.WDListener - After find element By.xpath: //input[@placeholder='Name']
18:38:57.386 INFO  manager.WDListener - Location of element input
18:38:57.402 INFO  manager.WDListener - Before click element --> inputtext=
18:38:57.491 INFO  manager.WDListener - After click element input
18:38:57.525 INFO  manager.WDListener - Send Keys input
18:38:57.562 INFO  manager.WDListener - Send Keys input
18:38:57.598 INFO  manager.WDListener - Send Keys input
18:38:57.669 INFO  manager.WDListener - After find element By.xpath: //input[@placeholder='Last Name']
18:38:57.675 INFO  manager.WDListener - Location of element input
18:38:57.690 INFO  manager.WDListener - Before click element --> inputtext=
18:38:57.764 INFO  manager.WDListener - After click element input
18:38:57.798 INFO  manager.WDListener - Send Keys input
18:38:57.833 INFO  manager.WDListener - Send Keys input
18:38:57.873 INFO  manager.WDListener - Send Keys input
18:38:57.926 INFO  manager.WDListener - After find element By.xpath: //input[@placeholder='Phone']
18:38:57.932 INFO  manager.WDListener - Location of element input
18:38:57.949 INFO  manager.WDListener - Before click element --> inputtext=
18:38:58.022 INFO  manager.WDListener - After click element input
18:38:58.056 INFO  manager.WDListener - Send Keys input
18:38:58.089 INFO  manager.WDListener - Send Keys input
18:38:58.129 INFO  manager.WDListener - Send Keys input
18:38:58.182 INFO  manager.WDListener - After find element By.xpath: //input[@placeholder='email']
18:38:58.190 INFO  manager.WDListener - Location of element input
18:38:58.209 INFO  manager.WDListener - Before click element --> inputtext=
18:38:58.280 INFO  manager.WDListener - After click element input
18:38:58.314 INFO  manager.WDListener - Send Keys input
18:38:58.365 INFO  manager.WDListener - Send Keys input
18:38:58.400 INFO  manager.WDListener - Send Keys input
18:38:58.474 INFO  manager.WDListener - After find element By.xpath: //input[@placeholder='Address']
18:38:58.482 INFO  manager.WDListener - Location of element input
18:38:58.496 INFO  manager.WDListener - Before click element --> inputtext=
18:38:58.567 INFO  manager.WDListener - After click element input
18:38:58.614 INFO  manager.WDListener - Send Keys input
18:38:58.653 INFO  manager.WDListener - Send Keys input
18:38:58.695 INFO  manager.WDListener - Send Keys input
18:38:58.771 INFO  manager.WDListener - After find element By.xpath: //input[@placeholder='description']
18:38:58.787 INFO  manager.WDListener - Location of element input
18:38:58.807 INFO  manager.WDListener - Before click element --> inputtext=
18:38:58.874 INFO  manager.WDListener - After click element input
18:38:58.909 INFO  manager.WDListener - Send Keys input
18:38:58.945 INFO  manager.WDListener - Send Keys input
18:38:58.988 INFO  manager.WDListener - After find element By.xpath: //b[text()='Save']
18:38:58.995 INFO  manager.WDListener - Location of element b
18:38:59.011 INFO  manager.WDListener - Before click element --> btext=Save
18:38:59.072 INFO  manager.WDListener - After click element b
18:38:59.073 INFO  manager.WDListener - Before find element By.cssSelector: h2
18:38:59.769 INFO  manager.WDListener - Before find element By.cssSelector: h3
18:39:00.102 INFO  manager.TestNGListener - Start test addContactSuccessRequiredFilds=================
18:39:00.103 INFO  tests.TestBase - +++++++++++++++++++++++++++++++
18:39:00.105 INFO  tests.TestBase - Name of method -->addNewContactWrongAddress
18:39:00.105 INFO  manager.TestNGListener - Start test addNewContactWrongAddress=================
18:39:00.131 INFO  manager.WDListener - After find element By.xpath: //*[@href='/add']
18:39:00.138 INFO  manager.WDListener - Location of element a
18:39:00.166 INFO  manager.WDListener - Before click element --> atext=ADD
18:39:00.262 INFO  manager.WDListener - After click element a
18:39:00.297 INFO  manager.WDListener - After find element By.xpath: //input[@placeholder='Name']
18:39:00.304 INFO  manager.WDListener - Location of element input
18:39:00.320 INFO  manager.WDListener - Before click element --> inputtext=
18:39:00.401 INFO  manager.WDListener - After click element input
18:39:00.436 INFO  manager.WDListener - Send Keys input
18:39:00.483 INFO  manager.WDListener - Send Keys input
18:39:00.537 INFO  manager.WDListener - Send Keys input
18:39:00.591 INFO  manager.WDListener - After find element By.xpath: //input[@placeholder='Last Name']
18:39:00.601 INFO  manager.WDListener - Location of element input
18:39:00.623 INFO  manager.WDListener - Before click element --> inputtext=
18:39:00.691 INFO  manager.WDListener - After click element input
18:39:00.728 INFO  manager.WDListener - Send Keys input
18:39:00.762 INFO  manager.WDListener - Send Keys input
18:39:00.804 INFO  manager.WDListener - Send Keys input
18:39:00.856 INFO  manager.WDListener - After find element By.xpath: //input[@placeholder='Phone']
18:39:00.864 INFO  manager.WDListener - Location of element input
18:39:00.880 INFO  manager.WDListener - Before click element --> inputtext=
18:39:00.946 INFO  manager.WDListener - After click element input
18:39:00.994 INFO  manager.WDListener - Send Keys input
18:39:01.030 INFO  manager.WDListener - Send Keys input
18:39:01.062 INFO  manager.WDListener - Send Keys input
18:39:01.118 INFO  manager.WDListener - After find element By.xpath: //input[@placeholder='email']
18:39:01.131 INFO  manager.WDListener - Location of element input
18:39:01.150 INFO  manager.WDListener - Before click element --> inputtext=
18:39:01.224 INFO  manager.WDListener - After click element input
18:39:01.260 INFO  manager.WDListener - Send Keys input
18:39:01.290 INFO  manager.WDListener - Send Keys input
18:39:01.333 INFO  manager.WDListener - Send Keys input
18:39:01.397 INFO  manager.WDListener - After find element By.xpath: //input[@placeholder='Address']
18:39:01.407 INFO  manager.WDListener - Location of element input
18:39:01.431 INFO  manager.WDListener - Before click element --> inputtext=
18:39:01.497 INFO  manager.WDListener - After click element input
18:39:01.545 INFO  manager.WDListener - Send Keys input
18:39:01.579 INFO  manager.WDListener - Send Keys input
18:39:01.613 INFO  manager.WDListener - Send Keys input
18:39:01.657 INFO  manager.WDListener - After find element By.xpath: //input[@placeholder='description']
18:39:01.672 INFO  manager.WDListener - Location of element input
18:39:01.699 INFO  manager.WDListener - Before click element --> inputtext=
18:39:01.825 INFO  manager.WDListener - After click element input
18:39:01.861 INFO  manager.WDListener - Send Keys input
18:39:01.902 INFO  manager.WDListener - Send Keys input
18:39:01.935 INFO  manager.WDListener - Send Keys input
18:39:02.002 INFO  manager.WDListener - After find element By.xpath: //b[text()='Save']
18:39:02.009 INFO  manager.WDListener - Location of element b
18:39:02.024 INFO  manager.WDListener - Before click element --> btext=Save
18:39:02.085 INFO  manager.WDListener - After click element b
18:39:02.086 INFO  manager.WDListener - Before find element By.cssSelector: a.active[href='/add']
18:39:02.108 INFO  manager.TestNGListener - Start test addNewContactWrongAddress=================
18:39:02.109 INFO  tests.TestBase - +++++++++++++++++++++++++++++++
18:39:02.111 INFO  tests.TestBase - Name of method -->addNewContactWrongEmail
18:39:02.112 INFO  manager.TestNGListener - Start test addNewContactWrongEmail=================
18:39:02.127 INFO  manager.WDListener - After find element By.xpath: //*[@href='/add']
18:39:02.136 INFO  manager.WDListener - Location of element a
18:39:02.155 INFO  manager.WDListener - Before click element --> atext=ADD
18:39:02.245 INFO  manager.WDListener - After click element a
18:39:02.268 INFO  manager.WDListener - After find element By.xpath: //input[@placeholder='Name']
18:39:02.281 INFO  manager.WDListener - Location of element input
18:39:02.307 INFO  manager.WDListener - Before click element --> inputtext=
18:39:02.374 INFO  manager.WDListener - After click element input
18:39:02.419 INFO  manager.WDListener - Send Keys input
18:39:02.474 INFO  manager.WDListener - Send Keys input
18:39:02.509 INFO  manager.WDListener - Send Keys input
18:39:02.562 INFO  manager.WDListener - After find element By.xpath: //input[@placeholder='Last Name']
18:39:02.570 INFO  manager.WDListener - Location of element input
18:39:02.584 INFO  manager.WDListener - Before click element --> inputtext=
18:39:02.650 INFO  manager.WDListener - After click element input
18:39:02.733 INFO  manager.WDListener - Send Keys input
18:39:02.802 INFO  manager.WDListener - Send Keys input
18:39:02.835 INFO  manager.WDListener - Send Keys input
18:39:02.896 INFO  manager.WDListener - After find element By.xpath: //input[@placeholder='Phone']
18:39:02.910 INFO  manager.WDListener - Location of element input
18:39:02.942 INFO  manager.WDListener - Before click element --> inputtext=
18:39:03.021 INFO  manager.WDListener - After click element input
18:39:03.059 INFO  manager.WDListener - Send Keys input
18:39:03.116 INFO  manager.WDListener - Send Keys input
18:39:03.149 INFO  manager.WDListener - Send Keys input
18:39:03.213 INFO  manager.WDListener - After find element By.xpath: //input[@placeholder='email']
18:39:03.221 INFO  manager.WDListener - Location of element input
18:39:03.240 INFO  manager.WDListener - Before click element --> inputtext=
18:39:03.307 INFO  manager.WDListener - After click element input
18:39:03.347 INFO  manager.WDListener - Send Keys input
18:39:03.412 INFO  manager.WDListener - Send Keys input
18:39:03.452 INFO  manager.WDListener - Send Keys input
18:39:03.527 INFO  manager.WDListener - After find element By.xpath: //input[@placeholder='Address']
18:39:03.535 INFO  manager.WDListener - Location of element input
18:39:03.549 INFO  manager.WDListener - Before click element --> inputtext=
18:39:03.618 INFO  manager.WDListener - After click element input
18:39:03.647 INFO  manager.WDListener - Send Keys input
18:39:03.676 INFO  manager.WDListener - Send Keys input
18:39:03.724 INFO  manager.WDListener - Send Keys input
18:39:03.784 INFO  manager.WDListener - After find element By.xpath: //input[@placeholder='description']
18:39:03.795 INFO  manager.WDListener - Location of element input
18:39:03.818 INFO  manager.WDListener - Before click element --> inputtext=
18:39:03.901 INFO  manager.WDListener - After click element input
18:39:03.932 INFO  manager.WDListener - Send Keys input
18:39:03.978 INFO  manager.WDListener - Send Keys input
18:39:04.009 INFO  manager.WDListener - Send Keys input
18:39:04.065 INFO  manager.WDListener - After find element By.xpath: //b[text()='Save']
18:39:04.076 INFO  manager.WDListener - Location of element b
18:39:04.096 INFO  manager.WDListener - Before click element --> btext=Save
18:39:04.158 INFO  manager.WDListener - After click element b
18:39:04.159 INFO  manager.WDListener - Before find element By.cssSelector: a.active[href='/add']
18:39:04.186 INFO  manager.WDListener - Houston, we have a problem!
18:39:04.186 INFO  manager.WDListener - +++++++++++++++++++++++++++++++
18:39:04.186 INFO  manager.WDListener - Object target org.openqa.selenium.remote.RemoteWebDriver$RemoteTargetLocator@73e4bb60
18:39:04.187 INFO  manager.WDListener - +++++++++++++++++++++++++++++++
18:39:04.187 INFO  manager.WDListener - Method name alert
18:39:04.187 INFO  manager.WDListener - +++++++++++++++++++++++++++++++
18:39:04.187 INFO  manager.WDListener - InvocationTargetException org.openqa.selenium.NoAlertPresentException: no such alert
  (Session info: chrome=145.0.7632.116)
Build info: version: '4.26.0', revision: '8ccf0219d7'
System info: os.name: 'Windows 11', os.arch: 'amd64', os.version: '10.0', java.version: '17.0.12'
Driver info: org.openqa.selenium.chrome.ChromeDriver
Command: [ad37daf2c21895ab1a0ba6682e396bcc, getAlertText {}]
Capabilities {acceptInsecureCerts: false, browserName: chrome, browserVersion: 145.0.7632.116, chrome: {chromedriverVersion: 145.0.7632.77 (da516187054a..., userDataDir: C:\Users\np170\AppData\Loca...}, fedcm:accounts: true, goog:chromeOptions: {debuggerAddress: localhost:53057}, goog:processID: 14592, networkConnectionEnabled: false, pageLoadStrategy: normal, platformName: windows, proxy: Proxy(), se:cdp: ws://localhost:53057/devtoo..., se:cdpVersion: 145.0.7632.116, setWindowRect: true, strictFileInteractability: false, timeouts: {implicit: 0, pageLoad: 300000, script: 30000}, unhandledPromptBehavior: dismiss and notify, webauthn:extension:credBlob: true, webauthn:extension:largeBlob: true, webauthn:extension:minPinLength: true, webauthn:extension:prf: true, webauthn:virtualAuthenticators: true}
Session ID: ad37daf2c21895ab1a0ba6682e396bcc
18:39:04.187 INFO  manager.WDListener - +++++++++++++++++++++++++++++++
18:39:04.188 INFO  manager.WDListener - Screen with error is src/test/screenshots/screen_1953.png
18:39:04.724 INFO  manager.TestNGListener - Start test addNewContactWrongEmail=================
18:39:04.725 INFO  tests.TestBase - +++++++++++++++++++++++++++++++
18:39:04.727 INFO  tests.TestBase - Name of method -->addNewContactWrongLastName
18:39:04.727 INFO  manager.TestNGListener - Start test addNewContactWrongLastName=================
18:39:04.742 INFO  manager.WDListener - After find element By.xpath: //*[@href='/add']
18:39:04.749 INFO  manager.WDListener - Location of element a
18:39:04.763 INFO  manager.WDListener - Before click element --> atext=ADD
18:39:04.822 INFO  manager.WDListener - After click element a
18:39:04.841 INFO  manager.WDListener - After find element By.xpath: //input[@placeholder='Name']
18:39:04.849 INFO  manager.WDListener - Location of element input
18:39:04.865 INFO  manager.WDListener - Before click element --> inputtext=
18:39:04.929 INFO  manager.WDListener - After click element input
18:39:04.960 INFO  manager.WDListener - Send Keys input
18:39:05.007 INFO  manager.WDListener - Send Keys input
18:39:05.043 INFO  manager.WDListener - Send Keys input
18:39:05.081 INFO  manager.WDListener - After find element By.xpath: //input[@placeholder='Last Name']
18:39:05.086 INFO  manager.WDListener - Location of element input
18:39:05.099 INFO  manager.WDListener - Before click element --> inputtext=
18:39:05.158 INFO  manager.WDListener - After click element input
18:39:05.182 INFO  manager.WDListener - Send Keys input
18:39:05.225 INFO  manager.WDListener - Send Keys input
18:39:05.277 INFO  manager.WDListener - Send Keys input
18:39:05.375 INFO  manager.WDListener - After find element By.xpath: //input[@placeholder='Phone']
18:39:05.381 INFO  manager.WDListener - Location of element input
18:39:05.399 INFO  manager.WDListener - Before click element --> inputtext=
18:39:05.469 INFO  manager.WDListener - After click element input
18:39:05.516 INFO  manager.WDListener - Send Keys input
18:39:05.568 INFO  manager.WDListener - Send Keys input
18:39:05.598 INFO  manager.WDListener - Send Keys input
18:39:05.645 INFO  manager.WDListener - After find element By.xpath: //input[@placeholder='email']
18:39:05.652 INFO  manager.WDListener - Location of element input
18:39:05.670 INFO  manager.WDListener - Before click element --> inputtext=
18:39:05.745 INFO  manager.WDListener - After click element input
18:39:05.775 INFO  manager.WDListener - Send Keys input
18:39:05.820 INFO  manager.WDListener - Send Keys input
18:39:05.850 INFO  manager.WDListener - Send Keys input
18:39:05.907 INFO  manager.WDListener - After find element By.xpath: //input[@placeholder='Address']
18:39:05.913 INFO  manager.WDListener - Location of element input
18:39:05.924 INFO  manager.WDListener - Before click element --> inputtext=
18:39:05.988 INFO  manager.WDListener - After click element input
18:39:06.020 INFO  manager.WDListener - Send Keys input
18:39:06.062 INFO  manager.WDListener - Send Keys input
18:39:06.088 INFO  manager.WDListener - Send Keys input
18:39:06.143 INFO  manager.WDListener - After find element By.xpath: //input[@placeholder='description']
18:39:06.150 INFO  manager.WDListener - Location of element input
18:39:06.167 INFO  manager.WDListener - Before click element --> inputtext=
18:39:06.234 INFO  manager.WDListener - After click element input
18:39:06.263 INFO  manager.WDListener - Send Keys input
18:39:06.307 INFO  manager.WDListener - Send Keys input
18:39:06.342 INFO  manager.WDListener - Send Keys input
18:39:06.392 INFO  manager.WDListener - After find element By.xpath: //b[text()='Save']
18:39:06.397 INFO  manager.WDListener - Location of element b
18:39:06.412 INFO  manager.WDListener - Before click element --> btext=Save
18:39:06.483 INFO  manager.WDListener - After click element b
18:39:06.483 INFO  manager.WDListener - Before find element By.cssSelector: a.active[href='/add']
18:39:06.495 INFO  manager.TestNGListener - Start test addNewContactWrongLastName=================
18:39:06.496 INFO  tests.TestBase - +++++++++++++++++++++++++++++++
18:39:06.496 INFO  tests.TestBase - Name of method -->addNewContactWrongName
18:39:06.496 INFO  manager.TestNGListener - Start test addNewContactWrongName=================
18:39:06.505 INFO  manager.WDListener - After find element By.xpath: //*[@href='/add']
18:39:06.510 INFO  manager.WDListener - Location of element a
18:39:06.521 INFO  manager.WDListener - Before click element --> atext=ADD
18:39:06.568 INFO  manager.WDListener - After click element a
18:39:06.577 INFO  manager.WDListener - After find element By.xpath: //input[@placeholder='Name']
18:39:06.587 INFO  manager.WDListener - Location of element input
18:39:06.602 INFO  manager.WDListener - Before click element --> inputtext=
18:39:06.659 INFO  manager.WDListener - After click element input
18:39:06.692 INFO  manager.WDListener - Send Keys input
18:39:06.735 INFO  manager.WDListener - Send Keys input
18:39:06.764 INFO  manager.WDListener - Send Keys input
18:39:06.796 INFO  manager.WDListener - After find element By.xpath: //input[@placeholder='Last Name']
18:39:06.802 INFO  manager.WDListener - Location of element input
18:39:06.816 INFO  manager.WDListener - Before click element --> inputtext=
18:39:06.893 INFO  manager.WDListener - After click element input
18:39:06.926 INFO  manager.WDListener - Send Keys input
18:39:06.957 INFO  manager.WDListener - Send Keys input
18:39:06.983 INFO  manager.WDListener - Send Keys input
18:39:07.017 INFO  manager.WDListener - After find element By.xpath: //input[@placeholder='Phone']
18:39:07.022 INFO  manager.WDListener - Location of element input
18:39:07.033 INFO  manager.WDListener - Before click element --> inputtext=
18:39:07.086 INFO  manager.WDListener - After click element input
18:39:07.112 INFO  manager.WDListener - Send Keys input
18:39:07.152 INFO  manager.WDListener - Send Keys input
18:39:07.184 INFO  manager.WDListener - Send Keys input
18:39:07.235 INFO  manager.WDListener - After find element By.xpath: //input[@placeholder='email']
18:39:07.242 INFO  manager.WDListener - Location of element input
18:39:07.259 INFO  manager.WDListener - Before click element --> inputtext=
18:39:07.322 INFO  manager.WDListener - After click element input
18:39:07.351 INFO  manager.WDListener - Send Keys input
18:39:07.401 INFO  manager.WDListener - Send Keys input
18:39:07.434 INFO  manager.WDListener - Send Keys input
18:39:07.489 INFO  manager.WDListener - After find element By.xpath: //input[@placeholder='Address']
18:39:07.495 INFO  manager.WDListener - Location of element input
18:39:07.509 INFO  manager.WDListener - Before click element --> inputtext=
18:39:07.578 INFO  manager.WDListener - After click element input
18:39:07.607 INFO  manager.WDListener - Send Keys input
18:39:07.652 INFO  manager.WDListener - Send Keys input
18:39:07.683 INFO  manager.WDListener - Send Keys input
18:39:07.737 INFO  manager.WDListener - After find element By.xpath: //input[@placeholder='description']
18:39:07.748 INFO  manager.WDListener - Location of element input
18:39:07.768 INFO  manager.WDListener - Before click element --> inputtext=
18:39:07.867 INFO  manager.WDListener - After click element input
18:39:07.907 INFO  manager.WDListener - Send Keys input
18:39:07.960 INFO  manager.WDListener - Send Keys input
18:39:07.986 INFO  manager.WDListener - Send Keys input
18:39:08.033 INFO  manager.WDListener - After find element By.xpath: //b[text()='Save']
18:39:08.039 INFO  manager.WDListener - Location of element b
18:39:08.049 INFO  manager.WDListener - Before click element --> btext=Save
18:39:08.105 INFO  manager.WDListener - After click element b
18:39:08.105 INFO  manager.WDListener - Before find element By.cssSelector: a.active[href='/add']
18:39:08.120 INFO  manager.TestNGListener - Start test addNewContactWrongName=================
18:39:08.120 INFO  tests.TestBase - +++++++++++++++++++++++++++++++
18:39:08.120 INFO  tests.TestBase - Name of method -->addNewContactWrongPhone
18:39:08.121 INFO  manager.TestNGListener - Start test addNewContactWrongPhone=================
18:39:08.131 INFO  manager.WDListener - After find element By.xpath: //*[@href='/add']
18:39:08.136 INFO  manager.WDListener - Location of element a
18:39:08.146 INFO  manager.WDListener - Before click element --> atext=ADD
18:39:08.202 INFO  manager.WDListener - After click element a
18:39:08.210 INFO  manager.WDListener - After find element By.xpath: //input[@placeholder='Name']
18:39:08.213 INFO  manager.WDListener - Location of element input
18:39:08.223 INFO  manager.WDListener - Before click element --> inputtext=
18:39:08.297 INFO  manager.WDListener - After click element input
18:39:08.323 INFO  manager.WDListener - Send Keys input
18:39:08.352 INFO  manager.WDListener - Send Keys input
18:39:08.379 INFO  manager.WDListener - Send Keys input
18:39:08.420 INFO  manager.WDListener - After find element By.xpath: //input[@placeholder='Last Name']
18:39:08.428 INFO  manager.WDListener - Location of element input
18:39:08.439 INFO  manager.WDListener - Before click element --> inputtext=
18:39:08.514 INFO  manager.WDListener - After click element input
18:39:08.552 INFO  manager.WDListener - Send Keys input
18:39:08.605 INFO  manager.WDListener - Send Keys input
18:39:08.627 INFO  manager.WDListener - Send Keys input
18:39:08.678 INFO  manager.WDListener - After find element By.xpath: //input[@placeholder='Phone']
18:39:08.690 INFO  manager.WDListener - Location of element input
18:39:08.702 INFO  manager.WDListener - Before click element --> inputtext=
18:39:08.761 INFO  manager.WDListener - After click element input
18:39:08.794 INFO  manager.WDListener - Send Keys input
18:39:08.838 INFO  manager.WDListener - Send Keys input
18:39:08.864 INFO  manager.WDListener - Send Keys input
18:39:08.889 INFO  manager.WDListener - After find element By.xpath: //input[@placeholder='email']
18:39:08.894 INFO  manager.WDListener - Location of element input
18:39:08.903 INFO  manager.WDListener - Before click element --> inputtext=
18:39:08.949 INFO  manager.WDListener - After click element input
18:39:08.974 INFO  manager.WDListener - Send Keys input
18:39:09.012 INFO  manager.WDListener - Send Keys input
18:39:09.038 INFO  manager.WDListener - Send Keys input
18:39:09.080 INFO  manager.WDListener - After find element By.xpath: //input[@placeholder='Address']
18:39:09.084 INFO  manager.WDListener - Location of element input
18:39:09.095 INFO  manager.WDListener - Before click element --> inputtext=
18:39:09.147 INFO  manager.WDListener - After click element input
18:39:09.173 INFO  manager.WDListener - Send Keys input
18:39:09.213 INFO  manager.WDListener - Send Keys input
18:39:09.252 INFO  manager.WDListener - Send Keys input
18:39:09.299 INFO  manager.WDListener - After find element By.xpath: //input[@placeholder='description']
18:39:09.303 INFO  manager.WDListener - Location of element input
18:39:09.313 INFO  manager.WDListener - Before click element --> inputtext=
18:39:09.370 INFO  manager.WDListener - After click element input
18:39:09.407 INFO  manager.WDListener - Send Keys input
18:39:09.448 INFO  manager.WDListener - Send Keys input
18:39:09.464 INFO  manager.WDListener - Send Keys input
18:39:09.487 INFO  manager.WDListener - After find element By.xpath: //b[text()='Save']
18:39:09.496 INFO  manager.WDListener - Location of element b
18:39:09.508 INFO  manager.WDListener - Before click element --> btext=Save
18:39:09.565 INFO  manager.WDListener - After click element b
18:39:09.565 INFO  manager.WDListener - Before find element By.cssSelector: a.active[href='/add']
18:39:09.577 INFO  manager.WDListener - Houston, we have a problem!
18:39:09.578 INFO  manager.WDListener - +++++++++++++++++++++++++++++++
18:39:09.578 INFO  manager.WDListener - Object target org.openqa.selenium.remote.RemoteWebDriver$RemoteTargetLocator@3bab95ca
18:39:09.578 INFO  manager.WDListener - +++++++++++++++++++++++++++++++
18:39:09.578 INFO  manager.WDListener - Method name alert
18:39:09.578 INFO  manager.WDListener - +++++++++++++++++++++++++++++++
18:39:09.578 INFO  manager.WDListener - InvocationTargetException org.openqa.selenium.NoAlertPresentException: no such alert
  (Session info: chrome=145.0.7632.116)
Build info: version: '4.26.0', revision: '8ccf0219d7'
System info: os.name: 'Windows 11', os.arch: 'amd64', os.version: '10.0', java.version: '17.0.12'
Driver info: org.openqa.selenium.chrome.ChromeDriver
Command: [ad37daf2c21895ab1a0ba6682e396bcc, getAlertText {}]
Capabilities {acceptInsecureCerts: false, browserName: chrome, browserVersion: 145.0.7632.116, chrome: {chromedriverVersion: 145.0.7632.77 (da516187054a..., userDataDir: C:\Users\np170\AppData\Loca...}, fedcm:accounts: true, goog:chromeOptions: {debuggerAddress: localhost:53057}, goog:processID: 14592, networkConnectionEnabled: false, pageLoadStrategy: normal, platformName: windows, proxy: Proxy(), se:cdp: ws://localhost:53057/devtoo..., se:cdpVersion: 145.0.7632.116, setWindowRect: true, strictFileInteractability: false, timeouts: {implicit: 0, pageLoad: 300000, script: 30000}, unhandledPromptBehavior: dismiss and notify, webauthn:extension:credBlob: true, webauthn:extension:largeBlob: true, webauthn:extension:minPinLength: true, webauthn:extension:prf: true, webauthn:virtualAuthenticators: true}
Session ID: ad37daf2c21895ab1a0ba6682e396bcc
18:39:09.578 INFO  manager.WDListener - +++++++++++++++++++++++++++++++
18:39:09.578 INFO  manager.WDListener - Screen with error is src/test/screenshots/screen_1944.png
18:39:10.099 INFO  manager.TestNGListener - Start test addNewContactWrongPhone=================
18:39:10.099 INFO  tests.TestBase - +++++++++++++++++++++++++++++++
18:39:10.099 INFO  tests.TestBase - Name of method -->addNewContactWrongPhone
18:39:10.100 INFO  manager.TestNGListener - Start test addNewContactWrongPhone=================
18:39:10.118 INFO  manager.WDListener - After find element By.xpath: //*[@href='/add']
18:39:10.125 INFO  manager.WDListener - Location of element a
18:39:10.137 INFO  manager.WDListener - Before click element --> atext=ADD
18:39:10.225 INFO  manager.WDListener - After click element a
18:39:10.240 INFO  manager.WDListener - After find element By.xpath: //input[@placeholder='Name']
18:39:10.248 INFO  manager.WDListener - Location of element input
18:39:10.262 INFO  manager.WDListener - Before click element --> inputtext=
18:39:10.328 INFO  manager.WDListener - After click element input
18:39:10.353 INFO  manager.WDListener - Send Keys input
18:39:10.392 INFO  manager.WDListener - Send Keys input
18:39:10.415 INFO  manager.WDListener - Send Keys input
18:39:10.448 INFO  manager.WDListener - After find element By.xpath: //input[@placeholder='Last Name']
18:39:10.452 INFO  manager.WDListener - Location of element input
18:39:10.463 INFO  manager.WDListener - Before click element --> inputtext=
18:39:10.511 INFO  manager.WDListener - After click element input
18:39:10.538 INFO  manager.WDListener - Send Keys input
18:39:10.579 INFO  manager.WDListener - Send Keys input
18:39:10.606 INFO  manager.WDListener - Send Keys input
18:39:10.646 INFO  manager.WDListener - After find element By.xpath: //input[@placeholder='Phone']
18:39:10.650 INFO  manager.WDListener - Location of element input
18:39:10.659 INFO  manager.WDListener - Before click element --> inputtext=
18:39:10.733 INFO  manager.WDListener - After click element input
18:39:10.763 INFO  manager.WDListener - Send Keys input
18:39:10.793 INFO  manager.WDListener - Send Keys input
18:39:10.824 INFO  manager.WDListener - Send Keys input
18:39:10.867 INFO  manager.WDListener - After find element By.xpath: //input[@placeholder='email']
18:39:10.872 INFO  manager.WDListener - Location of element input
18:39:10.884 INFO  manager.WDListener - Before click element --> inputtext=
18:39:10.927 INFO  manager.WDListener - After click element input
18:39:10.945 INFO  manager.WDListener - Send Keys input
18:39:10.966 INFO  manager.WDListener - Send Keys input
18:39:11.009 INFO  manager.WDListener - Send Keys input
18:39:11.067 INFO  manager.WDListener - After find element By.xpath: //input[@placeholder='Address']
18:39:11.074 INFO  manager.WDListener - Location of element input
18:39:11.084 INFO  manager.WDListener - Before click element --> inputtext=
18:39:11.140 INFO  manager.WDListener - After click element input
18:39:11.172 INFO  manager.WDListener - Send Keys input
18:39:11.217 INFO  manager.WDListener - Send Keys input
18:39:11.247 INFO  manager.WDListener - Send Keys input
18:39:11.291 INFO  manager.WDListener - After find element By.xpath: //input[@placeholder='description']
18:39:11.294 INFO  manager.WDListener - Location of element input
18:39:11.303 INFO  manager.WDListener - Before click element --> inputtext=
18:39:11.355 INFO  manager.WDListener - After click element input
18:39:11.386 INFO  manager.WDListener - Send Keys input
18:39:11.432 INFO  manager.WDListener - Send Keys input
18:39:11.452 INFO  manager.WDListener - Send Keys input
18:39:11.519 INFO  manager.WDListener - After find element By.xpath: //b[text()='Save']
18:39:11.525 INFO  manager.WDListener - Location of element b
18:39:11.535 INFO  manager.WDListener - Before click element --> btext=Save
18:39:11.580 INFO  manager.WDListener - After click element b
18:39:11.580 INFO  manager.WDListener - Before find element By.cssSelector: a.active[href='/add']
18:39:11.591 INFO  manager.WDListener - Houston, we have a problem!
18:39:11.591 INFO  manager.WDListener - +++++++++++++++++++++++++++++++
18:39:11.591 INFO  manager.WDListener - Object target org.openqa.selenium.remote.RemoteWebDriver$RemoteTargetLocator@1851c7d2
18:39:11.591 INFO  manager.WDListener - +++++++++++++++++++++++++++++++
18:39:11.591 INFO  manager.WDListener - Method name alert
18:39:11.591 INFO  manager.WDListener - +++++++++++++++++++++++++++++++
18:39:11.591 INFO  manager.WDListener - InvocationTargetException org.openqa.selenium.NoAlertPresentException: no such alert
  (Session info: chrome=145.0.7632.116)
Build info: version: '4.26.0', revision: '8ccf0219d7'
System info: os.name: 'Windows 11', os.arch: 'amd64', os.version: '10.0', java.version: '17.0.12'
Driver info: org.openqa.selenium.chrome.ChromeDriver
Command: [ad37daf2c21895ab1a0ba6682e396bcc, getAlertText {}]
Capabilities {acceptInsecureCerts: false, browserName: chrome, browserVersion: 145.0.7632.116, chrome: {chromedriverVersion: 145.0.7632.77 (da516187054a..., userDataDir: C:\Users\np170\AppData\Loca...}, fedcm:accounts: true, goog:chromeOptions: {debuggerAddress: localhost:53057}, goog:processID: 14592, networkConnectionEnabled: false, pageLoadStrategy: normal, platformName: windows, proxy: Proxy(), se:cdp: ws://localhost:53057/devtoo..., se:cdpVersion: 145.0.7632.116, setWindowRect: true, strictFileInteractability: false, timeouts: {implicit: 0, pageLoad: 300000, script: 30000}, unhandledPromptBehavior: dismiss and notify, webauthn:extension:credBlob: true, webauthn:extension:largeBlob: true, webauthn:extension:minPinLength: true, webauthn:extension:prf: true, webauthn:virtualAuthenticators: true}
Session ID: ad37daf2c21895ab1a0ba6682e396bcc
18:39:11.591 INFO  manager.WDListener - +++++++++++++++++++++++++++++++
18:39:11.591 INFO  manager.WDListener - Screen with error is src/test/screenshots/screen_1198.png
18:39:12.127 INFO  manager.TestNGListener - Start test addNewContactWrongPhone=================
18:39:12.129 INFO  tests.TestBase - +++++++++++++++++++++++++++++++
18:39:12.130 INFO  tests.TestBase - Name of method -->addNewContactWrongPhone
18:39:12.130 INFO  manager.TestNGListener - Start test addNewContactWrongPhone=================
18:39:12.147 INFO  manager.WDListener - After find element By.xpath: //*[@href='/add']
18:39:12.158 INFO  manager.WDListener - Location of element a
18:39:12.175 INFO  manager.WDListener - Before click element --> atext=ADD
18:39:12.263 INFO  manager.WDListener - After click element a
18:39:12.273 INFO  manager.WDListener - After find element By.xpath: //input[@placeholder='Name']
18:39:12.279 INFO  manager.WDListener - Location of element input
18:39:12.293 INFO  manager.WDListener - Before click element --> inputtext=
18:39:12.362 INFO  manager.WDListener - After click element input
18:39:12.389 INFO  manager.WDListener - Send Keys input
18:39:12.432 INFO  manager.WDListener - Send Keys input
18:39:12.462 INFO  manager.WDListener - Send Keys input
18:39:12.495 INFO  manager.WDListener - After find element By.xpath: //input[@placeholder='Last Name']
18:39:12.499 INFO  manager.WDListener - Location of element input
18:39:12.509 INFO  manager.WDListener - Before click element --> inputtext=
18:39:12.562 INFO  manager.WDListener - After click element input
18:39:12.588 INFO  manager.WDListener - Send Keys input
18:39:12.635 INFO  manager.WDListener - Send Keys input
18:39:12.662 INFO  manager.WDListener - Send Keys input
18:39:12.700 INFO  manager.WDListener - After find element By.xpath: //input[@placeholder='Phone']
18:39:12.704 INFO  manager.WDListener - Location of element input
18:39:12.715 INFO  manager.WDListener - Before click element --> inputtext=
18:39:12.775 INFO  manager.WDListener - After click element input
18:39:12.801 INFO  manager.WDListener - Send Keys input
18:39:12.842 INFO  manager.WDListener - Send Keys input
18:39:12.868 INFO  manager.WDListener - Send Keys input
18:39:12.915 INFO  manager.WDListener - After find element By.xpath: //input[@placeholder='email']
18:39:12.921 INFO  manager.WDListener - Location of element input
18:39:12.931 INFO  manager.WDListener - Before click element --> inputtext=
18:39:12.991 INFO  manager.WDListener - After click element input
18:39:13.021 INFO  manager.WDListener - Send Keys input
18:39:13.066 INFO  manager.WDListener - Send Keys input
18:39:13.110 INFO  manager.WDListener - Send Keys input
18:39:13.150 INFO  manager.WDListener - After find element By.xpath: //input[@placeholder='Address']
18:39:13.154 INFO  manager.WDListener - Location of element input
18:39:13.164 INFO  manager.WDListener - Before click element --> inputtext=
18:39:13.221 INFO  manager.WDListener - After click element input
18:39:13.260 INFO  manager.WDListener - Send Keys input
18:39:13.313 INFO  manager.WDListener - Send Keys input
18:39:13.345 INFO  manager.WDListener - Send Keys input
18:39:13.386 INFO  manager.WDListener - After find element By.xpath: //input[@placeholder='description']
18:39:13.387 INFO  manager.WDListener - Location of element input
18:39:13.394 INFO  manager.WDListener - Before click element --> inputtext=
18:39:13.421 INFO  manager.WDListener - After click element input
18:39:13.442 INFO  manager.WDListener - Send Keys input
18:39:13.465 INFO  manager.WDListener - Send Keys input
18:39:13.480 INFO  manager.WDListener - Send Keys input
18:39:13.503 INFO  manager.WDListener - After find element By.xpath: //b[text()='Save']
18:39:13.508 INFO  manager.WDListener - Location of element b
18:39:13.513 INFO  manager.WDListener - Before click element --> btext=Save
18:39:13.540 INFO  manager.WDListener - After click element b
18:39:13.540 INFO  manager.WDListener - Before find element By.cssSelector: a.active[href='/add']
18:39:13.549 INFO  manager.WDListener - Houston, we have a problem!
18:39:13.549 INFO  manager.WDListener - +++++++++++++++++++++++++++++++
18:39:13.549 INFO  manager.WDListener - Object target org.openqa.selenium.remote.RemoteWebDriver$RemoteTargetLocator@5b5b53c6
18:39:13.549 INFO  manager.WDListener - +++++++++++++++++++++++++++++++
18:39:13.549 INFO  manager.WDListener - Method name alert
18:39:13.549 INFO  manager.WDListener - +++++++++++++++++++++++++++++++
18:39:13.549 INFO  manager.WDListener - InvocationTargetException org.openqa.selenium.NoAlertPresentException: no such alert
  (Session info: chrome=145.0.7632.116)
Build info: version: '4.26.0', revision: '8ccf0219d7'
System info: os.name: 'Windows 11', os.arch: 'amd64', os.version: '10.0', java.version: '17.0.12'
Driver info: org.openqa.selenium.chrome.ChromeDriver
Command: [ad37daf2c21895ab1a0ba6682e396bcc, getAlertText {}]
Capabilities {acceptInsecureCerts: false, browserName: chrome, browserVersion: 145.0.7632.116, chrome: {chromedriverVersion: 145.0.7632.77 (da516187054a..., userDataDir: C:\Users\np170\AppData\Loca...}, fedcm:accounts: true, goog:chromeOptions: {debuggerAddress: localhost:53057}, goog:processID: 14592, networkConnectionEnabled: false, pageLoadStrategy: normal, platformName: windows, proxy: Proxy(), se:cdp: ws://localhost:53057/devtoo..., se:cdpVersion: 145.0.7632.116, setWindowRect: true, strictFileInteractability: false, timeouts: {implicit: 0, pageLoad: 300000, script: 30000}, unhandledPromptBehavior: dismiss and notify, webauthn:extension:credBlob: true, webauthn:extension:largeBlob: true, webauthn:extension:minPinLength: true, webauthn:extension:prf: true, webauthn:virtualAuthenticators: true}
Session ID: ad37daf2c21895ab1a0ba6682e396bcc
18:39:13.549 INFO  manager.WDListener - +++++++++++++++++++++++++++++++
18:39:13.549 INFO  manager.WDListener - Screen with error is src/test/screenshots/screen_1806.png
18:39:14.079 INFO  manager.TestNGListener - Start test addNewContactWrongPhone=================
18:39:14.080 INFO  tests.TestBase - +++++++++++++++++++++++++++++++
18:39:14.081 INFO  tests.TestBase - Name of method -->addNewContactWrongPhone
18:39:14.081 INFO  manager.TestNGListener - Start test addNewContactWrongPhone=================
18:39:14.096 INFO  manager.WDListener - After find element By.xpath: //*[@href='/add']
18:39:14.103 INFO  manager.WDListener - Location of element a
18:39:14.120 INFO  manager.WDListener - Before click element --> atext=ADD
18:39:14.187 INFO  manager.WDListener - After click element a
18:39:14.198 INFO  manager.WDListener - After find element By.xpath: //input[@placeholder='Name']
18:39:14.205 INFO  manager.WDListener - Location of element input
18:39:14.217 INFO  manager.WDListener - Before click element --> inputtext=
18:39:14.301 INFO  manager.WDListener - After click element input
18:39:14.344 INFO  manager.WDListener - Send Keys input
18:39:14.395 INFO  manager.WDListener - Send Keys input
18:39:14.423 INFO  manager.WDListener - Send Keys input
18:39:14.446 INFO  manager.WDListener - After find element By.xpath: //input[@placeholder='Last Name']
18:39:14.448 INFO  manager.WDListener - Location of element input
18:39:14.459 INFO  manager.WDListener - Before click element --> inputtext=
18:39:14.531 INFO  manager.WDListener - After click element input
18:39:14.565 INFO  manager.WDListener - Send Keys input
18:39:14.628 INFO  manager.WDListener - Send Keys input
18:39:14.663 INFO  manager.WDListener - Send Keys input
18:39:14.701 INFO  manager.WDListener - After find element By.xpath: //input[@placeholder='Phone']
18:39:14.705 INFO  manager.WDListener - Location of element input
18:39:14.717 INFO  manager.WDListener - Before click element --> inputtext=
18:39:14.781 INFO  manager.WDListener - After click element input
18:39:14.812 INFO  manager.WDListener - Send Keys input
18:39:14.852 INFO  manager.WDListener - Send Keys input
18:39:14.880 INFO  manager.WDListener - Send Keys input
18:39:14.922 INFO  manager.WDListener - After find element By.xpath: //input[@placeholder='email']
18:39:14.926 INFO  manager.WDListener - Location of element input
18:39:14.936 INFO  manager.WDListener - Before click element --> inputtext=
18:39:14.991 INFO  manager.WDListener - After click element input
18:39:15.021 INFO  manager.WDListener - Send Keys input
18:39:15.071 INFO  manager.WDListener - Send Keys input
18:39:15.098 INFO  manager.WDListener - Send Keys input
18:39:15.157 INFO  manager.WDListener - After find element By.xpath: //input[@placeholder='Address']
18:39:15.162 INFO  manager.WDListener - Location of element input
18:39:15.170 INFO  manager.WDListener - Before click element --> inputtext=
18:39:15.225 INFO  manager.WDListener - After click element input
18:39:15.253 INFO  manager.WDListener - Send Keys input
18:39:15.311 INFO  manager.WDListener - Send Keys input
18:39:15.343 INFO  manager.WDListener - Send Keys input
18:39:15.397 INFO  manager.WDListener - After find element By.xpath: //input[@placeholder='description']
18:39:15.402 INFO  manager.WDListener - Location of element input
18:39:15.413 INFO  manager.WDListener - Before click element --> inputtext=
18:39:15.483 INFO  manager.WDListener - After click element input
18:39:15.513 INFO  manager.WDListener - Send Keys input
18:39:15.564 INFO  manager.WDListener - Send Keys input
18:39:15.591 INFO  manager.WDListener - Send Keys input
18:39:15.635 INFO  manager.WDListener - After find element By.xpath: //b[text()='Save']
18:39:15.639 INFO  manager.WDListener - Location of element b
18:39:15.648 INFO  manager.WDListener - Before click element --> btext=Save
18:39:15.706 INFO  manager.WDListener - After click element b
18:39:15.706 INFO  manager.WDListener - Before find element By.cssSelector: a.active[href='/add']
18:39:15.718 INFO  manager.WDListener - Houston, we have a problem!
18:39:15.718 INFO  manager.WDListener - +++++++++++++++++++++++++++++++
18:39:15.718 INFO  manager.WDListener - Object target org.openqa.selenium.remote.RemoteWebDriver$RemoteTargetLocator@f44d033
18:39:15.718 INFO  manager.WDListener - +++++++++++++++++++++++++++++++
18:39:15.718 INFO  manager.WDListener - Method name alert
18:39:15.718 INFO  manager.WDListener - +++++++++++++++++++++++++++++++
18:39:15.718 INFO  manager.WDListener - InvocationTargetException org.openqa.selenium.NoAlertPresentException: no such alert
  (Session info: chrome=145.0.7632.116)
Build info: version: '4.26.0', revision: '8ccf0219d7'
System info: os.name: 'Windows 11', os.arch: 'amd64', os.version: '10.0', java.version: '17.0.12'
Driver info: org.openqa.selenium.chrome.ChromeDriver
Command: [ad37daf2c21895ab1a0ba6682e396bcc, getAlertText {}]
Capabilities {acceptInsecureCerts: false, browserName: chrome, browserVersion: 145.0.7632.116, chrome: {chromedriverVersion: 145.0.7632.77 (da516187054a..., userDataDir: C:\Users\np170\AppData\Loca...}, fedcm:accounts: true, goog:chromeOptions: {debuggerAddress: localhost:53057}, goog:processID: 14592, networkConnectionEnabled: false, pageLoadStrategy: normal, platformName: windows, proxy: Proxy(), se:cdp: ws://localhost:53057/devtoo..., se:cdpVersion: 145.0.7632.116, setWindowRect: true, strictFileInteractability: false, timeouts: {implicit: 0, pageLoad: 300000, script: 30000}, unhandledPromptBehavior: dismiss and notify, webauthn:extension:credBlob: true, webauthn:extension:largeBlob: true, webauthn:extension:minPinLength: true, webauthn:extension:prf: true, webauthn:virtualAuthenticators: true}
Session ID: ad37daf2c21895ab1a0ba6682e396bcc
18:39:15.718 INFO  manager.WDListener - +++++++++++++++++++++++++++++++
18:39:15.718 INFO  manager.WDListener - Screen with error is src/test/screenshots/screen_1221.png
18:39:16.246 INFO  manager.TestNGListener - Start test addNewContactWrongPhone=================
18:39:16.247 INFO  tests.TestBase - +++++++++++++++++++++++++++++++
18:39:16.249 INFO  tests.TestBase - Name of method -->loginSuccess
18:39:16.249 INFO  manager.WDListener - Before find element By.xpath: //button[text()='Sign Out']
18:39:16.293 INFO  manager.WDListener - After find element By.xpath: //button[text()='Sign Out']
18:39:16.301 INFO  manager.WDListener - Location of element button
18:39:16.313 INFO  manager.WDListener - Before click element --> buttontext=Sign Out
18:39:16.413 INFO  tests.TestBase - Before method finished logout
18:39:16.413 INFO  manager.TestNGListener - Start test loginSuccess=================
18:39:16.413 INFO  tests.TestBase - Start test loginSuccess
18:39:16.413 INFO  tests.TestBase - Test data np7788@inbox.ru and password WadiNisnas8#
18:39:16.431 INFO  manager.WDListener - After find element By.cssSelector: a[href='/login']
18:39:16.439 INFO  manager.WDListener - Location of element a
18:39:16.459 INFO  manager.WDListener - Before click element --> atext=LOGIN
18:39:16.542 INFO  manager.WDListener - After click element a
18:39:16.558 INFO  manager.WDListener - After find element By.name: email
18:39:16.567 INFO  manager.WDListener - Location of element input
18:39:16.579 INFO  manager.WDListener - Before click element --> inputtext=
18:39:16.657 INFO  manager.WDListener - After click element input
18:39:16.701 INFO  manager.WDListener - Send Keys input
18:39:16.736 INFO  manager.WDListener - Send Keys input
18:39:16.765 INFO  manager.WDListener - Send Keys input
18:39:16.829 INFO  manager.WDListener - After find element By.xpath: //button[text()='Login']
18:39:16.835 INFO  manager.WDListener - Location of element button
18:39:16.846 INFO  manager.WDListener - Before click element --> buttontext=Login
18:39:16.901 INFO  manager.WDListener - Before find element By.xpath: //button[text()='Sign Out']
18:39:17.273 INFO  manager.TestNGListener - Start test loginSuccess=================
18:39:17.273 INFO  tests.TestBase - +++++++++++++++++++++++++++++++
18:39:17.274 INFO  tests.TestBase - Name of method -->loginSuccess
18:39:17.274 INFO  manager.WDListener - Before find element By.xpath: //button[text()='Sign Out']
18:39:17.277 INFO  manager.WDListener - Houston, we have a problem!
18:39:17.277 INFO  manager.WDListener - +++++++++++++++++++++++++++++++
18:39:17.277 INFO  manager.WDListener - Object target ChromeDriver: chrome on windows (ad37daf2c21895ab1a0ba6682e396bcc)
18:39:17.277 INFO  manager.WDListener - +++++++++++++++++++++++++++++++
18:39:17.277 INFO  manager.WDListener - Method name findElements
18:39:17.277 INFO  manager.WDListener - +++++++++++++++++++++++++++++++
18:39:17.277 INFO  manager.WDListener - InvocationTargetException org.openqa.selenium.UnhandledAlertException: unexpected alert open: {Alert text : Wrong email or password}
  (Session info: chrome=145.0.7632.116): Wrong email or password
Build info: version: '4.26.0', revision: '8ccf0219d7'
System info: os.name: 'Windows 11', os.arch: 'amd64', os.version: '10.0', java.version: '17.0.12'
Driver info: org.openqa.selenium.chrome.ChromeDriver
Command: [ad37daf2c21895ab1a0ba6682e396bcc, findElements {value=//button[text()='Sign Out'], using=xpath}]
Capabilities {acceptInsecureCerts: false, browserName: chrome, browserVersion: 145.0.7632.116, chrome: {chromedriverVersion: 145.0.7632.77 (da516187054a..., userDataDir: C:\Users\np170\AppData\Loca...}, fedcm:accounts: true, goog:chromeOptions: {debuggerAddress: localhost:53057}, goog:processID: 14592, networkConnectionEnabled: false, pageLoadStrategy: normal, platformName: windows, proxy: Proxy(), se:cdp: ws://localhost:53057/devtoo..., se:cdpVersion: 145.0.7632.116, setWindowRect: true, strictFileInteractability: false, timeouts: {implicit: 0, pageLoad: 300000, script: 30000}, unhandledPromptBehavior: dismiss and notify, webauthn:extension:credBlob: true, webauthn:extension:largeBlob: true, webauthn:extension:minPinLength: true, webauthn:extension:prf: true, webauthn:virtualAuthenticators: true}
Session ID: ad37daf2c21895ab1a0ba6682e396bcc
18:39:17.277 INFO  manager.WDListener - +++++++++++++++++++++++++++++++
18:39:17.277 INFO  manager.WDListener - Screen with error is src/test/screenshots/screen_1984.png
18:39:17.658 INFO  manager.TestNGListener - Start test loginSuccess=================
18:39:17.658 INFO  manager.TestNGListener - Start test loginSuccess=================
18:39:17.659 INFO  manager.TestNGListener - Start test loginSuccess=================
18:39:17.659 INFO  manager.TestNGListener - Start test loginSuccess=================
18:39:17.659 INFO  manager.TestNGListener - Start test loginSuccess=================
18:39:17.659 INFO  manager.TestNGListener - Start test loginSuccess=================
18:39:17.660 INFO  manager.TestNGListener - Start test loginSuccessModel=================
18:39:17.660 INFO  manager.TestNGListener - Start test loginSuccessModel=================
18:39:17.660 INFO  manager.TestNGListener - Start test loginSuccessModel=================
18:39:17.660 INFO  manager.TestNGListener - Start test loginSuccessModel=================
18:39:17.661 INFO  manager.TestNGListener - Start test loginSuccessModel=================
18:39:17.661 INFO  manager.TestNGListener - Start test loginSuccessModel=================
18:39:17.662 INFO  manager.TestNGListener - Start test loginSuccessModelDPF=================
18:39:17.662 INFO  manager.TestNGListener - Start test loginSuccessModelDPF=================
18:39:17.662 INFO  manager.TestNGListener - Start test loginSuccessModelDPF=================
18:39:17.662 INFO  manager.TestNGListener - Start test loginSuccessModelDPF=================
18:39:17.662 INFO  manager.TestNGListener - Start test loginUnregisteredUser=================
18:39:17.662 INFO  manager.TestNGListener - Start test loginUnregisteredUser=================
18:39:17.663 INFO  manager.TestNGListener - Start test loginWrongEmail=================
18:39:17.663 INFO  manager.TestNGListener - Start test loginWrongEmail=================
18:39:17.663 INFO  manager.TestNGListener - Start test loginWrongPassword=================
18:39:17.663 INFO  manager.TestNGListener - Start test loginWrongPassword=================
18:39:17.664 INFO  tests.TestBase - Name of method -->registrationRegisteredUser
18:39:17.664 INFO  manager.WDListener - Before find element By.xpath: //button[text()='Sign Out']
18:39:22.697 INFO  manager.TestNGListener - Start test registrationRegisteredUser=================
18:39:22.715 INFO  manager.WDListener - After find element By.cssSelector: a[href='/login']
18:39:22.725 INFO  manager.WDListener - Location of element a
18:39:22.737 INFO  manager.WDListener - Before click element --> atext=LOGIN
18:39:22.797 INFO  manager.WDListener - After click element a
18:39:22.804 INFO  manager.WDListener - After find element By.name: email
18:39:22.808 INFO  manager.WDListener - Location of element input
18:39:22.817 INFO  manager.WDListener - Before click element --> inputtext=
18:39:22.876 INFO  manager.WDListener - After click element input
18:39:22.909 INFO  manager.WDListener - Send Keys input
18:39:22.948 INFO  manager.WDListener - Send Keys input
18:39:22.975 INFO  manager.WDListener - Send Keys input
18:39:23.033 INFO  manager.WDListener - After find element By.name: password
18:39:23.040 INFO  manager.WDListener - Location of element input
18:39:23.058 INFO  manager.WDListener - Before click element --> inputtext=
18:39:23.185 INFO  manager.WDListener - After click element input
18:39:23.231 INFO  manager.WDListener - Send Keys input
18:39:23.301 INFO  manager.WDListener - Send Keys input
18:39:23.344 INFO  manager.WDListener - Send Keys input
18:39:23.409 INFO  manager.WDListener - After find element By.xpath: //button[text()='Registration']
18:39:23.415 INFO  manager.WDListener - Location of element button
18:39:23.429 INFO  manager.WDListener - Before click element --> buttontext=Registration
18:39:23.519 INFO  manager.WDListener - Houston, we have a problem!
18:39:23.519 INFO  manager.WDListener - +++++++++++++++++++++++++++++++
18:39:23.519 INFO  manager.WDListener - Object target org.openqa.selenium.remote.RemoteWebDriver$RemoteTargetLocator@4c000cc4
18:39:23.519 INFO  manager.WDListener - +++++++++++++++++++++++++++++++
18:39:23.519 INFO  manager.WDListener - Method name alert
18:39:23.519 INFO  manager.WDListener - +++++++++++++++++++++++++++++++
18:39:23.519 INFO  manager.WDListener - InvocationTargetException org.openqa.selenium.NoAlertPresentException: no such alert
  (Session info: chrome=145.0.7632.116)
Build info: version: '4.26.0', revision: '8ccf0219d7'
System info: os.name: 'Windows 11', os.arch: 'amd64', os.version: '10.0', java.version: '17.0.12'
Driver info: org.openqa.selenium.chrome.ChromeDriver
Command: [ad37daf2c21895ab1a0ba6682e396bcc, getAlertText {}]
Capabilities {acceptInsecureCerts: false, browserName: chrome, browserVersion: 145.0.7632.116, chrome: {chromedriverVersion: 145.0.7632.77 (da516187054a..., userDataDir: C:\Users\np170\AppData\Loca...}, fedcm:accounts: true, goog:chromeOptions: {debuggerAddress: localhost:53057}, goog:processID: 14592, networkConnectionEnabled: false, pageLoadStrategy: normal, platformName: windows, proxy: Proxy(), se:cdp: ws://localhost:53057/devtoo..., se:cdpVersion: 145.0.7632.116, setWindowRect: true, strictFileInteractability: false, timeouts: {implicit: 0, pageLoad: 300000, script: 30000}, unhandledPromptBehavior: dismiss and notify, webauthn:extension:credBlob: true, webauthn:extension:largeBlob: true, webauthn:extension:minPinLength: true, webauthn:extension:prf: true, webauthn:virtualAuthenticators: true}
Session ID: ad37daf2c21895ab1a0ba6682e396bcc
18:39:23.519 INFO  manager.WDListener - +++++++++++++++++++++++++++++++
18:39:23.519 INFO  manager.WDListener - Screen with error is src/test/screenshots/screen_1986.png
18:39:24.051 INFO  manager.TestNGListener - Start test registrationRegisteredUser=================
18:39:24.051 INFO  tests.TestBase - +++++++++++++++++++++++++++++++
18:39:24.052 INFO  tests.TestBase - Name of method -->registrationSuccess
18:39:24.054 INFO  manager.WDListener - Before find element By.xpath: //button[text()='Sign Out']
18:39:29.095 INFO  manager.TestNGListener - Start test registrationSuccess=================
18:39:29.119 INFO  manager.WDListener - After find element By.cssSelector: a[href='/login']
18:39:29.184 INFO  manager.WDListener - Location of element a
18:39:29.222 INFO  manager.WDListener - Before click element --> atext=LOGIN
18:39:29.288 INFO  manager.WDListener - After click element a
18:39:29.298 INFO  manager.WDListener - After find element By.name: email
18:39:29.303 INFO  manager.WDListener - Location of element input
18:39:29.317 INFO  manager.WDListener - Before click element --> inputtext=
18:39:29.377 INFO  manager.WDListener - After click element input
18:39:29.405 INFO  manager.WDListener - Send Keys input
18:39:29.446 INFO  manager.WDListener - Send Keys input
18:39:29.471 INFO  manager.WDListener - Send Keys input
18:39:29.515 INFO  manager.WDListener - After find element By.name: password
18:39:29.520 INFO  manager.WDListener - Location of element input
18:39:29.532 INFO  manager.WDListener - Before click element --> inputtext=
18:39:29.579 INFO  manager.WDListener - After click element input
18:39:29.604 INFO  manager.WDListener - Send Keys input
18:39:29.641 INFO  manager.WDListener - Send Keys input
18:39:29.671 INFO  manager.WDListener - Send Keys input
18:39:29.730 INFO  manager.WDListener - After find element By.xpath: //button[text()='Registration']
18:39:29.734 INFO  manager.WDListener - Location of element button
18:39:29.744 INFO  manager.WDListener - Before click element --> buttontext=Registration
18:39:29.798 INFO  manager.WDListener - Before find element By.xpath: //button[text()='Sign Out']
18:39:30.299 INFO  manager.WDListener - After find element By.cssSelector: .contact-page_message__2qafk>h1
18:39:30.308 INFO  manager.WDListener - Location of element h1
18:39:30.319 INFO  manager.TestNGListener - Start test registrationSuccess=================
18:39:30.319 INFO  tests.TestBase - +++++++++++++++++++++++++++++++
18:39:30.320 INFO  tests.TestBase - Name of method -->registrationWrongEmail
18:39:30.320 INFO  manager.WDListener - Before find element By.xpath: //button[text()='Sign Out']
18:39:30.339 INFO  manager.WDListener - After find element By.xpath: //button[text()='Sign Out']
18:39:30.344 INFO  manager.WDListener - Location of element button
18:39:30.354 INFO  manager.WDListener - Before click element --> buttontext=Sign Out
18:39:30.424 INFO  manager.TestNGListener - Start test registrationWrongEmail=================
18:39:30.435 INFO  manager.WDListener - After find element By.cssSelector: a[href='/login']
18:39:30.444 INFO  manager.WDListener - Location of element a
18:39:30.455 INFO  manager.WDListener - Before click element --> atext=LOGIN
18:39:30.508 INFO  manager.WDListener - After click element a
18:39:30.517 INFO  manager.WDListener - After find element By.name: email
18:39:30.521 INFO  manager.WDListener - Location of element input
18:39:30.532 INFO  manager.WDListener - Before click element --> inputtext=
18:39:30.611 INFO  manager.WDListener - After click element input
18:39:30.637 INFO  manager.WDListener - Send Keys input
18:39:30.664 INFO  manager.WDListener - Send Keys input
18:39:30.690 INFO  manager.WDListener - Send Keys input
18:39:30.742 INFO  manager.WDListener - After find element By.name: password
18:39:30.746 INFO  manager.WDListener - Location of element input
18:39:30.756 INFO  manager.WDListener - Before click element --> inputtext=
18:39:30.841 INFO  manager.WDListener - After click element input
18:39:30.868 INFO  manager.WDListener - Send Keys input
18:39:30.909 INFO  manager.WDListener - Send Keys input
18:39:30.943 INFO  manager.WDListener - Send Keys input
18:39:31.022 INFO  manager.WDListener - After find element By.xpath: //button[text()='Registration']
18:39:31.026 INFO  manager.WDListener - Location of element button
18:39:31.035 INFO  manager.WDListener - Before click element --> buttontext=Registration
18:39:31.091 INFO  manager.WDListener - Houston, we have a problem!
18:39:31.091 INFO  manager.WDListener - +++++++++++++++++++++++++++++++
18:39:31.091 INFO  manager.WDListener - Object target org.openqa.selenium.remote.RemoteWebDriver$RemoteTargetLocator@19e8fe55
18:39:31.091 INFO  manager.WDListener - +++++++++++++++++++++++++++++++
18:39:31.091 INFO  manager.WDListener - Method name alert
18:39:31.091 INFO  manager.WDListener - +++++++++++++++++++++++++++++++
18:39:31.091 INFO  manager.WDListener - InvocationTargetException org.openqa.selenium.NoAlertPresentException: no such alert
  (Session info: chrome=145.0.7632.116)
Build info: version: '4.26.0', revision: '8ccf0219d7'
System info: os.name: 'Windows 11', os.arch: 'amd64', os.version: '10.0', java.version: '17.0.12'
Driver info: org.openqa.selenium.chrome.ChromeDriver
Command: [ad37daf2c21895ab1a0ba6682e396bcc, getAlertText {}]
Capabilities {acceptInsecureCerts: false, browserName: chrome, browserVersion: 145.0.7632.116, chrome: {chromedriverVersion: 145.0.7632.77 (da516187054a..., userDataDir: C:\Users\np170\AppData\Loca...}, fedcm:accounts: true, goog:chromeOptions: {debuggerAddress: localhost:53057}, goog:processID: 14592, networkConnectionEnabled: false, pageLoadStrategy: normal, platformName: windows, proxy: Proxy(), se:cdp: ws://localhost:53057/devtoo..., se:cdpVersion: 145.0.7632.116, setWindowRect: true, strictFileInteractability: false, timeouts: {implicit: 0, pageLoad: 300000, script: 30000}, unhandledPromptBehavior: dismiss and notify, webauthn:extension:credBlob: true, webauthn:extension:largeBlob: true, webauthn:extension:minPinLength: true, webauthn:extension:prf: true, webauthn:virtualAuthenticators: true}
Session ID: ad37daf2c21895ab1a0ba6682e396bcc
18:39:31.091 INFO  manager.WDListener - +++++++++++++++++++++++++++++++
18:39:31.091 INFO  manager.WDListener - Screen with error is src/test/screenshots/screen_1764.png
18:39:31.621 INFO  manager.TestNGListener - Start test registrationWrongEmail=================
18:39:31.621 INFO  tests.TestBase - +++++++++++++++++++++++++++++++
18:39:31.622 INFO  tests.TestBase - Name of method -->registrationWrongPassword
18:39:31.622 INFO  manager.WDListener - Before find element By.xpath: //button[text()='Sign Out']
