20:37:06.070 INFO  manager.ApplicationManager - All tests run in CHROME Browser
20:37:06.071 INFO  manager.ApplicationManager - All tests run in Edge Browser
20:37:07.604 INFO  manager.ApplicationManager - The link is -->https://telranedu.web.app/home
20:37:07.625 INFO  manager.TestNGListener - Start tests on date Wed Feb 25 20:37:07 IST 2026=================
20:37:07.651 INFO  manager.WDListener - Before find element By.xpath: //button[text()='Sign Out']
20:37:12.736 INFO  manager.WDListener - After find element By.cssSelector: a[href='/login']
20:37:12.752 INFO  manager.WDListener - Location of element a
20:37:12.789 INFO  manager.WDListener - Before click element --> atext=LOGIN
20:37:12.917 INFO  manager.WDListener - After click element a
20:37:12.967 INFO  manager.WDListener - After find element By.name: email
20:37:12.983 INFO  manager.WDListener - Location of element input
20:37:13.010 INFO  manager.WDListener - Before click element --> inputtext=
20:37:13.121 INFO  manager.WDListener - After click element input
20:37:13.199 INFO  manager.WDListener - Send Keys input
20:37:13.286 INFO  manager.WDListener - Send Keys input
20:37:13.340 INFO  manager.WDListener - Send Keys input
20:37:13.445 INFO  manager.WDListener - After find element By.name: password
20:37:13.457 INFO  manager.WDListener - Location of element input
20:37:13.481 INFO  manager.WDListener - Before click element --> inputtext=
20:37:13.572 INFO  manager.WDListener - After click element input
20:37:13.619 INFO  manager.WDListener - Send Keys input
20:37:13.677 INFO  manager.WDListener - Send Keys input
20:37:13.724 INFO  manager.WDListener - Send Keys input
20:37:13.824 INFO  manager.WDListener - After find element By.xpath: //button[text()='Login']
20:37:13.837 INFO  manager.WDListener - Location of element button
20:37:13.864 INFO  manager.WDListener - Before click element --> buttontext=Login
20:37:14.040 INFO  tests.TestBase - Name of method -->addContactSuccessAllFields
20:37:14.042 INFO  manager.TestNGListener - Start test addContactSuccessAllFields=================
20:37:15.050 INFO  manager.WDListener - After find element By.xpath: //*[@href='/add']
20:37:15.063 INFO  manager.WDListener - Location of element a
20:37:15.085 INFO  manager.WDListener - Before click element --> atext=ADD
20:37:15.189 INFO  manager.WDListener - After click element a
20:37:15.228 INFO  manager.WDListener - After find element By.xpath: //input[@placeholder='Name']
20:37:15.242 INFO  manager.WDListener - Location of element input
20:37:15.269 INFO  manager.WDListener - Before click element --> inputtext=
20:37:15.373 INFO  manager.WDListener - After click element input
20:37:15.428 INFO  manager.WDListener - Send Keys input
20:37:15.482 INFO  manager.WDListener - Send Keys input
20:37:15.528 INFO  manager.WDListener - Send Keys input
20:37:15.622 INFO  manager.WDListener - After find element By.xpath: //input[@placeholder='Last Name']
20:37:15.632 INFO  manager.WDListener - Location of element input
20:37:15.655 INFO  manager.WDListener - Before click element --> inputtext=
20:37:15.755 INFO  manager.WDListener - After click element input
20:37:15.810 INFO  manager.WDListener - Send Keys input
20:37:15.863 INFO  manager.WDListener - Send Keys input
20:37:15.912 INFO  manager.WDListener - Send Keys input
20:37:15.997 INFO  manager.WDListener - After find element By.xpath: //input[@placeholder='Phone']
20:37:16.006 INFO  manager.WDListener - Location of element input
20:37:16.025 INFO  manager.WDListener - Before click element --> inputtext=
20:37:16.131 INFO  manager.WDListener - After click element input
20:37:16.175 INFO  manager.WDListener - Send Keys input
20:37:16.219 INFO  manager.WDListener - Send Keys input
20:37:16.267 INFO  manager.WDListener - Send Keys input
20:37:16.351 INFO  manager.WDListener - After find element By.xpath: //input[@placeholder='email']
20:37:16.365 INFO  manager.WDListener - Location of element input
20:37:16.395 INFO  manager.WDListener - Before click element --> inputtext=
20:37:16.500 INFO  manager.WDListener - After click element input
20:37:16.525 INFO  manager.WDListener - Send Keys input
20:37:16.578 INFO  manager.WDListener - Send Keys input
20:37:16.627 INFO  manager.WDListener - Send Keys input
20:37:16.713 INFO  manager.WDListener - After find element By.xpath: //input[@placeholder='Address']
20:37:16.724 INFO  manager.WDListener - Location of element input
20:37:16.750 INFO  manager.WDListener - Before click element --> inputtext=
20:37:16.842 INFO  manager.WDListener - After click element input
20:37:16.889 INFO  manager.WDListener - Send Keys input
20:37:16.947 INFO  manager.WDListener - Send Keys input
20:37:17.005 INFO  manager.WDListener - Send Keys input
20:37:17.107 INFO  manager.WDListener - After find element By.xpath: //input[@placeholder='description']
20:37:17.117 INFO  manager.WDListener - Location of element input
20:37:17.138 INFO  manager.WDListener - Before click element --> inputtext=
20:37:17.219 INFO  manager.WDListener - After click element input
20:37:17.238 INFO  manager.WDListener - Send Keys input
20:37:17.286 INFO  manager.WDListener - Send Keys input
20:37:17.333 INFO  manager.WDListener - Send Keys input
20:37:17.853 INFO  manager.WDListener - After find element By.xpath: //b[text()='Save']
20:37:17.870 INFO  manager.WDListener - Location of element b
20:37:17.892 INFO  manager.WDListener - Before click element --> btext=Save
20:37:17.961 INFO  manager.WDListener - After click element b
20:37:17.961 INFO  manager.WDListener - Before find element By.cssSelector: h2
20:37:19.181 INFO  manager.WDListener - Before find element By.cssSelector: h3
20:37:19.665 INFO  manager.TestNGListener - Start test addContactSuccessAllFields=================
20:37:19.666 INFO  tests.TestBase - +++++++++++++++++++++++++++++++
20:37:19.667 INFO  tests.TestBase - Name of method -->addContactSuccessAllFields
20:37:19.668 INFO  manager.TestNGListener - Start test addContactSuccessAllFields=================
20:37:19.687 INFO  manager.WDListener - After find element By.xpath: //*[@href='/add']
20:37:19.695 INFO  manager.WDListener - Location of element a
20:37:19.716 INFO  manager.WDListener - Before click element --> atext=ADD
20:37:19.802 INFO  manager.WDListener - After click element a
20:37:19.820 INFO  manager.WDListener - After find element By.xpath: //input[@placeholder='Name']
20:37:19.828 INFO  manager.WDListener - Location of element input
20:37:19.850 INFO  manager.WDListener - Before click element --> inputtext=
20:37:19.949 INFO  manager.WDListener - After click element input
20:37:20.013 INFO  manager.WDListener - Send Keys input
20:37:20.063 INFO  manager.WDListener - Send Keys input
20:37:20.110 INFO  manager.WDListener - Send Keys input
20:37:20.174 INFO  manager.WDListener - After find element By.xpath: //input[@placeholder='Last Name']
20:37:20.182 INFO  manager.WDListener - Location of element input
20:37:20.201 INFO  manager.WDListener - Before click element --> inputtext=
20:37:20.287 INFO  manager.WDListener - After click element input
20:37:20.336 INFO  manager.WDListener - Send Keys input
20:37:20.393 INFO  manager.WDListener - Send Keys input
20:37:20.446 INFO  manager.WDListener - Send Keys input
20:37:20.518 INFO  manager.WDListener - After find element By.xpath: //input[@placeholder='Phone']
20:37:20.532 INFO  manager.WDListener - Location of element input
20:37:20.560 INFO  manager.WDListener - Before click element --> inputtext=
20:37:20.646 INFO  manager.WDListener - After click element input
20:37:20.686 INFO  manager.WDListener - Send Keys input
20:37:20.732 INFO  manager.WDListener - Send Keys input
20:37:20.773 INFO  manager.WDListener - Send Keys input
20:37:20.834 INFO  manager.WDListener - After find element By.xpath: //input[@placeholder='email']
20:37:20.845 INFO  manager.WDListener - Location of element input
20:37:20.870 INFO  manager.WDListener - Before click element --> inputtext=
20:37:20.989 INFO  manager.WDListener - After click element input
20:37:21.055 INFO  manager.WDListener - Send Keys input
20:37:21.115 INFO  manager.WDListener - Send Keys input
20:37:21.165 INFO  manager.WDListener - Send Keys input
20:37:21.234 INFO  manager.WDListener - After find element By.xpath: //input[@placeholder='Address']
20:37:21.243 INFO  manager.WDListener - Location of element input
20:37:21.259 INFO  manager.WDListener - Before click element --> inputtext=
20:37:21.326 INFO  manager.WDListener - After click element input
20:37:21.369 INFO  manager.WDListener - Send Keys input
20:37:21.435 INFO  manager.WDListener - Send Keys input
20:37:21.486 INFO  manager.WDListener - Send Keys input
20:37:21.555 INFO  manager.WDListener - After find element By.xpath: //input[@placeholder='description']
20:37:21.569 INFO  manager.WDListener - Location of element input
20:37:21.592 INFO  manager.WDListener - Before click element --> inputtext=
20:37:21.705 INFO  manager.WDListener - After click element input
20:37:21.756 INFO  manager.WDListener - Send Keys input
20:37:21.806 INFO  manager.WDListener - Send Keys input
20:37:22.277 INFO  manager.WDListener - After find element By.xpath: //b[text()='Save']
20:37:22.288 INFO  manager.WDListener - Location of element b
20:37:22.313 INFO  manager.WDListener - Before click element --> btext=Save
20:37:22.406 INFO  manager.WDListener - After click element b
20:37:22.407 INFO  manager.WDListener - Before find element By.cssSelector: h2
20:37:23.497 INFO  manager.WDListener - Before find element By.cssSelector: h3
20:37:23.891 INFO  manager.TestNGListener - Start test addContactSuccessAllFields=================
20:37:23.892 INFO  tests.TestBase - +++++++++++++++++++++++++++++++
20:37:23.895 INFO  tests.TestBase - Name of method -->addContactSuccessAllFieldsSCV
20:37:23.895 INFO  manager.TestNGListener - Start test addContactSuccessAllFieldsSCV=================
20:37:23.911 INFO  manager.WDListener - After find element By.xpath: //*[@href='/add']
20:37:23.918 INFO  manager.WDListener - Location of element a
20:37:23.936 INFO  manager.WDListener - Before click element --> atext=ADD
20:37:24.027 INFO  manager.WDListener - After click element a
20:37:24.045 INFO  manager.WDListener - After find element By.xpath: //input[@placeholder='Name']
20:37:24.056 INFO  manager.WDListener - Location of element input
20:37:24.080 INFO  manager.WDListener - Before click element --> inputtext=
20:37:24.171 INFO  manager.WDListener - After click element input
20:37:24.212 INFO  manager.WDListener - Send Keys input
20:37:24.253 INFO  manager.WDListener - Send Keys input
20:37:24.297 INFO  manager.WDListener - Send Keys input
20:37:24.358 INFO  manager.WDListener - After find element By.xpath: //input[@placeholder='Last Name']
20:37:24.369 INFO  manager.WDListener - Location of element input
20:37:24.389 INFO  manager.WDListener - Before click element --> inputtext=
20:37:24.475 INFO  manager.WDListener - After click element input
20:37:24.526 INFO  manager.WDListener - Send Keys input
20:37:24.581 INFO  manager.WDListener - Send Keys input
20:37:24.622 INFO  manager.WDListener - Send Keys input
20:37:24.674 INFO  manager.WDListener - After find element By.xpath: //input[@placeholder='Phone']
20:37:24.680 INFO  manager.WDListener - Location of element input
20:37:24.699 INFO  manager.WDListener - Before click element --> inputtext=
20:37:24.772 INFO  manager.WDListener - After click element input
20:37:24.817 INFO  manager.WDListener - Send Keys input
20:37:24.863 INFO  manager.WDListener - Send Keys input
20:37:24.915 INFO  manager.WDListener - Send Keys input
20:37:24.978 INFO  manager.WDListener - After find element By.xpath: //input[@placeholder='email']
20:37:24.988 INFO  manager.WDListener - Location of element input
20:37:25.009 INFO  manager.WDListener - Before click element --> inputtext=
20:37:25.103 INFO  manager.WDListener - After click element input
20:37:25.150 INFO  manager.WDListener - Send Keys input
20:37:25.196 INFO  manager.WDListener - Send Keys input
20:37:25.281 INFO  manager.WDListener - After find element By.xpath: //input[@placeholder='Address']
20:37:25.291 INFO  manager.WDListener - Location of element input
20:37:25.318 INFO  manager.WDListener - Before click element --> inputtext=
20:37:25.413 INFO  manager.WDListener - After click element input
20:37:25.468 INFO  manager.WDListener - Send Keys input
20:37:25.510 INFO  manager.WDListener - Send Keys input
20:37:25.551 INFO  manager.WDListener - Send Keys input
20:37:25.621 INFO  manager.WDListener - After find element By.xpath: //input[@placeholder='description']
20:37:25.631 INFO  manager.WDListener - Location of element input
20:37:25.655 INFO  manager.WDListener - Before click element --> inputtext=
20:37:25.756 INFO  manager.WDListener - After click element input
20:37:25.819 INFO  manager.WDListener - Send Keys input
20:37:25.869 INFO  manager.WDListener - Send Keys input
20:37:25.921 INFO  manager.WDListener - Send Keys input
20:37:26.354 INFO  manager.WDListener - After find element By.xpath: //b[text()='Save']
20:37:26.358 INFO  manager.WDListener - Location of element b
20:37:26.367 INFO  manager.WDListener - Before click element --> btext=Save
20:37:26.446 INFO  manager.WDListener - After click element b
20:37:26.447 INFO  manager.WDListener - Before find element By.cssSelector: h2
20:37:27.338 INFO  manager.WDListener - Before find element By.cssSelector: h3
20:37:27.756 INFO  manager.TestNGListener - Start test addContactSuccessAllFieldsSCV=================
20:37:27.757 INFO  tests.TestBase - +++++++++++++++++++++++++++++++
20:37:27.758 INFO  tests.TestBase - Name of method -->addContactSuccessAllFieldsSCV
20:37:27.758 INFO  manager.TestNGListener - Start test addContactSuccessAllFieldsSCV=================
20:37:27.773 INFO  manager.WDListener - After find element By.xpath: //*[@href='/add']
20:37:27.778 INFO  manager.WDListener - Location of element a
20:37:27.789 INFO  manager.WDListener - Before click element --> atext=ADD
20:37:27.868 INFO  manager.WDListener - After click element a
20:37:27.887 INFO  manager.WDListener - After find element By.xpath: //input[@placeholder='Name']
20:37:27.897 INFO  manager.WDListener - Location of element input
20:37:27.919 INFO  manager.WDListener - Before click element --> inputtext=
20:37:28.010 INFO  manager.WDListener - After click element input
20:37:28.055 INFO  manager.WDListener - Send Keys input
20:37:28.099 INFO  manager.WDListener - Send Keys input
20:37:28.139 INFO  manager.WDListener - Send Keys input
20:37:28.206 INFO  manager.WDListener - After find element By.xpath: //input[@placeholder='Last Name']
20:37:28.217 INFO  manager.WDListener - Location of element input
20:37:28.238 INFO  manager.WDListener - Before click element --> inputtext=
20:37:28.335 INFO  manager.WDListener - After click element input
20:37:28.381 INFO  manager.WDListener - Send Keys input
20:37:28.425 INFO  manager.WDListener - Send Keys input
20:37:28.469 INFO  manager.WDListener - Send Keys input
20:37:28.543 INFO  manager.WDListener - After find element By.xpath: //input[@placeholder='Phone']
20:37:28.553 INFO  manager.WDListener - Location of element input
20:37:28.573 INFO  manager.WDListener - Before click element --> inputtext=
20:37:28.645 INFO  manager.WDListener - After click element input
20:37:28.687 INFO  manager.WDListener - Send Keys input
20:37:28.729 INFO  manager.WDListener - Send Keys input
20:37:28.782 INFO  manager.WDListener - Send Keys input
20:37:28.855 INFO  manager.WDListener - After find element By.xpath: //input[@placeholder='email']
20:37:28.864 INFO  manager.WDListener - Location of element input
20:37:28.886 INFO  manager.WDListener - Before click element --> inputtext=
20:37:28.970 INFO  manager.WDListener - After click element input
20:37:29.011 INFO  manager.WDListener - Send Keys input
20:37:29.063 INFO  manager.WDListener - Send Keys input
20:37:29.112 INFO  manager.WDListener - After find element By.xpath: //input[@placeholder='Address']
20:37:29.119 INFO  manager.WDListener - Location of element input
20:37:29.131 INFO  manager.WDListener - Before click element --> inputtext=
20:37:29.168 INFO  manager.WDListener - After click element input
20:37:29.206 INFO  manager.WDListener - Send Keys input
20:37:29.265 INFO  manager.WDListener - Send Keys input
20:37:29.327 INFO  manager.WDListener - Send Keys input
20:37:29.421 INFO  manager.WDListener - After find element By.xpath: //input[@placeholder='description']
20:37:29.433 INFO  manager.WDListener - Location of element input
20:37:29.457 INFO  manager.WDListener - Before click element --> inputtext=
20:37:29.538 INFO  manager.WDListener - After click element input
20:37:29.582 INFO  manager.WDListener - Send Keys input
20:37:29.630 INFO  manager.WDListener - Send Keys input
20:37:29.661 INFO  manager.WDListener - Send Keys input
20:37:30.098 INFO  manager.WDListener - After find element By.xpath: //b[text()='Save']
20:37:30.108 INFO  manager.WDListener - Location of element b
20:37:30.129 INFO  manager.WDListener - Before click element --> btext=Save
20:37:30.209 INFO  manager.WDListener - After click element b
20:37:30.209 INFO  manager.WDListener - Before find element By.cssSelector: h2
20:37:31.075 INFO  manager.WDListener - Before find element By.cssSelector: h3
20:37:31.468 INFO  manager.TestNGListener - Start test addContactSuccessAllFieldsSCV=================
20:37:31.469 INFO  tests.TestBase - +++++++++++++++++++++++++++++++
20:37:31.471 INFO  tests.TestBase - Name of method -->addContactSuccessRequiredFields
20:37:31.471 INFO  manager.TestNGListener - Start test addContactSuccessRequiredFields=================
20:37:31.485 INFO  manager.WDListener - After find element By.xpath: //*[@href='/add']
20:37:31.490 INFO  manager.WDListener - Location of element a
20:37:31.510 INFO  manager.WDListener - Before click element --> atext=ADD
20:37:31.606 INFO  manager.WDListener - After click element a
20:37:31.622 INFO  manager.WDListener - After find element By.xpath: //input[@placeholder='Name']
20:37:31.634 INFO  manager.WDListener - Location of element input
20:37:31.655 INFO  manager.WDListener - Before click element --> inputtext=
20:37:31.738 INFO  manager.WDListener - After click element input
20:37:31.760 INFO  manager.WDListener - Send Keys input
20:37:31.780 INFO  manager.WDListener - Send Keys input
20:37:31.834 INFO  manager.WDListener - Send Keys input
20:37:31.913 INFO  manager.WDListener - After find element By.xpath: //input[@placeholder='Last Name']
20:37:31.924 INFO  manager.WDListener - Location of element input
20:37:31.945 INFO  manager.WDListener - Before click element --> inputtext=
20:37:32.026 INFO  manager.WDListener - After click element input
20:37:32.070 INFO  manager.WDListener - Send Keys input
20:37:32.113 INFO  manager.WDListener - Send Keys input
20:37:32.159 INFO  manager.WDListener - Send Keys input
20:37:32.220 INFO  manager.WDListener - After find element By.xpath: //input[@placeholder='Phone']
20:37:32.229 INFO  manager.WDListener - Location of element input
20:37:32.246 INFO  manager.WDListener - Before click element --> inputtext=
20:37:32.328 INFO  manager.WDListener - After click element input
20:37:32.372 INFO  manager.WDListener - Send Keys input
20:37:32.396 INFO  manager.WDListener - Send Keys input
20:37:32.417 INFO  manager.WDListener - Send Keys input
20:37:32.460 INFO  manager.WDListener - After find element By.xpath: //input[@placeholder='email']
20:37:32.468 INFO  manager.WDListener - Location of element input
20:37:32.488 INFO  manager.WDListener - Before click element --> inputtext=
20:37:32.576 INFO  manager.WDListener - After click element input
20:37:32.623 INFO  manager.WDListener - Send Keys input
20:37:32.666 INFO  manager.WDListener - Send Keys input
20:37:32.694 INFO  manager.WDListener - Send Keys input
20:37:32.758 INFO  manager.WDListener - After find element By.xpath: //input[@placeholder='Address']
20:37:32.771 INFO  manager.WDListener - Location of element input
20:37:32.794 INFO  manager.WDListener - Before click element --> inputtext=
20:37:32.911 INFO  manager.WDListener - After click element input
20:37:32.954 INFO  manager.WDListener - Send Keys input
20:37:32.996 INFO  manager.WDListener - Send Keys input
20:37:33.043 INFO  manager.WDListener - Send Keys input
20:37:33.122 INFO  manager.WDListener - After find element By.xpath: //input[@placeholder='description']
20:37:33.131 INFO  manager.WDListener - Location of element input
20:37:33.150 INFO  manager.WDListener - Before click element --> inputtext=
20:37:33.223 INFO  manager.WDListener - After click element input
20:37:33.266 INFO  manager.WDListener - Send Keys input
20:37:33.324 INFO  manager.WDListener - Send Keys input
20:37:33.364 INFO  manager.WDListener - After find element By.xpath: //b[text()='Save']
20:37:33.371 INFO  manager.WDListener - Location of element b
20:37:33.380 INFO  manager.WDListener - Before click element --> btext=Save
20:37:33.475 INFO  manager.WDListener - After click element b
20:37:33.475 INFO  manager.WDListener - Before find element By.cssSelector: h2
20:37:34.961 INFO  manager.WDListener - Before find element By.cssSelector: h3
20:37:35.960 INFO  manager.TestNGListener - Start test addContactSuccessRequiredFields=================
20:37:35.961 INFO  tests.TestBase - +++++++++++++++++++++++++++++++
20:37:35.963 INFO  tests.TestBase - Name of method -->addNewContactWrongAddress
20:37:35.964 INFO  manager.TestNGListener - Start test addNewContactWrongAddress=================
20:37:35.982 INFO  manager.WDListener - After find element By.xpath: //*[@href='/add']
20:37:35.990 INFO  manager.WDListener - Location of element a
20:37:36.009 INFO  manager.WDListener - Before click element --> atext=ADD
20:37:36.089 INFO  manager.WDListener - After click element a
20:37:36.105 INFO  manager.WDListener - After find element By.xpath: //input[@placeholder='Name']
20:37:36.116 INFO  manager.WDListener - Location of element input
20:37:36.138 INFO  manager.WDListener - Before click element --> inputtext=
20:37:36.232 INFO  manager.WDListener - After click element input
20:37:36.274 INFO  manager.WDListener - Send Keys input
20:37:36.321 INFO  manager.WDListener - Send Keys input
20:37:36.371 INFO  manager.WDListener - Send Keys input
20:37:36.431 INFO  manager.WDListener - After find element By.xpath: //input[@placeholder='Last Name']
20:37:36.445 INFO  manager.WDListener - Location of element input
20:37:36.468 INFO  manager.WDListener - Before click element --> inputtext=
20:37:36.559 INFO  manager.WDListener - After click element input
20:37:36.605 INFO  manager.WDListener - Send Keys input
20:37:36.658 INFO  manager.WDListener - Send Keys input
20:37:36.681 INFO  manager.WDListener - Send Keys input
20:37:36.720 INFO  manager.WDListener - After find element By.xpath: //input[@placeholder='Phone']
20:37:36.730 INFO  manager.WDListener - Location of element input
20:37:36.755 INFO  manager.WDListener - Before click element --> inputtext=
20:37:36.880 INFO  manager.WDListener - After click element input
20:37:36.930 INFO  manager.WDListener - Send Keys input
20:37:36.976 INFO  manager.WDListener - Send Keys input
20:37:37.023 INFO  manager.WDListener - Send Keys input
20:37:37.101 INFO  manager.WDListener - After find element By.xpath: //input[@placeholder='email']
20:37:37.109 INFO  manager.WDListener - Location of element input
20:37:37.129 INFO  manager.WDListener - Before click element --> inputtext=
20:37:37.211 INFO  manager.WDListener - After click element input
20:37:37.251 INFO  manager.WDListener - Send Keys input
20:37:37.275 INFO  manager.WDListener - Send Keys input
20:37:37.294 INFO  manager.WDListener - Send Keys input
20:37:37.353 INFO  manager.WDListener - After find element By.xpath: //input[@placeholder='Address']
20:37:37.367 INFO  manager.WDListener - Location of element input
20:37:37.390 INFO  manager.WDListener - Before click element --> inputtext=
20:37:37.477 INFO  manager.WDListener - After click element input
20:37:37.495 INFO  manager.WDListener - Send Keys input
20:37:37.519 INFO  manager.WDListener - Send Keys input
20:37:37.540 INFO  manager.WDListener - Send Keys input
20:37:37.565 INFO  manager.WDListener - After find element By.xpath: //input[@placeholder='description']
20:37:37.571 INFO  manager.WDListener - Location of element input
20:37:37.581 INFO  manager.WDListener - Before click element --> inputtext=
20:37:37.672 INFO  manager.WDListener - After click element input
20:37:37.710 INFO  manager.WDListener - Send Keys input
20:37:37.758 INFO  manager.WDListener - Send Keys input
20:37:37.806 INFO  manager.WDListener - Send Keys input
20:37:37.900 INFO  manager.WDListener - After find element By.xpath: //b[text()='Save']
20:37:37.914 INFO  manager.WDListener - Location of element b
20:37:37.942 INFO  manager.WDListener - Before click element --> btext=Save
20:37:38.040 INFO  manager.WDListener - After click element b
20:37:38.041 INFO  manager.WDListener - Before find element By.cssSelector: a.active[href='/add']
20:37:38.064 INFO  manager.TestNGListener - Start test addNewContactWrongAddress=================
20:37:38.064 INFO  tests.TestBase - +++++++++++++++++++++++++++++++
20:37:38.070 INFO  tests.TestBase - Name of method -->addNewContactWrongEmail
20:37:38.071 INFO  manager.TestNGListener - Start test addNewContactWrongEmail=================
20:37:38.090 INFO  manager.WDListener - After find element By.xpath: //*[@href='/add']
20:37:38.101 INFO  manager.WDListener - Location of element a
20:37:38.126 INFO  manager.WDListener - Before click element --> atext=ADD
20:37:38.238 INFO  manager.WDListener - After click element a
20:37:38.257 INFO  manager.WDListener - After find element By.xpath: //input[@placeholder='Name']
20:37:38.269 INFO  manager.WDListener - Location of element input
20:37:38.290 INFO  manager.WDListener - Before click element --> inputtext=
20:37:38.331 INFO  manager.WDListener - After click element input
20:37:38.356 INFO  manager.WDListener - Send Keys input
20:37:38.443 INFO  manager.WDListener - Send Keys input
20:37:38.480 INFO  manager.WDListener - Send Keys input
20:37:38.553 INFO  manager.WDListener - After find element By.xpath: //input[@placeholder='Last Name']
20:37:38.565 INFO  manager.WDListener - Location of element input
20:37:38.589 INFO  manager.WDListener - Before click element --> inputtext=
20:37:38.681 INFO  manager.WDListener - After click element input
20:37:38.737 INFO  manager.WDListener - Send Keys input
20:37:38.818 INFO  manager.WDListener - Send Keys input
20:37:38.872 INFO  manager.WDListener - Send Keys input
20:37:38.934 INFO  manager.WDListener - After find element By.xpath: //input[@placeholder='Phone']
20:37:38.942 INFO  manager.WDListener - Location of element input
20:37:38.958 INFO  manager.WDListener - Before click element --> inputtext=
20:37:39.046 INFO  manager.WDListener - After click element input
20:37:39.080 INFO  manager.WDListener - Send Keys input
20:37:39.131 INFO  manager.WDListener - Send Keys input
20:37:39.179 INFO  manager.WDListener - Send Keys input
20:37:39.261 INFO  manager.WDListener - After find element By.xpath: //input[@placeholder='email']
20:37:39.271 INFO  manager.WDListener - Location of element input
20:37:39.289 INFO  manager.WDListener - Before click element --> inputtext=
20:37:39.372 INFO  manager.WDListener - After click element input
20:37:39.399 INFO  manager.WDListener - Send Keys input
20:37:39.423 INFO  manager.WDListener - Send Keys input
20:37:39.447 INFO  manager.WDListener - Send Keys input
20:37:39.509 INFO  manager.WDListener - After find element By.xpath: //input[@placeholder='Address']
20:37:39.518 INFO  manager.WDListener - Location of element input
20:37:39.537 INFO  manager.WDListener - Before click element --> inputtext=
20:37:39.624 INFO  manager.WDListener - After click element input
20:37:39.668 INFO  manager.WDListener - Send Keys input
20:37:39.710 INFO  manager.WDListener - Send Keys input
20:37:39.742 INFO  manager.WDListener - Send Keys input
20:37:39.801 INFO  manager.WDListener - After find element By.xpath: //input[@placeholder='description']
20:37:39.810 INFO  manager.WDListener - Location of element input
20:37:39.830 INFO  manager.WDListener - Before click element --> inputtext=
20:37:39.924 INFO  manager.WDListener - After click element input
20:37:39.979 INFO  manager.WDListener - Send Keys input
20:37:40.012 INFO  manager.WDListener - Send Keys input
20:37:40.035 INFO  manager.WDListener - Send Keys input
20:37:40.077 INFO  manager.WDListener - After find element By.xpath: //b[text()='Save']
20:37:40.089 INFO  manager.WDListener - Location of element b
20:37:40.116 INFO  manager.WDListener - Before click element --> btext=Save
20:37:40.199 INFO  manager.WDListener - After click element b
20:37:40.199 INFO  manager.WDListener - Before find element By.cssSelector: a.active[href='/add']
20:37:40.236 INFO  manager.WDListener - Houston, we have a problem!
20:37:40.236 INFO  manager.WDListener - +++++++++++++++++++++++++++++++
20:37:40.236 INFO  manager.WDListener - Object target org.openqa.selenium.remote.RemoteWebDriver$RemoteTargetLocator@20be890d
20:37:40.236 INFO  manager.WDListener - +++++++++++++++++++++++++++++++
20:37:40.237 INFO  manager.WDListener - Method name alert
20:37:40.237 INFO  manager.WDListener - +++++++++++++++++++++++++++++++
20:37:40.237 INFO  manager.WDListener - InvocationTargetException org.openqa.selenium.NoAlertPresentException: no such alert
  (Session info: chrome=145.0.7632.116)
Build info: version: '4.26.0', revision: '8ccf0219d7'
System info: os.name: 'Windows 11', os.arch: 'amd64', os.version: '10.0', java.version: '17.0.12'
Driver info: org.openqa.selenium.chrome.ChromeDriver
Command: [73527b76f3516ede1d2c16c3f87f3822, getAlertText {}]
Capabilities {acceptInsecureCerts: false, browserName: chrome, browserVersion: 145.0.7632.116, chrome: {chromedriverVersion: 145.0.7632.77 (da516187054a..., userDataDir: C:\Users\np170\AppData\Loca...}, fedcm:accounts: true, goog:chromeOptions: {debuggerAddress: localhost:59393}, goog:processID: 2176, networkConnectionEnabled: false, pageLoadStrategy: normal, platformName: windows, proxy: Proxy(), se:cdp: ws://localhost:59393/devtoo..., se:cdpVersion: 145.0.7632.116, setWindowRect: true, strictFileInteractability: false, timeouts: {implicit: 0, pageLoad: 300000, script: 30000}, unhandledPromptBehavior: dismiss and notify, webauthn:extension:credBlob: true, webauthn:extension:largeBlob: true, webauthn:extension:minPinLength: true, webauthn:extension:prf: true, webauthn:virtualAuthenticators: true}
Session ID: 73527b76f3516ede1d2c16c3f87f3822
20:37:40.237 INFO  manager.WDListener - +++++++++++++++++++++++++++++++
20:37:40.238 INFO  manager.WDListener - Screen with error is src/test/screenshots/screen_1211.png
20:37:40.787 INFO  manager.TestNGListener - Start test addNewContactWrongEmail=================
20:37:40.789 INFO  tests.TestBase - +++++++++++++++++++++++++++++++
20:37:40.790 INFO  tests.TestBase - Name of method -->addNewContactWrongLastName
20:37:40.791 INFO  manager.TestNGListener - Start test addNewContactWrongLastName=================
20:37:40.812 INFO  manager.WDListener - After find element By.xpath: //*[@href='/add']
20:37:40.824 INFO  manager.WDListener - Location of element a
20:37:40.846 INFO  manager.WDListener - Before click element --> atext=ADD
20:37:40.928 INFO  manager.WDListener - After click element a
20:37:40.947 INFO  manager.WDListener - After find element By.xpath: //input[@placeholder='Name']
20:37:40.960 INFO  manager.WDListener - Location of element input
20:37:40.982 INFO  manager.WDListener - Before click element --> inputtext=
20:37:41.072 INFO  manager.WDListener - After click element input
20:37:41.110 INFO  manager.WDListener - Send Keys input
20:37:41.181 INFO  manager.WDListener - Send Keys input
20:37:41.219 INFO  manager.WDListener - Send Keys input
20:37:41.264 INFO  manager.WDListener - After find element By.xpath: //input[@placeholder='Last Name']
20:37:41.269 INFO  manager.WDListener - Location of element input
20:37:41.290 INFO  manager.WDListener - Before click element --> inputtext=
20:37:41.378 INFO  manager.WDListener - After click element input
20:37:41.437 INFO  manager.WDListener - Send Keys input
20:37:41.505 INFO  manager.WDListener - Send Keys input
20:37:41.558 INFO  manager.WDListener - Send Keys input
20:37:41.611 INFO  manager.WDListener - After find element By.xpath: //input[@placeholder='Phone']
20:37:41.618 INFO  manager.WDListener - Location of element input
20:37:41.627 INFO  manager.WDListener - Before click element --> inputtext=
20:37:41.659 INFO  manager.WDListener - After click element input
20:37:41.693 INFO  manager.WDListener - Send Keys input
20:37:41.780 INFO  manager.WDListener - Send Keys input
20:37:41.835 INFO  manager.WDListener - Send Keys input
20:37:41.917 INFO  manager.WDListener - After find element By.xpath: //input[@placeholder='email']
20:37:41.928 INFO  manager.WDListener - Location of element input
20:37:41.950 INFO  manager.WDListener - Before click element --> inputtext=
20:37:42.040 INFO  manager.WDListener - After click element input
20:37:42.091 INFO  manager.WDListener - Send Keys input
20:37:42.127 INFO  manager.WDListener - Send Keys input
20:37:42.155 INFO  manager.WDListener - Send Keys input
20:37:42.215 INFO  manager.WDListener - After find element By.xpath: //input[@placeholder='Address']
20:37:42.228 INFO  manager.WDListener - Location of element input
20:37:42.256 INFO  manager.WDListener - Before click element --> inputtext=
20:37:42.382 INFO  manager.WDListener - After click element input
20:37:42.425 INFO  manager.WDListener - Send Keys input
20:37:42.496 INFO  manager.WDListener - Send Keys input
20:37:42.537 INFO  manager.WDListener - Send Keys input
20:37:42.606 INFO  manager.WDListener - After find element By.xpath: //input[@placeholder='description']
20:37:42.616 INFO  manager.WDListener - Location of element input
20:37:42.639 INFO  manager.WDListener - Before click element --> inputtext=
20:37:42.724 INFO  manager.WDListener - After click element input
20:37:42.764 INFO  manager.WDListener - Send Keys input
20:37:42.845 INFO  manager.WDListener - Send Keys input
20:37:42.896 INFO  manager.WDListener - Send Keys input
20:37:42.962 INFO  manager.WDListener - After find element By.xpath: //b[text()='Save']
20:37:42.973 INFO  manager.WDListener - Location of element b
20:37:42.995 INFO  manager.WDListener - Before click element --> btext=Save
20:37:43.077 INFO  manager.WDListener - After click element b
20:37:43.077 INFO  manager.WDListener - Before find element By.cssSelector: a.active[href='/add']
20:37:43.094 INFO  manager.TestNGListener - Start test addNewContactWrongLastName=================
20:37:43.095 INFO  tests.TestBase - +++++++++++++++++++++++++++++++
20:37:43.096 INFO  tests.TestBase - Name of method -->addNewContactWrongName
20:37:43.097 INFO  manager.TestNGListener - Start test addNewContactWrongName=================
20:37:43.115 INFO  manager.WDListener - After find element By.xpath: //*[@href='/add']
20:37:43.124 INFO  manager.WDListener - Location of element a
20:37:43.140 INFO  manager.WDListener - Before click element --> atext=ADD
20:37:43.181 INFO  manager.WDListener - After click element a
20:37:43.196 INFO  manager.WDListener - After find element By.xpath: //input[@placeholder='Name']
20:37:43.207 INFO  manager.WDListener - Location of element input
20:37:43.232 INFO  manager.WDListener - Before click element --> inputtext=
20:37:43.312 INFO  manager.WDListener - After click element input
20:37:43.361 INFO  manager.WDListener - Send Keys input
20:37:43.442 INFO  manager.WDListener - Send Keys input
20:37:43.467 INFO  manager.WDListener - Send Keys input
20:37:43.494 INFO  manager.WDListener - After find element By.xpath: //input[@placeholder='Last Name']
20:37:43.502 INFO  manager.WDListener - Location of element input
20:37:43.522 INFO  manager.WDListener - Before click element --> inputtext=
20:37:43.601 INFO  manager.WDListener - After click element input
20:37:43.619 INFO  manager.WDListener - Send Keys input
20:37:43.636 INFO  manager.WDListener - Send Keys input
20:37:43.655 INFO  manager.WDListener - Send Keys input
20:37:43.686 INFO  manager.WDListener - After find element By.xpath: //input[@placeholder='Phone']
20:37:43.690 INFO  manager.WDListener - Location of element input
20:37:43.703 INFO  manager.WDListener - Before click element --> inputtext=
20:37:43.758 INFO  manager.WDListener - After click element input
20:37:43.805 INFO  manager.WDListener - Send Keys input
20:37:43.882 INFO  manager.WDListener - Send Keys input
20:37:43.934 INFO  manager.WDListener - Send Keys input
20:37:43.999 INFO  manager.WDListener - After find element By.xpath: //input[@placeholder='email']
20:37:44.008 INFO  manager.WDListener - Location of element input
20:37:44.028 INFO  manager.WDListener - Before click element --> inputtext=
20:37:44.112 INFO  manager.WDListener - After click element input
20:37:44.159 INFO  manager.WDListener - Send Keys input
20:37:44.221 INFO  manager.WDListener - Send Keys input
20:37:44.275 INFO  manager.WDListener - Send Keys input
20:37:44.338 INFO  manager.WDListener - After find element By.xpath: //input[@placeholder='Address']
20:37:44.348 INFO  manager.WDListener - Location of element input
20:37:44.371 INFO  manager.WDListener - Before click element --> inputtext=
20:37:44.446 INFO  manager.WDListener - After click element input
20:37:44.472 INFO  manager.WDListener - Send Keys input
20:37:44.546 INFO  manager.WDListener - Send Keys input
20:37:44.599 INFO  manager.WDListener - Send Keys input
20:37:44.661 INFO  manager.WDListener - After find element By.xpath: //input[@placeholder='description']
20:37:44.671 INFO  manager.WDListener - Location of element input
20:37:44.690 INFO  manager.WDListener - Before click element --> inputtext=
20:37:44.762 INFO  manager.WDListener - After click element input
20:37:44.848 INFO  manager.WDListener - Send Keys input
20:37:44.915 INFO  manager.WDListener - Send Keys input
20:37:44.955 INFO  manager.WDListener - Send Keys input
20:37:45.031 INFO  manager.WDListener - After find element By.xpath: //b[text()='Save']
20:37:45.040 INFO  manager.WDListener - Location of element b
20:37:45.058 INFO  manager.WDListener - Before click element --> btext=Save
20:37:45.097 INFO  manager.WDListener - After click element b
20:37:45.097 INFO  manager.WDListener - Before find element By.cssSelector: a.active[href='/add']
20:37:45.107 INFO  manager.TestNGListener - Start test addNewContactWrongName=================
20:37:45.107 INFO  tests.TestBase - +++++++++++++++++++++++++++++++
20:37:45.109 INFO  tests.TestBase - Name of method -->addNewContactWrongPhone
20:37:45.109 INFO  manager.TestNGListener - Start test addNewContactWrongPhone=================
20:37:45.126 INFO  manager.WDListener - After find element By.xpath: //*[@href='/add']
20:37:45.129 INFO  manager.WDListener - Location of element a
20:37:45.139 INFO  manager.WDListener - Before click element --> atext=ADD
20:37:45.177 INFO  manager.WDListener - After click element a
20:37:45.189 INFO  manager.WDListener - After find element By.xpath: //input[@placeholder='Name']
20:37:45.193 INFO  manager.WDListener - Location of element input
20:37:45.205 INFO  manager.WDListener - Before click element --> inputtext=
20:37:45.306 INFO  manager.WDListener - After click element input
20:37:45.323 INFO  manager.WDListener - Send Keys input
20:37:45.342 INFO  manager.WDListener - Send Keys input
20:37:45.368 INFO  manager.WDListener - Send Keys input
20:37:45.397 INFO  manager.WDListener - After find element By.xpath: //input[@placeholder='Last Name']
20:37:45.402 INFO  manager.WDListener - Location of element input
20:37:45.408 INFO  manager.WDListener - Before click element --> inputtext=
20:37:45.453 INFO  manager.WDListener - After click element input
20:37:45.505 INFO  manager.WDListener - Send Keys input
20:37:45.576 INFO  manager.WDListener - Send Keys input
20:37:45.625 INFO  manager.WDListener - Send Keys input
20:37:45.692 INFO  manager.WDListener - After find element By.xpath: //input[@placeholder='Phone']
20:37:45.698 INFO  manager.WDListener - Location of element input
20:37:45.707 INFO  manager.WDListener - Before click element --> inputtext=
20:37:45.776 INFO  manager.WDListener - After click element input
20:37:45.830 INFO  manager.WDListener - Send Keys input
20:37:45.899 INFO  manager.WDListener - Send Keys input
20:37:45.946 INFO  manager.WDListener - Send Keys input
20:37:45.991 INFO  manager.WDListener - After find element By.xpath: //input[@placeholder='email']
20:37:45.999 INFO  manager.WDListener - Location of element input
20:37:46.017 INFO  manager.WDListener - Before click element --> inputtext=
20:37:46.109 INFO  manager.WDListener - After click element input
20:37:46.143 INFO  manager.WDListener - Send Keys input
20:37:46.174 INFO  manager.WDListener - Send Keys input
20:37:46.192 INFO  manager.WDListener - Send Keys input
20:37:46.247 INFO  manager.WDListener - After find element By.xpath: //input[@placeholder='Address']
20:37:46.259 INFO  manager.WDListener - Location of element input
20:37:46.281 INFO  manager.WDListener - Before click element --> inputtext=
20:37:46.375 INFO  manager.WDListener - After click element input
20:37:46.431 INFO  manager.WDListener - Send Keys input
20:37:46.467 INFO  manager.WDListener - Send Keys input
20:37:46.488 INFO  manager.WDListener - Send Keys input
20:37:46.573 INFO  manager.WDListener - After find element By.xpath: //input[@placeholder='description']
20:37:46.583 INFO  manager.WDListener - Location of element input
20:37:46.603 INFO  manager.WDListener - Before click element --> inputtext=
20:37:46.698 INFO  manager.WDListener - After click element input
20:37:46.747 INFO  manager.WDListener - Send Keys input
20:37:46.814 INFO  manager.WDListener - Send Keys input
20:37:46.877 INFO  manager.WDListener - Send Keys input
20:37:46.962 INFO  manager.WDListener - After find element By.xpath: //b[text()='Save']
20:37:46.972 INFO  manager.WDListener - Location of element b
20:37:46.993 INFO  manager.WDListener - Before click element --> btext=Save
20:37:47.081 INFO  manager.WDListener - After click element b
20:37:47.081 INFO  manager.WDListener - Before find element By.cssSelector: a.active[href='/add']
20:37:47.111 INFO  manager.WDListener - Houston, we have a problem!
20:37:47.111 INFO  manager.WDListener - +++++++++++++++++++++++++++++++
20:37:47.111 INFO  manager.WDListener - Object target org.openqa.selenium.remote.RemoteWebDriver$RemoteTargetLocator@2cacb445
20:37:47.111 INFO  manager.WDListener - +++++++++++++++++++++++++++++++
20:37:47.111 INFO  manager.WDListener - Method name alert
20:37:47.111 INFO  manager.WDListener - +++++++++++++++++++++++++++++++
20:37:47.111 INFO  manager.WDListener - InvocationTargetException org.openqa.selenium.NoAlertPresentException: no such alert
  (Session info: chrome=145.0.7632.116)
Build info: version: '4.26.0', revision: '8ccf0219d7'
System info: os.name: 'Windows 11', os.arch: 'amd64', os.version: '10.0', java.version: '17.0.12'
Driver info: org.openqa.selenium.chrome.ChromeDriver
Command: [73527b76f3516ede1d2c16c3f87f3822, getAlertText {}]
Capabilities {acceptInsecureCerts: false, browserName: chrome, browserVersion: 145.0.7632.116, chrome: {chromedriverVersion: 145.0.7632.77 (da516187054a..., userDataDir: C:\Users\np170\AppData\Loca...}, fedcm:accounts: true, goog:chromeOptions: {debuggerAddress: localhost:59393}, goog:processID: 2176, networkConnectionEnabled: false, pageLoadStrategy: normal, platformName: windows, proxy: Proxy(), se:cdp: ws://localhost:59393/devtoo..., se:cdpVersion: 145.0.7632.116, setWindowRect: true, strictFileInteractability: false, timeouts: {implicit: 0, pageLoad: 300000, script: 30000}, unhandledPromptBehavior: dismiss and notify, webauthn:extension:credBlob: true, webauthn:extension:largeBlob: true, webauthn:extension:minPinLength: true, webauthn:extension:prf: true, webauthn:virtualAuthenticators: true}
Session ID: 73527b76f3516ede1d2c16c3f87f3822
20:37:47.112 INFO  manager.WDListener - +++++++++++++++++++++++++++++++
20:37:47.112 INFO  manager.WDListener - Screen with error is src/test/screenshots/screen_1155.png
20:37:47.640 INFO  manager.TestNGListener - Start test addNewContactWrongPhone=================
20:37:47.641 INFO  tests.TestBase - +++++++++++++++++++++++++++++++
20:37:47.642 INFO  tests.TestBase - Name of method -->addNewContactWrongPhone
20:37:47.643 INFO  manager.TestNGListener - Start test addNewContactWrongPhone=================
20:37:47.660 INFO  manager.WDListener - After find element By.xpath: //*[@href='/add']
20:37:47.677 INFO  manager.WDListener - Location of element a
20:37:47.704 INFO  manager.WDListener - Before click element --> atext=ADD
20:37:47.796 INFO  manager.WDListener - After click element a
20:37:47.818 INFO  manager.WDListener - After find element By.xpath: //input[@placeholder='Name']
20:37:47.825 INFO  manager.WDListener - Location of element input
20:37:47.847 INFO  manager.WDListener - Before click element --> inputtext=
20:37:47.925 INFO  manager.WDListener - After click element input
20:37:47.968 INFO  manager.WDListener - Send Keys input
20:37:48.031 INFO  manager.WDListener - Send Keys input
20:37:48.079 INFO  manager.WDListener - Send Keys input
20:37:48.136 INFO  manager.WDListener - After find element By.xpath: //input[@placeholder='Last Name']
20:37:48.143 INFO  manager.WDListener - Location of element input
20:37:48.162 INFO  manager.WDListener - Before click element --> inputtext=
20:37:48.238 INFO  manager.WDListener - After click element input
20:37:48.275 INFO  manager.WDListener - Send Keys input
20:37:48.338 INFO  manager.WDListener - Send Keys input
20:37:48.379 INFO  manager.WDListener - Send Keys input
20:37:48.441 INFO  manager.WDListener - After find element By.xpath: //input[@placeholder='Phone']
20:37:48.449 INFO  manager.WDListener - Location of element input
20:37:48.469 INFO  manager.WDListener - Before click element --> inputtext=
20:37:48.546 INFO  manager.WDListener - After click element input
20:37:48.567 INFO  manager.WDListener - Send Keys input
20:37:48.587 INFO  manager.WDListener - Send Keys input
20:37:48.604 INFO  manager.WDListener - Send Keys input
20:37:48.635 INFO  manager.WDListener - After find element By.xpath: //input[@placeholder='email']
20:37:48.639 INFO  manager.WDListener - Location of element input
20:37:48.646 INFO  manager.WDListener - Before click element --> inputtext=
20:37:48.728 INFO  manager.WDListener - After click element input
20:37:48.781 INFO  manager.WDListener - Send Keys input
20:37:48.846 INFO  manager.WDListener - Send Keys input
20:37:48.896 INFO  manager.WDListener - Send Keys input
20:37:48.965 INFO  manager.WDListener - After find element By.xpath: //input[@placeholder='Address']
20:37:48.974 INFO  manager.WDListener - Location of element input
20:37:48.996 INFO  manager.WDListener - Before click element --> inputtext=
20:37:49.077 INFO  manager.WDListener - After click element input
20:37:49.109 INFO  manager.WDListener - Send Keys input
20:37:49.138 INFO  manager.WDListener - Send Keys input
20:37:49.156 INFO  manager.WDListener - Send Keys input
20:37:49.212 INFO  manager.WDListener - After find element By.xpath: //input[@placeholder='description']
20:37:49.222 INFO  manager.WDListener - Location of element input
20:37:49.241 INFO  manager.WDListener - Before click element --> inputtext=
20:37:49.316 INFO  manager.WDListener - After click element input
20:37:49.361 INFO  manager.WDListener - Send Keys input
20:37:49.436 INFO  manager.WDListener - Send Keys input
20:37:49.459 INFO  manager.WDListener - Send Keys input
20:37:49.495 INFO  manager.WDListener - After find element By.xpath: //b[text()='Save']
20:37:49.501 INFO  manager.WDListener - Location of element b
20:37:49.509 INFO  manager.WDListener - Before click element --> btext=Save
20:37:49.573 INFO  manager.WDListener - After click element b
20:37:49.573 INFO  manager.WDListener - Before find element By.cssSelector: a.active[href='/add']
20:37:49.599 INFO  manager.WDListener - Houston, we have a problem!
20:37:49.600 INFO  manager.WDListener - +++++++++++++++++++++++++++++++
20:37:49.600 INFO  manager.WDListener - Object target org.openqa.selenium.remote.RemoteWebDriver$RemoteTargetLocator@5018b56b
20:37:49.600 INFO  manager.WDListener - +++++++++++++++++++++++++++++++
20:37:49.600 INFO  manager.WDListener - Method name alert
20:37:49.600 INFO  manager.WDListener - +++++++++++++++++++++++++++++++
20:37:49.600 INFO  manager.WDListener - InvocationTargetException org.openqa.selenium.NoAlertPresentException: no such alert
  (Session info: chrome=145.0.7632.116)
Build info: version: '4.26.0', revision: '8ccf0219d7'
System info: os.name: 'Windows 11', os.arch: 'amd64', os.version: '10.0', java.version: '17.0.12'
Driver info: org.openqa.selenium.chrome.ChromeDriver
Command: [73527b76f3516ede1d2c16c3f87f3822, getAlertText {}]
Capabilities {acceptInsecureCerts: false, browserName: chrome, browserVersion: 145.0.7632.116, chrome: {chromedriverVersion: 145.0.7632.77 (da516187054a..., userDataDir: C:\Users\np170\AppData\Loca...}, fedcm:accounts: true, goog:chromeOptions: {debuggerAddress: localhost:59393}, goog:processID: 2176, networkConnectionEnabled: false, pageLoadStrategy: normal, platformName: windows, proxy: Proxy(), se:cdp: ws://localhost:59393/devtoo..., se:cdpVersion: 145.0.7632.116, setWindowRect: true, strictFileInteractability: false, timeouts: {implicit: 0, pageLoad: 300000, script: 30000}, unhandledPromptBehavior: dismiss and notify, webauthn:extension:credBlob: true, webauthn:extension:largeBlob: true, webauthn:extension:minPinLength: true, webauthn:extension:prf: true, webauthn:virtualAuthenticators: true}
Session ID: 73527b76f3516ede1d2c16c3f87f3822
20:37:49.601 INFO  manager.WDListener - +++++++++++++++++++++++++++++++
20:37:49.601 INFO  manager.WDListener - Screen with error is src/test/screenshots/screen_1323.png
20:37:50.133 INFO  manager.TestNGListener - Start test addNewContactWrongPhone=================
20:37:50.135 INFO  tests.TestBase - +++++++++++++++++++++++++++++++
20:37:50.136 INFO  tests.TestBase - Name of method -->addNewContactWrongPhone
20:37:50.137 INFO  manager.TestNGListener - Start test addNewContactWrongPhone=================
20:37:50.154 INFO  manager.WDListener - After find element By.xpath: //*[@href='/add']
20:37:50.162 INFO  manager.WDListener - Location of element a
20:37:50.180 INFO  manager.WDListener - Before click element --> atext=ADD
20:37:50.262 INFO  manager.WDListener - After click element a
20:37:50.284 INFO  manager.WDListener - After find element By.xpath: //input[@placeholder='Name']
20:37:50.290 INFO  manager.WDListener - Location of element input
20:37:50.310 INFO  manager.WDListener - Before click element --> inputtext=
20:37:50.389 INFO  manager.WDListener - After click element input
20:37:50.429 INFO  manager.WDListener - Send Keys input
20:37:50.491 INFO  manager.WDListener - Send Keys input
20:37:50.529 INFO  manager.WDListener - Send Keys input
20:37:50.580 INFO  manager.WDListener - After find element By.xpath: //input[@placeholder='Last Name']
20:37:50.587 INFO  manager.WDListener - Location of element input
20:37:50.604 INFO  manager.WDListener - Before click element --> inputtext=
20:37:50.675 INFO  manager.WDListener - After click element input
20:37:50.715 INFO  manager.WDListener - Send Keys input
20:37:50.772 INFO  manager.WDListener - Send Keys input
20:37:50.811 INFO  manager.WDListener - Send Keys input
20:37:50.868 INFO  manager.WDListener - After find element By.xpath: //input[@placeholder='Phone']
20:37:50.875 INFO  manager.WDListener - Location of element input
20:37:50.892 INFO  manager.WDListener - Before click element --> inputtext=
20:37:50.982 INFO  manager.WDListener - After click element input
20:37:51.015 INFO  manager.WDListener - Send Keys input
20:37:51.054 INFO  manager.WDListener - Send Keys input
20:37:51.078 INFO  manager.WDListener - Send Keys input
20:37:51.159 INFO  manager.WDListener - After find element By.xpath: //input[@placeholder='email']
20:37:51.168 INFO  manager.WDListener - Location of element input
20:37:51.185 INFO  manager.WDListener - Before click element --> inputtext=
20:37:51.256 INFO  manager.WDListener - After click element input
20:37:51.278 INFO  manager.WDListener - Send Keys input
20:37:51.354 INFO  manager.WDListener - Send Keys input
20:37:51.394 INFO  manager.WDListener - Send Keys input
20:37:51.463 INFO  manager.WDListener - After find element By.xpath: //input[@placeholder='Address']
20:37:51.471 INFO  manager.WDListener - Location of element input
20:37:51.488 INFO  manager.WDListener - Before click element --> inputtext=
20:37:51.572 INFO  manager.WDListener - After click element input
20:37:51.613 INFO  manager.WDListener - Send Keys input
20:37:51.656 INFO  manager.WDListener - Send Keys input
20:37:51.673 INFO  manager.WDListener - Send Keys input
20:37:51.733 INFO  manager.WDListener - After find element By.xpath: //input[@placeholder='description']
20:37:51.742 INFO  manager.WDListener - Location of element input
20:37:51.760 INFO  manager.WDListener - Before click element --> inputtext=
20:37:51.845 INFO  manager.WDListener - After click element input
20:37:51.894 INFO  manager.WDListener - Send Keys input
20:37:51.963 INFO  manager.WDListener - Send Keys input
20:37:51.989 INFO  manager.WDListener - Send Keys input
20:37:52.037 INFO  manager.WDListener - After find element By.xpath: //b[text()='Save']
20:37:52.049 INFO  manager.WDListener - Location of element b
20:37:52.067 INFO  manager.WDListener - Before click element --> btext=Save
20:37:52.141 INFO  manager.WDListener - After click element b
20:37:52.141 INFO  manager.WDListener - Before find element By.cssSelector: a.active[href='/add']
20:37:52.163 INFO  manager.WDListener - Houston, we have a problem!
20:37:52.163 INFO  manager.WDListener - +++++++++++++++++++++++++++++++
20:37:52.163 INFO  manager.WDListener - Object target org.openqa.selenium.remote.RemoteWebDriver$RemoteTargetLocator@dbda472
20:37:52.163 INFO  manager.WDListener - +++++++++++++++++++++++++++++++
20:37:52.163 INFO  manager.WDListener - Method name alert
20:37:52.163 INFO  manager.WDListener - +++++++++++++++++++++++++++++++
20:37:52.163 INFO  manager.WDListener - InvocationTargetException org.openqa.selenium.NoAlertPresentException: no such alert
  (Session info: chrome=145.0.7632.116)
Build info: version: '4.26.0', revision: '8ccf0219d7'
System info: os.name: 'Windows 11', os.arch: 'amd64', os.version: '10.0', java.version: '17.0.12'
Driver info: org.openqa.selenium.chrome.ChromeDriver
Command: [73527b76f3516ede1d2c16c3f87f3822, getAlertText {}]
Capabilities {acceptInsecureCerts: false, browserName: chrome, browserVersion: 145.0.7632.116, chrome: {chromedriverVersion: 145.0.7632.77 (da516187054a..., userDataDir: C:\Users\np170\AppData\Loca...}, fedcm:accounts: true, goog:chromeOptions: {debuggerAddress: localhost:59393}, goog:processID: 2176, networkConnectionEnabled: false, pageLoadStrategy: normal, platformName: windows, proxy: Proxy(), se:cdp: ws://localhost:59393/devtoo..., se:cdpVersion: 145.0.7632.116, setWindowRect: true, strictFileInteractability: false, timeouts: {implicit: 0, pageLoad: 300000, script: 30000}, unhandledPromptBehavior: dismiss and notify, webauthn:extension:credBlob: true, webauthn:extension:largeBlob: true, webauthn:extension:minPinLength: true, webauthn:extension:prf: true, webauthn:virtualAuthenticators: true}
Session ID: 73527b76f3516ede1d2c16c3f87f3822
20:37:52.163 INFO  manager.WDListener - +++++++++++++++++++++++++++++++
20:37:52.163 INFO  manager.WDListener - Screen with error is src/test/screenshots/screen_1118.png
20:37:52.693 INFO  manager.TestNGListener - Start test addNewContactWrongPhone=================
20:37:52.693 INFO  tests.TestBase - +++++++++++++++++++++++++++++++
20:37:52.694 INFO  tests.TestBase - Name of method -->addNewContactWrongPhone
20:37:52.694 INFO  manager.TestNGListener - Start test addNewContactWrongPhone=================
20:37:52.712 INFO  manager.WDListener - After find element By.xpath: //*[@href='/add']
20:37:52.719 INFO  manager.WDListener - Location of element a
20:37:52.739 INFO  manager.WDListener - Before click element --> atext=ADD
20:37:52.806 INFO  manager.WDListener - After click element a
20:37:52.819 INFO  manager.WDListener - After find element By.xpath: //input[@placeholder='Name']
20:37:52.827 INFO  manager.WDListener - Location of element input
20:37:52.844 INFO  manager.WDListener - Before click element --> inputtext=
20:37:52.927 INFO  manager.WDListener - After click element input
20:37:52.969 INFO  manager.WDListener - Send Keys input
20:37:53.027 INFO  manager.WDListener - Send Keys input
20:37:53.069 INFO  manager.WDListener - Send Keys input
20:37:53.119 INFO  manager.WDListener - After find element By.xpath: //input[@placeholder='Last Name']
20:37:53.127 INFO  manager.WDListener - Location of element input
20:37:53.142 INFO  manager.WDListener - Before click element --> inputtext=
20:37:53.208 INFO  manager.WDListener - After click element input
20:37:53.253 INFO  manager.WDListener - Send Keys input
20:37:53.307 INFO  manager.WDListener - Send Keys input
20:37:53.342 INFO  manager.WDListener - Send Keys input
20:37:53.407 INFO  manager.WDListener - After find element By.xpath: //input[@placeholder='Phone']
20:37:53.415 INFO  manager.WDListener - Location of element input
20:37:53.429 INFO  manager.WDListener - Before click element --> inputtext=
20:37:53.497 INFO  manager.WDListener - After click element input
20:37:53.538 INFO  manager.WDListener - Send Keys input
20:37:53.594 INFO  manager.WDListener - Send Keys input
20:37:53.632 INFO  manager.WDListener - Send Keys input
20:37:53.700 INFO  manager.WDListener - After find element By.xpath: //input[@placeholder='email']
20:37:53.707 INFO  manager.WDListener - Location of element input
20:37:53.721 INFO  manager.WDListener - Before click element --> inputtext=
20:37:53.793 INFO  manager.WDListener - After click element input
20:37:53.836 INFO  manager.WDListener - Send Keys input
20:37:53.902 INFO  manager.WDListener - Send Keys input
20:37:53.941 INFO  manager.WDListener - Send Keys input
20:37:53.994 INFO  manager.WDListener - After find element By.xpath: //input[@placeholder='Address']
20:37:54.000 INFO  manager.WDListener - Location of element input
20:37:54.016 INFO  manager.WDListener - Before click element --> inputtext=
20:37:54.092 INFO  manager.WDListener - After click element input
20:37:54.129 INFO  manager.WDListener - Send Keys input
20:37:54.211 INFO  manager.WDListener - Send Keys input
20:37:54.260 INFO  manager.WDListener - Send Keys input
20:37:54.353 INFO  manager.WDListener - After find element By.xpath: //input[@placeholder='description']
20:37:54.360 INFO  manager.WDListener - Location of element input
20:37:54.379 INFO  manager.WDListener - Before click element --> inputtext=
20:37:54.456 INFO  manager.WDListener - After click element input
20:37:54.500 INFO  manager.WDListener - Send Keys input
20:37:54.580 INFO  manager.WDListener - Send Keys input
20:37:54.617 INFO  manager.WDListener - Send Keys input
20:37:54.667 INFO  manager.WDListener - After find element By.xpath: //b[text()='Save']
20:37:54.674 INFO  manager.WDListener - Location of element b
20:37:54.704 INFO  manager.WDListener - Before click element --> btext=Save
20:37:54.818 INFO  manager.WDListener - After click element b
20:37:54.818 INFO  manager.WDListener - Before find element By.cssSelector: a.active[href='/add']
20:37:54.853 INFO  manager.WDListener - Houston, we have a problem!
20:37:54.853 INFO  manager.WDListener - +++++++++++++++++++++++++++++++
20:37:54.853 INFO  manager.WDListener - Object target org.openqa.selenium.remote.RemoteWebDriver$RemoteTargetLocator@d65e744
20:37:54.853 INFO  manager.WDListener - +++++++++++++++++++++++++++++++
20:37:54.853 INFO  manager.WDListener - Method name alert
20:37:54.853 INFO  manager.WDListener - +++++++++++++++++++++++++++++++
20:37:54.853 INFO  manager.WDListener - InvocationTargetException org.openqa.selenium.NoAlertPresentException: no such alert
  (Session info: chrome=145.0.7632.116)
Build info: version: '4.26.0', revision: '8ccf0219d7'
System info: os.name: 'Windows 11', os.arch: 'amd64', os.version: '10.0', java.version: '17.0.12'
Driver info: org.openqa.selenium.chrome.ChromeDriver
Command: [73527b76f3516ede1d2c16c3f87f3822, getAlertText {}]
Capabilities {acceptInsecureCerts: false, browserName: chrome, browserVersion: 145.0.7632.116, chrome: {chromedriverVersion: 145.0.7632.77 (da516187054a..., userDataDir: C:\Users\np170\AppData\Loca...}, fedcm:accounts: true, goog:chromeOptions: {debuggerAddress: localhost:59393}, goog:processID: 2176, networkConnectionEnabled: false, pageLoadStrategy: normal, platformName: windows, proxy: Proxy(), se:cdp: ws://localhost:59393/devtoo..., se:cdpVersion: 145.0.7632.116, setWindowRect: true, strictFileInteractability: false, timeouts: {implicit: 0, pageLoad: 300000, script: 30000}, unhandledPromptBehavior: dismiss and notify, webauthn:extension:credBlob: true, webauthn:extension:largeBlob: true, webauthn:extension:minPinLength: true, webauthn:extension:prf: true, webauthn:virtualAuthenticators: true}
Session ID: 73527b76f3516ede1d2c16c3f87f3822
20:37:54.854 INFO  manager.WDListener - +++++++++++++++++++++++++++++++
20:37:54.854 INFO  manager.WDListener - Screen with error is src/test/screenshots/screen_1294.png
20:37:55.383 INFO  manager.TestNGListener - Start test addNewContactWrongPhone=================
20:37:55.383 INFO  tests.TestBase - +++++++++++++++++++++++++++++++
20:37:55.389 INFO  tests.TestBase - Name of method -->loginSuccess
20:37:55.390 INFO  manager.WDListener - Before find element By.xpath: //button[text()='Sign Out']
20:37:55.449 INFO  manager.WDListener - After find element By.xpath: //button[text()='Sign Out']
20:37:55.468 INFO  manager.WDListener - Location of element button
20:37:55.489 INFO  manager.WDListener - Before click element --> buttontext=Sign Out
20:37:55.598 INFO  tests.TestBase - Before method finished logout
20:37:55.599 INFO  manager.TestNGListener - Start test loginSuccess=================
20:37:55.599 INFO  tests.TestBase - Start test loginSuccess
20:37:55.600 INFO  tests.TestBase - Test data np7788@inbox.ru and password WadiNisnas8#
20:37:55.623 INFO  manager.WDListener - After find element By.cssSelector: a[href='/login']
20:37:55.631 INFO  manager.WDListener - Location of element a
20:37:55.648 INFO  manager.WDListener - Before click element --> atext=LOGIN
20:37:55.741 INFO  manager.WDListener - After click element a
20:37:55.763 INFO  manager.WDListener - After find element By.name: email
20:37:55.771 INFO  manager.WDListener - Location of element input
20:37:55.787 INFO  manager.WDListener - Before click element --> inputtext=
20:37:55.894 INFO  manager.WDListener - After click element input
20:37:55.940 INFO  manager.WDListener - Send Keys input
20:37:55.994 INFO  manager.WDListener - Send Keys input
20:37:56.045 INFO  manager.WDListener - Send Keys input
20:37:56.119 INFO  manager.WDListener - After find element By.xpath: //button[text()='Login']
20:37:56.128 INFO  manager.WDListener - Location of element button
20:37:56.147 INFO  manager.WDListener - Before click element --> buttontext=Login
20:37:56.244 INFO  manager.WDListener - Before find element By.xpath: //button[text()='Sign Out']
20:37:56.651 INFO  manager.TestNGListener - Start test loginSuccess=================
20:37:56.652 INFO  tests.TestBase - +++++++++++++++++++++++++++++++
20:37:56.653 INFO  tests.TestBase - Name of method -->loginSuccess
20:37:56.654 INFO  manager.WDListener - Before find element By.xpath: //button[text()='Sign Out']
20:37:56.662 INFO  manager.WDListener - Houston, we have a problem!
20:37:56.662 INFO  manager.WDListener - +++++++++++++++++++++++++++++++
20:37:56.662 INFO  manager.WDListener - Object target ChromeDriver: chrome on windows (73527b76f3516ede1d2c16c3f87f3822)
20:37:56.662 INFO  manager.WDListener - +++++++++++++++++++++++++++++++
20:37:56.662 INFO  manager.WDListener - Method name findElements
20:37:56.662 INFO  manager.WDListener - +++++++++++++++++++++++++++++++
20:37:56.662 INFO  manager.WDListener - InvocationTargetException org.openqa.selenium.UnhandledAlertException: unexpected alert open: {Alert text : Wrong email or password}
  (Session info: chrome=145.0.7632.116): Wrong email or password
Build info: version: '4.26.0', revision: '8ccf0219d7'
System info: os.name: 'Windows 11', os.arch: 'amd64', os.version: '10.0', java.version: '17.0.12'
Driver info: org.openqa.selenium.chrome.ChromeDriver
Command: [73527b76f3516ede1d2c16c3f87f3822, findElements {value=//button[text()='Sign Out'], using=xpath}]
Capabilities {acceptInsecureCerts: false, browserName: chrome, browserVersion: 145.0.7632.116, chrome: {chromedriverVersion: 145.0.7632.77 (da516187054a..., userDataDir: C:\Users\np170\AppData\Loca...}, fedcm:accounts: true, goog:chromeOptions: {debuggerAddress: localhost:59393}, goog:processID: 2176, networkConnectionEnabled: false, pageLoadStrategy: normal, platformName: windows, proxy: Proxy(), se:cdp: ws://localhost:59393/devtoo..., se:cdpVersion: 145.0.7632.116, setWindowRect: true, strictFileInteractability: false, timeouts: {implicit: 0, pageLoad: 300000, script: 30000}, unhandledPromptBehavior: dismiss and notify, webauthn:extension:credBlob: true, webauthn:extension:largeBlob: true, webauthn:extension:minPinLength: true, webauthn:extension:prf: true, webauthn:virtualAuthenticators: true}
Session ID: 73527b76f3516ede1d2c16c3f87f3822
20:37:56.662 INFO  manager.WDListener - +++++++++++++++++++++++++++++++
20:37:56.662 INFO  manager.WDListener - Screen with error is src/test/screenshots/screen_1632.png
20:37:57.093 INFO  manager.TestNGListener - Start test loginSuccess=================
20:37:57.094 INFO  manager.TestNGListener - Start test loginSuccess=================
20:37:57.094 INFO  tests.TestBase - +++++++++++++++++++++++++++++++
20:37:57.095 INFO  tests.TestBase - Name of method -->loginSuccess
20:37:57.096 INFO  manager.WDListener - Before find element By.xpath: //button[text()='Sign Out']
20:38:02.163 INFO  manager.TestNGListener - Start test loginSuccess=================
20:38:02.164 INFO  manager.TestNGListener - Start test loginSuccess=================
20:38:02.165 INFO  tests.TestBase - +++++++++++++++++++++++++++++++
20:38:02.166 INFO  tests.TestBase - Name of method -->loginSuccess
20:38:02.167 INFO  manager.WDListener - Before find element By.xpath: //button[text()='Sign Out']
20:38:07.232 INFO  manager.TestNGListener - Start test loginSuccess=================
20:38:07.232 INFO  manager.TestNGListener - Start test loginSuccess=================
20:38:07.233 INFO  tests.TestBase - +++++++++++++++++++++++++++++++
20:38:07.240 INFO  tests.TestBase - Name of method -->loginSuccessModel
20:38:07.240 INFO  manager.WDListener - Before find element By.xpath: //button[text()='Sign Out']
20:38:12.299 INFO  manager.TestNGListener - Start test loginSuccessModel=================
20:38:12.300 INFO  manager.TestNGListener - Start test loginSuccessModel=================
20:38:12.300 INFO  tests.TestBase - +++++++++++++++++++++++++++++++
20:38:12.301 INFO  tests.TestBase - Name of method -->loginSuccessModel
20:38:12.301 INFO  manager.WDListener - Before find element By.xpath: //button[text()='Sign Out']
20:38:17.319 INFO  manager.TestNGListener - Start test loginSuccessModel=================
20:38:17.319 INFO  manager.TestNGListener - Start test loginSuccessModel=================
20:38:17.319 INFO  tests.TestBase - +++++++++++++++++++++++++++++++
20:38:17.320 INFO  tests.TestBase - Name of method -->loginSuccessModel
20:38:17.321 INFO  manager.WDListener - Before find element By.xpath: //button[text()='Sign Out']
20:38:22.360 INFO  manager.TestNGListener - Start test loginSuccessModel=================
20:38:22.360 INFO  manager.TestNGListener - Start test loginSuccessModel=================
20:38:22.361 INFO  tests.TestBase - +++++++++++++++++++++++++++++++
20:38:22.362 INFO  tests.TestBase - Name of method -->loginUnregisteredUser
20:38:22.363 INFO  manager.WDListener - Before find element By.xpath: //button[text()='Sign Out']
20:38:27.423 INFO  manager.TestNGListener - Start test loginUnregisteredUser=================
20:38:27.424 INFO  manager.TestNGListener - Start test loginUnregisteredUser=================
20:38:27.424 INFO  tests.TestBase - +++++++++++++++++++++++++++++++
20:38:27.426 INFO  tests.TestBase - Name of method -->loginWrongEmail
20:38:27.427 INFO  manager.WDListener - Before find element By.xpath: //button[text()='Sign Out']
20:38:32.479 INFO  manager.TestNGListener - Start test loginWrongEmail=================
20:38:32.479 INFO  manager.TestNGListener - Start test loginWrongEmail=================
20:38:32.480 INFO  tests.TestBase - +++++++++++++++++++++++++++++++
20:38:32.481 INFO  tests.TestBase - Name of method -->loginWrongPassword
20:38:32.482 INFO  manager.WDListener - Before find element By.xpath: //button[text()='Sign Out']
20:38:37.502 INFO  manager.TestNGListener - Start test loginWrongPassword=================
20:38:37.502 INFO  manager.TestNGListener - Start test loginWrongPassword=================
20:38:37.503 INFO  tests.TestBase - +++++++++++++++++++++++++++++++
20:38:37.506 INFO  tests.TestBase - Name of method -->registrationRegisteredUser
20:38:37.507 INFO  manager.WDListener - Before find element By.xpath: //button[text()='Sign Out']
20:38:42.567 INFO  manager.TestNGListener - Start test registrationRegisteredUser=================
20:38:42.588 INFO  manager.WDListener - After find element By.cssSelector: a[href='/login']
20:38:42.597 INFO  manager.WDListener - Location of element a
20:38:42.618 INFO  manager.WDListener - Before click element --> atext=LOGIN
20:38:42.706 INFO  manager.WDListener - After click element a
20:38:42.721 INFO  manager.WDListener - After find element By.name: email
20:38:42.728 INFO  manager.WDListener - Location of element input
20:38:42.746 INFO  manager.WDListener - Before click element --> inputtext=
20:38:42.871 INFO  manager.WDListener - After click element input
20:38:42.936 INFO  manager.WDListener - Send Keys input
20:38:43.041 INFO  manager.WDListener - Send Keys input
20:38:43.092 INFO  manager.WDListener - Send Keys input
20:38:43.172 INFO  manager.WDListener - After find element By.name: password
20:38:43.182 INFO  manager.WDListener - Location of element input
20:38:43.204 INFO  manager.WDListener - Before click element --> inputtext=
20:38:43.308 INFO  manager.WDListener - After click element input
20:38:43.348 INFO  manager.WDListener - Send Keys input
20:38:43.411 INFO  manager.WDListener - Send Keys input
20:38:43.459 INFO  manager.WDListener - Send Keys input
20:38:43.545 INFO  manager.WDListener - After find element By.xpath: //button[text()='Registration']
20:38:43.554 INFO  manager.WDListener - Location of element button
20:38:43.573 INFO  manager.WDListener - Before click element --> buttontext=Registration
20:38:43.681 INFO  manager.WDListener - Houston, we have a problem!
20:38:43.681 INFO  manager.WDListener - +++++++++++++++++++++++++++++++
20:38:43.681 INFO  manager.WDListener - Object target org.openqa.selenium.remote.RemoteWebDriver$RemoteTargetLocator@6c8d638a
20:38:43.681 INFO  manager.WDListener - +++++++++++++++++++++++++++++++
20:38:43.681 INFO  manager.WDListener - Method name alert
20:38:43.681 INFO  manager.WDListener - +++++++++++++++++++++++++++++++
20:38:43.681 INFO  manager.WDListener - InvocationTargetException org.openqa.selenium.NoAlertPresentException: no such alert
  (Session info: chrome=145.0.7632.116)
Build info: version: '4.26.0', revision: '8ccf0219d7'
System info: os.name: 'Windows 11', os.arch: 'amd64', os.version: '10.0', java.version: '17.0.12'
Driver info: org.openqa.selenium.chrome.ChromeDriver
Command: [73527b76f3516ede1d2c16c3f87f3822, getAlertText {}]
Capabilities {acceptInsecureCerts: false, browserName: chrome, browserVersion: 145.0.7632.116, chrome: {chromedriverVersion: 145.0.7632.77 (da516187054a..., userDataDir: C:\Users\np170\AppData\Loca...}, fedcm:accounts: true, goog:chromeOptions: {debuggerAddress: localhost:59393}, goog:processID: 2176, networkConnectionEnabled: false, pageLoadStrategy: normal, platformName: windows, proxy: Proxy(), se:cdp: ws://localhost:59393/devtoo..., se:cdpVersion: 145.0.7632.116, setWindowRect: true, strictFileInteractability: false, timeouts: {implicit: 0, pageLoad: 300000, script: 30000}, unhandledPromptBehavior: dismiss and notify, webauthn:extension:credBlob: true, webauthn:extension:largeBlob: true, webauthn:extension:minPinLength: true, webauthn:extension:prf: true, webauthn:virtualAuthenticators: true}
Session ID: 73527b76f3516ede1d2c16c3f87f3822
20:38:43.682 INFO  manager.WDListener - +++++++++++++++++++++++++++++++
20:38:43.682 INFO  manager.WDListener - Screen with error is src/test/screenshots/screen_1942.png
20:38:44.212 INFO  manager.TestNGListener - Start test registrationRegisteredUser=================
20:38:44.213 INFO  tests.TestBase - +++++++++++++++++++++++++++++++
20:38:44.215 INFO  tests.TestBase - Name of method -->registrationSuccess
20:38:44.216 INFO  manager.WDListener - Before find element By.xpath: //button[text()='Sign Out']
20:38:49.269 INFO  manager.TestNGListener - Start test registrationSuccess=================
20:38:49.293 INFO  manager.WDListener - After find element By.cssSelector: a[href='/login']
20:38:49.310 INFO  manager.WDListener - Location of element a
20:38:49.333 INFO  manager.WDListener - Before click element --> atext=LOGIN
20:38:49.435 INFO  manager.WDListener - After click element a
20:38:49.451 INFO  manager.WDListener - After find element By.name: email
20:38:49.460 INFO  manager.WDListener - Location of element input
20:38:49.472 INFO  manager.WDListener - Before click element --> inputtext=
20:38:49.560 INFO  manager.WDListener - After click element input
20:38:49.614 INFO  manager.WDListener - Send Keys input
20:38:49.689 INFO  manager.WDListener - Send Keys input
20:38:49.747 INFO  manager.WDListener - Send Keys input
20:38:49.824 INFO  manager.WDListener - After find element By.name: password
20:38:49.833 INFO  manager.WDListener - Location of element input
20:38:49.850 INFO  manager.WDListener - Before click element --> inputtext=
20:38:49.939 INFO  manager.WDListener - After click element input
20:38:49.978 INFO  manager.WDListener - Send Keys input
20:38:50.011 INFO  manager.WDListener - Send Keys input
20:38:50.028 INFO  manager.WDListener - Send Keys input
20:38:50.062 INFO  manager.WDListener - After find element By.xpath: //button[text()='Registration']
20:38:50.073 INFO  manager.WDListener - Location of element button
20:38:50.103 INFO  manager.WDListener - Before click element --> buttontext=Registration
20:38:50.201 INFO  manager.WDListener - Before find element By.xpath: //button[text()='Sign Out']
20:38:50.744 INFO  manager.WDListener - After find element By.cssSelector: .contact-page_message__2qafk>h1
20:38:50.755 INFO  manager.WDListener - Location of element h1
20:38:50.769 INFO  manager.TestNGListener - Start test registrationSuccess=================
20:38:50.770 INFO  tests.TestBase - +++++++++++++++++++++++++++++++
20:38:50.771 INFO  tests.TestBase - Name of method -->registrationWrongEmail
20:38:50.772 INFO  manager.WDListener - Before find element By.xpath: //button[text()='Sign Out']
20:38:50.817 INFO  manager.WDListener - After find element By.xpath: //button[text()='Sign Out']
20:38:50.827 INFO  manager.WDListener - Location of element button
20:38:50.849 INFO  manager.WDListener - Before click element --> buttontext=Sign Out
20:38:50.964 INFO  manager.TestNGListener - Start test registrationWrongEmail=================
20:38:50.981 INFO  manager.WDListener - After find element By.cssSelector: a[href='/login']
20:38:50.990 INFO  manager.WDListener - Location of element a
20:38:51.011 INFO  manager.WDListener - Before click element --> atext=LOGIN
20:38:51.108 INFO  manager.WDListener - After click element a
20:38:51.125 INFO  manager.WDListener - After find element By.name: email
20:38:51.134 INFO  manager.WDListener - Location of element input
20:38:51.156 INFO  manager.WDListener - Before click element --> inputtext=
20:38:51.265 INFO  manager.WDListener - After click element input
20:38:51.310 INFO  manager.WDListener - Send Keys input
20:38:51.354 INFO  manager.WDListener - Send Keys input
20:38:51.408 INFO  manager.WDListener - Send Keys input
20:38:51.509 INFO  manager.WDListener - After find element By.name: password
20:38:51.519 INFO  manager.WDListener - Location of element input
20:38:51.540 INFO  manager.WDListener - Before click element --> inputtext=
20:38:51.643 INFO  manager.WDListener - After click element input
20:38:51.685 INFO  manager.WDListener - Send Keys input
20:38:51.730 INFO  manager.WDListener - Send Keys input
20:38:51.775 INFO  manager.WDListener - Send Keys input
20:38:51.835 INFO  manager.WDListener - After find element By.xpath: //button[text()='Registration']
20:38:51.847 INFO  manager.WDListener - Location of element button
20:38:51.874 INFO  manager.WDListener - Before click element --> buttontext=Registration
20:38:51.991 INFO  manager.WDListener - Houston, we have a problem!
20:38:51.991 INFO  manager.WDListener - +++++++++++++++++++++++++++++++
20:38:51.991 INFO  manager.WDListener - Object target org.openqa.selenium.remote.RemoteWebDriver$RemoteTargetLocator@7d07e04e
20:38:51.991 INFO  manager.WDListener - +++++++++++++++++++++++++++++++
20:38:51.991 INFO  manager.WDListener - Method name alert
20:38:51.991 INFO  manager.WDListener - +++++++++++++++++++++++++++++++
20:38:51.991 INFO  manager.WDListener - InvocationTargetException org.openqa.selenium.NoAlertPresentException: no such alert
  (Session info: chrome=145.0.7632.116)
Build info: version: '4.26.0', revision: '8ccf0219d7'
System info: os.name: 'Windows 11', os.arch: 'amd64', os.version: '10.0', java.version: '17.0.12'
Driver info: org.openqa.selenium.chrome.ChromeDriver
Command: [73527b76f3516ede1d2c16c3f87f3822, getAlertText {}]
Capabilities {acceptInsecureCerts: false, browserName: chrome, browserVersion: 145.0.7632.116, chrome: {chromedriverVersion: 145.0.7632.77 (da516187054a..., userDataDir: C:\Users\np170\AppData\Loca...}, fedcm:accounts: true, goog:chromeOptions: {debuggerAddress: localhost:59393}, goog:processID: 2176, networkConnectionEnabled: false, pageLoadStrategy: normal, platformName: windows, proxy: Proxy(), se:cdp: ws://localhost:59393/devtoo..., se:cdpVersion: 145.0.7632.116, setWindowRect: true, strictFileInteractability: false, timeouts: {implicit: 0, pageLoad: 300000, script: 30000}, unhandledPromptBehavior: dismiss and notify, webauthn:extension:credBlob: true, webauthn:extension:largeBlob: true, webauthn:extension:minPinLength: true, webauthn:extension:prf: true, webauthn:virtualAuthenticators: true}
Session ID: 73527b76f3516ede1d2c16c3f87f3822
20:38:51.991 INFO  manager.WDListener - +++++++++++++++++++++++++++++++
20:38:51.991 INFO  manager.WDListener - Screen with error is src/test/screenshots/screen_1933.png
20:38:52.522 INFO  manager.TestNGListener - Start test registrationWrongEmail=================
20:38:52.524 INFO  tests.TestBase - +++++++++++++++++++++++++++++++
20:38:52.525 INFO  tests.TestBase - Name of method -->registrationWrongPassword
20:38:52.526 INFO  manager.WDListener - Before find element By.xpath: //button[text()='Sign Out']
20:38:57.592 INFO  manager.TestNGListener - Start test registrationWrongPassword=================
20:38:57.608 INFO  manager.WDListener - After find element By.cssSelector: a[href='/login']
20:38:57.619 INFO  manager.WDListener - Location of element a
20:38:57.639 INFO  manager.WDListener - Before click element --> atext=LOGIN
20:38:57.749 INFO  manager.WDListener - After click element a
20:38:57.768 INFO  manager.WDListener - After find element By.name: email
20:38:57.783 INFO  manager.WDListener - Location of element input
20:38:57.821 INFO  manager.WDListener - Before click element --> inputtext=
20:38:57.948 INFO  manager.WDListener - After click element input
20:38:57.999 INFO  manager.WDListener - Send Keys input
20:38:58.073 INFO  manager.WDListener - Send Keys input
20:38:58.112 INFO  manager.WDListener - Send Keys input
20:38:58.184 INFO  manager.WDListener - After find element By.name: password
20:38:58.193 INFO  manager.WDListener - Location of element input
20:38:58.212 INFO  manager.WDListener - Before click element --> inputtext=
20:38:58.305 INFO  manager.WDListener - After click element input
20:38:58.346 INFO  manager.WDListener - Send Keys input
20:38:58.409 INFO  manager.WDListener - Send Keys input
20:38:58.457 INFO  manager.WDListener - Send Keys input
20:38:58.513 INFO  manager.WDListener - After find element By.xpath: //button[text()='Registration']
20:38:58.523 INFO  manager.WDListener - Location of element button
20:38:58.541 INFO  manager.WDListener - Before click element --> buttontext=Registration
20:38:58.637 INFO  manager.WDListener - Houston, we have a problem!
20:38:58.637 INFO  manager.WDListener - +++++++++++++++++++++++++++++++
20:38:58.637 INFO  manager.WDListener - Object target org.openqa.selenium.remote.RemoteWebDriver$RemoteTargetLocator@1fa29b9e
20:38:58.637 INFO  manager.WDListener - +++++++++++++++++++++++++++++++
20:38:58.637 INFO  manager.WDListener - Method name alert
20:38:58.637 INFO  manager.WDListener - +++++++++++++++++++++++++++++++
20:38:58.637 INFO  manager.WDListener - InvocationTargetException org.openqa.selenium.NoAlertPresentException: no such alert
  (Session info: chrome=145.0.7632.116)
Build info: version: '4.26.0', revision: '8ccf0219d7'
System info: os.name: 'Windows 11', os.arch: 'amd64', os.version: '10.0', java.version: '17.0.12'
Driver info: org.openqa.selenium.chrome.ChromeDriver
Command: [73527b76f3516ede1d2c16c3f87f3822, getAlertText {}]
Capabilities {acceptInsecureCerts: false, browserName: chrome, browserVersion: 145.0.7632.116, chrome: {chromedriverVersion: 145.0.7632.77 (da516187054a..., userDataDir: C:\Users\np170\AppData\Loca...}, fedcm:accounts: true, goog:chromeOptions: {debuggerAddress: localhost:59393}, goog:processID: 2176, networkConnectionEnabled: false, pageLoadStrategy: normal, platformName: windows, proxy: Proxy(), se:cdp: ws://localhost:59393/devtoo..., se:cdpVersion: 145.0.7632.116, setWindowRect: true, strictFileInteractability: false, timeouts: {implicit: 0, pageLoad: 300000, script: 30000}, unhandledPromptBehavior: dismiss and notify, webauthn:extension:credBlob: true, webauthn:extension:largeBlob: true, webauthn:extension:minPinLength: true, webauthn:extension:prf: true, webauthn:virtualAuthenticators: true}
Session ID: 73527b76f3516ede1d2c16c3f87f3822
20:38:58.637 INFO  manager.WDListener - +++++++++++++++++++++++++++++++
20:38:58.637 INFO  manager.WDListener - Screen with error is src/test/screenshots/screen_1063.png
20:38:59.175 INFO  manager.TestNGListener - Start test registrationWrongPassword=================
20:38:59.175 INFO  tests.TestBase - +++++++++++++++++++++++++++++++
20:38:59.177 INFO  tests.TestBase - Name of method -->removeFirstContact
20:38:59.178 INFO  manager.WDListener - Before find element By.xpath: //button[text()='Sign Out']
20:39:04.228 INFO  manager.WDListener - After find element By.cssSelector: a[href='/login']
20:39:04.238 INFO  manager.WDListener - Location of element a
20:39:04.250 INFO  manager.WDListener - Before click element --> atext=LOGIN
20:39:04.301 INFO  manager.WDListener - After click element a
20:39:04.312 INFO  manager.WDListener - After find element By.name: email
20:39:04.321 INFO  manager.WDListener - Location of element input
20:39:04.341 INFO  manager.WDListener - Before click element --> inputtext=
20:39:04.429 INFO  manager.WDListener - After click element input
20:39:04.476 INFO  manager.WDListener - Send Keys input
20:39:04.558 INFO  manager.WDListener - Send Keys input
20:39:04.622 INFO  manager.WDListener - Send Keys input
20:39:04.701 INFO  manager.WDListener - After find element By.name: password
20:39:04.708 INFO  manager.WDListener - Location of element input
20:39:04.723 INFO  manager.WDListener - Before click element --> inputtext=
20:39:04.807 INFO  manager.WDListener - After click element input
20:39:04.854 INFO  manager.WDListener - Send Keys input
20:39:04.927 INFO  manager.WDListener - Send Keys input
20:39:04.976 INFO  manager.WDListener - Send Keys input
20:39:05.090 INFO  manager.WDListener - After find element By.xpath: //button[text()='Login']
20:39:05.099 INFO  manager.WDListener - Location of element button
20:39:05.117 INFO  manager.WDListener - Before click element --> buttontext=Login
20:39:05.211 INFO  manager.WDListener - Before find element By.cssSelector: contact-item_card__2SOIM
20:39:10.280 INFO  manager.WDListener - After find element By.xpath: //*[@href='/add']
20:39:10.293 INFO  manager.WDListener - Location of element a
20:39:10.316 INFO  manager.WDListener - Before click element --> atext=ADD
20:39:10.458 INFO  manager.WDListener - After click element a
20:39:10.482 INFO  manager.WDListener - After find element By.xpath: //input[@placeholder='Name']
20:39:10.492 INFO  manager.WDListener - Location of element input
20:39:10.511 INFO  manager.WDListener - Before click element --> inputtext=
20:39:10.601 INFO  manager.WDListener - After click element input
20:39:10.652 INFO  manager.WDListener - Send Keys input
20:39:10.695 INFO  manager.WDListener - Send Keys input
20:39:10.739 INFO  manager.WDListener - Send Keys input
20:39:10.814 INFO  manager.WDListener - After find element By.xpath: //input[@placeholder='Last Name']
20:39:10.826 INFO  manager.WDListener - Location of element input
20:39:10.843 INFO  manager.WDListener - Before click element --> inputtext=
20:39:10.932 INFO  manager.WDListener - After click element input
20:39:10.979 INFO  manager.WDListener - Send Keys input
20:39:11.027 INFO  manager.WDListener - Send Keys input
20:39:11.069 INFO  manager.WDListener - Send Keys input
20:39:11.120 INFO  manager.WDListener - After find element By.xpath: //input[@placeholder='Phone']
20:39:11.130 INFO  manager.WDListener - Location of element input
20:39:11.153 INFO  manager.WDListener - Before click element --> inputtext=
20:39:11.260 INFO  manager.WDListener - After click element input
20:39:11.319 INFO  manager.WDListener - Send Keys input
20:39:11.362 INFO  manager.WDListener - Send Keys input
20:39:11.408 INFO  manager.WDListener - Send Keys input
20:39:11.483 INFO  manager.WDListener - After find element By.xpath: //input[@placeholder='email']
20:39:11.492 INFO  manager.WDListener - Location of element input
20:39:11.509 INFO  manager.WDListener - Before click element --> inputtext=
20:39:11.591 INFO  manager.WDListener - After click element input
20:39:11.633 INFO  manager.WDListener - Send Keys input
20:39:11.674 INFO  manager.WDListener - Send Keys input
20:39:11.727 INFO  manager.WDListener - Send Keys input
20:39:11.813 INFO  manager.WDListener - After find element By.xpath: //input[@placeholder='Address']
20:39:11.821 INFO  manager.WDListener - Location of element input
20:39:11.838 INFO  manager.WDListener - Before click element --> inputtext=
20:39:11.923 INFO  manager.WDListener - After click element input
20:39:11.960 INFO  manager.WDListener - Send Keys input
20:39:12.006 INFO  manager.WDListener - Send Keys input
20:39:12.055 INFO  manager.WDListener - Send Keys input
20:39:12.113 INFO  manager.WDListener - After find element By.xpath: //input[@placeholder='description']
20:39:12.140 INFO  manager.WDListener - Location of element input
20:39:12.161 INFO  manager.WDListener - Before click element --> inputtext=
20:39:12.246 INFO  manager.WDListener - After click element input
20:39:12.297 INFO  manager.WDListener - Send Keys input
20:39:12.342 INFO  manager.WDListener - Send Keys input
20:39:12.372 INFO  manager.WDListener - Send Keys input
20:39:12.450 INFO  manager.WDListener - After find element By.xpath: //b[text()='Save']
20:39:12.463 INFO  manager.WDListener - Location of element b
20:39:12.483 INFO  manager.WDListener - Before click element --> btext=Save
20:39:12.596 INFO  manager.WDListener - After click element b
20:39:13.110 INFO  manager.WDListener - Houston, we have a problem!
20:39:13.110 INFO  manager.WDListener - +++++++++++++++++++++++++++++++
20:39:13.111 INFO  manager.WDListener - Object target ChromeDriver: chrome on windows (73527b76f3516ede1d2c16c3f87f3822)
20:39:13.112 INFO  manager.WDListener - +++++++++++++++++++++++++++++++
20:39:13.112 INFO  manager.WDListener - Method name findElement
20:39:13.112 INFO  manager.WDListener - +++++++++++++++++++++++++++++++
20:39:13.112 INFO  manager.WDListener - InvocationTargetException org.openqa.selenium.UnhandledAlertException: unexpected alert open: {Alert text : Email not valid: must be a well-formed email address}
  (Session info: chrome=145.0.7632.116): Email not valid: must be a well-formed email address
Build info: version: '4.26.0', revision: '8ccf0219d7'
System info: os.name: 'Windows 11', os.arch: 'amd64', os.version: '10.0', java.version: '17.0.12'
Driver info: org.openqa.selenium.chrome.ChromeDriver
Command: [73527b76f3516ede1d2c16c3f87f3822, findElement {value=//*[@href='/add'], using=xpath}]
Capabilities {acceptInsecureCerts: false, browserName: chrome, browserVersion: 145.0.7632.116, chrome: {chromedriverVersion: 145.0.7632.77 (da516187054a..., userDataDir: C:\Users\np170\AppData\Loca...}, fedcm:accounts: true, goog:chromeOptions: {debuggerAddress: localhost:59393}, goog:processID: 2176, networkConnectionEnabled: false, pageLoadStrategy: normal, platformName: windows, proxy: Proxy(), se:cdp: ws://localhost:59393/devtoo..., se:cdpVersion: 145.0.7632.116, setWindowRect: true, strictFileInteractability: false, timeouts: {implicit: 0, pageLoad: 300000, script: 30000}, unhandledPromptBehavior: dismiss and notify, webauthn:extension:credBlob: true, webauthn:extension:largeBlob: true, webauthn:extension:minPinLength: true, webauthn:extension:prf: true, webauthn:virtualAuthenticators: true}
Session ID: 73527b76f3516ede1d2c16c3f87f3822
20:39:13.113 INFO  manager.WDListener - +++++++++++++++++++++++++++++++
20:39:13.113 INFO  manager.WDListener - Screen with error is src/test/screenshots/screen_1322.png
20:39:13.545 INFO  manager.TestNGListener - Start test removeFirstContact=================
20:39:13.546 INFO  manager.TestNGListener - Start test removeFirstContact=================
20:39:13.546 INFO  tests.TestBase - +++++++++++++++++++++++++++++++
20:39:13.547 INFO  manager.TestNGListener - Stop testing on date Wed Feb 25 20:37:07 IST 2026=================
