20:37:40.998 INFO  manager.ApplicationManager - All tests run in CHROME Browser
20:37:43.404 INFO  manager.ApplicationManager - The link is -->https://telranedu.web.app/home
20:37:43.426 INFO  manager.TestNGListener - Start tests on date Tue Feb 24 20:37:43 IST 2026=================
20:37:43.447 INFO  manager.WDListener - Before find element By.xpath: //button[text()='Sign Out']
20:37:48.581 INFO  manager.WDListener - After find element By.cssSelector: a[href='/login']
20:37:48.597 INFO  manager.WDListener - Location of element a
20:37:48.619 INFO  manager.WDListener - Before click element --> atext=LOGIN
20:37:48.696 INFO  manager.WDListener - After click element a
20:37:48.734 INFO  manager.WDListener - After find element By.name: email
20:37:48.745 INFO  manager.WDListener - Location of element input
20:37:48.767 INFO  manager.WDListener - Before click element --> inputtext=
20:37:48.834 INFO  manager.WDListener - After click element input
20:37:48.874 INFO  manager.WDListener - Send Keys input
20:37:48.926 INFO  manager.WDListener - Send Keys input
20:37:48.960 INFO  manager.WDListener - Send Keys input
20:37:49.034 INFO  manager.WDListener - After find element By.name: password
20:37:49.047 INFO  manager.WDListener - Location of element input
20:37:49.064 INFO  manager.WDListener - Before click element --> inputtext=
20:37:49.112 INFO  manager.WDListener - After click element input
20:37:49.137 INFO  manager.WDListener - Send Keys input
20:37:49.167 INFO  manager.WDListener - Send Keys input
20:37:49.197 INFO  manager.WDListener - Send Keys input
20:37:49.267 INFO  manager.WDListener - After find element By.xpath: //button[text()='Login']
20:37:49.277 INFO  manager.WDListener - Location of element button
20:37:49.294 INFO  manager.WDListener - Before click element --> buttontext=Login
20:37:49.400 INFO  tests.TestBase - Name of method -->addContactSuccessAllFieldsSCV
20:37:49.404 INFO  manager.TestNGListener - Start test addContactSuccessAllFieldsSCV=================
20:37:50.373 INFO  manager.WDListener - After find element By.xpath: //*[@href='/add']
20:37:50.385 INFO  manager.WDListener - Location of element a
20:37:50.404 INFO  manager.WDListener - Before click element --> atext=ADD
20:37:50.473 INFO  manager.WDListener - After click element a
20:37:50.514 INFO  manager.WDListener - After find element By.xpath: //input[@placeholder='Name']
20:37:50.531 INFO  manager.WDListener - Location of element input
20:37:50.550 INFO  manager.WDListener - Before click element --> inputtext=
20:37:50.621 INFO  manager.WDListener - After click element input
20:37:50.654 INFO  manager.WDListener - Send Keys input
20:37:50.689 INFO  manager.WDListener - Send Keys input
20:37:50.718 INFO  manager.WDListener - Send Keys input
20:37:50.788 INFO  manager.WDListener - After find element By.xpath: //input[@placeholder='Last Name']
20:37:50.801 INFO  manager.WDListener - Location of element input
20:37:50.827 INFO  manager.WDListener - Before click element --> inputtext=
20:37:50.901 INFO  manager.WDListener - After click element input
20:37:50.929 INFO  manager.WDListener - Send Keys input
20:37:50.964 INFO  manager.WDListener - Send Keys input
20:37:51.007 INFO  manager.WDListener - Send Keys input
20:37:51.071 INFO  manager.WDListener - After find element By.xpath: //input[@placeholder='Phone']
20:37:51.083 INFO  manager.WDListener - Location of element input
20:37:51.098 INFO  manager.WDListener - Before click element --> inputtext=
20:37:51.149 INFO  manager.WDListener - After click element input
20:37:51.176 INFO  manager.WDListener - Send Keys input
20:37:51.209 INFO  manager.WDListener - Send Keys input
20:37:51.235 INFO  manager.WDListener - Send Keys input
20:37:51.301 INFO  manager.WDListener - After find element By.xpath: //input[@placeholder='email']
20:37:51.315 INFO  manager.WDListener - Location of element input
20:37:51.330 INFO  manager.WDListener - Before click element --> inputtext=
20:37:51.385 INFO  manager.WDListener - After click element input
20:37:51.420 INFO  manager.WDListener - Send Keys input
20:37:51.471 INFO  manager.WDListener - Send Keys input
20:37:51.558 INFO  manager.WDListener - After find element By.xpath: //input[@placeholder='Address']
20:37:51.567 INFO  manager.WDListener - Location of element input
20:37:51.584 INFO  manager.WDListener - Before click element --> inputtext=
20:37:51.649 INFO  manager.WDListener - After click element input
20:37:51.680 INFO  manager.WDListener - Send Keys input
20:37:51.716 INFO  manager.WDListener - Send Keys input
20:37:51.744 INFO  manager.WDListener - Send Keys input
20:37:51.808 INFO  manager.WDListener - After find element By.xpath: //input[@placeholder='description']
20:37:51.818 INFO  manager.WDListener - Location of element input
20:37:51.835 INFO  manager.WDListener - Before click element --> inputtext=
20:37:51.886 INFO  manager.WDListener - After click element input
20:37:51.909 INFO  manager.WDListener - Send Keys input
20:37:51.934 INFO  manager.WDListener - Send Keys input
20:37:51.963 INFO  manager.WDListener - Send Keys input
20:37:52.344 INFO  manager.WDListener - After find element By.xpath: //b[text()='Save']
20:37:52.353 INFO  manager.WDListener - Location of element b
20:37:52.371 INFO  manager.WDListener - Before click element --> btext=Save
20:37:52.423 INFO  manager.WDListener - After click element b
20:37:52.424 INFO  manager.WDListener - Before find element By.cssSelector: h2
20:37:53.273 INFO  manager.WDListener - Before find element By.cssSelector: h3
20:37:53.546 INFO  manager.TestNGListener - Start test addContactSuccessAllFieldsSCV=================
20:37:53.548 INFO  tests.TestBase - +++++++++++++++++++++++++++++++
20:37:53.548 INFO  tests.TestBase - Name of method -->addContactSuccessAllFieldsSCV
20:37:53.549 INFO  manager.TestNGListener - Start test addContactSuccessAllFieldsSCV=================
20:37:53.568 INFO  manager.WDListener - After find element By.xpath: //*[@href='/add']
20:37:53.576 INFO  manager.WDListener - Location of element a
20:37:53.591 INFO  manager.WDListener - Before click element --> atext=ADD
20:37:53.674 INFO  manager.WDListener - After click element a
20:37:53.705 INFO  manager.WDListener - After find element By.xpath: //input[@placeholder='Name']
20:37:53.720 INFO  manager.WDListener - Location of element input
20:37:53.750 INFO  manager.WDListener - Before click element --> inputtext=
20:37:53.818 INFO  manager.WDListener - After click element input
20:37:53.848 INFO  manager.WDListener - Send Keys input
20:37:53.886 INFO  manager.WDListener - Send Keys input
20:37:53.920 INFO  manager.WDListener - Send Keys input
20:37:53.979 INFO  manager.WDListener - After find element By.xpath: //input[@placeholder='Last Name']
20:37:53.990 INFO  manager.WDListener - Location of element input
20:37:54.014 INFO  manager.WDListener - Before click element --> inputtext=
20:37:54.097 INFO  manager.WDListener - After click element input
20:37:54.129 INFO  manager.WDListener - Send Keys input
20:37:54.180 INFO  manager.WDListener - Send Keys input
20:37:54.210 INFO  manager.WDListener - Send Keys input
20:37:54.271 INFO  manager.WDListener - After find element By.xpath: //input[@placeholder='Phone']
20:37:54.283 INFO  manager.WDListener - Location of element input
20:37:54.299 INFO  manager.WDListener - Before click element --> inputtext=
20:37:54.354 INFO  manager.WDListener - After click element input
20:37:54.382 INFO  manager.WDListener - Send Keys input
20:37:54.411 INFO  manager.WDListener - Send Keys input
20:37:54.449 INFO  manager.WDListener - Send Keys input
20:37:54.497 INFO  manager.WDListener - After find element By.xpath: //input[@placeholder='email']
20:37:54.505 INFO  manager.WDListener - Location of element input
20:37:54.523 INFO  manager.WDListener - Before click element --> inputtext=
20:37:54.599 INFO  manager.WDListener - After click element input
20:37:54.625 INFO  manager.WDListener - Send Keys input
20:37:54.653 INFO  manager.WDListener - Send Keys input
20:37:54.685 INFO  manager.WDListener - After find element By.xpath: //input[@placeholder='Address']
20:37:54.693 INFO  manager.WDListener - Location of element input
20:37:54.704 INFO  manager.WDListener - Before click element --> inputtext=
20:37:54.755 INFO  manager.WDListener - After click element input
20:37:54.784 INFO  manager.WDListener - Send Keys input
20:37:54.811 INFO  manager.WDListener - Send Keys input
20:37:54.841 INFO  manager.WDListener - Send Keys input
20:37:54.903 INFO  manager.WDListener - After find element By.xpath: //input[@placeholder='description']
20:37:54.910 INFO  manager.WDListener - Location of element input
20:37:54.925 INFO  manager.WDListener - Before click element --> inputtext=
20:37:54.986 INFO  manager.WDListener - After click element input
20:37:55.014 INFO  manager.WDListener - Send Keys input
20:37:55.043 INFO  manager.WDListener - Send Keys input
20:37:55.075 INFO  manager.WDListener - Send Keys input
20:37:55.355 INFO  manager.WDListener - After find element By.xpath: //b[text()='Save']
20:37:55.363 INFO  manager.WDListener - Location of element b
20:37:55.377 INFO  manager.WDListener - Before click element --> btext=Save
20:37:55.431 INFO  manager.WDListener - After click element b
20:37:55.431 INFO  manager.WDListener - Before find element By.cssSelector: h2
20:37:56.226 INFO  manager.WDListener - Before find element By.cssSelector: h3
20:37:56.489 INFO  manager.TestNGListener - Start test addContactSuccessAllFieldsSCV=================
20:37:56.491 INFO  tests.TestBase - +++++++++++++++++++++++++++++++
20:37:56.500 INFO  manager.TestNGListener - Stop testing on date Tue Feb 24 20:37:43 IST 2026=================
