19:34:18.087 INFO  manager.ApplicationManager - All tests run in CHROME Browser
19:34:24.528 INFO  manager.ApplicationManager - The link is -->https://telranedu.web.app/home
19:34:24.553 INFO  manager.TestNGListener - Start tests on date Mon Feb 09 19:34:24 IST 2026=================
19:34:24.610 INFO  tests.TestBase - Name of method -->loginSuccess
19:34:24.614 INFO  manager.WDListener - Before find element By.xpath: //button[text()='Sign Out']
19:34:29.638 INFO  manager.TestNGListener - Start test loginSuccess=================
19:34:29.639 INFO  tests.TestBase - Start test loginSuccess
19:34:29.641 INFO  tests.TestBase - Test data np7788@inbox.ru and password WadiNisnas8#
19:34:29.757 INFO  manager.WDListener - After find element By.cssSelector: a[href='/login']
19:34:29.787 INFO  manager.WDListener - Location of element a
19:34:29.834 INFO  manager.WDListener - Before click element --> atext=LOGIN
19:34:29.971 INFO  manager.WDListener - After click element a
19:34:30.012 INFO  manager.WDListener - After find element By.name: email
19:34:30.025 INFO  manager.WDListener - Location of element input
19:34:30.049 INFO  manager.WDListener - Before click element --> inputtext=
19:34:30.134 INFO  manager.WDListener - After click element input
19:34:30.178 INFO  manager.WDListener - Send Keys input
19:34:30.234 INFO  manager.WDListener - Send Keys input
19:34:30.273 INFO  manager.WDListener - Send Keys input
19:34:30.358 INFO  manager.WDListener - After find element By.xpath: //button[text()='Login']
19:34:30.366 INFO  manager.WDListener - Location of element button
19:34:30.384 INFO  manager.WDListener - Before click element --> buttontext=Login
19:34:30.478 INFO  manager.WDListener - Before find element By.xpath: //button[text()='Sign Out']
19:34:31.659 INFO  manager.TestNGListener - Start test loginSuccess=================
19:34:31.661 INFO  tests.TestBase - +++++++++++++++++++++++++++++++
19:34:31.663 INFO  tests.TestBase - Name of method -->loginSuccess
19:34:31.664 INFO  manager.WDListener - Before find element By.xpath: //button[text()='Sign Out']
19:34:31.673 INFO  manager.WDListener - Huston, we have a problem!
19:34:31.674 INFO  manager.WDListener - +++++++++++++++++++++++++++++++
19:34:31.674 INFO  manager.WDListener - Object target ChromeDriver: chrome on windows (2bad224d317502939db47588ab3623d8)
19:34:31.675 INFO  manager.WDListener - +++++++++++++++++++++++++++++++
19:34:31.675 INFO  manager.WDListener - Method name findElements
19:34:31.675 INFO  manager.WDListener - +++++++++++++++++++++++++++++++
19:34:31.676 INFO  manager.WDListener - InvocationTargetException org.openqa.selenium.UnhandledAlertException: unexpected alert open: {Alert text : Wrong email or password}
  (Session info: chrome=144.0.7559.133): Wrong email or password
Build info: version: '4.26.0', revision: '8ccf0219d7'
System info: os.name: 'Windows 11', os.arch: 'amd64', os.version: '10.0', java.version: '17.0.12'
Driver info: org.openqa.selenium.chrome.ChromeDriver
Command: [2bad224d317502939db47588ab3623d8, findElements {value=//button[text()='Sign Out'], using=xpath}]
Capabilities {acceptInsecureCerts: false, browserName: chrome, browserVersion: 144.0.7559.133, chrome: {chromedriverVersion: 143.0.7499.192 (be2c1f4fd45..., userDataDir: C:\Users\np170\AppData\Loca...}, fedcm:accounts: true, goog:chromeOptions: {debuggerAddress: localhost:58701}, goog:processID: 14604, networkConnectionEnabled: false, pageLoadStrategy: normal, platformName: windows, proxy: Proxy(), se:cdp: ws://localhost:58701/devtoo..., se:cdpVersion: 144.0.7559.133, setWindowRect: true, strictFileInteractability: false, timeouts: {implicit: 0, pageLoad: 300000, script: 30000}, unhandledPromptBehavior: dismiss and notify, webauthn:extension:credBlob: true, webauthn:extension:largeBlob: true, webauthn:extension:minPinLength: true, webauthn:extension:prf: true, webauthn:virtualAuthenticators: true}
Session ID: 2bad224d317502939db47588ab3623d8
19:34:31.678 INFO  manager.WDListener - +++++++++++++++++++++++++++++++
19:34:31.678 INFO  manager.WDListener - Screen with error is src/test/screenshots/screen_1615.png
19:34:32.218 INFO  manager.TestNGListener - Start test loginSuccess=================
19:34:32.220 INFO  manager.TestNGListener - Start test loginSuccess=================
19:34:32.224 INFO  manager.TestNGListener - Start test loginSuccess=================
19:34:32.225 INFO  manager.TestNGListener - Start test loginSuccess=================
19:34:32.229 INFO  manager.TestNGListener - Start test loginSuccess=================
19:34:32.231 INFO  manager.TestNGListener - Start test loginSuccess=================
19:34:32.242 INFO  manager.TestNGListener - Stop testing on date Mon Feb 09 19:34:24 IST 2026=================
