18:19:50.746 INFO  manager.ApplicationManager - All tests run in CHROME Browser
18:19:54.785 INFO  manager.ApplicationManager - The link is -->https://telranedu.web.app/home
18:19:54.813 INFO  manager.TestNGListener - Start tests on date Thu Feb 12 18:19:54 IST 2026=================
18:19:54.848 INFO  manager.WDListener - Before find element By.xpath: //button[text()='Sign Out']
18:19:59.969 INFO  manager.WDListener - After find element By.cssSelector: a[href='/login']
18:19:59.983 INFO  manager.WDListener - Location of element a
18:20:00.026 INFO  manager.WDListener - Before click element --> atext=LOGIN
18:20:00.107 INFO  manager.WDListener - After click element a
18:20:00.141 INFO  manager.WDListener - After find element By.name: email
18:20:00.153 INFO  manager.WDListener - Location of element input
18:20:00.172 INFO  manager.WDListener - Before click element --> inputtext=
18:20:00.234 INFO  manager.WDListener - After click element input
18:20:00.272 INFO  manager.WDListener - Send Keys input
18:20:00.314 INFO  manager.WDListener - Send Keys input
18:20:00.369 INFO  manager.WDListener - Send Keys input
18:20:00.471 INFO  manager.WDListener - After find element By.name: password
18:20:00.481 INFO  manager.WDListener - Location of element input
18:20:00.496 INFO  manager.WDListener - Before click element --> inputtext=
18:20:00.549 INFO  manager.WDListener - After click element input
18:20:00.577 INFO  manager.WDListener - Send Keys input
18:20:00.608 INFO  manager.WDListener - Send Keys input
18:20:00.635 INFO  manager.WDListener - Send Keys input
18:20:00.702 INFO  manager.WDListener - After find element By.xpath: //button[text()='Login']
18:20:00.713 INFO  manager.WDListener - Location of element button
18:20:00.731 INFO  manager.WDListener - Before click element --> buttontext=Login
18:20:00.833 INFO  tests.TestBase - Name of method -->addContactSuccessAllFields
18:20:00.835 INFO  manager.TestNGListener - Start test addContactSuccessAllFields=================
18:20:01.825 INFO  manager.WDListener - After find element By.xpath: //*[@href='/add']
18:20:01.839 INFO  manager.WDListener - Location of element a
18:20:01.857 INFO  manager.WDListener - Before click element --> atext=ADD
18:20:01.912 INFO  manager.WDListener - After click element a
18:20:01.957 INFO  manager.WDListener - After find element By.xpath: //input[@placeholder='Name']
18:20:01.968 INFO  manager.WDListener - Location of element input
18:20:01.986 INFO  manager.WDListener - Before click element --> inputtext=
18:20:02.040 INFO  manager.WDListener - After click element input
18:20:02.067 INFO  manager.WDListener - Send Keys input
18:20:02.098 INFO  manager.WDListener - Send Keys input
18:20:02.128 INFO  manager.WDListener - Send Keys input
18:20:02.173 INFO  manager.WDListener - After find element By.xpath: //input[@placeholder='Last Name']
18:20:02.183 INFO  manager.WDListener - Location of element input
18:20:02.197 INFO  manager.WDListener - Before click element --> inputtext=
18:20:02.248 INFO  manager.WDListener - After click element input
18:20:02.278 INFO  manager.WDListener - Send Keys input
18:20:02.307 INFO  manager.WDListener - Send Keys input
18:20:02.339 INFO  manager.WDListener - Send Keys input
18:20:02.393 INFO  manager.WDListener - After find element By.xpath: //input[@placeholder='Phone']
18:20:02.404 INFO  manager.WDListener - Location of element input
18:20:02.423 INFO  manager.WDListener - Before click element --> inputtext=
18:20:02.480 INFO  manager.WDListener - After click element input
18:20:02.511 INFO  manager.WDListener - Send Keys input
18:20:02.545 INFO  manager.WDListener - Send Keys input
18:20:02.576 INFO  manager.WDListener - Send Keys input
18:20:02.635 INFO  manager.WDListener - After find element By.xpath: //input[@placeholder='email']
18:20:02.643 INFO  manager.WDListener - Location of element input
18:20:02.657 INFO  manager.WDListener - Before click element --> inputtext=
18:20:02.715 INFO  manager.WDListener - After click element input
18:20:02.742 INFO  manager.WDListener - Send Keys input
18:20:02.771 INFO  manager.WDListener - Send Keys input
18:20:02.800 INFO  manager.WDListener - Send Keys input
18:20:02.856 INFO  manager.WDListener - After find element By.xpath: //input[@placeholder='Address']
18:20:02.863 INFO  manager.WDListener - Location of element input
18:20:02.875 INFO  manager.WDListener - Before click element --> inputtext=
18:20:02.929 INFO  manager.WDListener - After click element input
18:20:02.960 INFO  manager.WDListener - Send Keys input
18:20:02.991 INFO  manager.WDListener - Send Keys input
18:20:03.022 INFO  manager.WDListener - Send Keys input
18:20:03.079 INFO  manager.WDListener - After find element By.xpath: //input[@placeholder='description']
18:20:03.085 INFO  manager.WDListener - Location of element input
18:20:03.103 INFO  manager.WDListener - Before click element --> inputtext=
18:20:03.163 INFO  manager.WDListener - After click element input
18:20:03.193 INFO  manager.WDListener - Send Keys input
18:20:03.225 INFO  manager.WDListener - Send Keys input
18:20:03.252 INFO  manager.WDListener - Send Keys input
18:20:03.590 INFO  manager.WDListener - After find element By.xpath: //b[text()='Save']
18:20:03.596 INFO  manager.WDListener - Location of element b
18:20:03.610 INFO  manager.WDListener - Before click element --> btext=Save
18:20:03.666 INFO  manager.WDListener - After click element b
18:20:03.667 INFO  manager.WDListener - Before find element By.cssSelector: h2
18:20:04.380 INFO  manager.WDListener - Before find element By.cssSelector: h3
18:20:04.505 INFO  manager.TestNGListener - Start test addContactSuccessAllFields=================
18:20:04.506 INFO  tests.TestBase - +++++++++++++++++++++++++++++++
18:20:04.507 INFO  tests.TestBase - Name of method -->addContactSuccessAllFields
18:20:04.508 INFO  manager.TestNGListener - Start test addContactSuccessAllFields=================
18:20:04.530 INFO  manager.WDListener - After find element By.xpath: //*[@href='/add']
18:20:04.543 INFO  manager.WDListener - Location of element a
18:20:04.558 INFO  manager.WDListener - Before click element --> atext=ADD
18:20:04.632 INFO  manager.WDListener - After click element a
18:20:04.650 INFO  manager.WDListener - After find element By.xpath: //input[@placeholder='Name']
18:20:04.658 INFO  manager.WDListener - Location of element input
18:20:04.675 INFO  manager.WDListener - Before click element --> inputtext=
18:20:04.763 INFO  manager.WDListener - After click element input
18:20:04.795 INFO  manager.WDListener - Send Keys input
18:20:04.828 INFO  manager.WDListener - Send Keys input
18:20:04.859 INFO  manager.WDListener - Send Keys input
18:20:04.906 INFO  manager.WDListener - After find element By.xpath: //input[@placeholder='Last Name']
18:20:04.913 INFO  manager.WDListener - Location of element input
18:20:04.930 INFO  manager.WDListener - Before click element --> inputtext=
18:20:04.987 INFO  manager.WDListener - After click element input
18:20:05.017 INFO  manager.WDListener - Send Keys input
18:20:05.054 INFO  manager.WDListener - Send Keys input
18:20:05.097 INFO  manager.WDListener - Send Keys input
18:20:05.147 INFO  manager.WDListener - After find element By.xpath: //input[@placeholder='Phone']
18:20:05.155 INFO  manager.WDListener - Location of element input
18:20:05.169 INFO  manager.WDListener - Before click element --> inputtext=
18:20:05.224 INFO  manager.WDListener - After click element input
18:20:05.253 INFO  manager.WDListener - Send Keys input
18:20:05.293 INFO  manager.WDListener - Send Keys input
18:20:05.322 INFO  manager.WDListener - Send Keys input
18:20:05.385 INFO  manager.WDListener - After find element By.xpath: //input[@placeholder='email']
18:20:05.399 INFO  manager.WDListener - Location of element input
18:20:05.429 INFO  manager.WDListener - Before click element --> inputtext=
18:20:05.514 INFO  manager.WDListener - After click element input
18:20:05.560 INFO  manager.WDListener - Send Keys input
18:20:05.594 INFO  manager.WDListener - Send Keys input
18:20:05.627 INFO  manager.WDListener - Send Keys input
18:20:05.680 INFO  manager.WDListener - After find element By.xpath: //input[@placeholder='Address']
18:20:05.687 INFO  manager.WDListener - Location of element input
18:20:05.702 INFO  manager.WDListener - Before click element --> inputtext=
18:20:05.762 INFO  manager.WDListener - After click element input
18:20:05.789 INFO  manager.WDListener - Send Keys input
18:20:05.831 INFO  manager.WDListener - Send Keys input
18:20:05.919 INFO  manager.WDListener - Send Keys input
18:20:06.031 INFO  manager.WDListener - After find element By.xpath: //input[@placeholder='description']
18:20:06.041 INFO  manager.WDListener - Location of element input
18:20:06.073 INFO  manager.WDListener - Before click element --> inputtext=
18:20:06.135 INFO  manager.WDListener - After click element input
18:20:06.163 INFO  manager.WDListener - Send Keys input
18:20:06.189 INFO  manager.WDListener - Send Keys input
18:20:06.469 INFO  manager.WDListener - After find element By.xpath: //b[text()='Save']
18:20:06.476 INFO  manager.WDListener - Location of element b
18:20:06.496 INFO  manager.WDListener - Before click element --> btext=Save
18:20:06.539 INFO  manager.WDListener - After click element b
18:20:06.539 INFO  manager.WDListener - Before find element By.cssSelector: h2
18:20:07.096 INFO  manager.WDListener - Before find element By.cssSelector: h3
18:20:07.205 INFO  manager.TestNGListener - Start test addContactSuccessAllFields=================
18:20:07.206 INFO  tests.TestBase - +++++++++++++++++++++++++++++++
18:20:07.215 INFO  manager.TestNGListener - Stop testing on date Thu Feb 12 18:19:54 IST 2026=================
