18:04:32.226 INFO  manager.ApplicationManager - All tests run in CHROME Browser
18:04:34.866 INFO  manager.ApplicationManager - The link is -->https://telranedu.web.app/home
18:04:34.892 INFO  manager.TestNGListener - Start tests on date Tue Feb 10 18:04:34 IST 2026=================
18:04:34.952 INFO  tests.TestBase - Name of method -->loginSuccess
18:04:34.955 INFO  manager.WDListener - Before find element By.xpath: //button[text()='Sign Out']
18:04:39.975 INFO  manager.TestNGListener - Start test loginSuccess=================
18:04:39.976 INFO  tests.TestBase - Start test loginSuccess
18:04:39.978 INFO  tests.TestBase - Test data np7788@inbox.ru and password WadiNisnas8#
18:04:40.068 INFO  manager.WDListener - After find element By.cssSelector: a[href='/login']
18:04:40.083 INFO  manager.WDListener - Location of element a
18:04:40.109 INFO  manager.WDListener - Before click element --> atext=LOGIN
18:04:40.184 INFO  manager.WDListener - After click element a
18:04:40.230 INFO  manager.WDListener - After find element By.name: email
18:04:40.241 INFO  manager.WDListener - Location of element input
18:04:40.259 INFO  manager.WDListener - Before click element --> inputtext=
18:04:40.318 INFO  manager.WDListener - After click element input
18:04:40.352 INFO  manager.WDListener - Send Keys input
18:04:40.407 INFO  manager.WDListener - Send Keys input
18:04:40.459 INFO  manager.WDListener - Send Keys input
18:04:40.532 INFO  manager.WDListener - After find element By.xpath: //button[text()='Login']
18:04:40.546 INFO  manager.WDListener - Location of element button
18:04:40.563 INFO  manager.WDListener - Before click element --> buttontext=Login
18:04:40.656 INFO  manager.WDListener - Before find element By.xpath: //button[text()='Sign Out']
18:04:41.729 INFO  manager.TestNGListener - Start test loginSuccess=================
18:04:41.730 INFO  tests.TestBase - +++++++++++++++++++++++++++++++
18:04:41.733 INFO  tests.TestBase - Name of method -->loginSuccess
18:04:41.734 INFO  manager.WDListener - Before find element By.xpath: //button[text()='Sign Out']
18:04:41.744 INFO  manager.WDListener - Huston, we have a problem!
18:04:41.744 INFO  manager.WDListener - +++++++++++++++++++++++++++++++
18:04:41.744 INFO  manager.WDListener - Object target ChromeDriver: chrome on windows (324e8e3c69f98e91137aa5625c4bc525)
18:04:41.745 INFO  manager.WDListener - +++++++++++++++++++++++++++++++
18:04:41.745 INFO  manager.WDListener - Method name findElements
18:04:41.745 INFO  manager.WDListener - +++++++++++++++++++++++++++++++
18:04:41.746 INFO  manager.WDListener - InvocationTargetException org.openqa.selenium.UnhandledAlertException: unexpected alert open: {Alert text : Wrong email or password}
  (Session info: chrome=144.0.7559.133): Wrong email or password
Build info: version: '4.26.0', revision: '8ccf0219d7'
System info: os.name: 'Windows 11', os.arch: 'amd64', os.version: '10.0', java.version: '17.0.12'
Driver info: org.openqa.selenium.chrome.ChromeDriver
Command: [324e8e3c69f98e91137aa5625c4bc525, findElements {using=xpath, value=//button[text()='Sign Out']}]
Capabilities {acceptInsecureCerts: false, browserName: chrome, browserVersion: 144.0.7559.133, chrome: {chromedriverVersion: 143.0.7499.192 (be2c1f4fd45..., userDataDir: C:\Users\np170\AppData\Loca...}, fedcm:accounts: true, goog:chromeOptions: {debuggerAddress: localhost:54393}, goog:processID: 6908, networkConnectionEnabled: false, pageLoadStrategy: normal, platformName: windows, proxy: Proxy(), se:cdp: ws://localhost:54393/devtoo..., se:cdpVersion: 144.0.7559.133, setWindowRect: true, strictFileInteractability: false, timeouts: {implicit: 0, pageLoad: 300000, script: 30000}, unhandledPromptBehavior: dismiss and notify, webauthn:extension:credBlob: true, webauthn:extension:largeBlob: true, webauthn:extension:minPinLength: true, webauthn:extension:prf: true, webauthn:virtualAuthenticators: true}
Session ID: 324e8e3c69f98e91137aa5625c4bc525
18:04:41.747 INFO  manager.WDListener - +++++++++++++++++++++++++++++++
18:04:41.748 INFO  manager.WDListener - Screen with error is src/test/screenshots/screen_1314.png
18:04:42.111 INFO  manager.TestNGListener - Start test loginSuccess=================
18:04:42.112 INFO  manager.TestNGListener - Start test loginSuccess=================
18:04:42.114 INFO  manager.TestNGListener - Start test loginSuccess=================
18:04:42.114 INFO  manager.TestNGListener - Start test loginSuccess=================
18:04:42.117 INFO  manager.TestNGListener - Start test loginSuccess=================
18:04:42.118 INFO  manager.TestNGListener - Start test loginSuccess=================
18:04:42.124 INFO  manager.TestNGListener - Stop testing on date Tue Feb 10 18:04:34 IST 2026=================
