22:15:55.763 INFO  manager.ApplicationManager - All tests run in CHROME Browser
22:15:58.364 INFO  manager.ApplicationManager - The link is -->https://telranedu.web.app/home
22:15:58.399 INFO  manager.TestNGListener - Start tests on date Mon Feb 23 22:15:58 IST 2026=================
22:15:58.470 INFO  tests.TestBase - Name of method -->loginSuccessModel
22:15:58.475 INFO  manager.WDListener - Before find element By.xpath: //button[text()='Sign Out']
22:16:03.526 INFO  manager.TestNGListener - Start test loginSuccessModel=================
22:16:03.529 INFO  tests.TestBase - Test data User{email='np7788@inbox.ru', password='WadiNisnas8#'}
22:16:03.609 INFO  manager.WDListener - After find element By.cssSelector: a[href='/login']
22:16:03.639 INFO  manager.WDListener - Location of element a
22:16:03.692 INFO  manager.WDListener - Before click element --> atext=LOGIN
22:16:03.854 INFO  manager.WDListener - After click element a
22:16:03.906 INFO  manager.WDListener - After find element By.name: email
22:16:03.921 INFO  manager.WDListener - Location of element input
22:16:03.951 INFO  manager.WDListener - Before click element --> inputtext=
22:16:04.093 INFO  manager.WDListener - After click element input
22:16:04.181 INFO  manager.WDListener - Send Keys input
22:16:04.267 INFO  manager.WDListener - Send Keys input
22:16:04.363 INFO  manager.WDListener - Send Keys input
22:16:04.514 INFO  manager.WDListener - After find element By.name: password
22:16:04.533 INFO  manager.WDListener - Location of element input
22:16:04.570 INFO  manager.WDListener - Before click element --> inputtext=
22:16:04.713 INFO  manager.WDListener - After click element input
22:16:04.780 INFO  manager.WDListener - Send Keys input
22:16:04.872 INFO  manager.WDListener - Send Keys input
22:16:04.947 INFO  manager.WDListener - Send Keys input
22:16:05.097 INFO  manager.WDListener - After find element By.xpath: //button[text()='Login']
22:16:05.118 INFO  manager.WDListener - Location of element button
22:16:05.166 INFO  manager.WDListener - Before click element --> buttontext=Login
22:16:05.312 INFO  manager.WDListener - Before find element By.xpath: //button[text()='Sign Out']
22:16:06.971 INFO  tests.TestBase - Assert checks if element button 'Sign out' is present
22:16:06.977 INFO  manager.TestNGListener - Start test loginSuccessModel=================
22:16:06.980 INFO  tests.TestBase - +++++++++++++++++++++++++++++++
22:16:06.983 INFO  tests.TestBase - Name of method -->loginSuccessModel
22:16:06.985 INFO  manager.WDListener - Before find element By.xpath: //button[text()='Sign Out']
22:16:07.110 INFO  manager.WDListener - After find element By.xpath: //button[text()='Sign Out']
22:16:07.142 INFO  manager.WDListener - Location of element button
22:16:07.186 INFO  manager.WDListener - Before click element --> buttontext=Sign Out
22:16:07.342 INFO  tests.TestBase - Before method finished logout
22:16:07.343 INFO  manager.TestNGListener - Start test loginSuccessModel=================
22:16:07.344 INFO  tests.TestBase - Test data User{email='np77@inbox.ru', password='Satiblai4t!'}
22:16:07.406 INFO  manager.WDListener - After find element By.cssSelector: a[href='/login']
22:16:07.425 INFO  manager.WDListener - Location of element a
22:16:07.466 INFO  manager.WDListener - Before click element --> atext=LOGIN
22:16:07.568 INFO  manager.WDListener - After click element a
22:16:07.598 INFO  manager.WDListener - After find element By.name: email
22:16:07.608 INFO  manager.WDListener - Location of element input
22:16:07.632 INFO  manager.WDListener - Before click element --> inputtext=
22:16:07.781 INFO  manager.WDListener - After click element input
22:16:07.833 INFO  manager.WDListener - Send Keys input
22:16:07.881 INFO  manager.WDListener - Send Keys input
22:16:07.922 INFO  manager.WDListener - Send Keys input
22:16:08.013 INFO  manager.WDListener - After find element By.name: password
22:16:08.032 INFO  manager.WDListener - Location of element input
22:16:08.065 INFO  manager.WDListener - Before click element --> inputtext=
22:16:08.205 INFO  manager.WDListener - After click element input
22:16:08.304 INFO  manager.WDListener - Send Keys input
22:16:08.346 INFO  manager.WDListener - Send Keys input
22:16:08.402 INFO  manager.WDListener - Send Keys input
22:16:08.506 INFO  manager.WDListener - After find element By.xpath: //button[text()='Login']
22:16:08.523 INFO  manager.WDListener - Location of element button
22:16:08.552 INFO  manager.WDListener - Before click element --> buttontext=Login
22:16:08.646 INFO  manager.WDListener - Before find element By.xpath: //button[text()='Sign Out']
22:16:08.963 INFO  tests.TestBase - Assert checks if element button 'Sign out' is present
22:16:08.964 INFO  manager.TestNGListener - Start test loginSuccessModel=================
22:16:08.967 INFO  tests.TestBase - +++++++++++++++++++++++++++++++
22:16:08.970 INFO  tests.TestBase - Name of method -->loginSuccessModel
22:16:08.973 INFO  manager.WDListener - Before find element By.xpath: //button[text()='Sign Out']
22:16:09.045 INFO  manager.WDListener - After find element By.xpath: //button[text()='Sign Out']
22:16:09.062 INFO  manager.WDListener - Location of element button
22:16:09.104 INFO  manager.WDListener - Before click element --> buttontext=Sign Out
22:16:09.262 INFO  tests.TestBase - Before method finished logout
22:16:09.263 INFO  manager.TestNGListener - Start test loginSuccessModel=================
22:16:09.265 INFO  tests.TestBase - Test data User{email='np7788@inbox.ru', password='WadiNisnas8#'}
22:16:09.311 INFO  manager.WDListener - After find element By.cssSelector: a[href='/login']
22:16:09.329 INFO  manager.WDListener - Location of element a
22:16:09.358 INFO  manager.WDListener - Before click element --> atext=LOGIN
22:16:09.470 INFO  manager.WDListener - After click element a
22:16:09.499 INFO  manager.WDListener - After find element By.name: email
22:16:09.511 INFO  manager.WDListener - Location of element input
22:16:09.541 INFO  manager.WDListener - Before click element --> inputtext=
22:16:09.654 INFO  manager.WDListener - After click element input
22:16:09.712 INFO  manager.WDListener - Send Keys input
22:16:09.774 INFO  manager.WDListener - Send Keys input
22:16:09.832 INFO  manager.WDListener - Send Keys input
22:16:09.931 INFO  manager.WDListener - After find element By.name: password
22:16:09.945 INFO  manager.WDListener - Location of element input
22:16:09.983 INFO  manager.WDListener - Before click element --> inputtext=
22:16:10.092 INFO  manager.WDListener - After click element input
22:16:10.135 INFO  manager.WDListener - Send Keys input
22:16:10.187 INFO  manager.WDListener - Send Keys input
22:16:10.251 INFO  manager.WDListener - Send Keys input
22:16:10.398 INFO  manager.WDListener - After find element By.xpath: //button[text()='Login']
22:16:10.413 INFO  manager.WDListener - Location of element button
22:16:10.455 INFO  manager.WDListener - Before click element --> buttontext=Login
22:16:10.623 INFO  manager.WDListener - Before find element By.xpath: //button[text()='Sign Out']
22:16:10.948 INFO  tests.TestBase - Assert checks if element button 'Sign out' is present
22:16:10.949 INFO  manager.TestNGListener - Start test loginSuccessModel=================
22:16:10.951 INFO  tests.TestBase - +++++++++++++++++++++++++++++++
22:16:10.956 INFO  manager.TestNGListener - Stop testing on date Mon Feb 23 22:15:58 IST 2026=================
