18:31:49.636 INFO  manager.ApplicationManager - All tests run in CHROME Browser
18:31:52.131 INFO  manager.ApplicationManager - The link is -->https://telranedu.web.app/home
18:31:52.153 INFO  manager.TestNGListener - Start tests on date Thu Feb 12 18:31:52 IST 2026=================
18:31:52.183 INFO  manager.WDListener - Before find element By.xpath: //button[text()='Sign Out']
18:31:57.264 INFO  manager.WDListener - After find element By.cssSelector: a[href='/login']
18:31:57.278 INFO  manager.WDListener - Location of element a
18:31:57.304 INFO  manager.WDListener - Before click element --> atext=LOGIN
18:31:57.381 INFO  manager.WDListener - After click element a
18:31:57.419 INFO  manager.WDListener - After find element By.name: email
18:31:57.430 INFO  manager.WDListener - Location of element input
18:31:57.451 INFO  manager.WDListener - Before click element --> inputtext=
18:31:57.520 INFO  manager.WDListener - After click element input
18:31:57.553 INFO  manager.WDListener - Send Keys input
18:31:57.599 INFO  manager.WDListener - Send Keys input
18:31:57.630 INFO  manager.WDListener - Send Keys input
18:31:57.737 INFO  manager.WDListener - After find element By.name: password
18:31:57.750 INFO  manager.WDListener - Location of element input
18:31:57.767 INFO  manager.WDListener - Before click element --> inputtext=
18:31:57.825 INFO  manager.WDListener - After click element input
18:31:57.879 INFO  manager.WDListener - Send Keys input
18:31:57.907 INFO  manager.WDListener - Send Keys input
18:31:57.935 INFO  manager.WDListener - Send Keys input
18:31:58.018 INFO  manager.WDListener - After find element By.xpath: //button[text()='Login']
18:31:58.025 INFO  manager.WDListener - Location of element button
18:31:58.040 INFO  manager.WDListener - Before click element --> buttontext=Login
18:31:58.138 INFO  tests.TestBase - Name of method -->addNewContactWrongPhone
18:31:58.141 INFO  manager.TestNGListener - Start test addNewContactWrongPhone=================
18:31:59.062 INFO  manager.WDListener - After find element By.xpath: //*[@href='/add']
18:31:59.072 INFO  manager.WDListener - Location of element a
18:31:59.088 INFO  manager.WDListener - Before click element --> atext=ADD
18:31:59.146 INFO  manager.WDListener - After click element a
18:31:59.180 INFO  manager.WDListener - After find element By.xpath: //input[@placeholder='Name']
18:31:59.194 INFO  manager.WDListener - Location of element input
18:31:59.221 INFO  manager.WDListener - Before click element --> inputtext=
18:31:59.300 INFO  manager.WDListener - After click element input
18:31:59.328 INFO  manager.WDListener - Send Keys input
18:31:59.358 INFO  manager.WDListener - Send Keys input
18:31:59.381 INFO  manager.WDListener - Send Keys input
18:31:59.429 INFO  manager.WDListener - After find element By.xpath: //input[@placeholder='Last Name']
18:31:59.440 INFO  manager.WDListener - Location of element input
18:31:59.453 INFO  manager.WDListener - Before click element --> inputtext=
18:31:59.525 INFO  manager.WDListener - After click element input
18:31:59.553 INFO  manager.WDListener - Send Keys input
18:31:59.581 INFO  manager.WDListener - Send Keys input
18:31:59.606 INFO  manager.WDListener - Send Keys input
18:31:59.658 INFO  manager.WDListener - After find element By.xpath: //input[@placeholder='Phone']
18:31:59.687 INFO  manager.WDListener - Location of element input
18:31:59.702 INFO  manager.WDListener - Before click element --> inputtext=
18:31:59.751 INFO  manager.WDListener - After click element input
18:31:59.776 INFO  manager.WDListener - Send Keys input
18:31:59.807 INFO  manager.WDListener - Send Keys input
18:31:59.833 INFO  manager.WDListener - Send Keys input
18:31:59.884 INFO  manager.WDListener - After find element By.xpath: //input[@placeholder='email']
18:31:59.893 INFO  manager.WDListener - Location of element input
18:31:59.908 INFO  manager.WDListener - Before click element --> inputtext=
18:31:59.962 INFO  manager.WDListener - After click element input
18:31:59.985 INFO  manager.WDListener - Send Keys input
18:32:00.015 INFO  manager.WDListener - Send Keys input
18:32:00.046 INFO  manager.WDListener - Send Keys input
18:32:00.110 INFO  manager.WDListener - After find element By.xpath: //input[@placeholder='Address']
18:32:00.123 INFO  manager.WDListener - Location of element input
18:32:00.141 INFO  manager.WDListener - Before click element --> inputtext=
18:32:00.190 INFO  manager.WDListener - After click element input
18:32:00.214 INFO  manager.WDListener - Send Keys input
18:32:00.251 INFO  manager.WDListener - Send Keys input
18:32:00.277 INFO  manager.WDListener - Send Keys input
18:32:00.327 INFO  manager.WDListener - After find element By.xpath: //input[@placeholder='description']
18:32:00.335 INFO  manager.WDListener - Location of element input
18:32:00.353 INFO  manager.WDListener - Before click element --> inputtext=
18:32:00.402 INFO  manager.WDListener - After click element input
18:32:00.426 INFO  manager.WDListener - Send Keys input
18:32:00.457 INFO  manager.WDListener - Send Keys input
18:32:00.489 INFO  manager.WDListener - Send Keys input
18:32:00.547 INFO  manager.WDListener - After find element By.xpath: //b[text()='Save']
18:32:00.557 INFO  manager.WDListener - Location of element b
18:32:00.574 INFO  manager.WDListener - Before click element --> btext=Save
18:32:00.632 INFO  manager.WDListener - After click element b
18:32:00.632 INFO  manager.WDListener - Before find element By.cssSelector: a.active[href='/add']
18:32:00.720 INFO  manager.WDListener - Houston, we have a problem!
18:32:00.720 INFO  manager.WDListener - +++++++++++++++++++++++++++++++
18:32:00.721 INFO  manager.WDListener - Object target org.openqa.selenium.remote.RemoteWebDriver$RemoteTargetLocator@102c577f
18:32:00.721 INFO  manager.WDListener - +++++++++++++++++++++++++++++++
18:32:00.722 INFO  manager.WDListener - Method name alert
18:32:00.722 INFO  manager.WDListener - +++++++++++++++++++++++++++++++
18:32:00.723 INFO  manager.WDListener - InvocationTargetException org.openqa.selenium.NoAlertPresentException: no such alert
  (Session info: chrome=144.0.7559.133)
Build info: version: '4.26.0', revision: '8ccf0219d7'
System info: os.name: 'Windows 11', os.arch: 'amd64', os.version: '10.0', java.version: '17.0.12'
Driver info: org.openqa.selenium.chrome.ChromeDriver
Command: [285aa22c4672ae08f67bf58c200290e0, getAlertText {}]
Capabilities {acceptInsecureCerts: false, browserName: chrome, browserVersion: 144.0.7559.133, chrome: {chromedriverVersion: 143.0.7499.192 (be2c1f4fd45..., userDataDir: C:\Users\np170\AppData\Loca...}, fedcm:accounts: true, goog:chromeOptions: {debuggerAddress: localhost:60015}, goog:processID: 6508, networkConnectionEnabled: false, pageLoadStrategy: normal, platformName: windows, proxy: Proxy(), se:cdp: ws://localhost:60015/devtoo..., se:cdpVersion: 144.0.7559.133, setWindowRect: true, strictFileInteractability: false, timeouts: {implicit: 0, pageLoad: 300000, script: 30000}, unhandledPromptBehavior: dismiss and notify, webauthn:extension:credBlob: true, webauthn:extension:largeBlob: true, webauthn:extension:minPinLength: true, webauthn:extension:prf: true, webauthn:virtualAuthenticators: true}
Session ID: 285aa22c4672ae08f67bf58c200290e0
18:32:00.725 INFO  manager.WDListener - +++++++++++++++++++++++++++++++
18:32:00.728 INFO  manager.WDListener - Screen with error is src/test/screenshots/screen_1991.png
18:32:01.298 INFO  manager.TestNGListener - Start test addNewContactWrongPhone=================
18:32:01.299 INFO  tests.TestBase - +++++++++++++++++++++++++++++++
18:32:01.302 INFO  tests.TestBase - Name of method -->addNewContactWrongPhone
18:32:01.303 INFO  manager.TestNGListener - Start test addNewContactWrongPhone=================
18:32:01.349 INFO  manager.WDListener - After find element By.xpath: //*[@href='/add']
18:32:01.365 INFO  manager.WDListener - Location of element a
18:32:01.394 INFO  manager.WDListener - Before click element --> atext=ADD
18:32:01.457 INFO  manager.WDListener - After click element a
18:32:01.478 INFO  manager.WDListener - After find element By.xpath: //input[@placeholder='Name']
18:32:01.485 INFO  manager.WDListener - Location of element input
18:32:01.498 INFO  manager.WDListener - Before click element --> inputtext=
18:32:01.555 INFO  manager.WDListener - After click element input
18:32:01.587 INFO  manager.WDListener - Send Keys input
18:32:01.634 INFO  manager.WDListener - Send Keys input
18:32:01.665 INFO  manager.WDListener - Send Keys input
18:32:01.706 INFO  manager.WDListener - After find element By.xpath: //input[@placeholder='Last Name']
18:32:01.715 INFO  manager.WDListener - Location of element input
18:32:01.729 INFO  manager.WDListener - Before click element --> inputtext=
18:32:01.772 INFO  manager.WDListener - After click element input
18:32:01.799 INFO  manager.WDListener - Send Keys input
18:32:01.847 INFO  manager.WDListener - Send Keys input
18:32:01.878 INFO  manager.WDListener - Send Keys input
18:32:01.921 INFO  manager.WDListener - After find element By.xpath: //input[@placeholder='Phone']
18:32:01.930 INFO  manager.WDListener - Location of element input
18:32:01.946 INFO  manager.WDListener - Before click element --> inputtext=
18:32:02.007 INFO  manager.WDListener - After click element input
18:32:02.038 INFO  manager.WDListener - Send Keys input
18:32:02.068 INFO  manager.WDListener - Send Keys input
18:32:02.098 INFO  manager.WDListener - Send Keys input
18:32:02.145 INFO  manager.WDListener - After find element By.xpath: //input[@placeholder='email']
18:32:02.154 INFO  manager.WDListener - Location of element input
18:32:02.172 INFO  manager.WDListener - Before click element --> inputtext=
18:32:02.234 INFO  manager.WDListener - After click element input
18:32:02.276 INFO  manager.WDListener - Send Keys input
18:32:02.359 INFO  manager.WDListener - Send Keys input
18:32:02.389 INFO  manager.WDListener - Send Keys input
18:32:02.447 INFO  manager.WDListener - After find element By.xpath: //input[@placeholder='Address']
18:32:02.456 INFO  manager.WDListener - Location of element input
18:32:02.471 INFO  manager.WDListener - Before click element --> inputtext=
18:32:02.533 INFO  manager.WDListener - After click element input
18:32:02.562 INFO  manager.WDListener - Send Keys input
18:32:02.615 INFO  manager.WDListener - Send Keys input
18:32:02.647 INFO  manager.WDListener - Send Keys input
18:32:02.703 INFO  manager.WDListener - After find element By.xpath: //input[@placeholder='description']
18:32:02.711 INFO  manager.WDListener - Location of element input
18:32:02.727 INFO  manager.WDListener - Before click element --> inputtext=
18:32:02.791 INFO  manager.WDListener - After click element input
18:32:02.815 INFO  manager.WDListener - Send Keys input
18:32:02.853 INFO  manager.WDListener - Send Keys input
18:32:02.877 INFO  manager.WDListener - Send Keys input
18:32:02.917 INFO  manager.WDListener - After find element By.xpath: //b[text()='Save']
18:32:02.923 INFO  manager.WDListener - Location of element b
18:32:02.934 INFO  manager.WDListener - Before click element --> btext=Save
18:32:02.973 INFO  manager.WDListener - After click element b
18:32:02.974 INFO  manager.WDListener - Before find element By.cssSelector: a.active[href='/add']
18:32:03.008 INFO  manager.WDListener - Houston, we have a problem!
18:32:03.009 INFO  manager.WDListener - +++++++++++++++++++++++++++++++
18:32:03.009 INFO  manager.WDListener - Object target org.openqa.selenium.remote.RemoteWebDriver$RemoteTargetLocator@39e69ea7
18:32:03.010 INFO  manager.WDListener - +++++++++++++++++++++++++++++++
18:32:03.010 INFO  manager.WDListener - Method name alert
18:32:03.011 INFO  manager.WDListener - +++++++++++++++++++++++++++++++
18:32:03.012 INFO  manager.WDListener - InvocationTargetException org.openqa.selenium.NoAlertPresentException: no such alert
  (Session info: chrome=144.0.7559.133)
Build info: version: '4.26.0', revision: '8ccf0219d7'
System info: os.name: 'Windows 11', os.arch: 'amd64', os.version: '10.0', java.version: '17.0.12'
Driver info: org.openqa.selenium.chrome.ChromeDriver
Command: [285aa22c4672ae08f67bf58c200290e0, getAlertText {}]
Capabilities {acceptInsecureCerts: false, browserName: chrome, browserVersion: 144.0.7559.133, chrome: {chromedriverVersion: 143.0.7499.192 (be2c1f4fd45..., userDataDir: C:\Users\np170\AppData\Loca...}, fedcm:accounts: true, goog:chromeOptions: {debuggerAddress: localhost:60015}, goog:processID: 6508, networkConnectionEnabled: false, pageLoadStrategy: normal, platformName: windows, proxy: Proxy(), se:cdp: ws://localhost:60015/devtoo..., se:cdpVersion: 144.0.7559.133, setWindowRect: true, strictFileInteractability: false, timeouts: {implicit: 0, pageLoad: 300000, script: 30000}, unhandledPromptBehavior: dismiss and notify, webauthn:extension:credBlob: true, webauthn:extension:largeBlob: true, webauthn:extension:minPinLength: true, webauthn:extension:prf: true, webauthn:virtualAuthenticators: true}
Session ID: 285aa22c4672ae08f67bf58c200290e0
18:32:03.013 INFO  manager.WDListener - +++++++++++++++++++++++++++++++
18:32:03.013 INFO  manager.WDListener - Screen with error is src/test/screenshots/screen_1312.png
18:32:03.557 INFO  manager.TestNGListener - Start test addNewContactWrongPhone=================
18:32:03.558 INFO  tests.TestBase - +++++++++++++++++++++++++++++++
18:32:03.559 INFO  tests.TestBase - Name of method -->addNewContactWrongPhone
18:32:03.560 INFO  manager.TestNGListener - Start test addNewContactWrongPhone=================
18:32:03.578 INFO  manager.WDListener - After find element By.xpath: //*[@href='/add']
18:32:03.586 INFO  manager.WDListener - Location of element a
18:32:03.602 INFO  manager.WDListener - Before click element --> atext=ADD
18:32:03.667 INFO  manager.WDListener - After click element a
18:32:03.686 INFO  manager.WDListener - After find element By.xpath: //input[@placeholder='Name']
18:32:03.695 INFO  manager.WDListener - Location of element input
18:32:03.711 INFO  manager.WDListener - Before click element --> inputtext=
18:32:03.775 INFO  manager.WDListener - After click element input
18:32:03.808 INFO  manager.WDListener - Send Keys input
18:32:03.857 INFO  manager.WDListener - Send Keys input
18:32:03.894 INFO  manager.WDListener - Send Keys input
18:32:03.942 INFO  manager.WDListener - After find element By.xpath: //input[@placeholder='Last Name']
18:32:03.950 INFO  manager.WDListener - Location of element input
18:32:03.962 INFO  manager.WDListener - Before click element --> inputtext=
18:32:04.007 INFO  manager.WDListener - After click element input
18:32:04.031 INFO  manager.WDListener - Send Keys input
18:32:04.083 INFO  manager.WDListener - Send Keys input
18:32:04.109 INFO  manager.WDListener - Send Keys input
18:32:04.157 INFO  manager.WDListener - After find element By.xpath: //input[@placeholder='Phone']
18:32:04.165 INFO  manager.WDListener - Location of element input
18:32:04.178 INFO  manager.WDListener - Before click element --> inputtext=
18:32:04.240 INFO  manager.WDListener - After click element input
18:32:04.265 INFO  manager.WDListener - Send Keys input
18:32:04.330 INFO  manager.WDListener - Send Keys input
18:32:04.363 INFO  manager.WDListener - Send Keys input
18:32:04.427 INFO  manager.WDListener - After find element By.xpath: //input[@placeholder='email']
18:32:04.434 INFO  manager.WDListener - Location of element input
18:32:04.462 INFO  manager.WDListener - Before click element --> inputtext=
18:32:04.532 INFO  manager.WDListener - After click element input
18:32:04.567 INFO  manager.WDListener - Send Keys input
18:32:04.644 INFO  manager.WDListener - Send Keys input
18:32:04.740 INFO  manager.WDListener - Send Keys input
18:32:04.815 INFO  manager.WDListener - After find element By.xpath: //input[@placeholder='Address']
18:32:04.822 INFO  manager.WDListener - Location of element input
18:32:04.838 INFO  manager.WDListener - Before click element --> inputtext=
18:32:04.890 INFO  manager.WDListener - After click element input
18:32:04.925 INFO  manager.WDListener - Send Keys input
18:32:04.972 INFO  manager.WDListener - Send Keys input
18:32:05.001 INFO  manager.WDListener - Send Keys input
18:32:05.048 INFO  manager.WDListener - After find element By.xpath: //input[@placeholder='description']
18:32:05.054 INFO  manager.WDListener - Location of element input
18:32:05.066 INFO  manager.WDListener - Before click element --> inputtext=
18:32:05.128 INFO  manager.WDListener - After click element input
18:32:05.158 INFO  manager.WDListener - Send Keys input
18:32:05.196 INFO  manager.WDListener - Send Keys input
18:32:05.221 INFO  manager.WDListener - Send Keys input
18:32:05.263 INFO  manager.WDListener - After find element By.xpath: //b[text()='Save']
18:32:05.269 INFO  manager.WDListener - Location of element b
18:32:05.284 INFO  manager.WDListener - Before click element --> btext=Save
18:32:05.333 INFO  manager.WDListener - After click element b
18:32:05.334 INFO  manager.WDListener - Before find element By.cssSelector: a.active[href='/add']
18:32:05.355 INFO  manager.WDListener - Houston, we have a problem!
18:32:05.355 INFO  manager.WDListener - +++++++++++++++++++++++++++++++
18:32:05.355 INFO  manager.WDListener - Object target org.openqa.selenium.remote.RemoteWebDriver$RemoteTargetLocator@3e36b7a0
18:32:05.355 INFO  manager.WDListener - +++++++++++++++++++++++++++++++
18:32:05.356 INFO  manager.WDListener - Method name alert
18:32:05.356 INFO  manager.WDListener - +++++++++++++++++++++++++++++++
18:32:05.356 INFO  manager.WDListener - InvocationTargetException org.openqa.selenium.NoAlertPresentException: no such alert
  (Session info: chrome=144.0.7559.133)
Build info: version: '4.26.0', revision: '8ccf0219d7'
System info: os.name: 'Windows 11', os.arch: 'amd64', os.version: '10.0', java.version: '17.0.12'
Driver info: org.openqa.selenium.chrome.ChromeDriver
Command: [285aa22c4672ae08f67bf58c200290e0, getAlertText {}]
Capabilities {acceptInsecureCerts: false, browserName: chrome, browserVersion: 144.0.7559.133, chrome: {chromedriverVersion: 143.0.7499.192 (be2c1f4fd45..., userDataDir: C:\Users\np170\AppData\Loca...}, fedcm:accounts: true, goog:chromeOptions: {debuggerAddress: localhost:60015}, goog:processID: 6508, networkConnectionEnabled: false, pageLoadStrategy: normal, platformName: windows, proxy: Proxy(), se:cdp: ws://localhost:60015/devtoo..., se:cdpVersion: 144.0.7559.133, setWindowRect: true, strictFileInteractability: false, timeouts: {implicit: 0, pageLoad: 300000, script: 30000}, unhandledPromptBehavior: dismiss and notify, webauthn:extension:credBlob: true, webauthn:extension:largeBlob: true, webauthn:extension:minPinLength: true, webauthn:extension:prf: true, webauthn:virtualAuthenticators: true}
Session ID: 285aa22c4672ae08f67bf58c200290e0
18:32:05.356 INFO  manager.WDListener - +++++++++++++++++++++++++++++++
18:32:05.356 INFO  manager.WDListener - Screen with error is src/test/screenshots/screen_1773.png
18:32:05.888 INFO  manager.TestNGListener - Start test addNewContactWrongPhone=================
18:32:05.890 INFO  tests.TestBase - +++++++++++++++++++++++++++++++
18:32:05.891 INFO  tests.TestBase - Name of method -->addNewContactWrongPhone
18:32:05.892 INFO  manager.TestNGListener - Start test addNewContactWrongPhone=================
18:32:05.914 INFO  manager.WDListener - After find element By.xpath: //*[@href='/add']
18:32:05.921 INFO  manager.WDListener - Location of element a
18:32:05.932 INFO  manager.WDListener - Before click element --> atext=ADD
18:32:05.983 INFO  manager.WDListener - After click element a
18:32:05.999 INFO  manager.WDListener - After find element By.xpath: //input[@placeholder='Name']
18:32:06.007 INFO  manager.WDListener - Location of element input
18:32:06.019 INFO  manager.WDListener - Before click element --> inputtext=
18:32:06.063 INFO  manager.WDListener - After click element input
18:32:06.088 INFO  manager.WDListener - Send Keys input
18:32:06.133 INFO  manager.WDListener - Send Keys input
18:32:06.156 INFO  manager.WDListener - Send Keys input
18:32:06.191 INFO  manager.WDListener - After find element By.xpath: //input[@placeholder='Last Name']
18:32:06.196 INFO  manager.WDListener - Location of element input
18:32:06.209 INFO  manager.WDListener - Before click element --> inputtext=
18:32:06.256 INFO  manager.WDListener - After click element input
18:32:06.280 INFO  manager.WDListener - Send Keys input
18:32:06.316 INFO  manager.WDListener - Send Keys input
18:32:06.342 INFO  manager.WDListener - Send Keys input
18:32:06.381 INFO  manager.WDListener - After find element By.xpath: //input[@placeholder='Phone']
18:32:06.387 INFO  manager.WDListener - Location of element input
18:32:06.401 INFO  manager.WDListener - Before click element --> inputtext=
18:32:06.446 INFO  manager.WDListener - After click element input
18:32:06.471 INFO  manager.WDListener - Send Keys input
18:32:06.512 INFO  manager.WDListener - Send Keys input
18:32:06.534 INFO  manager.WDListener - Send Keys input
18:32:06.572 INFO  manager.WDListener - After find element By.xpath: //input[@placeholder='email']
18:32:06.579 INFO  manager.WDListener - Location of element input
18:32:06.591 INFO  manager.WDListener - Before click element --> inputtext=
18:32:06.642 INFO  manager.WDListener - After click element input
18:32:06.665 INFO  manager.WDListener - Send Keys input
18:32:06.705 INFO  manager.WDListener - Send Keys input
18:32:06.729 INFO  manager.WDListener - Send Keys input
18:32:06.772 INFO  manager.WDListener - After find element By.xpath: //input[@placeholder='Address']
18:32:06.777 INFO  manager.WDListener - Location of element input
18:32:06.789 INFO  manager.WDListener - Before click element --> inputtext=
18:32:06.832 INFO  manager.WDListener - After click element input
18:32:06.860 INFO  manager.WDListener - Send Keys input
18:32:06.905 INFO  manager.WDListener - Send Keys input
18:32:06.928 INFO  manager.WDListener - Send Keys input
18:32:06.973 INFO  manager.WDListener - After find element By.xpath: //input[@placeholder='description']
18:32:06.979 INFO  manager.WDListener - Location of element input
18:32:06.990 INFO  manager.WDListener - Before click element --> inputtext=
18:32:07.033 INFO  manager.WDListener - After click element input
18:32:07.055 INFO  manager.WDListener - Send Keys input
18:32:07.094 INFO  manager.WDListener - Send Keys input
18:32:07.116 INFO  manager.WDListener - Send Keys input
18:32:07.156 INFO  manager.WDListener - After find element By.xpath: //b[text()='Save']
18:32:07.162 INFO  manager.WDListener - Location of element b
18:32:07.174 INFO  manager.WDListener - Before click element --> btext=Save
18:32:07.210 INFO  manager.WDListener - After click element b
18:32:07.210 INFO  manager.WDListener - Before find element By.cssSelector: a.active[href='/add']
18:32:07.236 INFO  manager.WDListener - Houston, we have a problem!
18:32:07.236 INFO  manager.WDListener - +++++++++++++++++++++++++++++++
18:32:07.236 INFO  manager.WDListener - Object target org.openqa.selenium.remote.RemoteWebDriver$RemoteTargetLocator@20ead579
18:32:07.236 INFO  manager.WDListener - +++++++++++++++++++++++++++++++
18:32:07.236 INFO  manager.WDListener - Method name alert
18:32:07.236 INFO  manager.WDListener - +++++++++++++++++++++++++++++++
18:32:07.236 INFO  manager.WDListener - InvocationTargetException org.openqa.selenium.NoAlertPresentException: no such alert
  (Session info: chrome=144.0.7559.133)
Build info: version: '4.26.0', revision: '8ccf0219d7'
System info: os.name: 'Windows 11', os.arch: 'amd64', os.version: '10.0', java.version: '17.0.12'
Driver info: org.openqa.selenium.chrome.ChromeDriver
Command: [285aa22c4672ae08f67bf58c200290e0, getAlertText {}]
Capabilities {acceptInsecureCerts: false, browserName: chrome, browserVersion: 144.0.7559.133, chrome: {chromedriverVersion: 143.0.7499.192 (be2c1f4fd45..., userDataDir: C:\Users\np170\AppData\Loca...}, fedcm:accounts: true, goog:chromeOptions: {debuggerAddress: localhost:60015}, goog:processID: 6508, networkConnectionEnabled: false, pageLoadStrategy: normal, platformName: windows, proxy: Proxy(), se:cdp: ws://localhost:60015/devtoo..., se:cdpVersion: 144.0.7559.133, setWindowRect: true, strictFileInteractability: false, timeouts: {implicit: 0, pageLoad: 300000, script: 30000}, unhandledPromptBehavior: dismiss and notify, webauthn:extension:credBlob: true, webauthn:extension:largeBlob: true, webauthn:extension:minPinLength: true, webauthn:extension:prf: true, webauthn:virtualAuthenticators: true}
Session ID: 285aa22c4672ae08f67bf58c200290e0
18:32:07.236 INFO  manager.WDListener - +++++++++++++++++++++++++++++++
18:32:07.236 INFO  manager.WDListener - Screen with error is src/test/screenshots/screen_1925.png
18:32:07.763 INFO  manager.TestNGListener - Start test addNewContactWrongPhone=================
18:32:07.765 INFO  tests.TestBase - +++++++++++++++++++++++++++++++
18:32:07.769 INFO  manager.TestNGListener - Stop testing on date Thu Feb 12 18:31:52 IST 2026=================
