18:20:26.587 INFO  manager.ApplicationManager - All tests run in CHROME Browser
18:20:29.329 INFO  manager.ApplicationManager - The link is -->https://telranedu.web.app/home
18:20:29.351 INFO  manager.TestNGListener - Start tests on date Tue Feb 24 18:20:29 IST 2026=================
18:20:29.377 INFO  manager.WDListener - Before find element By.xpath: //button[text()='Sign Out']
18:20:34.512 INFO  manager.WDListener - After find element By.cssSelector: a[href='/login']
18:20:34.524 INFO  manager.WDListener - Location of element a
18:20:34.550 INFO  manager.WDListener - Before click element --> atext=LOGIN
18:20:34.617 INFO  manager.WDListener - After click element a
18:20:34.648 INFO  manager.WDListener - After find element By.name: email
18:20:34.658 INFO  manager.WDListener - Location of element input
18:20:34.672 INFO  manager.WDListener - Before click element --> inputtext=
18:20:34.736 INFO  manager.WDListener - After click element input
18:20:34.768 INFO  manager.WDListener - Send Keys input
18:20:34.806 INFO  manager.WDListener - Send Keys input
18:20:34.834 INFO  manager.WDListener - Send Keys input
18:20:34.895 INFO  manager.WDListener - After find element By.name: password
18:20:34.903 INFO  manager.WDListener - Location of element input
18:20:34.918 INFO  manager.WDListener - Before click element --> inputtext=
18:20:34.974 INFO  manager.WDListener - After click element input
18:20:35.003 INFO  manager.WDListener - Send Keys input
18:20:35.037 INFO  manager.WDListener - Send Keys input
18:20:35.071 INFO  manager.WDListener - Send Keys input
18:20:35.133 INFO  manager.WDListener - After find element By.xpath: //button[text()='Login']
18:20:35.170 INFO  manager.WDListener - Location of element button
18:20:35.187 INFO  manager.WDListener - Before click element --> buttontext=Login
18:20:35.275 INFO  tests.TestBase - Name of method -->addContactSuccessAllFields
18:20:35.276 INFO  manager.TestNGListener - Start test addContactSuccessAllFields=================
18:20:36.232 INFO  manager.WDListener - After find element By.xpath: //*[@href='/add']
18:20:36.246 INFO  manager.WDListener - Location of element a
18:20:36.268 INFO  manager.WDListener - Before click element --> atext=ADD
18:20:36.331 INFO  manager.WDListener - After click element a
18:20:36.357 INFO  manager.WDListener - After find element By.xpath: //input[@placeholder='Name']
18:20:36.371 INFO  manager.WDListener - Location of element input
18:20:36.392 INFO  manager.WDListener - Before click element --> inputtext=
18:20:36.446 INFO  manager.WDListener - After click element input
18:20:36.475 INFO  manager.WDListener - Send Keys input
18:20:36.507 INFO  manager.WDListener - Send Keys input
18:20:36.542 INFO  manager.WDListener - Send Keys input
18:20:36.593 INFO  manager.WDListener - After find element By.xpath: //input[@placeholder='Last Name']
18:20:36.602 INFO  manager.WDListener - Location of element input
18:20:36.617 INFO  manager.WDListener - Before click element --> inputtext=
18:20:36.665 INFO  manager.WDListener - After click element input
18:20:36.700 INFO  manager.WDListener - Send Keys input
18:20:36.731 INFO  manager.WDListener - Send Keys input
18:20:36.760 INFO  manager.WDListener - Send Keys input
18:20:36.817 INFO  manager.WDListener - After find element By.xpath: //input[@placeholder='Phone']
18:20:36.828 INFO  manager.WDListener - Location of element input
18:20:36.858 INFO  manager.WDListener - Before click element --> inputtext=
18:20:36.915 INFO  manager.WDListener - After click element input
18:20:36.946 INFO  manager.WDListener - Send Keys input
18:20:36.971 INFO  manager.WDListener - Send Keys input
18:20:36.998 INFO  manager.WDListener - Send Keys input
18:20:37.070 INFO  manager.WDListener - After find element By.xpath: //input[@placeholder='email']
18:20:37.084 INFO  manager.WDListener - Location of element input
18:20:37.107 INFO  manager.WDListener - Before click element --> inputtext=
18:20:37.183 INFO  manager.WDListener - After click element input
18:20:37.216 INFO  manager.WDListener - Send Keys input
18:20:37.244 INFO  manager.WDListener - Send Keys input
18:20:37.278 INFO  manager.WDListener - Send Keys input
18:20:37.347 INFO  manager.WDListener - After find element By.xpath: //input[@placeholder='Address']
18:20:37.357 INFO  manager.WDListener - Location of element input
18:20:37.391 INFO  manager.WDListener - Before click element --> inputtext=
18:20:37.443 INFO  manager.WDListener - After click element input
18:20:37.467 INFO  manager.WDListener - Send Keys input
18:20:37.496 INFO  manager.WDListener - Send Keys input
18:20:37.522 INFO  manager.WDListener - Send Keys input
18:20:37.576 INFO  manager.WDListener - After find element By.xpath: //input[@placeholder='description']
18:20:37.584 INFO  manager.WDListener - Location of element input
18:20:37.601 INFO  manager.WDListener - Before click element --> inputtext=
18:20:37.646 INFO  manager.WDListener - After click element input
18:20:37.669 INFO  manager.WDListener - Send Keys input
18:20:37.700 INFO  manager.WDListener - Send Keys input
18:20:37.741 INFO  manager.WDListener - Send Keys input
18:20:38.126 INFO  manager.WDListener - After find element By.xpath: //b[text()='Save']
18:20:38.137 INFO  manager.WDListener - Location of element b
18:20:38.159 INFO  manager.WDListener - Before click element --> btext=Save
18:20:38.210 INFO  manager.WDListener - After click element b
18:20:38.210 INFO  manager.WDListener - Before find element By.cssSelector: h2
18:20:38.941 INFO  manager.WDListener - Before find element By.cssSelector: h3
18:20:39.092 INFO  manager.TestNGListener - Start test addContactSuccessAllFields=================
18:20:39.093 INFO  tests.TestBase - +++++++++++++++++++++++++++++++
18:20:39.094 INFO  tests.TestBase - Name of method -->addContactSuccessAllFields
18:20:39.094 INFO  manager.TestNGListener - Start test addContactSuccessAllFields=================
18:20:39.115 INFO  manager.WDListener - After find element By.xpath: //*[@href='/add']
18:20:39.124 INFO  manager.WDListener - Location of element a
18:20:39.140 INFO  manager.WDListener - Before click element --> atext=ADD
18:20:39.205 INFO  manager.WDListener - After click element a
18:20:39.230 INFO  manager.WDListener - After find element By.xpath: //input[@placeholder='Name']
18:20:39.238 INFO  manager.WDListener - Location of element input
18:20:39.255 INFO  manager.WDListener - Before click element --> inputtext=
18:20:39.316 INFO  manager.WDListener - After click element input
18:20:39.346 INFO  manager.WDListener - Send Keys input
18:20:39.377 INFO  manager.WDListener - Send Keys input
18:20:39.407 INFO  manager.WDListener - Send Keys input
18:20:39.448 INFO  manager.WDListener - After find element By.xpath: //input[@placeholder='Last Name']
18:20:39.456 INFO  manager.WDListener - Location of element input
18:20:39.469 INFO  manager.WDListener - Before click element --> inputtext=
18:20:39.519 INFO  manager.WDListener - After click element input
18:20:39.543 INFO  manager.WDListener - Send Keys input
18:20:39.576 INFO  manager.WDListener - Send Keys input
18:20:39.603 INFO  manager.WDListener - Send Keys input
18:20:39.659 INFO  manager.WDListener - After find element By.xpath: //input[@placeholder='Phone']
18:20:39.671 INFO  manager.WDListener - Location of element input
18:20:39.697 INFO  manager.WDListener - Before click element --> inputtext=
18:20:39.759 INFO  manager.WDListener - After click element input
18:20:39.780 INFO  manager.WDListener - Send Keys input
18:20:39.804 INFO  manager.WDListener - Send Keys input
18:20:39.827 INFO  manager.WDListener - Send Keys input
18:20:39.865 INFO  manager.WDListener - After find element By.xpath: //input[@placeholder='email']
18:20:39.870 INFO  manager.WDListener - Location of element input
18:20:39.883 INFO  manager.WDListener - Before click element --> inputtext=
18:20:39.937 INFO  manager.WDListener - After click element input
18:20:39.965 INFO  manager.WDListener - Send Keys input
18:20:39.991 INFO  manager.WDListener - Send Keys input
18:20:40.018 INFO  manager.WDListener - Send Keys input
18:20:40.070 INFO  manager.WDListener - After find element By.xpath: //input[@placeholder='Address']
18:20:40.077 INFO  manager.WDListener - Location of element input
18:20:40.090 INFO  manager.WDListener - Before click element --> inputtext=
18:20:40.153 INFO  manager.WDListener - After click element input
18:20:40.183 INFO  manager.WDListener - Send Keys input
18:20:40.229 INFO  manager.WDListener - Send Keys input
18:20:40.262 INFO  manager.WDListener - Send Keys input
18:20:40.340 INFO  manager.WDListener - After find element By.xpath: //input[@placeholder='description']
18:20:40.352 INFO  manager.WDListener - Location of element input
18:20:40.378 INFO  manager.WDListener - Before click element --> inputtext=
18:20:40.447 INFO  manager.WDListener - After click element input
18:20:40.467 INFO  manager.WDListener - Send Keys input
18:20:40.529 INFO  manager.WDListener - Send Keys input
18:20:40.857 INFO  manager.WDListener - After find element By.xpath: //b[text()='Save']
18:20:40.865 INFO  manager.WDListener - Location of element b
18:20:40.878 INFO  manager.WDListener - Before click element --> btext=Save
18:20:40.928 INFO  manager.WDListener - After click element b
18:20:40.929 INFO  manager.WDListener - Before find element By.cssSelector: h2
18:20:41.427 INFO  manager.WDListener - Before find element By.cssSelector: h3
18:20:41.677 INFO  manager.TestNGListener - Start test addContactSuccessAllFields=================
18:20:41.678 INFO  tests.TestBase - +++++++++++++++++++++++++++++++
18:20:41.682 INFO  tests.TestBase - Name of method -->addContactSuccessAllFieldsSCV
18:20:41.683 INFO  manager.TestNGListener - Start test addContactSuccessAllFieldsSCV=================
18:20:41.705 INFO  manager.WDListener - After find element By.xpath: //*[@href='/add']
18:20:41.717 INFO  manager.WDListener - Location of element a
18:20:41.734 INFO  manager.WDListener - Before click element --> atext=ADD
18:20:41.792 INFO  manager.WDListener - After click element a
18:20:41.823 INFO  manager.WDListener - After find element By.xpath: //input[@placeholder='Name']
18:20:41.830 INFO  manager.WDListener - Location of element input
18:20:41.851 INFO  manager.WDListener - Before click element --> inputtext=
18:20:41.926 INFO  manager.WDListener - After click element input
18:20:41.952 INFO  manager.WDListener - Send Keys input
18:20:41.982 INFO  manager.WDListener - Send Keys input
18:20:42.012 INFO  manager.WDListener - Send Keys input
18:20:42.054 INFO  manager.WDListener - After find element By.xpath: //input[@placeholder='Last Name']
18:20:42.061 INFO  manager.WDListener - Location of element input
18:20:42.076 INFO  manager.WDListener - Before click element --> inputtext=
18:20:42.132 INFO  manager.WDListener - After click element input
18:20:42.175 INFO  manager.WDListener - Send Keys input
18:20:42.214 INFO  manager.WDListener - Send Keys input
18:20:42.248 INFO  manager.WDListener - Send Keys input
18:20:42.301 INFO  manager.WDListener - After find element By.xpath: //input[@placeholder='Phone']
18:20:42.309 INFO  manager.WDListener - Location of element input
18:20:42.323 INFO  manager.WDListener - Before click element --> inputtext=
18:20:42.396 INFO  manager.WDListener - After click element input
18:20:42.428 INFO  manager.WDListener - Send Keys input
18:20:42.472 INFO  manager.WDListener - Send Keys input
18:20:42.514 INFO  manager.WDListener - Send Keys input
18:20:42.558 INFO  manager.WDListener - After find element By.xpath: //input[@placeholder='email']
18:20:42.565 INFO  manager.WDListener - Location of element input
18:20:42.575 INFO  manager.WDListener - Before click element --> inputtext=
18:20:42.620 INFO  manager.WDListener - After click element input
18:20:42.641 INFO  manager.WDListener - Send Keys input
18:20:42.664 INFO  manager.WDListener - Send Keys input
18:20:42.699 INFO  manager.WDListener - After find element By.xpath: //input[@placeholder='Address']
18:20:42.708 INFO  manager.WDListener - Location of element input
18:20:42.722 INFO  manager.WDListener - Before click element --> inputtext=
18:20:42.774 INFO  manager.WDListener - After click element input
18:20:42.797 INFO  manager.WDListener - Send Keys input
18:20:42.827 INFO  manager.WDListener - Send Keys input
18:20:42.852 INFO  manager.WDListener - Send Keys input
18:20:42.898 INFO  manager.WDListener - After find element By.xpath: //input[@placeholder='description']
18:20:42.905 INFO  manager.WDListener - Location of element input
18:20:42.915 INFO  manager.WDListener - Before click element --> inputtext=
18:20:42.959 INFO  manager.WDListener - After click element input
18:20:42.982 INFO  manager.WDListener - Send Keys input
18:20:43.004 INFO  manager.WDListener - Send Keys input
18:20:43.025 INFO  manager.WDListener - Send Keys input
18:20:43.315 INFO  manager.WDListener - After find element By.xpath: //b[text()='Save']
18:20:43.323 INFO  manager.WDListener - Location of element b
18:20:43.335 INFO  manager.WDListener - Before click element --> btext=Save
18:20:43.385 INFO  manager.WDListener - After click element b
18:20:43.386 INFO  manager.WDListener - Before find element By.cssSelector: h2
18:20:44.047 INFO  manager.WDListener - Before find element By.cssSelector: h3
18:20:44.175 INFO  manager.TestNGListener - Start test addContactSuccessAllFieldsSCV=================
18:20:44.176 INFO  tests.TestBase - +++++++++++++++++++++++++++++++
18:20:44.177 INFO  tests.TestBase - Name of method -->addContactSuccessAllFieldsSCV
18:20:44.178 INFO  manager.TestNGListener - Start test addContactSuccessAllFieldsSCV=================
18:20:44.193 INFO  manager.WDListener - After find element By.xpath: //*[@href='/add']
18:20:44.204 INFO  manager.WDListener - Location of element a
18:20:44.215 INFO  manager.WDListener - Before click element --> atext=ADD
18:20:44.265 INFO  manager.WDListener - After click element a
18:20:44.282 INFO  manager.WDListener - After find element By.xpath: //input[@placeholder='Name']
18:20:44.289 INFO  manager.WDListener - Location of element input
18:20:44.301 INFO  manager.WDListener - Before click element --> inputtext=
18:20:44.356 INFO  manager.WDListener - After click element input
18:20:44.382 INFO  manager.WDListener - Send Keys input
18:20:44.415 INFO  manager.WDListener - Send Keys input
18:20:44.446 INFO  manager.WDListener - Send Keys input
18:20:44.484 INFO  manager.WDListener - After find element By.xpath: //input[@placeholder='Last Name']
18:20:44.491 INFO  manager.WDListener - Location of element input
18:20:44.507 INFO  manager.WDListener - Before click element --> inputtext=
18:20:44.553 INFO  manager.WDListener - After click element input
18:20:44.578 INFO  manager.WDListener - Send Keys input
18:20:44.601 INFO  manager.WDListener - Send Keys input
18:20:44.628 INFO  manager.WDListener - Send Keys input
18:20:44.676 INFO  manager.WDListener - After find element By.xpath: //input[@placeholder='Phone']
18:20:44.681 INFO  manager.WDListener - Location of element input
18:20:44.693 INFO  manager.WDListener - Before click element --> inputtext=
18:20:44.740 INFO  manager.WDListener - After click element input
18:20:44.764 INFO  manager.WDListener - Send Keys input
18:20:44.789 INFO  manager.WDListener - Send Keys input
18:20:44.812 INFO  manager.WDListener - Send Keys input
18:20:44.850 INFO  manager.WDListener - After find element By.xpath: //input[@placeholder='email']
18:20:44.856 INFO  manager.WDListener - Location of element input
18:20:44.866 INFO  manager.WDListener - Before click element --> inputtext=
18:20:44.911 INFO  manager.WDListener - After click element input
18:20:44.933 INFO  manager.WDListener - Send Keys input
18:20:44.958 INFO  manager.WDListener - Send Keys input
18:20:44.988 INFO  manager.WDListener - After find element By.xpath: //input[@placeholder='Address']
18:20:44.995 INFO  manager.WDListener - Location of element input
18:20:45.006 INFO  manager.WDListener - Before click element --> inputtext=
18:20:45.056 INFO  manager.WDListener - After click element input
18:20:45.088 INFO  manager.WDListener - Send Keys input
18:20:45.122 INFO  manager.WDListener - Send Keys input
18:20:45.155 INFO  manager.WDListener - Send Keys input
18:20:45.214 INFO  manager.WDListener - After find element By.xpath: //input[@placeholder='description']
18:20:45.222 INFO  manager.WDListener - Location of element input
18:20:45.236 INFO  manager.WDListener - Before click element --> inputtext=
18:20:45.293 INFO  manager.WDListener - After click element input
18:20:45.319 INFO  manager.WDListener - Send Keys input
18:20:45.352 INFO  manager.WDListener - Send Keys input
18:20:45.379 INFO  manager.WDListener - Send Keys input
18:20:45.692 INFO  manager.WDListener - After find element By.xpath: //b[text()='Save']
18:20:45.701 INFO  manager.WDListener - Location of element b
18:20:45.753 INFO  manager.WDListener - Before click element --> btext=Save
18:20:45.796 INFO  manager.WDListener - After click element b
18:20:45.796 INFO  manager.WDListener - Before find element By.cssSelector: h2
18:20:46.355 INFO  manager.WDListener - Before find element By.cssSelector: h3
18:20:46.538 INFO  manager.TestNGListener - Start test addContactSuccessAllFieldsSCV=================
18:20:46.538 INFO  tests.TestBase - +++++++++++++++++++++++++++++++
18:20:46.543 INFO  tests.TestBase - Name of method -->addContactSuccessRequiredFilds
18:20:46.543 INFO  manager.TestNGListener - Start test addContactSuccessRequiredFilds=================
18:20:46.561 INFO  manager.WDListener - After find element By.xpath: //*[@href='/add']
18:20:46.570 INFO  manager.WDListener - Location of element a
18:20:46.582 INFO  manager.WDListener - Before click element --> atext=ADD
18:20:46.627 INFO  manager.WDListener - After click element a
18:20:46.639 INFO  manager.WDListener - After find element By.xpath: //input[@placeholder='Name']
18:20:46.645 INFO  manager.WDListener - Location of element input
18:20:46.657 INFO  manager.WDListener - Before click element --> inputtext=
18:20:46.707 INFO  manager.WDListener - After click element input
18:20:46.731 INFO  manager.WDListener - Send Keys input
18:20:46.759 INFO  manager.WDListener - Send Keys input
18:20:46.780 INFO  manager.WDListener - Send Keys input
18:20:46.821 INFO  manager.WDListener - After find element By.xpath: //input[@placeholder='Last Name']
18:20:46.828 INFO  manager.WDListener - Location of element input
18:20:46.843 INFO  manager.WDListener - Before click element --> inputtext=
18:20:46.902 INFO  manager.WDListener - After click element input
18:20:46.924 INFO  manager.WDListener - Send Keys input
18:20:46.950 INFO  manager.WDListener - Send Keys input
18:20:46.977 INFO  manager.WDListener - Send Keys input
18:20:47.019 INFO  manager.WDListener - After find element By.xpath: //input[@placeholder='Phone']
18:20:47.025 INFO  manager.WDListener - Location of element input
18:20:47.037 INFO  manager.WDListener - Before click element --> inputtext=
18:20:47.081 INFO  manager.WDListener - After click element input
18:20:47.095 INFO  manager.WDListener - Send Keys input
18:20:47.113 INFO  manager.WDListener - Send Keys input
18:20:47.130 INFO  manager.WDListener - Send Keys input
18:20:47.169 INFO  manager.WDListener - After find element By.xpath: //input[@placeholder='email']
18:20:47.175 INFO  manager.WDListener - Location of element input
18:20:47.221 INFO  manager.WDListener - Before click element --> inputtext=
18:20:47.284 INFO  manager.WDListener - After click element input
18:20:47.323 INFO  manager.WDListener - Send Keys input
18:20:47.364 INFO  manager.WDListener - Send Keys input
18:20:47.394 INFO  manager.WDListener - Send Keys input
18:20:47.436 INFO  manager.WDListener - After find element By.xpath: //input[@placeholder='Address']
18:20:47.441 INFO  manager.WDListener - Location of element input
18:20:47.452 INFO  manager.WDListener - Before click element --> inputtext=
18:20:47.495 INFO  manager.WDListener - After click element input
18:20:47.518 INFO  manager.WDListener - Send Keys input
18:20:47.540 INFO  manager.WDListener - Send Keys input
18:20:47.564 INFO  manager.WDListener - Send Keys input
18:20:47.614 INFO  manager.WDListener - After find element By.xpath: //input[@placeholder='description']
18:20:47.622 INFO  manager.WDListener - Location of element input
18:20:47.636 INFO  manager.WDListener - Before click element --> inputtext=
18:20:47.698 INFO  manager.WDListener - After click element input
18:20:47.728 INFO  manager.WDListener - Send Keys input
18:20:47.765 INFO  manager.WDListener - Send Keys input
18:20:47.814 INFO  manager.WDListener - After find element By.xpath: //b[text()='Save']
18:20:47.828 INFO  manager.WDListener - Location of element b
18:20:47.843 INFO  manager.WDListener - Before click element --> btext=Save
18:20:47.892 INFO  manager.WDListener - After click element b
18:20:47.892 INFO  manager.WDListener - Before find element By.cssSelector: h2
18:20:48.456 INFO  manager.WDListener - Before find element By.cssSelector: h3
18:20:48.623 INFO  manager.TestNGListener - Start test addContactSuccessRequiredFilds=================
18:20:48.623 INFO  tests.TestBase - +++++++++++++++++++++++++++++++
18:20:48.625 INFO  tests.TestBase - Name of method -->addNewContactWrongAddress
18:20:48.627 INFO  manager.TestNGListener - Start test addNewContactWrongAddress=================
18:20:48.641 INFO  manager.WDListener - After find element By.xpath: //*[@href='/add']
18:20:48.763 INFO  manager.WDListener - Location of element a
18:20:48.785 INFO  manager.WDListener - Before click element --> atext=ADD
18:20:48.829 INFO  manager.WDListener - After click element a
18:20:48.840 INFO  manager.WDListener - After find element By.xpath: //input[@placeholder='Name']
18:20:48.846 INFO  manager.WDListener - Location of element input
18:20:48.862 INFO  manager.WDListener - Before click element --> inputtext=
18:20:48.899 INFO  manager.WDListener - After click element input
18:20:48.920 INFO  manager.WDListener - Send Keys input
18:20:48.943 INFO  manager.WDListener - Send Keys input
18:20:48.966 INFO  manager.WDListener - Send Keys input
18:20:48.999 INFO  manager.WDListener - After find element By.xpath: //input[@placeholder='Last Name']
18:20:49.006 INFO  manager.WDListener - Location of element input
18:20:49.015 INFO  manager.WDListener - Before click element --> inputtext=
18:20:49.060 INFO  manager.WDListener - After click element input
18:20:49.081 INFO  manager.WDListener - Send Keys input
18:20:49.103 INFO  manager.WDListener - Send Keys input
18:20:49.158 INFO  manager.WDListener - Send Keys input
18:20:49.192 INFO  manager.WDListener - After find element By.xpath: //input[@placeholder='Phone']
18:20:49.196 INFO  manager.WDListener - Location of element input
18:20:49.206 INFO  manager.WDListener - Before click element --> inputtext=
18:20:49.252 INFO  manager.WDListener - After click element input
18:20:49.274 INFO  manager.WDListener - Send Keys input
18:20:49.296 INFO  manager.WDListener - Send Keys input
18:20:49.321 INFO  manager.WDListener - Send Keys input
18:20:49.358 INFO  manager.WDListener - After find element By.xpath: //input[@placeholder='email']
18:20:49.362 INFO  manager.WDListener - Location of element input
18:20:49.372 INFO  manager.WDListener - Before click element --> inputtext=
18:20:49.411 INFO  manager.WDListener - After click element input
18:20:49.431 INFO  manager.WDListener - Send Keys input
18:20:49.456 INFO  manager.WDListener - Send Keys input
18:20:49.478 INFO  manager.WDListener - Send Keys input
18:20:49.522 INFO  manager.WDListener - After find element By.xpath: //input[@placeholder='Address']
18:20:49.529 INFO  manager.WDListener - Location of element input
18:20:49.541 INFO  manager.WDListener - Before click element --> inputtext=
18:20:49.586 INFO  manager.WDListener - After click element input
18:20:49.609 INFO  manager.WDListener - Send Keys input
18:20:49.631 INFO  manager.WDListener - Send Keys input
18:20:49.651 INFO  manager.WDListener - Send Keys input
18:20:49.687 INFO  manager.WDListener - After find element By.xpath: //input[@placeholder='description']
18:20:49.696 INFO  manager.WDListener - Location of element input
18:20:49.710 INFO  manager.WDListener - Before click element --> inputtext=
18:20:49.766 INFO  manager.WDListener - After click element input
18:20:49.795 INFO  manager.WDListener - Send Keys input
18:20:49.824 INFO  manager.WDListener - Send Keys input
18:20:49.845 INFO  manager.WDListener - Send Keys input
18:20:49.880 INFO  manager.WDListener - After find element By.xpath: //b[text()='Save']
18:20:49.885 INFO  manager.WDListener - Location of element b
18:20:49.895 INFO  manager.WDListener - Before click element --> btext=Save
18:20:49.931 INFO  manager.WDListener - After click element b
18:20:49.931 INFO  manager.WDListener - Before find element By.cssSelector: a.active[href='/add']
18:20:49.952 INFO  manager.TestNGListener - Start test addNewContactWrongAddress=================
18:20:49.953 INFO  tests.TestBase - +++++++++++++++++++++++++++++++
18:20:49.955 INFO  tests.TestBase - Name of method -->addNewContactWrongEmail
18:20:49.955 INFO  manager.TestNGListener - Start test addNewContactWrongEmail=================
18:20:49.970 INFO  manager.WDListener - After find element By.xpath: //*[@href='/add']
18:20:49.976 INFO  manager.WDListener - Location of element a
18:20:49.987 INFO  manager.WDListener - Before click element --> atext=ADD
18:20:50.032 INFO  manager.WDListener - After click element a
18:20:50.048 INFO  manager.WDListener - After find element By.xpath: //input[@placeholder='Name']
18:20:50.058 INFO  manager.WDListener - Location of element input
18:20:50.071 INFO  manager.WDListener - Before click element --> inputtext=
18:20:50.130 INFO  manager.WDListener - After click element input
18:20:50.151 INFO  manager.WDListener - Send Keys input
18:20:50.192 INFO  manager.WDListener - Send Keys input
18:20:50.215 INFO  manager.WDListener - Send Keys input
18:20:50.248 INFO  manager.WDListener - After find element By.xpath: //input[@placeholder='Last Name']
18:20:50.253 INFO  manager.WDListener - Location of element input
18:20:50.263 INFO  manager.WDListener - Before click element --> inputtext=
18:20:50.306 INFO  manager.WDListener - After click element input
18:20:50.331 INFO  manager.WDListener - Send Keys input
18:20:50.389 INFO  manager.WDListener - Send Keys input
18:20:50.415 INFO  manager.WDListener - Send Keys input
18:20:50.445 INFO  manager.WDListener - After find element By.xpath: //input[@placeholder='Phone']
18:20:50.450 INFO  manager.WDListener - Location of element input
18:20:50.467 INFO  manager.WDListener - Before click element --> inputtext=
18:20:50.509 INFO  manager.WDListener - After click element input
18:20:50.529 INFO  manager.WDListener - Send Keys input
18:20:50.564 INFO  manager.WDListener - Send Keys input
18:20:50.585 INFO  manager.WDListener - Send Keys input
18:20:50.622 INFO  manager.WDListener - After find element By.xpath: //input[@placeholder='email']
18:20:50.628 INFO  manager.WDListener - Location of element input
18:20:50.638 INFO  manager.WDListener - Before click element --> inputtext=
18:20:50.683 INFO  manager.WDListener - After click element input
18:20:50.707 INFO  manager.WDListener - Send Keys input
18:20:50.746 INFO  manager.WDListener - Send Keys input
18:20:50.769 INFO  manager.WDListener - Send Keys input
18:20:50.811 INFO  manager.WDListener - After find element By.xpath: //input[@placeholder='Address']
18:20:50.817 INFO  manager.WDListener - Location of element input
18:20:50.829 INFO  manager.WDListener - Before click element --> inputtext=
18:20:50.880 INFO  manager.WDListener - After click element input
18:20:50.899 INFO  manager.WDListener - Send Keys input
18:20:50.921 INFO  manager.WDListener - Send Keys input
18:20:50.946 INFO  manager.WDListener - Send Keys input
18:20:50.986 INFO  manager.WDListener - After find element By.xpath: //input[@placeholder='description']
18:20:50.991 INFO  manager.WDListener - Location of element input
18:20:51.003 INFO  manager.WDListener - Before click element --> inputtext=
18:20:51.062 INFO  manager.WDListener - After click element input
18:20:51.084 INFO  manager.WDListener - Send Keys input
18:20:51.127 INFO  manager.WDListener - Send Keys input
18:20:51.149 INFO  manager.WDListener - Send Keys input
18:20:51.187 INFO  manager.WDListener - After find element By.xpath: //b[text()='Save']
18:20:51.192 INFO  manager.WDListener - Location of element b
18:20:51.202 INFO  manager.WDListener - Before click element --> btext=Save
18:20:51.238 INFO  manager.WDListener - After click element b
18:20:51.238 INFO  manager.WDListener - Before find element By.cssSelector: a.active[href='/add']
18:20:51.270 INFO  manager.WDListener - Houston, we have a problem!
18:20:51.270 INFO  manager.WDListener - +++++++++++++++++++++++++++++++
18:20:51.270 INFO  manager.WDListener - Object target org.openqa.selenium.remote.RemoteWebDriver$RemoteTargetLocator@6b063470
18:20:51.270 INFO  manager.WDListener - +++++++++++++++++++++++++++++++
18:20:51.270 INFO  manager.WDListener - Method name alert
18:20:51.270 INFO  manager.WDListener - +++++++++++++++++++++++++++++++
18:20:51.271 INFO  manager.WDListener - InvocationTargetException org.openqa.selenium.NoAlertPresentException: no such alert
  (Session info: chrome=145.0.7632.116)
Build info: version: '4.26.0', revision: '8ccf0219d7'
System info: os.name: 'Windows 11', os.arch: 'amd64', os.version: '10.0', java.version: '17.0.12'
Driver info: org.openqa.selenium.chrome.ChromeDriver
Command: [5ec0710c2112b69b8fb7c6a6792371f1, getAlertText {}]
Capabilities {acceptInsecureCerts: false, browserName: chrome, browserVersion: 145.0.7632.116, chrome: {chromedriverVersion: 145.0.7632.77 (da516187054a..., userDataDir: C:\Users\np170\AppData\Loca...}, fedcm:accounts: true, goog:chromeOptions: {debuggerAddress: localhost:50121}, goog:processID: 2824, networkConnectionEnabled: false, pageLoadStrategy: normal, platformName: windows, proxy: Proxy(), se:cdp: ws://localhost:50121/devtoo..., se:cdpVersion: 145.0.7632.116, setWindowRect: true, strictFileInteractability: false, timeouts: {implicit: 0, pageLoad: 300000, script: 30000}, unhandledPromptBehavior: dismiss and notify, webauthn:extension:credBlob: true, webauthn:extension:largeBlob: true, webauthn:extension:minPinLength: true, webauthn:extension:prf: true, webauthn:virtualAuthenticators: true}
Session ID: 5ec0710c2112b69b8fb7c6a6792371f1
18:20:51.271 INFO  manager.WDListener - +++++++++++++++++++++++++++++++
18:20:51.272 INFO  manager.WDListener - Screen with error is src/test/screenshots/screen_1707.png
18:20:51.807 INFO  manager.TestNGListener - Start test addNewContactWrongEmail=================
18:20:51.809 INFO  tests.TestBase - +++++++++++++++++++++++++++++++
18:20:51.811 INFO  tests.TestBase - Name of method -->addNewContactWrongLastName
18:20:51.812 INFO  manager.TestNGListener - Start test addNewContactWrongLastName=================
18:20:51.837 INFO  manager.WDListener - After find element By.xpath: //*[@href='/add']
18:20:51.846 INFO  manager.WDListener - Location of element a
18:20:51.857 INFO  manager.WDListener - Before click element --> atext=ADD
18:20:51.906 INFO  manager.WDListener - After click element a
18:20:51.918 INFO  manager.WDListener - After find element By.xpath: //input[@placeholder='Name']
18:20:51.924 INFO  manager.WDListener - Location of element input
18:20:51.935 INFO  manager.WDListener - Before click element --> inputtext=
18:20:51.982 INFO  manager.WDListener - After click element input
18:20:52.002 INFO  manager.WDListener - Send Keys input
18:20:52.039 INFO  manager.WDListener - Send Keys input
18:20:52.060 INFO  manager.WDListener - Send Keys input
18:20:52.093 INFO  manager.WDListener - After find element By.xpath: //input[@placeholder='Last Name']
18:20:52.106 INFO  manager.WDListener - Location of element input
18:20:52.145 INFO  manager.WDListener - Before click element --> inputtext=
18:20:52.186 INFO  manager.WDListener - After click element input
18:20:52.211 INFO  manager.WDListener - Send Keys input
18:20:52.242 INFO  manager.WDListener - Send Keys input
18:20:52.275 INFO  manager.WDListener - Send Keys input
18:20:52.302 INFO  manager.WDListener - After find element By.xpath: //input[@placeholder='Phone']
18:20:52.307 INFO  manager.WDListener - Location of element input
18:20:52.320 INFO  manager.WDListener - Before click element --> inputtext=
18:20:52.366 INFO  manager.WDListener - After click element input
18:20:52.391 INFO  manager.WDListener - Send Keys input
18:20:52.424 INFO  manager.WDListener - Send Keys input
18:20:52.449 INFO  manager.WDListener - Send Keys input
18:20:52.497 INFO  manager.WDListener - After find element By.xpath: //input[@placeholder='email']
18:20:52.510 INFO  manager.WDListener - Location of element input
18:20:52.531 INFO  manager.WDListener - Before click element --> inputtext=
18:20:52.573 INFO  manager.WDListener - After click element input
18:20:52.595 INFO  manager.WDListener - Send Keys input
18:20:52.627 INFO  manager.WDListener - Send Keys input
18:20:52.651 INFO  manager.WDListener - Send Keys input
18:20:52.701 INFO  manager.WDListener - After find element By.xpath: //input[@placeholder='Address']
18:20:52.709 INFO  manager.WDListener - Location of element input
18:20:52.725 INFO  manager.WDListener - Before click element --> inputtext=
18:20:52.785 INFO  manager.WDListener - After click element input
18:20:52.809 INFO  manager.WDListener - Send Keys input
18:20:52.844 INFO  manager.WDListener - Send Keys input
18:20:52.867 INFO  manager.WDListener - Send Keys input
18:20:52.909 INFO  manager.WDListener - After find element By.xpath: //input[@placeholder='description']
18:20:52.914 INFO  manager.WDListener - Location of element input
18:20:52.924 INFO  manager.WDListener - Before click element --> inputtext=
18:20:52.974 INFO  manager.WDListener - After click element input
18:20:52.997 INFO  manager.WDListener - Send Keys input
18:20:53.033 INFO  manager.WDListener - Send Keys input
18:20:53.068 INFO  manager.WDListener - Send Keys input
18:20:53.119 INFO  manager.WDListener - After find element By.xpath: //b[text()='Save']
18:20:53.126 INFO  manager.WDListener - Location of element b
18:20:53.140 INFO  manager.WDListener - Before click element --> btext=Save
18:20:53.184 INFO  manager.WDListener - After click element b
18:20:53.184 INFO  manager.WDListener - Before find element By.cssSelector: a.active[href='/add']
18:20:53.197 INFO  manager.TestNGListener - Start test addNewContactWrongLastName=================
18:20:53.198 INFO  tests.TestBase - +++++++++++++++++++++++++++++++
18:20:53.199 INFO  tests.TestBase - Name of method -->addNewContactWrongName
18:20:53.201 INFO  manager.TestNGListener - Start test addNewContactWrongName=================
18:20:53.215 INFO  manager.WDListener - After find element By.xpath: //*[@href='/add']
18:20:53.221 INFO  manager.WDListener - Location of element a
18:20:53.232 INFO  manager.WDListener - Before click element --> atext=ADD
18:20:53.276 INFO  manager.WDListener - After click element a
18:20:53.287 INFO  manager.WDListener - After find element By.xpath: //input[@placeholder='Name']
18:20:53.298 INFO  manager.WDListener - Location of element input
18:20:53.311 INFO  manager.WDListener - Before click element --> inputtext=
18:20:53.358 INFO  manager.WDListener - After click element input
18:20:53.379 INFO  manager.WDListener - Send Keys input
18:20:53.418 INFO  manager.WDListener - Send Keys input
18:20:53.441 INFO  manager.WDListener - Send Keys input
18:20:53.465 INFO  manager.WDListener - After find element By.xpath: //input[@placeholder='Last Name']
18:20:53.470 INFO  manager.WDListener - Location of element input
18:20:53.481 INFO  manager.WDListener - Before click element --> inputtext=
18:20:53.527 INFO  manager.WDListener - After click element input
18:20:53.548 INFO  manager.WDListener - Send Keys input
18:20:53.570 INFO  manager.WDListener - Send Keys input
18:20:53.592 INFO  manager.WDListener - Send Keys input
18:20:53.622 INFO  manager.WDListener - After find element By.xpath: //input[@placeholder='Phone']
18:20:53.626 INFO  manager.WDListener - Location of element input
18:20:53.635 INFO  manager.WDListener - Before click element --> inputtext=
18:20:53.683 INFO  manager.WDListener - After click element input
18:20:53.707 INFO  manager.WDListener - Send Keys input
18:20:53.752 INFO  manager.WDListener - Send Keys input
18:20:53.778 INFO  manager.WDListener - Send Keys input
18:20:53.818 INFO  manager.WDListener - After find element By.xpath: //input[@placeholder='email']
18:20:53.825 INFO  manager.WDListener - Location of element input
18:20:53.837 INFO  manager.WDListener - Before click element --> inputtext=
18:20:53.879 INFO  manager.WDListener - After click element input
18:20:53.899 INFO  manager.WDListener - Send Keys input
18:20:53.934 INFO  manager.WDListener - Send Keys input
18:20:53.955 INFO  manager.WDListener - Send Keys input
18:20:53.990 INFO  manager.WDListener - After find element By.xpath: //input[@placeholder='Address']
18:20:53.995 INFO  manager.WDListener - Location of element input
18:20:54.004 INFO  manager.WDListener - Before click element --> inputtext=
18:20:54.052 INFO  manager.WDListener - After click element input
18:20:54.075 INFO  manager.WDListener - Send Keys input
18:20:54.114 INFO  manager.WDListener - Send Keys input
18:20:54.137 INFO  manager.WDListener - Send Keys input
18:20:54.180 INFO  manager.WDListener - After find element By.xpath: //input[@placeholder='description']
18:20:54.187 INFO  manager.WDListener - Location of element input
18:20:54.201 INFO  manager.WDListener - Before click element --> inputtext=
18:20:54.260 INFO  manager.WDListener - After click element input
18:20:54.283 INFO  manager.WDListener - Send Keys input
18:20:54.320 INFO  manager.WDListener - Send Keys input
18:20:54.341 INFO  manager.WDListener - Send Keys input
18:20:54.378 INFO  manager.WDListener - After find element By.xpath: //b[text()='Save']
18:20:54.384 INFO  manager.WDListener - Location of element b
18:20:54.394 INFO  manager.WDListener - Before click element --> btext=Save
18:20:54.431 INFO  manager.WDListener - After click element b
18:20:54.431 INFO  manager.WDListener - Before find element By.cssSelector: a.active[href='/add']
18:20:54.442 INFO  manager.TestNGListener - Start test addNewContactWrongName=================
18:20:54.443 INFO  tests.TestBase - +++++++++++++++++++++++++++++++
18:20:54.444 INFO  tests.TestBase - Name of method -->addNewContactWrongPhone
18:20:54.445 INFO  manager.TestNGListener - Start test addNewContactWrongPhone=================
18:20:54.458 INFO  manager.WDListener - After find element By.xpath: //*[@href='/add']
18:20:54.465 INFO  manager.WDListener - Location of element a
18:20:54.481 INFO  manager.WDListener - Before click element --> atext=ADD
18:20:54.531 INFO  manager.WDListener - After click element a
18:20:54.544 INFO  manager.WDListener - After find element By.xpath: //input[@placeholder='Name']
18:20:54.548 INFO  manager.WDListener - Location of element input
18:20:54.560 INFO  manager.WDListener - Before click element --> inputtext=
18:20:54.605 INFO  manager.WDListener - After click element input
18:20:54.631 INFO  manager.WDListener - Send Keys input
18:20:54.659 INFO  manager.WDListener - Send Keys input
18:20:54.691 INFO  manager.WDListener - Send Keys input
18:20:54.722 INFO  manager.WDListener - After find element By.xpath: //input[@placeholder='Last Name']
18:20:54.727 INFO  manager.WDListener - Location of element input
18:20:54.740 INFO  manager.WDListener - Before click element --> inputtext=
18:20:54.788 INFO  manager.WDListener - After click element input
18:20:54.814 INFO  manager.WDListener - Send Keys input
18:20:54.857 INFO  manager.WDListener - Send Keys input
18:20:54.885 INFO  manager.WDListener - Send Keys input
18:20:54.919 INFO  manager.WDListener - After find element By.xpath: //input[@placeholder='Phone']
18:20:54.924 INFO  manager.WDListener - Location of element input
18:20:54.934 INFO  manager.WDListener - Before click element --> inputtext=
18:20:54.985 INFO  manager.WDListener - After click element input
18:20:55.010 INFO  manager.WDListener - Send Keys input
18:20:55.050 INFO  manager.WDListener - Send Keys input
18:20:55.079 INFO  manager.WDListener - Send Keys input
18:20:55.120 INFO  manager.WDListener - After find element By.xpath: //input[@placeholder='email']
18:20:55.131 INFO  manager.WDListener - Location of element input
18:20:55.154 INFO  manager.WDListener - Before click element --> inputtext=
18:20:55.219 INFO  manager.WDListener - After click element input
18:20:55.247 INFO  manager.WDListener - Send Keys input
18:20:55.298 INFO  manager.WDListener - Send Keys input
18:20:55.333 INFO  manager.WDListener - Send Keys input
18:20:55.384 INFO  manager.WDListener - After find element By.xpath: //input[@placeholder='Address']
18:20:55.389 INFO  manager.WDListener - Location of element input
18:20:55.401 INFO  manager.WDListener - Before click element --> inputtext=
18:20:55.455 INFO  manager.WDListener - After click element input
18:20:55.481 INFO  manager.WDListener - Send Keys input
18:20:55.526 INFO  manager.WDListener - Send Keys input
18:20:55.557 INFO  manager.WDListener - Send Keys input
18:20:55.606 INFO  manager.WDListener - After find element By.xpath: //input[@placeholder='description']
18:20:55.610 INFO  manager.WDListener - Location of element input
18:20:55.622 INFO  manager.WDListener - Before click element --> inputtext=
18:20:55.702 INFO  manager.WDListener - After click element input
18:20:55.745 INFO  manager.WDListener - Send Keys input
18:20:55.786 INFO  manager.WDListener - Send Keys input
18:20:55.818 INFO  manager.WDListener - Send Keys input
18:20:55.872 INFO  manager.WDListener - After find element By.xpath: //b[text()='Save']
18:20:55.882 INFO  manager.WDListener - Location of element b
18:20:55.896 INFO  manager.WDListener - Before click element --> btext=Save
18:20:55.952 INFO  manager.WDListener - After click element b
18:20:55.954 INFO  manager.WDListener - Before find element By.cssSelector: a.active[href='/add']
18:20:55.977 INFO  manager.WDListener - Houston, we have a problem!
18:20:55.977 INFO  manager.WDListener - +++++++++++++++++++++++++++++++
18:20:55.978 INFO  manager.WDListener - Object target org.openqa.selenium.remote.RemoteWebDriver$RemoteTargetLocator@bd273b2
18:20:55.978 INFO  manager.WDListener - +++++++++++++++++++++++++++++++
18:20:55.978 INFO  manager.WDListener - Method name alert
18:20:55.978 INFO  manager.WDListener - +++++++++++++++++++++++++++++++
18:20:55.978 INFO  manager.WDListener - InvocationTargetException org.openqa.selenium.NoAlertPresentException: no such alert
  (Session info: chrome=145.0.7632.116)
Build info: version: '4.26.0', revision: '8ccf0219d7'
System info: os.name: 'Windows 11', os.arch: 'amd64', os.version: '10.0', java.version: '17.0.12'
Driver info: org.openqa.selenium.chrome.ChromeDriver
Command: [5ec0710c2112b69b8fb7c6a6792371f1, getAlertText {}]
Capabilities {acceptInsecureCerts: false, browserName: chrome, browserVersion: 145.0.7632.116, chrome: {chromedriverVersion: 145.0.7632.77 (da516187054a..., userDataDir: C:\Users\np170\AppData\Loca...}, fedcm:accounts: true, goog:chromeOptions: {debuggerAddress: localhost:50121}, goog:processID: 2824, networkConnectionEnabled: false, pageLoadStrategy: normal, platformName: windows, proxy: Proxy(), se:cdp: ws://localhost:50121/devtoo..., se:cdpVersion: 145.0.7632.116, setWindowRect: true, strictFileInteractability: false, timeouts: {implicit: 0, pageLoad: 300000, script: 30000}, unhandledPromptBehavior: dismiss and notify, webauthn:extension:credBlob: true, webauthn:extension:largeBlob: true, webauthn:extension:minPinLength: true, webauthn:extension:prf: true, webauthn:virtualAuthenticators: true}
Session ID: 5ec0710c2112b69b8fb7c6a6792371f1
18:20:55.978 INFO  manager.WDListener - +++++++++++++++++++++++++++++++
18:20:55.978 INFO  manager.WDListener - Screen with error is src/test/screenshots/screen_1272.png
18:20:56.509 INFO  manager.TestNGListener - Start test addNewContactWrongPhone=================
18:20:56.510 INFO  tests.TestBase - +++++++++++++++++++++++++++++++
18:20:56.511 INFO  tests.TestBase - Name of method -->addNewContactWrongPhone
18:20:56.511 INFO  manager.TestNGListener - Start test addNewContactWrongPhone=================
18:20:56.524 INFO  manager.WDListener - After find element By.xpath: //*[@href='/add']
18:20:56.531 INFO  manager.WDListener - Location of element a
18:20:56.545 INFO  manager.WDListener - Before click element --> atext=ADD
18:20:56.596 INFO  manager.WDListener - After click element a
18:20:56.628 INFO  manager.WDListener - After find element By.xpath: //input[@placeholder='Name']
18:20:56.636 INFO  manager.WDListener - Location of element input
18:20:56.653 INFO  manager.WDListener - Before click element --> inputtext=
18:20:56.715 INFO  manager.WDListener - After click element input
18:20:56.744 INFO  manager.WDListener - Send Keys input
18:20:56.791 INFO  manager.WDListener - Send Keys input
18:20:56.825 INFO  manager.WDListener - Send Keys input
18:20:56.862 INFO  manager.WDListener - After find element By.xpath: //input[@placeholder='Last Name']
18:20:56.867 INFO  manager.WDListener - Location of element input
18:20:56.880 INFO  manager.WDListener - Before click element --> inputtext=
18:20:56.944 INFO  manager.WDListener - After click element input
18:20:56.968 INFO  manager.WDListener - Send Keys input
18:20:57.011 INFO  manager.WDListener - Send Keys input
18:20:57.036 INFO  manager.WDListener - Send Keys input
18:20:57.128 INFO  manager.WDListener - After find element By.xpath: //input[@placeholder='Phone']
18:20:57.137 INFO  manager.WDListener - Location of element input
18:20:57.150 INFO  manager.WDListener - Before click element --> inputtext=
18:20:57.206 INFO  manager.WDListener - After click element input
18:20:57.232 INFO  manager.WDListener - Send Keys input
18:20:57.258 INFO  manager.WDListener - Send Keys input
18:20:57.280 INFO  manager.WDListener - Send Keys input
18:20:57.316 INFO  manager.WDListener - After find element By.xpath: //input[@placeholder='email']
18:20:57.322 INFO  manager.WDListener - Location of element input
18:20:57.334 INFO  manager.WDListener - Before click element --> inputtext=
18:20:57.385 INFO  manager.WDListener - After click element input
18:20:57.412 INFO  manager.WDListener - Send Keys input
18:20:57.451 INFO  manager.WDListener - Send Keys input
18:20:57.478 INFO  manager.WDListener - Send Keys input
18:20:57.522 INFO  manager.WDListener - After find element By.xpath: //input[@placeholder='Address']
18:20:57.528 INFO  manager.WDListener - Location of element input
18:20:57.542 INFO  manager.WDListener - Before click element --> inputtext=
18:20:57.602 INFO  manager.WDListener - After click element input
18:20:57.636 INFO  manager.WDListener - Send Keys input
18:20:57.695 INFO  manager.WDListener - Send Keys input
18:20:57.723 INFO  manager.WDListener - Send Keys input
18:20:57.767 INFO  manager.WDListener - After find element By.xpath: //input[@placeholder='description']
18:20:57.773 INFO  manager.WDListener - Location of element input
18:20:57.786 INFO  manager.WDListener - Before click element --> inputtext=
18:20:57.840 INFO  manager.WDListener - After click element input
18:20:57.866 INFO  manager.WDListener - Send Keys input
18:20:57.913 INFO  manager.WDListener - Send Keys input
18:20:57.937 INFO  manager.WDListener - Send Keys input
18:20:57.972 INFO  manager.WDListener - After find element By.xpath: //b[text()='Save']
18:20:57.978 INFO  manager.WDListener - Location of element b
18:20:57.988 INFO  manager.WDListener - Before click element --> btext=Save
18:20:58.024 INFO  manager.WDListener - After click element b
18:20:58.025 INFO  manager.WDListener - Before find element By.cssSelector: a.active[href='/add']
18:20:58.037 INFO  manager.WDListener - Houston, we have a problem!
18:20:58.038 INFO  manager.WDListener - +++++++++++++++++++++++++++++++
18:20:58.038 INFO  manager.WDListener - Object target org.openqa.selenium.remote.RemoteWebDriver$RemoteTargetLocator@5a6f6cac
18:20:58.038 INFO  manager.WDListener - +++++++++++++++++++++++++++++++
18:20:58.038 INFO  manager.WDListener - Method name alert
18:20:58.038 INFO  manager.WDListener - +++++++++++++++++++++++++++++++
18:20:58.038 INFO  manager.WDListener - InvocationTargetException org.openqa.selenium.NoAlertPresentException: no such alert
  (Session info: chrome=145.0.7632.116)
Build info: version: '4.26.0', revision: '8ccf0219d7'
System info: os.name: 'Windows 11', os.arch: 'amd64', os.version: '10.0', java.version: '17.0.12'
Driver info: org.openqa.selenium.chrome.ChromeDriver
Command: [5ec0710c2112b69b8fb7c6a6792371f1, getAlertText {}]
Capabilities {acceptInsecureCerts: false, browserName: chrome, browserVersion: 145.0.7632.116, chrome: {chromedriverVersion: 145.0.7632.77 (da516187054a..., userDataDir: C:\Users\np170\AppData\Loca...}, fedcm:accounts: true, goog:chromeOptions: {debuggerAddress: localhost:50121}, goog:processID: 2824, networkConnectionEnabled: false, pageLoadStrategy: normal, platformName: windows, proxy: Proxy(), se:cdp: ws://localhost:50121/devtoo..., se:cdpVersion: 145.0.7632.116, setWindowRect: true, strictFileInteractability: false, timeouts: {implicit: 0, pageLoad: 300000, script: 30000}, unhandledPromptBehavior: dismiss and notify, webauthn:extension:credBlob: true, webauthn:extension:largeBlob: true, webauthn:extension:minPinLength: true, webauthn:extension:prf: true, webauthn:virtualAuthenticators: true}
Session ID: 5ec0710c2112b69b8fb7c6a6792371f1
18:20:58.038 INFO  manager.WDListener - +++++++++++++++++++++++++++++++
18:20:58.038 INFO  manager.WDListener - Screen with error is src/test/screenshots/screen_1664.png
18:20:58.573 INFO  manager.TestNGListener - Start test addNewContactWrongPhone=================
18:20:58.574 INFO  tests.TestBase - +++++++++++++++++++++++++++++++
18:20:58.575 INFO  tests.TestBase - Name of method -->addNewContactWrongPhone
18:20:58.575 INFO  manager.TestNGListener - Start test addNewContactWrongPhone=================
18:20:58.591 INFO  manager.WDListener - After find element By.xpath: //*[@href='/add']
18:20:58.597 INFO  manager.WDListener - Location of element a
18:20:58.606 INFO  manager.WDListener - Before click element --> atext=ADD
18:20:58.645 INFO  manager.WDListener - After click element a
18:20:58.655 INFO  manager.WDListener - After find element By.xpath: //input[@placeholder='Name']
18:20:58.661 INFO  manager.WDListener - Location of element input
18:20:58.677 INFO  manager.WDListener - Before click element --> inputtext=
18:20:58.738 INFO  manager.WDListener - After click element input
18:20:58.764 INFO  manager.WDListener - Send Keys input
18:20:58.802 INFO  manager.WDListener - Send Keys input
18:20:58.823 INFO  manager.WDListener - Send Keys input
18:20:58.851 INFO  manager.WDListener - After find element By.xpath: //input[@placeholder='Last Name']
18:20:58.856 INFO  manager.WDListener - Location of element input
18:20:58.866 INFO  manager.WDListener - Before click element --> inputtext=
18:20:58.919 INFO  manager.WDListener - After click element input
18:20:58.942 INFO  manager.WDListener - Send Keys input
18:20:58.986 INFO  manager.WDListener - Send Keys input
18:20:59.015 INFO  manager.WDListener - Send Keys input
18:20:59.076 INFO  manager.WDListener - After find element By.xpath: //input[@placeholder='Phone']
18:20:59.085 INFO  manager.WDListener - Location of element input
18:20:59.104 INFO  manager.WDListener - Before click element --> inputtext=
18:20:59.170 INFO  manager.WDListener - After click element input
18:20:59.191 INFO  manager.WDListener - Send Keys input
18:20:59.228 INFO  manager.WDListener - Send Keys input
18:20:59.253 INFO  manager.WDListener - Send Keys input
18:20:59.292 INFO  manager.WDListener - After find element By.xpath: //input[@placeholder='email']
18:20:59.297 INFO  manager.WDListener - Location of element input
18:20:59.308 INFO  manager.WDListener - Before click element --> inputtext=
18:20:59.368 INFO  manager.WDListener - After click element input
18:20:59.392 INFO  manager.WDListener - Send Keys input
18:20:59.429 INFO  manager.WDListener - Send Keys input
18:20:59.454 INFO  manager.WDListener - Send Keys input
18:20:59.503 INFO  manager.WDListener - After find element By.xpath: //input[@placeholder='Address']
18:20:59.508 INFO  manager.WDListener - Location of element input
18:20:59.521 INFO  manager.WDListener - Before click element --> inputtext=
18:20:59.587 INFO  manager.WDListener - After click element input
18:20:59.608 INFO  manager.WDListener - Send Keys input
18:20:59.646 INFO  manager.WDListener - Send Keys input
18:20:59.672 INFO  manager.WDListener - Send Keys input
18:20:59.720 INFO  manager.WDListener - After find element By.xpath: //input[@placeholder='description']
18:20:59.726 INFO  manager.WDListener - Location of element input
18:20:59.746 INFO  manager.WDListener - Before click element --> inputtext=
18:20:59.808 INFO  manager.WDListener - After click element input
18:20:59.833 INFO  manager.WDListener - Send Keys input
18:20:59.897 INFO  manager.WDListener - Send Keys input
18:20:59.927 INFO  manager.WDListener - Send Keys input
18:20:59.983 INFO  manager.WDListener - After find element By.xpath: //b[text()='Save']
18:20:59.990 INFO  manager.WDListener - Location of element b
18:21:00.002 INFO  manager.WDListener - Before click element --> btext=Save
18:21:00.063 INFO  manager.WDListener - After click element b
18:21:00.063 INFO  manager.WDListener - Before find element By.cssSelector: a.active[href='/add']
18:21:00.088 INFO  manager.WDListener - Houston, we have a problem!
18:21:00.088 INFO  manager.WDListener - +++++++++++++++++++++++++++++++
18:21:00.088 INFO  manager.WDListener - Object target org.openqa.selenium.remote.RemoteWebDriver$RemoteTargetLocator@5f2b9da8
18:21:00.088 INFO  manager.WDListener - +++++++++++++++++++++++++++++++
18:21:00.088 INFO  manager.WDListener - Method name alert
18:21:00.088 INFO  manager.WDListener - +++++++++++++++++++++++++++++++
18:21:00.088 INFO  manager.WDListener - InvocationTargetException org.openqa.selenium.NoAlertPresentException: no such alert
  (Session info: chrome=145.0.7632.116)
Build info: version: '4.26.0', revision: '8ccf0219d7'
System info: os.name: 'Windows 11', os.arch: 'amd64', os.version: '10.0', java.version: '17.0.12'
Driver info: org.openqa.selenium.chrome.ChromeDriver
Command: [5ec0710c2112b69b8fb7c6a6792371f1, getAlertText {}]
Capabilities {acceptInsecureCerts: false, browserName: chrome, browserVersion: 145.0.7632.116, chrome: {chromedriverVersion: 145.0.7632.77 (da516187054a..., userDataDir: C:\Users\np170\AppData\Loca...}, fedcm:accounts: true, goog:chromeOptions: {debuggerAddress: localhost:50121}, goog:processID: 2824, networkConnectionEnabled: false, pageLoadStrategy: normal, platformName: windows, proxy: Proxy(), se:cdp: ws://localhost:50121/devtoo..., se:cdpVersion: 145.0.7632.116, setWindowRect: true, strictFileInteractability: false, timeouts: {implicit: 0, pageLoad: 300000, script: 30000}, unhandledPromptBehavior: dismiss and notify, webauthn:extension:credBlob: true, webauthn:extension:largeBlob: true, webauthn:extension:minPinLength: true, webauthn:extension:prf: true, webauthn:virtualAuthenticators: true}
Session ID: 5ec0710c2112b69b8fb7c6a6792371f1
18:21:00.088 INFO  manager.WDListener - +++++++++++++++++++++++++++++++
18:21:00.088 INFO  manager.WDListener - Screen with error is src/test/screenshots/screen_1050.png
18:21:00.616 INFO  manager.TestNGListener - Start test addNewContactWrongPhone=================
18:21:00.616 INFO  tests.TestBase - +++++++++++++++++++++++++++++++
18:21:00.617 INFO  tests.TestBase - Name of method -->addNewContactWrongPhone
18:21:00.617 INFO  manager.TestNGListener - Start test addNewContactWrongPhone=================
18:21:00.633 INFO  manager.WDListener - After find element By.xpath: //*[@href='/add']
18:21:00.642 INFO  manager.WDListener - Location of element a
18:21:00.661 INFO  manager.WDListener - Before click element --> atext=ADD
18:21:00.719 INFO  manager.WDListener - After click element a
18:21:00.730 INFO  manager.WDListener - After find element By.xpath: //input[@placeholder='Name']
18:21:00.736 INFO  manager.WDListener - Location of element input
18:21:00.746 INFO  manager.WDListener - Before click element --> inputtext=
18:21:00.789 INFO  manager.WDListener - After click element input
18:21:00.814 INFO  manager.WDListener - Send Keys input
18:21:00.851 INFO  manager.WDListener - Send Keys input
18:21:00.878 INFO  manager.WDListener - Send Keys input
18:21:00.911 INFO  manager.WDListener - After find element By.xpath: //input[@placeholder='Last Name']
18:21:00.918 INFO  manager.WDListener - Location of element input
18:21:00.929 INFO  manager.WDListener - Before click element --> inputtext=
18:21:00.976 INFO  manager.WDListener - After click element input
18:21:00.999 INFO  manager.WDListener - Send Keys input
18:21:01.038 INFO  manager.WDListener - Send Keys input
18:21:01.074 INFO  manager.WDListener - Send Keys input
18:21:01.126 INFO  manager.WDListener - After find element By.xpath: //input[@placeholder='Phone']
18:21:01.136 INFO  manager.WDListener - Location of element input
18:21:01.152 INFO  manager.WDListener - Before click element --> inputtext=
18:21:01.217 INFO  manager.WDListener - After click element input
18:21:01.243 INFO  manager.WDListener - Send Keys input
18:21:01.280 INFO  manager.WDListener - Send Keys input
18:21:01.301 INFO  manager.WDListener - Send Keys input
18:21:01.339 INFO  manager.WDListener - After find element By.xpath: //input[@placeholder='email']
18:21:01.343 INFO  manager.WDListener - Location of element input
18:21:01.353 INFO  manager.WDListener - Before click element --> inputtext=
18:21:01.392 INFO  manager.WDListener - After click element input
18:21:01.413 INFO  manager.WDListener - Send Keys input
18:21:01.455 INFO  manager.WDListener - Send Keys input
18:21:01.480 INFO  manager.WDListener - Send Keys input
18:21:01.520 INFO  manager.WDListener - After find element By.xpath: //input[@placeholder='Address']
18:21:01.525 INFO  manager.WDListener - Location of element input
18:21:01.536 INFO  manager.WDListener - Before click element --> inputtext=
18:21:01.582 INFO  manager.WDListener - After click element input
18:21:01.604 INFO  manager.WDListener - Send Keys input
18:21:01.636 INFO  manager.WDListener - Send Keys input
18:21:01.658 INFO  manager.WDListener - Send Keys input
18:21:01.697 INFO  manager.WDListener - After find element By.xpath: //input[@placeholder='description']
18:21:01.702 INFO  manager.WDListener - Location of element input
18:21:01.711 INFO  manager.WDListener - Before click element --> inputtext=
18:21:01.755 INFO  manager.WDListener - After click element input
18:21:01.776 INFO  manager.WDListener - Send Keys input
18:21:01.809 INFO  manager.WDListener - Send Keys input
18:21:01.829 INFO  manager.WDListener - Send Keys input
18:21:01.862 INFO  manager.WDListener - After find element By.xpath: //b[text()='Save']
18:21:01.867 INFO  manager.WDListener - Location of element b
18:21:01.876 INFO  manager.WDListener - Before click element --> btext=Save
18:21:01.911 INFO  manager.WDListener - After click element b
18:21:01.912 INFO  manager.WDListener - Before find element By.cssSelector: a.active[href='/add']
18:21:01.928 INFO  manager.WDListener - Houston, we have a problem!
18:21:01.928 INFO  manager.WDListener - +++++++++++++++++++++++++++++++
18:21:01.928 INFO  manager.WDListener - Object target org.openqa.selenium.remote.RemoteWebDriver$RemoteTargetLocator@6f52a229
18:21:01.928 INFO  manager.WDListener - +++++++++++++++++++++++++++++++
18:21:01.928 INFO  manager.WDListener - Method name alert
18:21:01.928 INFO  manager.WDListener - +++++++++++++++++++++++++++++++
18:21:01.928 INFO  manager.WDListener - InvocationTargetException org.openqa.selenium.NoAlertPresentException: no such alert
  (Session info: chrome=145.0.7632.116)
Build info: version: '4.26.0', revision: '8ccf0219d7'
System info: os.name: 'Windows 11', os.arch: 'amd64', os.version: '10.0', java.version: '17.0.12'
Driver info: org.openqa.selenium.chrome.ChromeDriver
Command: [5ec0710c2112b69b8fb7c6a6792371f1, getAlertText {}]
Capabilities {acceptInsecureCerts: false, browserName: chrome, browserVersion: 145.0.7632.116, chrome: {chromedriverVersion: 145.0.7632.77 (da516187054a..., userDataDir: C:\Users\np170\AppData\Loca...}, fedcm:accounts: true, goog:chromeOptions: {debuggerAddress: localhost:50121}, goog:processID: 2824, networkConnectionEnabled: false, pageLoadStrategy: normal, platformName: windows, proxy: Proxy(), se:cdp: ws://localhost:50121/devtoo..., se:cdpVersion: 145.0.7632.116, setWindowRect: true, strictFileInteractability: false, timeouts: {implicit: 0, pageLoad: 300000, script: 30000}, unhandledPromptBehavior: dismiss and notify, webauthn:extension:credBlob: true, webauthn:extension:largeBlob: true, webauthn:extension:minPinLength: true, webauthn:extension:prf: true, webauthn:virtualAuthenticators: true}
Session ID: 5ec0710c2112b69b8fb7c6a6792371f1
18:21:01.928 INFO  manager.WDListener - +++++++++++++++++++++++++++++++
18:21:01.928 INFO  manager.WDListener - Screen with error is src/test/screenshots/screen_1625.png
18:21:02.461 INFO  manager.TestNGListener - Start test addNewContactWrongPhone=================
18:21:02.462 INFO  tests.TestBase - +++++++++++++++++++++++++++++++
18:21:02.470 INFO  tests.TestBase - Name of method -->loginSuccess
18:21:02.471 INFO  manager.WDListener - Before find element By.xpath: //button[text()='Sign Out']
18:21:02.521 INFO  manager.WDListener - After find element By.xpath: //button[text()='Sign Out']
18:21:02.529 INFO  manager.WDListener - Location of element button
18:21:02.538 INFO  manager.WDListener - Before click element --> buttontext=Sign Out
18:21:02.593 INFO  tests.TestBase - Before method finished logout
18:21:02.593 INFO  manager.TestNGListener - Start test loginSuccess=================
18:21:02.594 INFO  tests.TestBase - Start test loginSuccess
18:21:02.594 INFO  tests.TestBase - Test data np7788@inbox.ru and password WadiNisnas8#
18:21:02.611 INFO  manager.WDListener - After find element By.cssSelector: a[href='/login']
18:21:02.617 INFO  manager.WDListener - Location of element a
18:21:02.628 INFO  manager.WDListener - Before click element --> atext=LOGIN
18:21:02.668 INFO  manager.WDListener - After click element a
18:21:02.686 INFO  manager.WDListener - After find element By.name: email
18:21:02.693 INFO  manager.WDListener - Location of element input
18:21:02.707 INFO  manager.WDListener - Before click element --> inputtext=
18:21:02.761 INFO  manager.WDListener - After click element input
18:21:02.783 INFO  manager.WDListener - Send Keys input
18:21:02.802 INFO  manager.WDListener - Send Keys input
18:21:02.824 INFO  manager.WDListener - Send Keys input
18:21:02.863 INFO  manager.WDListener - After find element By.xpath: //button[text()='Login']
18:21:02.867 INFO  manager.WDListener - Location of element button
18:21:02.876 INFO  manager.WDListener - Before click element --> buttontext=Login
18:21:02.920 INFO  manager.WDListener - Before find element By.xpath: //button[text()='Sign Out']
18:21:03.313 INFO  manager.TestNGListener - Start test loginSuccess=================
18:21:03.313 INFO  tests.TestBase - +++++++++++++++++++++++++++++++
18:21:03.315 INFO  tests.TestBase - Name of method -->loginSuccess
18:21:03.315 INFO  manager.WDListener - Before find element By.xpath: //button[text()='Sign Out']
18:21:03.322 INFO  manager.WDListener - Houston, we have a problem!
18:21:03.322 INFO  manager.WDListener - +++++++++++++++++++++++++++++++
18:21:03.322 INFO  manager.WDListener - Object target ChromeDriver: chrome on windows (5ec0710c2112b69b8fb7c6a6792371f1)
18:21:03.322 INFO  manager.WDListener - +++++++++++++++++++++++++++++++
18:21:03.322 INFO  manager.WDListener - Method name findElements
18:21:03.322 INFO  manager.WDListener - +++++++++++++++++++++++++++++++
18:21:03.323 INFO  manager.WDListener - InvocationTargetException org.openqa.selenium.UnhandledAlertException: unexpected alert open: {Alert text : Wrong email or password}
  (Session info: chrome=145.0.7632.116): Wrong email or password
Build info: version: '4.26.0', revision: '8ccf0219d7'
System info: os.name: 'Windows 11', os.arch: 'amd64', os.version: '10.0', java.version: '17.0.12'
Driver info: org.openqa.selenium.chrome.ChromeDriver
Command: [5ec0710c2112b69b8fb7c6a6792371f1, findElements {using=xpath, value=//button[text()='Sign Out']}]
Capabilities {acceptInsecureCerts: false, browserName: chrome, browserVersion: 145.0.7632.116, chrome: {chromedriverVersion: 145.0.7632.77 (da516187054a..., userDataDir: C:\Users\np170\AppData\Loca...}, fedcm:accounts: true, goog:chromeOptions: {debuggerAddress: localhost:50121}, goog:processID: 2824, networkConnectionEnabled: false, pageLoadStrategy: normal, platformName: windows, proxy: Proxy(), se:cdp: ws://localhost:50121/devtoo..., se:cdpVersion: 145.0.7632.116, setWindowRect: true, strictFileInteractability: false, timeouts: {implicit: 0, pageLoad: 300000, script: 30000}, unhandledPromptBehavior: dismiss and notify, webauthn:extension:credBlob: true, webauthn:extension:largeBlob: true, webauthn:extension:minPinLength: true, webauthn:extension:prf: true, webauthn:virtualAuthenticators: true}
Session ID: 5ec0710c2112b69b8fb7c6a6792371f1
18:21:03.323 INFO  manager.WDListener - +++++++++++++++++++++++++++++++
18:21:03.323 INFO  manager.WDListener - Screen with error is src/test/screenshots/screen_1733.png
18:21:03.595 INFO  manager.TestNGListener - Start test loginSuccess=================
18:21:03.595 INFO  manager.TestNGListener - Start test loginSuccess=================
18:21:03.597 INFO  manager.TestNGListener - Start test loginSuccess=================
18:21:03.597 INFO  manager.TestNGListener - Start test loginSuccess=================
18:21:03.598 INFO  manager.TestNGListener - Start test loginSuccess=================
18:21:03.598 INFO  manager.TestNGListener - Start test loginSuccess=================
18:21:03.599 INFO  manager.TestNGListener - Start test loginSuccessModel=================
18:21:03.600 INFO  manager.TestNGListener - Start test loginSuccessModel=================
18:21:03.600 INFO  manager.TestNGListener - Start test loginSuccessModel=================
18:21:03.601 INFO  manager.TestNGListener - Start test loginSuccessModel=================
18:21:03.604 INFO  manager.TestNGListener - Start test loginSuccessModel=================
18:21:03.604 INFO  manager.TestNGListener - Start test loginSuccessModel=================
18:21:03.606 INFO  manager.TestNGListener - Start test loginSuccessModelDPF=================
18:21:03.606 INFO  manager.TestNGListener - Start test loginSuccessModelDPF=================
18:21:03.607 INFO  manager.TestNGListener - Start test loginSuccessModelDPF=================
18:21:03.607 INFO  manager.TestNGListener - Start test loginSuccessModelDPF=================
18:21:03.608 INFO  manager.TestNGListener - Start test loginUnregisteredUser=================
18:21:03.608 INFO  manager.TestNGListener - Start test loginUnregisteredUser=================
18:21:03.609 INFO  manager.TestNGListener - Start test loginWrongEmail=================
18:21:03.609 INFO  manager.TestNGListener - Start test loginWrongEmail=================
18:21:03.610 INFO  manager.TestNGListener - Start test loginWrongPassword=================
18:21:03.610 INFO  manager.TestNGListener - Start test loginWrongPassword=================
18:21:03.612 INFO  tests.TestBase - Name of method -->registrationRegisteredUser
18:21:03.613 INFO  manager.WDListener - Before find element By.xpath: //button[text()='Sign Out']
18:21:08.684 INFO  manager.TestNGListener - Start test registrationRegisteredUser=================
18:21:08.701 INFO  manager.WDListener - After find element By.cssSelector: a[href='/login']
18:21:08.708 INFO  manager.WDListener - Location of element a
18:21:08.719 INFO  manager.WDListener - Before click element --> atext=LOGIN
18:21:08.759 INFO  manager.WDListener - After click element a
18:21:08.769 INFO  manager.WDListener - After find element By.name: email
18:21:08.773 INFO  manager.WDListener - Location of element input
18:21:08.782 INFO  manager.WDListener - Before click element --> inputtext=
18:21:08.828 INFO  manager.WDListener - After click element input
18:21:08.846 INFO  manager.WDListener - Send Keys input
18:21:08.890 INFO  manager.WDListener - Send Keys input
18:21:08.910 INFO  manager.WDListener - Send Keys input
18:21:08.946 INFO  manager.WDListener - After find element By.name: password
18:21:08.951 INFO  manager.WDListener - Location of element input
18:21:08.959 INFO  manager.WDListener - Before click element --> inputtext=
18:21:09.003 INFO  manager.WDListener - After click element input
18:21:09.021 INFO  manager.WDListener - Send Keys input
18:21:09.042 INFO  manager.WDListener - Send Keys input
18:21:09.070 INFO  manager.WDListener - Send Keys input
18:21:09.109 INFO  manager.WDListener - After find element By.xpath: //button[text()='Registration']
18:21:09.114 INFO  manager.WDListener - Location of element button
18:21:09.124 INFO  manager.WDListener - Before click element --> buttontext=Registration
18:21:09.175 INFO  manager.WDListener - Houston, we have a problem!
18:21:09.175 INFO  manager.WDListener - +++++++++++++++++++++++++++++++
18:21:09.175 INFO  manager.WDListener - Object target org.openqa.selenium.remote.RemoteWebDriver$RemoteTargetLocator@405603b6
18:21:09.175 INFO  manager.WDListener - +++++++++++++++++++++++++++++++
18:21:09.175 INFO  manager.WDListener - Method name alert
18:21:09.175 INFO  manager.WDListener - +++++++++++++++++++++++++++++++
18:21:09.175 INFO  manager.WDListener - InvocationTargetException org.openqa.selenium.NoAlertPresentException: no such alert
  (Session info: chrome=145.0.7632.116)
Build info: version: '4.26.0', revision: '8ccf0219d7'
System info: os.name: 'Windows 11', os.arch: 'amd64', os.version: '10.0', java.version: '17.0.12'
Driver info: org.openqa.selenium.chrome.ChromeDriver
Command: [5ec0710c2112b69b8fb7c6a6792371f1, getAlertText {}]
Capabilities {acceptInsecureCerts: false, browserName: chrome, browserVersion: 145.0.7632.116, chrome: {chromedriverVersion: 145.0.7632.77 (da516187054a..., userDataDir: C:\Users\np170\AppData\Loca...}, fedcm:accounts: true, goog:chromeOptions: {debuggerAddress: localhost:50121}, goog:processID: 2824, networkConnectionEnabled: false, pageLoadStrategy: normal, platformName: windows, proxy: Proxy(), se:cdp: ws://localhost:50121/devtoo..., se:cdpVersion: 145.0.7632.116, setWindowRect: true, strictFileInteractability: false, timeouts: {implicit: 0, pageLoad: 300000, script: 30000}, unhandledPromptBehavior: dismiss and notify, webauthn:extension:credBlob: true, webauthn:extension:largeBlob: true, webauthn:extension:minPinLength: true, webauthn:extension:prf: true, webauthn:virtualAuthenticators: true}
Session ID: 5ec0710c2112b69b8fb7c6a6792371f1
18:21:09.175 INFO  manager.WDListener - +++++++++++++++++++++++++++++++
18:21:09.175 INFO  manager.WDListener - Screen with error is src/test/screenshots/screen_1048.png
18:21:09.700 INFO  manager.TestNGListener - Start test registrationRegisteredUser=================
18:21:09.701 INFO  tests.TestBase - +++++++++++++++++++++++++++++++
18:21:09.702 INFO  tests.TestBase - Name of method -->registrationSuccess
18:21:09.710 INFO  manager.WDListener - Before find element By.xpath: //button[text()='Sign Out']
18:21:14.756 INFO  manager.TestNGListener - Start test registrationSuccess=================
18:21:14.769 INFO  manager.WDListener - After find element By.cssSelector: a[href='/login']
18:21:14.773 INFO  manager.WDListener - Location of element a
18:21:14.779 INFO  manager.WDListener - Before click element --> atext=LOGIN
18:21:14.811 INFO  manager.WDListener - After click element a
18:21:14.817 INFO  manager.WDListener - After find element By.name: email
18:21:14.820 INFO  manager.WDListener - Location of element input
18:21:14.827 INFO  manager.WDListener - Before click element --> inputtext=
18:21:14.864 INFO  manager.WDListener - After click element input
18:21:14.891 INFO  manager.WDListener - Send Keys input
18:21:14.926 INFO  manager.WDListener - Send Keys input
18:21:14.948 INFO  manager.WDListener - Send Keys input
18:21:14.987 INFO  manager.WDListener - After find element By.name: password
18:21:14.991 INFO  manager.WDListener - Location of element input
18:21:15.000 INFO  manager.WDListener - Before click element --> inputtext=
18:21:15.039 INFO  manager.WDListener - After click element input
18:21:15.069 INFO  manager.WDListener - Send Keys input
18:21:15.113 INFO  manager.WDListener - Send Keys input
18:21:15.145 INFO  manager.WDListener - Send Keys input
18:21:15.185 INFO  manager.WDListener - After find element By.xpath: //button[text()='Registration']
18:21:15.190 INFO  manager.WDListener - Location of element button
18:21:15.203 INFO  manager.WDListener - Before click element --> buttontext=Registration
18:21:15.250 INFO  manager.WDListener - Before find element By.xpath: //button[text()='Sign Out']
18:21:15.798 INFO  manager.WDListener - After find element By.cssSelector: .contact-page_message__2qafk>h1
18:21:15.802 INFO  manager.WDListener - Location of element h1
18:21:15.808 INFO  manager.TestNGListener - Start test registrationSuccess=================
18:21:15.809 INFO  tests.TestBase - +++++++++++++++++++++++++++++++
18:21:15.810 INFO  tests.TestBase - Name of method -->registrationWrongEmail
18:21:15.811 INFO  manager.WDListener - Before find element By.xpath: //button[text()='Sign Out']
18:21:15.831 INFO  manager.WDListener - After find element By.xpath: //button[text()='Sign Out']
18:21:15.836 INFO  manager.WDListener - Location of element button
18:21:15.847 INFO  manager.WDListener - Before click element --> buttontext=Sign Out
18:21:15.894 INFO  manager.TestNGListener - Start test registrationWrongEmail=================
18:21:15.904 INFO  manager.WDListener - After find element By.cssSelector: a[href='/login']
18:21:15.910 INFO  manager.WDListener - Location of element a
18:21:15.920 INFO  manager.WDListener - Before click element --> atext=LOGIN
18:21:15.959 INFO  manager.WDListener - After click element a
18:21:15.968 INFO  manager.WDListener - After find element By.name: email
18:21:15.972 INFO  manager.WDListener - Location of element input
18:21:15.981 INFO  manager.WDListener - Before click element --> inputtext=
18:21:16.028 INFO  manager.WDListener - After click element input
18:21:16.047 INFO  manager.WDListener - Send Keys input
18:21:16.067 INFO  manager.WDListener - Send Keys input
18:21:16.089 INFO  manager.WDListener - Send Keys input
18:21:16.126 INFO  manager.WDListener - After find element By.name: password
18:21:16.130 INFO  manager.WDListener - Location of element input
18:21:16.138 INFO  manager.WDListener - Before click element --> inputtext=
18:21:16.186 INFO  manager.WDListener - After click element input
18:21:16.204 INFO  manager.WDListener - Send Keys input
18:21:16.226 INFO  manager.WDListener - Send Keys input
18:21:16.263 INFO  manager.WDListener - Send Keys input
18:21:16.298 INFO  manager.WDListener - After find element By.xpath: //button[text()='Registration']
18:21:16.303 INFO  manager.WDListener - Location of element button
18:21:16.312 INFO  manager.WDListener - Before click element --> buttontext=Registration
18:21:16.358 INFO  manager.WDListener - Houston, we have a problem!
18:21:16.358 INFO  manager.WDListener - +++++++++++++++++++++++++++++++
18:21:16.358 INFO  manager.WDListener - Object target org.openqa.selenium.remote.RemoteWebDriver$RemoteTargetLocator@737ff5c4
18:21:16.358 INFO  manager.WDListener - +++++++++++++++++++++++++++++++
18:21:16.358 INFO  manager.WDListener - Method name alert
18:21:16.358 INFO  manager.WDListener - +++++++++++++++++++++++++++++++
18:21:16.358 INFO  manager.WDListener - InvocationTargetException org.openqa.selenium.NoAlertPresentException: no such alert
  (Session info: chrome=145.0.7632.116)
Build info: version: '4.26.0', revision: '8ccf0219d7'
System info: os.name: 'Windows 11', os.arch: 'amd64', os.version: '10.0', java.version: '17.0.12'
Driver info: org.openqa.selenium.chrome.ChromeDriver
Command: [5ec0710c2112b69b8fb7c6a6792371f1, getAlertText {}]
Capabilities {acceptInsecureCerts: false, browserName: chrome, browserVersion: 145.0.7632.116, chrome: {chromedriverVersion: 145.0.7632.77 (da516187054a..., userDataDir: C:\Users\np170\AppData\Loca...}, fedcm:accounts: true, goog:chromeOptions: {debuggerAddress: localhost:50121}, goog:processID: 2824, networkConnectionEnabled: false, pageLoadStrategy: normal, platformName: windows, proxy: Proxy(), se:cdp: ws://localhost:50121/devtoo..., se:cdpVersion: 145.0.7632.116, setWindowRect: true, strictFileInteractability: false, timeouts: {implicit: 0, pageLoad: 300000, script: 30000}, unhandledPromptBehavior: dismiss and notify, webauthn:extension:credBlob: true, webauthn:extension:largeBlob: true, webauthn:extension:minPinLength: true, webauthn:extension:prf: true, webauthn:virtualAuthenticators: true}
Session ID: 5ec0710c2112b69b8fb7c6a6792371f1
18:21:16.358 INFO  manager.WDListener - +++++++++++++++++++++++++++++++
18:21:16.358 INFO  manager.WDListener - Screen with error is src/test/screenshots/screen_1470.png
18:21:16.889 INFO  manager.TestNGListener - Start test registrationWrongEmail=================
18:21:16.890 INFO  tests.TestBase - +++++++++++++++++++++++++++++++
18:21:16.891 INFO  tests.TestBase - Name of method -->registrationWrongPassword
18:21:16.893 INFO  manager.WDListener - Before find element By.xpath: //button[text()='Sign Out']
18:21:21.953 INFO  manager.TestNGListener - Start test registrationWrongPassword=================
18:21:21.964 INFO  manager.WDListener - After find element By.cssSelector: a[href='/login']
18:21:21.969 INFO  manager.WDListener - Location of element a
18:21:21.983 INFO  manager.WDListener - Before click element --> atext=LOGIN
18:21:22.019 INFO  manager.WDListener - After click element a
18:21:22.032 INFO  manager.WDListener - After find element By.name: email
18:21:22.039 INFO  manager.WDListener - Location of element input
18:21:22.054 INFO  manager.WDListener - Before click element --> inputtext=
18:21:22.105 INFO  manager.WDListener - After click element input
18:21:22.126 INFO  manager.WDListener - Send Keys input
18:21:22.160 INFO  manager.WDListener - Send Keys input
18:21:22.181 INFO  manager.WDListener - Send Keys input
18:21:22.226 INFO  manager.WDListener - After find element By.name: password
18:21:22.230 INFO  manager.WDListener - Location of element input
18:21:22.238 INFO  manager.WDListener - Before click element --> inputtext=
18:21:22.279 INFO  manager.WDListener - After click element input
18:21:22.299 INFO  manager.WDListener - Send Keys input
18:21:22.335 INFO  manager.WDListener - Send Keys input
18:21:22.356 INFO  manager.WDListener - Send Keys input
18:21:22.391 INFO  manager.WDListener - After find element By.xpath: //button[text()='Registration']
18:21:22.396 INFO  manager.WDListener - Location of element button
18:21:22.404 INFO  manager.WDListener - Before click element --> buttontext=Registration
18:21:22.459 INFO  manager.WDListener - Houston, we have a problem!
18:21:22.459 INFO  manager.WDListener - +++++++++++++++++++++++++++++++
18:21:22.459 INFO  manager.WDListener - Object target org.openqa.selenium.remote.RemoteWebDriver$RemoteTargetLocator@5d22ed6c
18:21:22.459 INFO  manager.WDListener - +++++++++++++++++++++++++++++++
18:21:22.459 INFO  manager.WDListener - Method name alert
18:21:22.459 INFO  manager.WDListener - +++++++++++++++++++++++++++++++
18:21:22.459 INFO  manager.WDListener - InvocationTargetException org.openqa.selenium.NoAlertPresentException: no such alert
  (Session info: chrome=145.0.7632.116)
Build info: version: '4.26.0', revision: '8ccf0219d7'
System info: os.name: 'Windows 11', os.arch: 'amd64', os.version: '10.0', java.version: '17.0.12'
Driver info: org.openqa.selenium.chrome.ChromeDriver
Command: [5ec0710c2112b69b8fb7c6a6792371f1, getAlertText {}]
Capabilities {acceptInsecureCerts: false, browserName: chrome, browserVersion: 145.0.7632.116, chrome: {chromedriverVersion: 145.0.7632.77 (da516187054a..., userDataDir: C:\Users\np170\AppData\Loca...}, fedcm:accounts: true, goog:chromeOptions: {debuggerAddress: localhost:50121}, goog:processID: 2824, networkConnectionEnabled: false, pageLoadStrategy: normal, platformName: windows, proxy: Proxy(), se:cdp: ws://localhost:50121/devtoo..., se:cdpVersion: 145.0.7632.116, setWindowRect: true, strictFileInteractability: false, timeouts: {implicit: 0, pageLoad: 300000, script: 30000}, unhandledPromptBehavior: dismiss and notify, webauthn:extension:credBlob: true, webauthn:extension:largeBlob: true, webauthn:extension:minPinLength: true, webauthn:extension:prf: true, webauthn:virtualAuthenticators: true}
Session ID: 5ec0710c2112b69b8fb7c6a6792371f1
18:21:22.459 INFO  manager.WDListener - +++++++++++++++++++++++++++++++
18:21:22.459 INFO  manager.WDListener - Screen with error is src/test/screenshots/screen_1951.png
18:21:22.990 INFO  manager.TestNGListener - Start test registrationWrongPassword=================
18:21:22.990 INFO  tests.TestBase - +++++++++++++++++++++++++++++++
18:21:22.992 INFO  tests.TestBase - Name of method -->removeFirstContact
18:21:22.993 INFO  manager.WDListener - Before find element By.xpath: //button[text()='Sign Out']
18:21:28.080 INFO  manager.WDListener - After find element By.cssSelector: a[href='/login']
18:21:28.089 INFO  manager.WDListener - Location of element a
18:21:28.105 INFO  manager.WDListener - Before click element --> atext=LOGIN
18:21:28.156 INFO  manager.WDListener - After click element a
18:21:28.166 INFO  manager.WDListener - After find element By.name: email
18:21:28.170 INFO  manager.WDListener - Location of element input
18:21:28.182 INFO  manager.WDListener - Before click element --> inputtext=
18:21:28.227 INFO  manager.WDListener - After click element input
18:21:28.246 INFO  manager.WDListener - Send Keys input
18:21:28.279 INFO  manager.WDListener - Send Keys input
18:21:28.300 INFO  manager.WDListener - Send Keys input
18:21:28.344 INFO  manager.WDListener - After find element By.name: password
18:21:28.349 INFO  manager.WDListener - Location of element input
18:21:28.361 INFO  manager.WDListener - Before click element --> inputtext=
18:21:28.405 INFO  manager.WDListener - After click element input
18:21:28.425 INFO  manager.WDListener - Send Keys input
18:21:28.461 INFO  manager.WDListener - Send Keys input
18:21:28.481 INFO  manager.WDListener - Send Keys input
18:21:28.517 INFO  manager.WDListener - After find element By.xpath: //button[text()='Login']
18:21:28.521 INFO  manager.WDListener - Location of element button
18:21:28.530 INFO  manager.WDListener - Before click element --> buttontext=Login
18:21:28.570 INFO  manager.WDListener - Before find element By.cssSelector: contact-item_card__2SOIM
18:21:33.621 INFO  manager.WDListener - After find element By.xpath: //*[@href='/add']
18:21:33.629 INFO  manager.WDListener - Location of element a
18:21:33.640 INFO  manager.WDListener - Before click element --> atext=ADD
18:21:33.697 INFO  manager.WDListener - After click element a
18:21:33.710 INFO  manager.WDListener - After find element By.xpath: //input[@placeholder='Name']
18:21:33.716 INFO  manager.WDListener - Location of element input
18:21:33.725 INFO  manager.WDListener - Before click element --> inputtext=
18:21:33.768 INFO  manager.WDListener - After click element input
18:21:33.791 INFO  manager.WDListener - Send Keys input
18:21:33.811 INFO  manager.WDListener - Send Keys input
18:21:33.830 INFO  manager.WDListener - Send Keys input
18:21:33.867 INFO  manager.WDListener - After find element By.xpath: //input[@placeholder='Last Name']
18:21:33.872 INFO  manager.WDListener - Location of element input
18:21:33.880 INFO  manager.WDListener - Before click element --> inputtext=
18:21:33.924 INFO  manager.WDListener - After click element input
18:21:33.943 INFO  manager.WDListener - Send Keys input
18:21:33.963 INFO  manager.WDListener - Send Keys input
18:21:33.984 INFO  manager.WDListener - Send Keys input
18:21:34.019 INFO  manager.WDListener - After find element By.xpath: //input[@placeholder='Phone']
18:21:34.023 INFO  manager.WDListener - Location of element input
18:21:34.032 INFO  manager.WDListener - Before click element --> inputtext=
18:21:34.077 INFO  manager.WDListener - After click element input
18:21:34.096 INFO  manager.WDListener - Send Keys input
18:21:34.116 INFO  manager.WDListener - Send Keys input
18:21:34.136 INFO  manager.WDListener - Send Keys input
18:21:34.178 INFO  manager.WDListener - After find element By.xpath: //input[@placeholder='email']
18:21:34.183 INFO  manager.WDListener - Location of element input
18:21:34.193 INFO  manager.WDListener - Before click element --> inputtext=
18:21:34.242 INFO  manager.WDListener - After click element input
18:21:34.263 INFO  manager.WDListener - Send Keys input
18:21:34.287 INFO  manager.WDListener - Send Keys input
18:21:34.308 INFO  manager.WDListener - Send Keys input
18:21:34.348 INFO  manager.WDListener - After find element By.xpath: //input[@placeholder='Address']
18:21:34.352 INFO  manager.WDListener - Location of element input
18:21:34.362 INFO  manager.WDListener - Before click element --> inputtext=
18:21:34.401 INFO  manager.WDListener - After click element input
18:21:34.419 INFO  manager.WDListener - Send Keys input
18:21:34.438 INFO  manager.WDListener - Send Keys input
18:21:34.457 INFO  manager.WDListener - Send Keys input
18:21:34.487 INFO  manager.WDListener - After find element By.xpath: //input[@placeholder='description']
18:21:34.492 INFO  manager.WDListener - Location of element input
18:21:34.500 INFO  manager.WDListener - Before click element --> inputtext=
18:21:34.540 INFO  manager.WDListener - After click element input
18:21:34.564 INFO  manager.WDListener - Send Keys input
18:21:34.582 INFO  manager.WDListener - Send Keys input
18:21:34.603 INFO  manager.WDListener - Send Keys input
18:21:34.640 INFO  manager.WDListener - After find element By.xpath: //b[text()='Save']
18:21:34.645 INFO  manager.WDListener - Location of element b
18:21:34.655 INFO  manager.WDListener - Before click element --> btext=Save
18:21:34.693 INFO  manager.WDListener - After click element b
18:21:35.219 INFO  manager.WDListener - Houston, we have a problem!
18:21:35.219 INFO  manager.WDListener - +++++++++++++++++++++++++++++++
18:21:35.219 INFO  manager.WDListener - Object target ChromeDriver: chrome on windows (5ec0710c2112b69b8fb7c6a6792371f1)
18:21:35.220 INFO  manager.WDListener - +++++++++++++++++++++++++++++++
18:21:35.220 INFO  manager.WDListener - Method name findElement
18:21:35.220 INFO  manager.WDListener - +++++++++++++++++++++++++++++++
18:21:35.220 INFO  manager.WDListener - InvocationTargetException org.openqa.selenium.UnhandledAlertException: unexpected alert open: {Alert text : Email not valid: must be a well-formed email address}
  (Session info: chrome=145.0.7632.116): Email not valid: must be a well-formed email address
Build info: version: '4.26.0', revision: '8ccf0219d7'
System info: os.name: 'Windows 11', os.arch: 'amd64', os.version: '10.0', java.version: '17.0.12'
Driver info: org.openqa.selenium.chrome.ChromeDriver
Command: [5ec0710c2112b69b8fb7c6a6792371f1, findElement {using=xpath, value=//*[@href='/add']}]
Capabilities {acceptInsecureCerts: false, browserName: chrome, browserVersion: 145.0.7632.116, chrome: {chromedriverVersion: 145.0.7632.77 (da516187054a..., userDataDir: C:\Users\np170\AppData\Loca...}, fedcm:accounts: true, goog:chromeOptions: {debuggerAddress: localhost:50121}, goog:processID: 2824, networkConnectionEnabled: false, pageLoadStrategy: normal, platformName: windows, proxy: Proxy(), se:cdp: ws://localhost:50121/devtoo..., se:cdpVersion: 145.0.7632.116, setWindowRect: true, strictFileInteractability: false, timeouts: {implicit: 0, pageLoad: 300000, script: 30000}, unhandledPromptBehavior: dismiss and notify, webauthn:extension:credBlob: true, webauthn:extension:largeBlob: true, webauthn:extension:minPinLength: true, webauthn:extension:prf: true, webauthn:virtualAuthenticators: true}
Session ID: 5ec0710c2112b69b8fb7c6a6792371f1
18:21:35.220 INFO  manager.WDListener - +++++++++++++++++++++++++++++++
18:21:35.220 INFO  manager.WDListener - Screen with error is src/test/screenshots/screen_1094.png
18:21:35.493 INFO  manager.TestNGListener - Start test removeFirstContact=================
18:21:35.493 INFO  manager.TestNGListener - Start test removeFirstContact=================
18:21:35.499 INFO  manager.TestNGListener - Stop testing on date Tue Feb 24 18:20:29 IST 2026=================
